[2024-05-14T11:36:57.032+0000][0.006s][info][gc,heap] Heap region size: 1M
[2024-05-14T11:36:57.040+0000][0.014s][info][gc     ] Using G1
[2024-05-14T11:36:57.040+0000][0.014s][info][gc,heap,coops] Heap address: 0x0000000084800000, size: 1976 MB, Compressed Oops mode: 32-bit
[2024-05-14T11:36:57.042+0000][0.016s][info][gc,cds       ] Mark closed archive regions in map: [0x00000000ffc00000, 0x00000000ffc6bff8]
[2024-05-14T11:36:57.042+0000][0.016s][info][gc,cds       ] Mark open archive regions in map: [0x00000000ff800000, 0x00000000ff847ff8]
[2024-05-14T11:36:57.162+0000][0.136s][debug][safepoint    ] Safepoint synchronization initiated. (9 threads)
[2024-05-14T11:36:57.162+0000][0.136s][info ][safepoint    ] Application time: 0.0618865 seconds
[2024-05-14T11:36:57.162+0000][0.136s][info ][safepoint    ] Entering safepoint region: Deoptimize
[2024-05-14T11:36:57.163+0000][0.136s][info ][safepoint    ] Leaving safepoint region
[2024-05-14T11:36:57.163+0000][0.136s][info ][safepoint    ] Total time for which application threads were stopped: 0.0003464 seconds, Stopping threads took: 0.0000163 seconds
[2024-05-14T11:36:58.163+0000][1.137s][debug][safepoint    ] Safepoint synchronization initiated. (9 threads)
[2024-05-14T11:36:58.163+0000][1.137s][info ][safepoint    ] Application time: 1.0001656 seconds
[2024-05-14T11:36:58.163+0000][1.137s][debug][safepoint    ] Waiting for 1 thread(s) to block
[2024-05-14T11:36:58.163+0000][1.137s][info ][safepoint    ] Entering safepoint region: Cleanup
[2024-05-14T11:36:58.163+0000][1.137s][info ][safepoint    ] Leaving safepoint region
[2024-05-14T11:36:58.163+0000][1.137s][info ][safepoint    ] Total time for which application threads were stopped: 0.0002174 seconds, Stopping threads took: 0.0000559 seconds
[2024-05-14T11:36:58.364+0000][1.337s][debug][safepoint    ] Safepoint synchronization initiated. (10 threads)
[2024-05-14T11:36:58.364+0000][1.337s][info ][safepoint    ] Application time: 0.2004200 seconds
[2024-05-14T11:36:58.364+0000][1.337s][debug][safepoint    ] Waiting for 2 thread(s) to block
[2024-05-14T11:36:58.364+0000][1.337s][info ][safepoint    ] Entering safepoint region: G1CollectForAllocation
[2024-05-14T11:36:58.364+0000][1.338s][info ][gc,start     ] GC(0) Pause Young (Normal) (G1 Evacuation Pause)
[2024-05-14T11:36:58.365+0000][1.338s][info ][gc,task      ] GC(0) Using 3 workers of 4 for evacuation
[2024-05-14T11:36:58.381+0000][1.354s][info ][gc,phases    ] GC(0)   Pre Evacuate Collection Set: 0.0ms
[2024-05-14T11:36:58.381+0000][1.354s][info ][gc,phases    ] GC(0)   Evacuate Collection Set: 14.4ms
[2024-05-14T11:36:58.381+0000][1.354s][info ][gc,phases    ] GC(0)   Post Evacuate Collection Set: 1.5ms
[2024-05-14T11:36:58.381+0000][1.355s][info ][gc,phases    ] GC(0)   Other: 0.9ms
[2024-05-14T11:36:58.381+0000][1.355s][info ][gc,heap      ] GC(0) Eden regions: 38->0(69)
[2024-05-14T11:36:58.381+0000][1.355s][info ][gc,heap      ] GC(0) Survivor regions: 0->5(5)
[2024-05-14T11:36:58.381+0000][1.355s][info ][gc,heap      ] GC(0) Old regions: 2->5
[2024-05-14T11:36:58.381+0000][1.355s][info ][gc,heap      ] GC(0) Humongous regions: 2->0
[2024-05-14T11:36:58.381+0000][1.355s][info ][gc,metaspace ] GC(0) Metaspace: 1901K(5120K)->1901K(5120K) NonClass: 1747K(4608K)->1747K(4608K) Class: 153K(512K)->153K(512K)
[2024-05-14T11:36:58.381+0000][1.355s][info ][gc           ] GC(0) Pause Young (Normal) (G1 Evacuation Pause) 40M->7M(126M) 16.898ms
[2024-05-14T11:36:58.381+0000][1.355s][info ][gc,cpu       ] GC(0) User=0.03s Sys=0.02s Real=0.02s
[2024-05-14T11:36:58.381+0000][1.355s][info ][safepoint    ] Leaving safepoint region
[2024-05-14T11:36:58.381+0000][1.355s][info ][safepoint    ] Total time for which application threads were stopped: 0.0173856 seconds, Stopping threads took: 0.0001208 seconds
[2024-05-14T11:36:58.381+0000][1.355s][info ][gc,stringdedup] Concurrent String Deduplication (1.355s)
[2024-05-14T11:36:58.385+0000][1.359s][info ][gc,stringdedup] Concurrent String Deduplication 462.7K->435.8K(27536.0B) avg 3.7% (1.355s, 1.358s) 3.667ms
[2024-05-14T11:36:58.664+0000][1.638s][debug][safepoint     ] Safepoint synchronization initiated. (10 threads)
[2024-05-14T11:36:58.664+0000][1.638s][info ][safepoint     ] Application time: 0.2831994 seconds
[2024-05-14T11:36:58.664+0000][1.638s][info ][safepoint     ] Entering safepoint region: G1CollectForAllocation
[2024-05-14T11:36:58.664+0000][1.638s][info ][gc,start      ] GC(1) Pause Young (Normal) (G1 Evacuation Pause)
[2024-05-14T11:36:58.664+0000][1.638s][info ][gc,task       ] GC(1) Using 3 workers of 4 for evacuation
[2024-05-14T11:36:58.674+0000][1.648s][info ][gc,phases     ] GC(1)   Pre Evacuate Collection Set: 0.0ms
[2024-05-14T11:36:58.674+0000][1.648s][info ][gc,phases     ] GC(1)   Evacuate Collection Set: 8.2ms
[2024-05-14T11:36:58.674+0000][1.648s][info ][gc,phases     ] GC(1)   Post Evacuate Collection Set: 1.1ms
[2024-05-14T11:36:58.674+0000][1.648s][info ][gc,phases     ] GC(1)   Other: 0.2ms
[2024-05-14T11:36:58.674+0000][1.648s][info ][gc,heap       ] GC(1) Eden regions: 30->0(53)
[2024-05-14T11:36:58.674+0000][1.648s][info ][gc,heap       ] GC(1) Survivor regions: 5->2(5)
[2024-05-14T11:36:58.674+0000][1.648s][info ][gc,heap       ] GC(1) Old regions: 5->10
[2024-05-14T11:36:58.674+0000][1.648s][info ][gc,heap       ] GC(1) Humongous regions: 0->0
[2024-05-14T11:36:58.674+0000][1.648s][info ][gc,metaspace  ] GC(1) Metaspace: 2971K(5760K)->2971K(5760K) NonClass: 2712K(5120K)->2712K(5120K) Class: 259K(640K)->259K(640K)
[2024-05-14T11:36:58.674+0000][1.648s][info ][gc            ] GC(1) Pause Young (Normal) (G1 Evacuation Pause) 37M->9M(126M) 9.738ms
[2024-05-14T11:36:58.674+0000][1.648s][info ][gc,cpu        ] GC(1) User=0.04s Sys=0.01s Real=0.01s
[2024-05-14T11:36:58.674+0000][1.648s][info ][safepoint     ] Leaving safepoint region
[2024-05-14T11:36:58.674+0000][1.648s][info ][safepoint     ] Total time for which application threads were stopped: 0.0099860 seconds, Stopping threads took: 0.0000181 seconds
[2024-05-14T11:36:58.674+0000][1.648s][info ][gc,stringdedup] Concurrent String Deduplication (1.648s)
[2024-05-14T11:36:58.681+0000][1.655s][info ][gc,stringdedup] Concurrent String Deduplication 1438.4K->1357.1K(83288.0B) avg 5.0% (1.648s, 1.655s) 7.109ms
[2024-05-14T11:36:58.738+0000][1.711s][debug][safepoint     ] Safepoint synchronization initiated. (10 threads)
[2024-05-14T11:36:58.738+0000][1.711s][info ][safepoint     ] Application time: 0.0635242 seconds
[2024-05-14T11:36:58.738+0000][1.711s][debug][safepoint     ] Waiting for 1 thread(s) to block
[2024-05-14T11:36:58.738+0000][1.711s][info ][safepoint     ] Entering safepoint region: Deoptimize
[2024-05-14T11:36:58.738+0000][1.712s][info ][safepoint     ] Leaving safepoint region
[2024-05-14T11:36:58.738+0000][1.712s][info ][safepoint     ] Total time for which application threads were stopped: 0.0003207 seconds, Stopping threads took: 0.0000556 seconds
[2024-05-14T11:36:58.747+0000][1.721s][debug][safepoint     ] Safepoint synchronization initiated. (10 threads)
[2024-05-14T11:36:58.747+0000][1.721s][info ][safepoint     ] Application time: 0.0093910 seconds
[2024-05-14T11:36:58.747+0000][1.721s][debug][safepoint     ] Waiting for 1 thread(s) to block
[2024-05-14T11:36:58.748+0000][1.721s][info ][safepoint     ] Entering safepoint region: Deoptimize
[2024-05-14T11:36:58.748+0000][1.721s][info ][safepoint     ] Leaving safepoint region
[2024-05-14T11:36:58.748+0000][1.721s][info ][safepoint     ] Total time for which application threads were stopped: 0.0002379 seconds, Stopping threads took: 0.0000492 seconds
[2024-05-14T11:36:58.860+0000][1.834s][debug][safepoint     ] Safepoint synchronization initiated. (10 threads)
[2024-05-14T11:36:58.860+0000][1.834s][info ][safepoint     ] Application time: 0.1126555 seconds
[2024-05-14T11:36:58.860+0000][1.834s][info ][safepoint     ] Entering safepoint region: Deoptimize
[2024-05-14T11:36:58.861+0000][1.835s][info ][safepoint     ] Leaving safepoint region
[2024-05-14T11:36:58.861+0000][1.835s][info ][safepoint     ] Total time for which application threads were stopped: 0.0005214 seconds, Stopping threads took: 0.0000362 seconds
[2024-05-14T11:36:58.877+0000][1.851s][debug][safepoint     ] Safepoint synchronization initiated. (10 threads)
[2024-05-14T11:36:58.877+0000][1.851s][info ][safepoint     ] Application time: 0.0164668 seconds
[2024-05-14T11:36:58.877+0000][1.851s][debug][safepoint     ] Waiting for 1 thread(s) to block
[2024-05-14T11:36:58.877+0000][1.851s][info ][safepoint     ] Entering safepoint region: Deoptimize
[2024-05-14T11:36:58.878+0000][1.851s][info ][safepoint     ] Leaving safepoint region
[2024-05-14T11:36:58.878+0000][1.851s][info ][safepoint     ] Total time for which application threads were stopped: 0.0003372 seconds, Stopping threads took: 0.0000584 seconds
[2024-05-14T11:36:59.196+0000][2.170s][debug][safepoint     ] Safepoint synchronization initiated. (11 threads)
[2024-05-14T11:36:59.196+0000][2.170s][info ][safepoint     ] Application time: 0.3186579 seconds
[2024-05-14T11:36:59.196+0000][2.170s][debug][safepoint     ] Waiting for 1 thread(s) to block
[2024-05-14T11:36:59.196+0000][2.170s][info ][safepoint     ] Entering safepoint region: G1CollectForAllocation
[2024-05-14T11:36:59.197+0000][2.170s][info ][gc,start      ] GC(2) Pause Young (Normal) (G1 Evacuation Pause)
[2024-05-14T11:36:59.197+0000][2.170s][info ][gc,task       ] GC(2) Using 3 workers of 4 for evacuation
[2024-05-14T11:36:59.205+0000][2.178s][info ][gc,phases     ] GC(2)   Pre Evacuate Collection Set: 0.0ms
[2024-05-14T11:36:59.205+0000][2.178s][info ][gc,phases     ] GC(2)   Evacuate Collection Set: 6.3ms
[2024-05-14T11:36:59.205+0000][2.179s][info ][gc,phases     ] GC(2)   Post Evacuate Collection Set: 1.6ms
[2024-05-14T11:36:59.205+0000][2.179s][info ][gc,phases     ] GC(2)   Other: 0.2ms
[2024-05-14T11:36:59.205+0000][2.179s][info ][gc,heap       ] GC(2) Eden regions: 53->0(71)
[2024-05-14T11:36:59.205+0000][2.179s][info ][gc,heap       ] GC(2) Survivor regions: 2->2(7)
[2024-05-14T11:36:59.205+0000][2.179s][info ][gc,heap       ] GC(2) Old regions: 10->10
[2024-05-14T11:36:59.205+0000][2.179s][info ][gc,heap       ] GC(2) Humongous regions: 0->0
[2024-05-14T11:36:59.205+0000][2.179s][info ][gc,metaspace  ] GC(2) Metaspace: 5142K(7424K)->5142K(7424K) NonClass: 4597K(6656K)->4597K(6656K) Class: 544K(768K)->544K(768K)
[2024-05-14T11:36:59.205+0000][2.179s][info ][gc            ] GC(2) Pause Young (Normal) (G1 Evacuation Pause) 62M->9M(126M) 8.269ms
[2024-05-14T11:36:59.205+0000][2.179s][info ][gc,cpu        ] GC(2) User=0.02s Sys=0.01s Real=0.01s
[2024-05-14T11:36:59.205+0000][2.179s][info ][safepoint     ] Leaving safepoint region
[2024-05-14T11:36:59.205+0000][2.179s][info ][safepoint     ] Total time for which application threads were stopped: 0.0085204 seconds, Stopping threads took: 0.0000522 seconds
[2024-05-14T11:36:59.899+0000][2.873s][debug][safepoint     ] Safepoint synchronization initiated. (11 threads)
[2024-05-14T11:36:59.899+0000][2.873s][info ][safepoint     ] Application time: 0.6939088 seconds
[2024-05-14T11:36:59.899+0000][2.873s][info ][safepoint     ] Entering safepoint region: G1CollectForAllocation
[2024-05-14T11:36:59.899+0000][2.873s][info ][gc,start      ] GC(3) Pause Young (Normal) (G1 Evacuation Pause)
[2024-05-14T11:36:59.899+0000][2.873s][info ][gc,task       ] GC(3) Using 3 workers of 4 for evacuation
[2024-05-14T11:36:59.908+0000][2.882s][info ][gc,phases     ] GC(3)   Pre Evacuate Collection Set: 0.0ms
[2024-05-14T11:36:59.908+0000][2.882s][info ][gc,phases     ] GC(3)   Evacuate Collection Set: 6.7ms
[2024-05-14T11:36:59.908+0000][2.882s][info ][gc,phases     ] GC(3)   Post Evacuate Collection Set: 1.9ms
[2024-05-14T11:36:59.908+0000][2.882s][info ][gc,phases     ] GC(3)   Other: 0.2ms
[2024-05-14T11:36:59.908+0000][2.882s][info ][gc,heap       ] GC(3) Eden regions: 71->0(71)
[2024-05-14T11:36:59.908+0000][2.882s][info ][gc,heap       ] GC(3) Survivor regions: 2->3(10)
[2024-05-14T11:36:59.908+0000][2.882s][info ][gc,heap       ] GC(3) Old regions: 10->10
[2024-05-14T11:36:59.908+0000][2.882s][info ][gc,heap       ] GC(3) Humongous regions: 0->0
[2024-05-14T11:36:59.908+0000][2.882s][info ][gc,metaspace  ] GC(3) Metaspace: 8029K(9728K)->8029K(9728K) NonClass: 7073K(8448K)->7073K(8448K) Class: 956K(1280K)->956K(1280K)
[2024-05-14T11:36:59.908+0000][2.882s][info ][gc            ] GC(3) Pause Young (Normal) (G1 Evacuation Pause) 80M->10M(126M) 8.905ms
[2024-05-14T11:36:59.908+0000][2.882s][info ][gc,cpu        ] GC(3) User=0.01s Sys=0.00s Real=0.00s
[2024-05-14T11:36:59.908+0000][2.882s][info ][safepoint     ] Leaving safepoint region
[2024-05-14T11:36:59.908+0000][2.882s][info ][safepoint     ] Total time for which application threads were stopped: 0.0095097 seconds, Stopping threads took: 0.0000280 seconds
[2024-05-14T11:36:59.909+0000][2.882s][info ][gc,stringdedup] Concurrent String Deduplication (2.882s)
[2024-05-14T11:36:59.910+0000][2.884s][info ][gc,stringdedup] Concurrent String Deduplication 322.1K->242.9K(81072.0B) avg 7.5% (2.882s, 2.884s) 1.337ms
[2024-05-14T11:37:00.334+0000][3.307s][debug][safepoint     ] Safepoint synchronization initiated. (11 threads)
[2024-05-14T11:37:00.334+0000][3.307s][info ][safepoint     ] Application time: 0.4252841 seconds
[2024-05-14T11:37:00.334+0000][3.307s][info ][safepoint     ] Entering safepoint region: G1CollectForAllocation
[2024-05-14T11:37:00.334+0000][3.308s][info ][gc,start      ] GC(4) Pause Young (Normal) (G1 Evacuation Pause)
[2024-05-14T11:37:00.334+0000][3.308s][info ][gc,task       ] GC(4) Using 3 workers of 4 for evacuation
[2024-05-14T11:37:00.348+0000][3.322s][info ][gc,phases     ] GC(4)   Pre Evacuate Collection Set: 0.0ms
[2024-05-14T11:37:00.348+0000][3.322s][info ][gc,phases     ] GC(4)   Evacuate Collection Set: 9.6ms
[2024-05-14T11:37:00.348+0000][3.322s][info ][gc,phases     ] GC(4)   Post Evacuate Collection Set: 4.1ms
[2024-05-14T11:37:00.348+0000][3.322s][info ][gc,phases     ] GC(4)   Other: 0.3ms
[2024-05-14T11:37:00.348+0000][3.322s][info ][gc,heap       ] GC(4) Eden regions: 71->0(84)
[2024-05-14T11:37:00.348+0000][3.322s][info ][gc,heap       ] GC(4) Survivor regions: 3->4(10)
[2024-05-14T11:37:00.348+0000][3.322s][info ][gc,heap       ] GC(4) Old regions: 10->10
[2024-05-14T11:37:00.348+0000][3.322s][info ][gc,heap       ] GC(4) Humongous regions: 0->0
[2024-05-14T11:37:00.348+0000][3.322s][info ][gc,metaspace  ] GC(4) Metaspace: 10621K(11776K)->10621K(11776K) NonClass: 9310K(10240K)->9310K(10240K) Class: 1311K(1536K)->1311K(1536K)
[2024-05-14T11:37:00.348+0000][3.322s][info ][gc            ] GC(4) Pause Young (Normal) (G1 Evacuation Pause) 81M->11M(152M) 14.118ms
[2024-05-14T11:37:00.348+0000][3.322s][info ][gc,cpu        ] GC(4) User=0.03s Sys=0.00s Real=0.01s
[2024-05-14T11:37:00.348+0000][3.322s][info ][safepoint     ] Leaving safepoint region
[2024-05-14T11:37:00.348+0000][3.322s][info ][safepoint     ] Total time for which application threads were stopped: 0.0146245 seconds, Stopping threads took: 0.0000400 seconds
[2024-05-14T11:37:00.348+0000][3.322s][info ][gc,stringdedup] Concurrent String Deduplication (3.322s)
[2024-05-14T11:37:00.349+0000][3.323s][info ][gc,stringdedup] Concurrent String Deduplication 41424.0B->14760.0B(26664.0B) avg 8.4% (3.322s, 3.323s) 0.599ms
[2024-05-14T11:37:00.563+0000][3.536s][debug][safepoint     ] Safepoint synchronization initiated. (11 threads)
[2024-05-14T11:37:00.563+0000][3.536s][info ][safepoint     ] Application time: 0.2143716 seconds
[2024-05-14T11:37:00.563+0000][3.537s][debug][safepoint     ] Waiting for 1 thread(s) to block
[2024-05-14T11:37:00.563+0000][3.537s][info ][safepoint     ] Entering safepoint region: Deoptimize
[2024-05-14T11:37:00.563+0000][3.537s][info ][safepoint     ] Leaving safepoint region
[2024-05-14T11:37:00.563+0000][3.537s][info ][safepoint     ] Total time for which application threads were stopped: 0.0006239 seconds, Stopping threads took: 0.0000544 seconds
[2024-05-14T11:37:00.735+0000][3.709s][debug][safepoint     ] Safepoint synchronization initiated. (10 threads)
[2024-05-14T11:37:00.735+0000][3.709s][info ][safepoint     ] Application time: 0.1715247 seconds
[2024-05-14T11:37:00.735+0000][3.709s][info ][safepoint     ] Entering safepoint region: ICBufferFull
[2024-05-14T11:37:00.735+0000][3.709s][info ][safepoint     ] Leaving safepoint region
[2024-05-14T11:37:00.735+0000][3.709s][info ][safepoint     ] Total time for which application threads were stopped: 0.0002672 seconds, Stopping threads took: 0.0000398 seconds
[2024-05-14T11:37:00.888+0000][3.862s][debug][safepoint     ] Safepoint synchronization initiated. (12 threads)
[2024-05-14T11:37:00.888+0000][3.862s][info ][safepoint     ] Application time: 0.1529845 seconds
[2024-05-14T11:37:00.888+0000][3.862s][debug][safepoint     ] Waiting for 1 thread(s) to block
[2024-05-14T11:37:00.888+0000][3.862s][info ][safepoint     ] Entering safepoint region: G1CollectForAllocation
[2024-05-14T11:37:00.889+0000][3.862s][info ][gc,start      ] GC(5) Pause Young (Normal) (G1 Evacuation Pause)
[2024-05-14T11:37:00.889+0000][3.863s][info ][gc,task       ] GC(5) Using 4 workers of 4 for evacuation
[2024-05-14T11:37:00.896+0000][3.870s][info ][gc,phases     ] GC(5)   Pre Evacuate Collection Set: 0.0ms
[2024-05-14T11:37:00.896+0000][3.870s][info ][gc,phases     ] GC(5)   Evacuate Collection Set: 5.6ms
[2024-05-14T11:37:00.896+0000][3.870s][info ][gc,phases     ] GC(5)   Post Evacuate Collection Set: 1.3ms
[2024-05-14T11:37:00.896+0000][3.870s][info ][gc,phases     ] GC(5)   Other: 0.5ms
[2024-05-14T11:37:00.896+0000][3.870s][info ][gc,heap       ] GC(5) Eden regions: 84->0(85)
[2024-05-14T11:37:00.896+0000][3.870s][info ][gc,heap       ] GC(5) Survivor regions: 4->6(11)
[2024-05-14T11:37:00.896+0000][3.870s][info ][gc,heap       ] GC(5) Old regions: 10->10
[2024-05-14T11:37:00.896+0000][3.870s][info ][gc,heap       ] GC(5) Humongous regions: 0->0
[2024-05-14T11:37:00.896+0000][3.870s][info ][gc,metaspace  ] GC(5) Metaspace: 13476K(14208K)->13476K(14208K) NonClass: 11812K(12288K)->11812K(12288K) Class: 1663K(1920K)->1663K(1920K)
[2024-05-14T11:37:00.896+0000][3.870s][info ][gc            ] GC(5) Pause Young (Normal) (G1 Evacuation Pause) 95M->13M(152M) 7.572ms
[2024-05-14T11:37:00.896+0000][3.870s][info ][gc,cpu        ] GC(5) User=0.03s Sys=0.00s Real=0.01s
[2024-05-14T11:37:00.896+0000][3.870s][info ][safepoint     ] Leaving safepoint region
[2024-05-14T11:37:00.896+0000][3.870s][info ][safepoint     ] Total time for which application threads were stopped: 0.0080690 seconds, Stopping threads took: 0.0002242 seconds
[2024-05-14T11:37:00.896+0000][3.870s][info ][gc,stringdedup] Concurrent String Deduplication (3.870s)
[2024-05-14T11:37:00.897+0000][3.871s][info ][gc,stringdedup] Concurrent String Deduplication 142.0K->45656.0B(99768.0B) avg 11.6% (3.870s, 3.871s) 0.857ms
[2024-05-14T11:37:01.174+0000][4.148s][debug][safepoint     ] Safepoint synchronization initiated. (12 threads)
[2024-05-14T11:37:01.174+0000][4.148s][info ][safepoint     ] Application time: 0.2778382 seconds
[2024-05-14T11:37:01.174+0000][4.148s][debug][safepoint     ] Waiting for 1 thread(s) to block
[2024-05-14T11:37:01.174+0000][4.148s][info ][safepoint     ] Entering safepoint region: G1CollectForAllocation
[2024-05-14T11:37:01.174+0000][4.148s][info ][gc,start      ] GC(6) Pause Young (Normal) (G1 Evacuation Pause)
[2024-05-14T11:37:01.175+0000][4.148s][info ][gc,task       ] GC(6) Using 4 workers of 4 for evacuation
[2024-05-14T11:37:01.182+0000][4.155s][info ][gc,phases     ] GC(6)   Pre Evacuate Collection Set: 0.0ms
[2024-05-14T11:37:01.182+0000][4.155s][info ][gc,phases     ] GC(6)   Evacuate Collection Set: 5.4ms
[2024-05-14T11:37:01.182+0000][4.155s][info ][gc,phases     ] GC(6)   Post Evacuate Collection Set: 1.5ms
[2024-05-14T11:37:01.182+0000][4.155s][info ][gc,phases     ] GC(6)   Other: 0.2ms
[2024-05-14T11:37:01.182+0000][4.155s][info ][gc,heap       ] GC(6) Eden regions: 85->0(84)
[2024-05-14T11:37:01.182+0000][4.155s][info ][gc,heap       ] GC(6) Survivor regions: 6->7(12)
[2024-05-14T11:37:01.182+0000][4.155s][info ][gc,heap       ] GC(6) Old regions: 10->10
[2024-05-14T11:37:01.182+0000][4.155s][info ][gc,heap       ] GC(6) Humongous regions: 0->0
[2024-05-14T11:37:01.182+0000][4.155s][info ][gc,metaspace  ] GC(6) Metaspace: 15879K(16640K)->15879K(16640K) NonClass: 13849K(14336K)->13849K(14336K) Class: 2030K(2304K)->2030K(2304K)
[2024-05-14T11:37:01.182+0000][4.156s][info ][gc            ] GC(6) Pause Young (Normal) (G1 Evacuation Pause) 98M->14M(152M) 7.353ms
[2024-05-14T11:37:01.182+0000][4.156s][info ][gc,cpu        ] GC(6) User=0.02s Sys=0.00s Real=0.01s
[2024-05-14T11:37:01.182+0000][4.156s][info ][safepoint     ] Leaving safepoint region
[2024-05-14T11:37:01.182+0000][4.156s][info ][safepoint     ] Total time for which application threads were stopped: 0.0077331 seconds, Stopping threads took: 0.0000518 seconds
[2024-05-14T11:37:01.182+0000][4.156s][info ][gc,stringdedup] Concurrent String Deduplication (4.156s)
[2024-05-14T11:37:01.182+0000][4.156s][info ][gc,stringdedup] Concurrent String Deduplication 73952.0B->22784.0B(51168.0B) avg 13.1% (4.156s, 4.156s) 0.406ms
[2024-05-14T11:37:01.317+0000][4.291s][debug][safepoint     ] Safepoint synchronization initiated. (12 threads)
[2024-05-14T11:37:01.317+0000][4.291s][info ][safepoint     ] Application time: 0.1351915 seconds
[2024-05-14T11:37:01.317+0000][4.291s][debug][safepoint     ] ... found polling page loop exception at pc = 0x00007f320c33129b, stub =0x00007f3204826680
[2024-05-14T11:37:01.317+0000][4.291s][debug][safepoint     ] Waiting for 2 thread(s) to block
[2024-05-14T11:37:01.317+0000][4.291s][info ][safepoint     ] Entering safepoint region: Deoptimize
[2024-05-14T11:37:01.318+0000][4.292s][info ][safepoint     ] Leaving safepoint region
[2024-05-14T11:37:01.318+0000][4.292s][info ][safepoint     ] Total time for which application threads were stopped: 0.0006963 seconds, Stopping threads took: 0.0001380 seconds
[2024-05-14T11:37:01.454+0000][4.427s][debug][safepoint     ] Safepoint synchronization initiated. (12 threads)
[2024-05-14T11:37:01.454+0000][4.427s][info ][safepoint     ] Application time: 0.1358630 seconds
[2024-05-14T11:37:01.454+0000][4.427s][info ][safepoint     ] Entering safepoint region: G1CollectForAllocation
[2024-05-14T11:37:01.454+0000][4.428s][info ][gc,start      ] GC(7) Pause Young (Normal) (G1 Evacuation Pause)
[2024-05-14T11:37:01.454+0000][4.428s][info ][gc,task       ] GC(7) Using 4 workers of 4 for evacuation
[2024-05-14T11:37:01.462+0000][4.436s][info ][gc,phases     ] GC(7)   Pre Evacuate Collection Set: 0.0ms
[2024-05-14T11:37:01.462+0000][4.436s][info ][gc,phases     ] GC(7)   Evacuate Collection Set: 7.2ms
[2024-05-14T11:37:01.462+0000][4.436s][info ][gc,phases     ] GC(7)   Post Evacuate Collection Set: 1.2ms
[2024-05-14T11:37:01.462+0000][4.436s][info ][gc,phases     ] GC(7)   Other: 0.1ms
[2024-05-14T11:37:01.462+0000][4.436s][info ][gc,heap       ] GC(7) Eden regions: 84->0(84)
[2024-05-14T11:37:01.462+0000][4.436s][info ][gc,heap       ] GC(7) Survivor regions: 7->7(12)
[2024-05-14T11:37:01.463+0000][4.436s][info ][gc,heap       ] GC(7) Old regions: 10->10
[2024-05-14T11:37:01.463+0000][4.436s][info ][gc,heap       ] GC(7) Humongous regions: 0->0
[2024-05-14T11:37:01.463+0000][4.436s][info ][gc,metaspace  ] GC(7) Metaspace: 17514K(18432K)->17514K(18432K) NonClass: 15213K(15872K)->15213K(15872K) Class: 2301K(2560K)->2301K(2560K)
[2024-05-14T11:37:01.463+0000][4.436s][info ][gc            ] GC(7) Pause Young (Normal) (G1 Evacuation Pause) 98M->14M(152M) 8.654ms
[2024-05-14T11:37:01.463+0000][4.436s][info ][gc,cpu        ] GC(7) User=0.03s Sys=0.00s Real=0.01s
[2024-05-14T11:37:01.463+0000][4.436s][info ][safepoint     ] Leaving safepoint region
[2024-05-14T11:37:01.463+0000][4.436s][info ][safepoint     ] Total time for which application threads were stopped: 0.0089086 seconds, Stopping threads took: 0.0000185 seconds
[2024-05-14T11:37:01.463+0000][4.436s][info ][gc,stringdedup] Concurrent String Deduplication (4.436s)
[2024-05-14T11:37:01.464+0000][4.437s][info ][gc,stringdedup] Concurrent String Deduplication 142.0K->104.3K(38528.0B) avg 13.8% (4.436s, 4.437s) 0.893ms
[2024-05-14T11:37:01.537+0000][4.511s][debug][safepoint     ] Safepoint synchronization initiated. (12 threads)
[2024-05-14T11:37:01.537+0000][4.511s][info ][safepoint     ] Application time: 0.0745471 seconds
[2024-05-14T11:37:01.537+0000][4.511s][debug][safepoint     ] Waiting for 1 thread(s) to block
[2024-05-14T11:37:01.537+0000][4.511s][info ][safepoint     ] Entering safepoint region: Deoptimize
[2024-05-14T11:37:01.538+0000][4.512s][info ][safepoint     ] Leaving safepoint region
[2024-05-14T11:37:01.538+0000][4.512s][info ][safepoint     ] Total time for which application threads were stopped: 0.0005953 seconds, Stopping threads took: 0.0000553 seconds
[2024-05-14T11:37:01.865+0000][4.839s][debug][safepoint     ] Safepoint synchronization initiated. (12 threads)
[2024-05-14T11:37:01.866+0000][4.839s][info ][safepoint     ] Application time: 0.3277150 seconds
[2024-05-14T11:37:01.866+0000][4.839s][debug][safepoint     ] ... found polling page loop exception at pc = 0x00007f320c429935, stub =0x00007f3204826680
[2024-05-14T11:37:01.866+0000][4.839s][debug][safepoint     ] Waiting for 1 thread(s) to block
[2024-05-14T11:37:01.866+0000][4.839s][info ][safepoint     ] Entering safepoint region: CollectForMetadataAllocation
[2024-05-14T11:37:01.866+0000][4.840s][info ][gc,start      ] GC(8) Pause Young (Concurrent Start) (Metadata GC Threshold)
[2024-05-14T11:37:01.866+0000][4.840s][info ][gc,task       ] GC(8) Using 4 workers of 4 for evacuation
[2024-05-14T11:37:01.882+0000][4.856s][info ][gc,phases     ] GC(8)   Pre Evacuate Collection Set: 0.1ms
[2024-05-14T11:37:01.882+0000][4.856s][info ][gc,phases     ] GC(8)   Evacuate Collection Set: 13.0ms
[2024-05-14T11:37:01.882+0000][4.856s][info ][gc,phases     ] GC(8)   Post Evacuate Collection Set: 2.6ms
[2024-05-14T11:37:01.882+0000][4.856s][info ][gc,phases     ] GC(8)   Other: 0.3ms
[2024-05-14T11:37:01.882+0000][4.856s][info ][gc,heap       ] GC(8) Eden regions: 71->0(101)
[2024-05-14T11:37:01.882+0000][4.856s][info ][gc,heap       ] GC(8) Survivor regions: 7->8(12)
[2024-05-14T11:37:01.882+0000][4.856s][info ][gc,heap       ] GC(8) Old regions: 10->11
[2024-05-14T11:37:01.882+0000][4.856s][info ][gc,heap       ] GC(8) Humongous regions: 0->0
[2024-05-14T11:37:01.882+0000][4.856s][info ][gc,metaspace  ] GC(8) Metaspace: 20470K(21248K)->20470K(21248K) NonClass: 17892K(18432K)->17892K(18432K) Class: 2577K(2816K)->2577K(2816K)
[2024-05-14T11:37:01.882+0000][4.856s][info ][gc            ] GC(8) Pause Young (Concurrent Start) (Metadata GC Threshold) 85M->16M(183M) 16.206ms
[2024-05-14T11:37:01.882+0000][4.856s][info ][gc,cpu        ] GC(8) User=0.03s Sys=0.02s Real=0.02s
[2024-05-14T11:37:01.882+0000][4.856s][info ][safepoint     ] Leaving safepoint region
[2024-05-14T11:37:01.882+0000][4.856s][info ][safepoint     ] Total time for which application threads were stopped: 0.0166500 seconds, Stopping threads took: 0.0001727 seconds
[2024-05-14T11:37:01.882+0000][4.856s][info ][gc            ] GC(9) Concurrent Cycle
[2024-05-14T11:37:01.882+0000][4.856s][info ][gc,marking    ] GC(9) Concurrent Clear Claimed Marks
[2024-05-14T11:37:01.882+0000][4.856s][info ][gc,marking    ] GC(9) Concurrent Clear Claimed Marks 0.057ms
[2024-05-14T11:37:01.882+0000][4.856s][info ][gc,marking    ] GC(9) Concurrent Scan Root Regions
[2024-05-14T11:37:01.882+0000][4.856s][info ][gc,stringdedup] Concurrent String Deduplication (4.856s)
[2024-05-14T11:37:01.883+0000][4.857s][info ][gc,stringdedup] Concurrent String Deduplication 76288.0B->15288.0B(61000.0B) avg 15.4% (4.856s, 4.857s) 0.866ms
[2024-05-14T11:37:01.888+0000][4.861s][info ][gc,marking    ] GC(9) Concurrent Scan Root Regions 5.273ms
[2024-05-14T11:37:01.888+0000][4.861s][info ][gc,marking    ] GC(9) Concurrent Mark (4.861s)
[2024-05-14T11:37:01.888+0000][4.861s][info ][gc,marking    ] GC(9) Concurrent Mark From Roots
[2024-05-14T11:37:01.888+0000][4.861s][info ][gc,task       ] GC(9) Using 1 workers of 1 for marking
[2024-05-14T11:37:01.902+0000][4.875s][info ][gc,marking    ] GC(9) Concurrent Mark From Roots 13.900ms
[2024-05-14T11:37:01.902+0000][4.875s][info ][gc,marking    ] GC(9) Concurrent Preclean
[2024-05-14T11:37:01.902+0000][4.876s][info ][gc,marking    ] GC(9) Concurrent Preclean 0.114ms
[2024-05-14T11:37:01.902+0000][4.876s][info ][gc,marking    ] GC(9) Concurrent Mark (4.861s, 4.876s) 14.106ms
[2024-05-14T11:37:01.902+0000][4.876s][debug][safepoint     ] Safepoint synchronization initiated. (12 threads)
[2024-05-14T11:37:01.902+0000][4.876s][info ][safepoint     ] Application time: 0.0196537 seconds
[2024-05-14T11:37:01.902+0000][4.876s][debug][safepoint     ] ... found polling page return exception at pc = 0x00007f320c3abde2, stub =0x00007f3204824b00
[2024-05-14T11:37:01.903+0000][4.876s][debug][safepoint     ] ... found polling page loop exception at pc = 0x00007f320c4013fe, stub =0x00007f3204826680
[2024-05-14T11:37:01.903+0000][4.876s][debug][safepoint     ] Waiting for 2 thread(s) to block
[2024-05-14T11:37:01.903+0000][4.877s][info ][safepoint     ] Entering safepoint region: CGC_Operation
[2024-05-14T11:37:01.903+0000][4.877s][info ][gc,start      ] GC(9) Pause Remark
[2024-05-14T11:37:01.907+0000][4.881s][info ][gc,stringtable] GC(9) Cleaned string and symbol table, strings: 7536 processed, 7 removed, symbols: 55255 processed, 115 removed
[2024-05-14T11:37:01.907+0000][4.881s][info ][gc            ] GC(9) Pause Remark 19M->19M(183M) 4.196ms
[2024-05-14T11:37:01.907+0000][4.881s][info ][gc,cpu        ] GC(9) User=0.02s Sys=0.00s Real=0.00s
[2024-05-14T11:37:01.907+0000][4.881s][info ][safepoint     ] Leaving safepoint region
[2024-05-14T11:37:01.907+0000][4.881s][info ][safepoint     ] Total time for which application threads were stopped: 0.0052825 seconds, Stopping threads took: 0.0009374 seconds
[2024-05-14T11:37:01.907+0000][4.881s][info ][gc,marking    ] GC(9) Concurrent Rebuild Remembered Sets
[2024-05-14T11:37:01.913+0000][4.887s][info ][gc,marking    ] GC(9) Concurrent Rebuild Remembered Sets 5.753ms
[2024-05-14T11:37:01.913+0000][4.887s][debug][safepoint     ] Safepoint synchronization initiated. (12 threads)
[2024-05-14T11:37:01.913+0000][4.887s][info ][safepoint     ] Application time: 0.0059121 seconds
[2024-05-14T11:37:01.913+0000][4.887s][debug][safepoint     ] Waiting for 1 thread(s) to block
[2024-05-14T11:37:01.913+0000][4.887s][info ][safepoint     ] Entering safepoint region: CGC_Operation
[2024-05-14T11:37:01.913+0000][4.887s][info ][gc,start      ] GC(9) Pause Cleanup
[2024-05-14T11:37:01.914+0000][4.887s][info ][gc            ] GC(9) Pause Cleanup 19M->19M(183M) 0.133ms
[2024-05-14T11:37:01.914+0000][4.887s][info ][gc,cpu        ] GC(9) User=0.00s Sys=0.00s Real=0.00s
[2024-05-14T11:37:01.914+0000][4.887s][info ][safepoint     ] Leaving safepoint region
[2024-05-14T11:37:01.914+0000][4.887s][info ][safepoint     ] Total time for which application threads were stopped: 0.0005516 seconds, Stopping threads took: 0.0002689 seconds
[2024-05-14T11:37:01.914+0000][4.887s][info ][gc,marking    ] GC(9) Concurrent Cleanup for Next Mark
[2024-05-14T11:37:01.916+0000][4.890s][info ][gc,marking    ] GC(9) Concurrent Cleanup for Next Mark 2.129ms
[2024-05-14T11:37:01.916+0000][4.890s][info ][gc            ] GC(9) Concurrent Cycle 33.742ms
[2024-05-14T11:37:02.291+0000][5.264s][debug][safepoint     ] Safepoint synchronization initiated. (12 threads)
[2024-05-14T11:37:02.291+0000][5.265s][info ][safepoint     ] Application time: 0.3770945 seconds
[2024-05-14T11:37:02.291+0000][5.265s][debug][safepoint     ] ... found polling page loop exception at pc = 0x00007f320c46caf0, stub =0x00007f3204826680
[2024-05-14T11:37:02.291+0000][5.265s][debug][safepoint     ] Waiting for 2 thread(s) to block
[2024-05-14T11:37:02.291+0000][5.265s][info ][safepoint     ] Entering safepoint region: ICBufferFull
[2024-05-14T11:37:02.291+0000][5.265s][info ][safepoint     ] Leaving safepoint region
[2024-05-14T11:37:02.291+0000][5.265s][info ][safepoint     ] Total time for which application threads were stopped: 0.0003900 seconds, Stopping threads took: 0.0001737 seconds
[2024-05-14T11:37:02.352+0000][5.326s][debug][safepoint     ] Safepoint synchronization initiated. (12 threads)
[2024-05-14T11:37:02.352+0000][5.326s][info ][safepoint     ] Application time: 0.0609728 seconds
[2024-05-14T11:37:02.352+0000][5.326s][debug][safepoint     ] ... found polling page loop exception at pc = 0x00007f320c475f31, stub =0x00007f3204826680
[2024-05-14T11:37:02.352+0000][5.326s][debug][safepoint     ] Waiting for 1 thread(s) to block
[2024-05-14T11:37:02.352+0000][5.326s][info ][safepoint     ] Entering safepoint region: Deoptimize
[2024-05-14T11:37:02.353+0000][5.327s][info ][safepoint     ] Leaving safepoint region
[2024-05-14T11:37:02.353+0000][5.327s][info ][safepoint     ] Total time for which application threads were stopped: 0.0009299 seconds, Stopping threads took: 0.0001582 seconds
[2024-05-14T11:37:02.469+0000][5.443s][debug][safepoint     ] Safepoint synchronization initiated. (12 threads)
[2024-05-14T11:37:02.469+0000][5.443s][info ][safepoint     ] Application time: 0.1159450 seconds
[2024-05-14T11:37:02.473+0000][5.447s][debug][safepoint     ] ... found polling page return exception at pc = 0x00007f320c32df7c, stub =0x00007f3204824b00
[2024-05-14T11:37:02.474+0000][5.448s][debug][safepoint     ] Waiting for 2 thread(s) to block
[2024-05-14T11:37:02.474+0000][5.448s][info ][safepoint     ] Entering safepoint region: G1CollectForAllocation
[2024-05-14T11:37:02.474+0000][5.448s][info ][gc,start      ] GC(10) Pause Young (Normal) (G1 Evacuation Pause)
[2024-05-14T11:37:02.474+0000][5.448s][info ][gc,task       ] GC(10) Using 4 workers of 4 for evacuation
[2024-05-14T11:37:02.486+0000][5.460s][info ][gc,phases     ] GC(10)   Pre Evacuate Collection Set: 0.0ms
[2024-05-14T11:37:02.486+0000][5.460s][info ][gc,phases     ] GC(10)   Evacuate Collection Set: 10.0ms
[2024-05-14T11:37:02.486+0000][5.460s][info ][gc,phases     ] GC(10)   Post Evacuate Collection Set: 1.5ms
[2024-05-14T11:37:02.486+0000][5.460s][info ][gc,phases     ] GC(10)   Other: 0.2ms
[2024-05-14T11:37:02.486+0000][5.460s][info ][gc,heap       ] GC(10) Eden regions: 101->0(99)
[2024-05-14T11:37:02.486+0000][5.460s][info ][gc,heap       ] GC(10) Survivor regions: 8->10(14)
[2024-05-14T11:37:02.486+0000][5.460s][info ][gc,heap       ] GC(10) Old regions: 11->11
[2024-05-14T11:37:02.486+0000][5.460s][info ][gc,heap       ] GC(10) Humongous regions: 0->0
[2024-05-14T11:37:02.486+0000][5.460s][info ][gc,metaspace  ] GC(10) Metaspace: 23864K(24828K)->23864K(24828K) NonClass: 20853K(21500K)->20853K(21500K) Class: 3010K(3328K)->3010K(3328K)
[2024-05-14T11:37:02.486+0000][5.460s][info ][gc            ] GC(10) Pause Young (Normal) (G1 Evacuation Pause) 117M->18M(183M) 11.881ms
[2024-05-14T11:37:02.486+0000][5.460s][info ][gc,cpu        ] GC(10) User=0.05s Sys=0.00s Real=0.01s
[2024-05-14T11:37:02.486+0000][5.460s][info ][safepoint     ] Leaving safepoint region
[2024-05-14T11:37:02.486+0000][5.460s][info ][safepoint     ] Total time for which application threads were stopped: 0.0172744 seconds, Stopping threads took: 0.0051654 seconds
[2024-05-14T11:37:02.486+0000][5.460s][info ][gc,stringdedup] Concurrent String Deduplication (5.460s)
[2024-05-14T11:37:02.487+0000][5.461s][info ][gc,stringdedup] Concurrent String Deduplication 231.3K->160.3K(72632.0B) avg 16.5% (5.460s, 5.461s) 0.903ms
[2024-05-14T11:37:02.895+0000][5.869s][debug][safepoint     ] Safepoint synchronization initiated. (11 threads)
[2024-05-14T11:37:02.895+0000][5.869s][info ][safepoint     ] Application time: 0.4091110 seconds
[2024-05-14T11:37:02.896+0000][5.869s][info ][safepoint     ] Entering safepoint region: G1CollectForAllocation
[2024-05-14T11:37:02.896+0000][5.869s][info ][gc,start      ] GC(11) Pause Young (Normal) (G1 Evacuation Pause)
[2024-05-14T11:37:02.896+0000][5.869s][info ][gc,task       ] GC(11) Using 4 workers of 4 for evacuation
[2024-05-14T11:37:02.911+0000][5.885s][info ][gc,phases     ] GC(11)   Pre Evacuate Collection Set: 0.0ms
[2024-05-14T11:37:02.911+0000][5.885s][info ][gc,phases     ] GC(11)   Evacuate Collection Set: 13.8ms
[2024-05-14T11:37:02.911+0000][5.885s][info ][gc,phases     ] GC(11)   Post Evacuate Collection Set: 1.7ms
[2024-05-14T11:37:02.912+0000][5.885s][info ][gc,phases     ] GC(11)   Other: 0.2ms
[2024-05-14T11:37:02.912+0000][5.885s][info ][gc,heap       ] GC(11) Eden regions: 99->0(101)
[2024-05-14T11:37:02.912+0000][5.885s][info ][gc,heap       ] GC(11) Survivor regions: 10->8(14)
[2024-05-14T11:37:02.912+0000][5.885s][info ][gc,heap       ] GC(11) Old regions: 11->15
[2024-05-14T11:37:02.912+0000][5.885s][info ][gc,heap       ] GC(11) Humongous regions: 0->0
[2024-05-14T11:37:02.912+0000][5.885s][info ][gc,metaspace  ] GC(11) Metaspace: 24156K(25212K)->24156K(25212K) NonClass: 21105K(21756K)->21105K(21756K) Class: 3051K(3456K)->3051K(3456K)
[2024-05-14T11:37:02.912+0000][5.885s][info ][gc            ] GC(11) Pause Young (Normal) (G1 Evacuation Pause) 117M->21M(183M) 15.945ms
[2024-05-14T11:37:02.912+0000][5.885s][info ][gc,cpu        ] GC(11) User=0.06s Sys=0.01s Real=0.02s
[2024-05-14T11:37:02.912+0000][5.885s][info ][safepoint     ] Leaving safepoint region
[2024-05-14T11:37:02.912+0000][5.885s][info ][safepoint     ] Total time for which application threads were stopped: 0.0161798 seconds, Stopping threads took: 0.0000164 seconds
[2024-05-14T11:37:02.912+0000][5.885s][info ][gc,stringdedup] Concurrent String Deduplication (5.885s)
[2024-05-14T11:37:02.914+0000][5.888s][info ][gc,stringdedup] Concurrent String Deduplication 644.1K->616.4K(28336.0B) avg 14.5% (5.885s, 5.888s) 2.401ms
[2024-05-14T11:37:03.493+0000][6.467s][debug][safepoint     ] Safepoint synchronization initiated. (11 threads)
[2024-05-14T11:37:03.493+0000][6.467s][info ][safepoint     ] Application time: 0.5812688 seconds
[2024-05-14T11:37:03.493+0000][6.467s][debug][safepoint     ] Waiting for 2 thread(s) to block
[2024-05-14T11:37:03.493+0000][6.467s][info ][safepoint     ] Entering safepoint region: ICBufferFull
[2024-05-14T11:37:03.493+0000][6.467s][info ][safepoint     ] Leaving safepoint region
[2024-05-14T11:37:03.493+0000][6.467s][info ][safepoint     ] Total time for which application threads were stopped: 0.0003177 seconds, Stopping threads took: 0.0000991 seconds
[2024-05-14T11:37:03.593+0000][6.567s][debug][safepoint     ] Safepoint synchronization initiated. (11 threads)
[2024-05-14T11:37:03.593+0000][6.567s][info ][safepoint     ] Application time: 0.0996596 seconds
[2024-05-14T11:37:03.593+0000][6.567s][info ][safepoint     ] Entering safepoint region: G1CollectForAllocation
[2024-05-14T11:37:03.593+0000][6.567s][info ][gc,start      ] GC(12) Pause Young (Normal) (G1 Evacuation Pause)
[2024-05-14T11:37:03.593+0000][6.567s][info ][gc,task       ] GC(12) Using 4 workers of 4 for evacuation
[2024-05-14T11:37:03.616+0000][6.590s][info ][gc,phases     ] GC(12)   Pre Evacuate Collection Set: 0.0ms
[2024-05-14T11:37:03.616+0000][6.590s][info ][gc,phases     ] GC(12)   Evacuate Collection Set: 19.3ms
[2024-05-14T11:37:03.616+0000][6.590s][info ][gc,phases     ] GC(12)   Post Evacuate Collection Set: 3.2ms
[2024-05-14T11:37:03.616+0000][6.590s][info ][gc,phases     ] GC(12)   Other: 0.2ms
[2024-05-14T11:37:03.616+0000][6.590s][info ][gc,heap       ] GC(12) Eden regions: 101->0(99)
[2024-05-14T11:37:03.616+0000][6.590s][info ][gc,heap       ] GC(12) Survivor regions: 8->10(14)
[2024-05-14T11:37:03.616+0000][6.590s][info ][gc,heap       ] GC(12) Old regions: 15->16
[2024-05-14T11:37:03.616+0000][6.590s][info ][gc,heap       ] GC(12) Humongous regions: 0->0
[2024-05-14T11:37:03.616+0000][6.590s][info ][gc,metaspace  ] GC(12) Metaspace: 24533K(25468K)->24533K(25468K) NonClass: 21444K(22012K)->21444K(22012K) Class: 3089K(3456K)->3089K(3456K)
[2024-05-14T11:37:03.616+0000][6.590s][info ][gc            ] GC(12) Pause Young (Normal) (G1 Evacuation Pause) 122M->24M(183M) 22.886ms
[2024-05-14T11:37:03.616+0000][6.590s][info ][gc,cpu        ] GC(12) User=0.06s Sys=0.00s Real=0.02s
[2024-05-14T11:37:03.616+0000][6.590s][info ][safepoint     ] Leaving safepoint region
[2024-05-14T11:37:03.616+0000][6.590s][info ][safepoint     ] Total time for which application threads were stopped: 0.0230876 seconds, Stopping threads took: 0.0000186 seconds
[2024-05-14T11:37:03.616+0000][6.590s][info ][gc,stringdedup] Concurrent String Deduplication (6.590s)
[2024-05-14T11:37:03.619+0000][6.593s][info ][gc,stringdedup] Concurrent String Deduplication 726.5K->481.7K(244.8K) avg 17.5% (6.590s, 6.593s) 3.005ms
[2024-05-14T11:37:03.907+0000][6.881s][debug][safepoint     ] Safepoint synchronization initiated. (11 threads)
[2024-05-14T11:37:03.907+0000][6.881s][info ][safepoint     ] Application time: 0.2911921 seconds
[2024-05-14T11:37:03.907+0000][6.881s][debug][safepoint     ] Waiting for 1 thread(s) to block
[2024-05-14T11:37:03.907+0000][6.881s][info ][safepoint     ] Entering safepoint region: ICBufferFull
[2024-05-14T11:37:03.908+0000][6.881s][info ][safepoint     ] Leaving safepoint region
[2024-05-14T11:37:03.908+0000][6.881s][info ][safepoint     ] Total time for which application threads were stopped: 0.0002658 seconds, Stopping threads took: 0.0000466 seconds
[2024-05-14T11:37:04.066+0000][7.040s][debug][safepoint     ] Safepoint synchronization initiated. (11 threads)
[2024-05-14T11:37:04.066+0000][7.040s][info ][safepoint     ] Application time: 0.1586239 seconds
[2024-05-14T11:37:04.066+0000][7.040s][info ][safepoint     ] Entering safepoint region: G1CollectForAllocation
[2024-05-14T11:37:04.066+0000][7.040s][info ][gc,start      ] GC(13) Pause Young (Normal) (G1 Evacuation Pause)
[2024-05-14T11:37:04.066+0000][7.040s][info ][gc,task       ] GC(13) Using 4 workers of 4 for evacuation
[2024-05-14T11:37:04.080+0000][7.054s][info ][gc,phases     ] GC(13)   Pre Evacuate Collection Set: 0.0ms
[2024-05-14T11:37:04.080+0000][7.054s][info ][gc,phases     ] GC(13)   Evacuate Collection Set: 9.9ms
[2024-05-14T11:37:04.080+0000][7.054s][info ][gc,phases     ] GC(13)   Post Evacuate Collection Set: 3.6ms
[2024-05-14T11:37:04.080+0000][7.054s][info ][gc,phases     ] GC(13)   Other: 0.2ms
[2024-05-14T11:37:04.080+0000][7.054s][info ][gc,heap       ] GC(13) Eden regions: 99->0(128)
[2024-05-14T11:37:04.080+0000][7.054s][info ][gc,heap       ] GC(13) Survivor regions: 10->8(14)
[2024-05-14T11:37:04.080+0000][7.054s][info ][gc,heap       ] GC(13) Old regions: 16->20
[2024-05-14T11:37:04.080+0000][7.054s][info ][gc,heap       ] GC(13) Humongous regions: 0->0
[2024-05-14T11:37:04.080+0000][7.054s][info ][gc,metaspace  ] GC(13) Metaspace: 24818K(25724K)->24818K(25724K) NonClass: 21702K(22268K)->21702K(22268K) Class: 3116K(3456K)->3116K(3456K)
[2024-05-14T11:37:04.080+0000][7.054s][info ][gc            ] GC(13) Pause Young (Normal) (G1 Evacuation Pause) 123M->26M(230M) 13.862ms
[2024-05-14T11:37:04.080+0000][7.054s][info ][gc,cpu        ] GC(13) User=0.04s Sys=0.00s Real=0.02s
[2024-05-14T11:37:04.080+0000][7.054s][info ][safepoint     ] Leaving safepoint region
[2024-05-14T11:37:04.080+0000][7.054s][info ][safepoint     ] Total time for which application threads were stopped: 0.0140716 seconds, Stopping threads took: 0.0000170 seconds
[2024-05-14T11:37:04.080+0000][7.054s][info ][gc,stringdedup] Concurrent String Deduplication (7.054s)
[2024-05-14T11:37:04.086+0000][7.060s][info ][gc,stringdedup] Concurrent String Deduplication 842.3K->332.7K(509.6K) avg 24.2% (7.054s, 7.060s) 5.921ms
[2024-05-14T11:37:04.541+0000][7.515s][debug][safepoint     ] Safepoint synchronization initiated. (12 threads)
[2024-05-14T11:37:04.541+0000][7.515s][info ][safepoint     ] Application time: 0.4611492 seconds
[2024-05-14T11:37:04.541+0000][7.515s][debug][safepoint     ] ... found polling page return exception at pc = 0x00007f320c382945, stub =0x00007f3204824b00
[2024-05-14T11:37:04.542+0000][7.515s][debug][safepoint     ] Waiting for 1 thread(s) to block
[2024-05-14T11:37:04.542+0000][7.515s][info ][safepoint     ] Entering safepoint region: G1CollectForAllocation
[2024-05-14T11:37:04.542+0000][7.516s][info ][gc,start      ] GC(14) Pause Young (Normal) (G1 Evacuation Pause)
[2024-05-14T11:37:04.542+0000][7.516s][info ][gc,task       ] GC(14) Using 4 workers of 4 for evacuation
[2024-05-14T11:37:04.549+0000][7.523s][info ][gc,phases     ] GC(14)   Pre Evacuate Collection Set: 0.0ms
[2024-05-14T11:37:04.549+0000][7.523s][info ][gc,phases     ] GC(14)   Evacuate Collection Set: 5.8ms
[2024-05-14T11:37:04.549+0000][7.523s][info ][gc,phases     ] GC(14)   Post Evacuate Collection Set: 1.6ms
[2024-05-14T11:37:04.549+0000][7.523s][info ][gc,phases     ] GC(14)   Other: 0.3ms
[2024-05-14T11:37:04.550+0000][7.523s][info ][gc,heap       ] GC(14) Eden regions: 128->0(129)
[2024-05-14T11:37:04.550+0000][7.523s][info ][gc,heap       ] GC(14) Survivor regions: 8->9(17)
[2024-05-14T11:37:04.550+0000][7.523s][info ][gc,heap       ] GC(14) Old regions: 20->20
[2024-05-14T11:37:04.550+0000][7.523s][info ][gc,heap       ] GC(14) Humongous regions: 0->0
[2024-05-14T11:37:04.550+0000][7.523s][info ][gc,metaspace  ] GC(14) Metaspace: 25748K(26876K)->25748K(26876K) NonClass: 22568K(23292K)->22568K(23292K) Class: 3180K(3584K)->3180K(3584K)
[2024-05-14T11:37:04.550+0000][7.523s][info ][gc            ] GC(14) Pause Young (Normal) (G1 Evacuation Pause) 154M->26M(230M) 7.877ms
[2024-05-14T11:37:04.550+0000][7.523s][info ][gc,cpu        ] GC(14) User=0.02s Sys=0.00s Real=0.01s
[2024-05-14T11:37:04.550+0000][7.523s][info ][safepoint     ] Leaving safepoint region
[2024-05-14T11:37:04.550+0000][7.523s][info ][safepoint     ] Total time for which application threads were stopped: 0.0082945 seconds, Stopping threads took: 0.0001629 seconds
[2024-05-14T11:37:04.550+0000][7.524s][info ][gc,stringdedup] Concurrent String Deduplication (7.524s)
[2024-05-14T11:37:04.554+0000][7.528s][info ][gc,stringdedup] Concurrent String Deduplication 828.7K->299.6K(529.0K) avg 29.5% (7.524s, 7.528s) 4.510ms
[2024-05-14T11:37:04.866+0000][7.840s][debug][safepoint     ] Safepoint synchronization initiated. (12 threads)
[2024-05-14T11:37:04.866+0000][7.840s][info ][safepoint     ] Application time: 0.3167248 seconds
[2024-05-14T11:37:04.867+0000][7.840s][debug][safepoint     ] ... found polling page loop exception at pc = 0x00007f320c4363d0, stub =0x00007f3204826680
[2024-05-14T11:37:04.867+0000][7.840s][debug][safepoint     ] Waiting for 1 thread(s) to block
[2024-05-14T11:37:04.867+0000][7.840s][info ][safepoint     ] Entering safepoint region: G1CollectForAllocation
[2024-05-14T11:37:04.867+0000][7.840s][info ][gc,start      ] GC(15) Pause Young (Normal) (G1 Evacuation Pause)
[2024-05-14T11:37:04.867+0000][7.841s][info ][gc,task       ] GC(15) Using 4 workers of 4 for evacuation
[2024-05-14T11:37:04.874+0000][7.847s][info ][gc,phases     ] GC(15)   Pre Evacuate Collection Set: 0.0ms
[2024-05-14T11:37:04.874+0000][7.847s][info ][gc,phases     ] GC(15)   Evacuate Collection Set: 5.4ms
[2024-05-14T11:37:04.874+0000][7.847s][info ][gc,phases     ] GC(15)   Post Evacuate Collection Set: 1.4ms
[2024-05-14T11:37:04.874+0000][7.848s][info ][gc,phases     ] GC(15)   Other: 0.1ms
[2024-05-14T11:37:04.874+0000][7.848s][info ][gc,heap       ] GC(15) Eden regions: 129->0(130)
[2024-05-14T11:37:04.874+0000][7.848s][info ][gc,heap       ] GC(15) Survivor regions: 9->8(18)
[2024-05-14T11:37:04.874+0000][7.848s][info ][gc,heap       ] GC(15) Old regions: 20->20
[2024-05-14T11:37:04.874+0000][7.848s][info ][gc,heap       ] GC(15) Humongous regions: 0->0
[2024-05-14T11:37:04.874+0000][7.848s][info ][gc,metaspace  ] GC(15) Metaspace: 26346K(27388K)->26346K(27388K) NonClass: 23113K(23804K)->23113K(23804K) Class: 3232K(3584K)->3232K(3584K)
[2024-05-14T11:37:04.874+0000][7.848s][info ][gc            ] GC(15) Pause Young (Normal) (G1 Evacuation Pause) 155M->26M(230M) 7.105ms
[2024-05-14T11:37:04.874+0000][7.848s][info ][gc,cpu        ] GC(15) User=0.02s Sys=0.01s Real=0.01s
[2024-05-14T11:37:04.874+0000][7.848s][info ][safepoint     ] Leaving safepoint region
[2024-05-14T11:37:04.874+0000][7.848s][info ][safepoint     ] Total time for which application threads were stopped: 0.0074309 seconds, Stopping threads took: 0.0001498 seconds
[2024-05-14T11:37:04.874+0000][7.848s][info ][gc,stringdedup] Concurrent String Deduplication (7.848s)
[2024-05-14T11:37:04.876+0000][7.850s][info ][gc,stringdedup] Concurrent String Deduplication 663.2K->274.8K(388.4K) avg 32.3% (7.848s, 7.850s) 2.305ms
[2024-05-14T11:37:05.388+0000][8.362s][debug][safepoint     ] Safepoint synchronization initiated. (10 threads)
[2024-05-14T11:37:05.388+0000][8.362s][info ][safepoint     ] Application time: 0.5142636 seconds
[2024-05-14T11:37:05.388+0000][8.362s][info ][safepoint     ] Entering safepoint region: G1CollectForAllocation
[2024-05-14T11:37:05.389+0000][8.362s][info ][gc,start      ] GC(16) Pause Young (Normal) (G1 Evacuation Pause)
[2024-05-14T11:37:05.389+0000][8.362s][info ][gc,task       ] GC(16) Using 4 workers of 4 for evacuation
[2024-05-14T11:37:05.397+0000][8.371s][info ][gc,phases     ] GC(16)   Pre Evacuate Collection Set: 0.0ms
[2024-05-14T11:37:05.397+0000][8.371s][info ][gc,phases     ] GC(16)   Evacuate Collection Set: 5.9ms
[2024-05-14T11:37:05.397+0000][8.371s][info ][gc,phases     ] GC(16)   Post Evacuate Collection Set: 2.3ms
[2024-05-14T11:37:05.397+0000][8.371s][info ][gc,phases     ] GC(16)   Other: 0.2ms
[2024-05-14T11:37:05.397+0000][8.371s][info ][gc,heap       ] GC(16) Eden regions: 130->0(129)
[2024-05-14T11:37:05.397+0000][8.371s][info ][gc,heap       ] GC(16) Survivor regions: 8->9(18)
[2024-05-14T11:37:05.397+0000][8.371s][info ][gc,heap       ] GC(16) Old regions: 20->20
[2024-05-14T11:37:05.397+0000][8.371s][info ][gc,heap       ] GC(16) Humongous regions: 0->0
[2024-05-14T11:37:05.397+0000][8.371s][info ][gc,metaspace  ] GC(16) Metaspace: 29855K(31100K)->29855K(31100K) NonClass: 26226K(27132K)->26226K(27132K) Class: 3628K(3968K)->3628K(3968K)
[2024-05-14T11:37:05.397+0000][8.371s][info ][gc            ] GC(16) Pause Young (Normal) (G1 Evacuation Pause) 156M->27M(230M) 8.544ms
[2024-05-14T11:37:05.397+0000][8.371s][info ][gc,cpu        ] GC(16) User=0.03s Sys=0.00s Real=0.01s
[2024-05-14T11:37:05.397+0000][8.371s][info ][safepoint     ] Leaving safepoint region
[2024-05-14T11:37:05.397+0000][8.371s][info ][safepoint     ] Total time for which application threads were stopped: 0.0088733 seconds, Stopping threads took: 0.0000218 seconds
[2024-05-14T11:37:05.397+0000][8.371s][info ][gc,stringdedup] Concurrent String Deduplication (8.371s)
[2024-05-14T11:37:05.399+0000][8.373s][info ][gc,stringdedup] Concurrent String Deduplication 647.2K->39712.0B(608.4K) avg 37.6% (8.371s, 8.373s) 1.855ms
[2024-05-14T11:37:05.989+0000][8.963s][debug][safepoint     ] Safepoint synchronization initiated. (10 threads)
[2024-05-14T11:37:05.989+0000][8.963s][info ][safepoint     ] Application time: 0.5921089 seconds
[2024-05-14T11:37:05.989+0000][8.963s][info ][safepoint     ] Entering safepoint region: G1CollectForAllocation
[2024-05-14T11:37:05.989+0000][8.963s][info ][gc,start      ] GC(17) Pause Young (Normal) (G1 Evacuation Pause)
[2024-05-14T11:37:05.990+0000][8.963s][info ][gc,task       ] GC(17) Using 4 workers of 4 for evacuation
[2024-05-14T11:37:05.999+0000][8.973s][info ][gc,phases     ] GC(17)   Pre Evacuate Collection Set: 0.0ms
[2024-05-14T11:37:05.999+0000][8.973s][info ][gc,phases     ] GC(17)   Evacuate Collection Set: 6.8ms
[2024-05-14T11:37:05.999+0000][8.973s][info ][gc,phases     ] GC(17)   Post Evacuate Collection Set: 2.4ms
[2024-05-14T11:37:05.999+0000][8.973s][info ][gc,phases     ] GC(17)   Other: 0.2ms
[2024-05-14T11:37:05.999+0000][8.973s][info ][gc,heap       ] GC(17) Eden regions: 129->0(129)
[2024-05-14T11:37:05.999+0000][8.973s][info ][gc,heap       ] GC(17) Survivor regions: 9->9(18)
[2024-05-14T11:37:05.999+0000][8.973s][info ][gc,heap       ] GC(17) Old regions: 20->20
[2024-05-14T11:37:05.999+0000][8.973s][info ][gc,heap       ] GC(17) Humongous regions: 0->0
[2024-05-14T11:37:05.999+0000][8.973s][info ][gc,metaspace  ] GC(17) Metaspace: 32938K(34300K)->32938K(34300K) NonClass: 28960K(29948K)->28960K(29948K) Class: 3977K(4352K)->3977K(4352K)
[2024-05-14T11:37:05.999+0000][8.973s][info ][gc            ] GC(17) Pause Young (Normal) (G1 Evacuation Pause) 156M->27M(230M) 9.521ms
[2024-05-14T11:37:05.999+0000][8.973s][info ][gc,cpu        ] GC(17) User=0.03s Sys=0.01s Real=0.02s
[2024-05-14T11:37:05.999+0000][8.973s][info ][safepoint     ] Leaving safepoint region
[2024-05-14T11:37:05.999+0000][8.973s][info ][safepoint     ] Total time for which application threads were stopped: 0.0097979 seconds, Stopping threads took: 0.0000158 seconds
[2024-05-14T11:37:05.999+0000][8.973s][info ][gc,stringdedup] Concurrent String Deduplication (8.973s)
[2024-05-14T11:37:05.999+0000][8.973s][info ][gc,stringdedup] Concurrent String Deduplication 47800.0B->12080.0B(35720.0B) avg 37.8% (8.973s, 8.973s) 0.384ms
[2024-05-14T11:37:06.226+0000][9.199s][debug][safepoint     ] Safepoint synchronization initiated. (10 threads)
[2024-05-14T11:37:06.226+0000][9.199s][info ][safepoint     ] Application time: 0.2266110 seconds
[2024-05-14T11:37:06.226+0000][9.199s][info ][safepoint     ] Entering safepoint region: Deoptimize
[2024-05-14T11:37:06.226+0000][9.200s][info ][safepoint     ] Leaving safepoint region
[2024-05-14T11:37:06.226+0000][9.200s][info ][safepoint     ] Total time for which application threads were stopped: 0.0007217 seconds, Stopping threads took: 0.0000174 seconds
[2024-05-14T11:37:06.464+0000][9.437s][debug][safepoint     ] Safepoint synchronization initiated. (11 threads)
[2024-05-14T11:37:06.464+0000][9.437s][info ][safepoint     ] Application time: 0.2373304 seconds
[2024-05-14T11:37:06.464+0000][9.437s][debug][safepoint     ] Waiting for 1 thread(s) to block
[2024-05-14T11:37:06.464+0000][9.438s][info ][safepoint     ] Entering safepoint region: G1CollectForAllocation
[2024-05-14T11:37:06.464+0000][9.438s][info ][gc,start      ] GC(18) Pause Young (Normal) (G1 Evacuation Pause)
[2024-05-14T11:37:06.464+0000][9.438s][info ][gc,task       ] GC(18) Using 4 workers of 4 for evacuation
[2024-05-14T11:37:06.473+0000][9.447s][info ][gc,phases     ] GC(18)   Pre Evacuate Collection Set: 0.0ms
[2024-05-14T11:37:06.473+0000][9.447s][info ][gc,phases     ] GC(18)   Evacuate Collection Set: 7.5ms
[2024-05-14T11:37:06.473+0000][9.447s][info ][gc,phases     ] GC(18)   Post Evacuate Collection Set: 1.6ms
[2024-05-14T11:37:06.473+0000][9.447s][info ][gc,phases     ] GC(18)   Other: 0.2ms
[2024-05-14T11:37:06.473+0000][9.447s][info ][gc,heap       ] GC(18) Eden regions: 129->0(127)
[2024-05-14T11:37:06.473+0000][9.447s][info ][gc,heap       ] GC(18) Survivor regions: 9->11(18)
[2024-05-14T11:37:06.473+0000][9.447s][info ][gc,heap       ] GC(18) Old regions: 20->20
[2024-05-14T11:37:06.473+0000][9.447s][info ][gc,heap       ] GC(18) Humongous regions: 0->0
[2024-05-14T11:37:06.473+0000][9.447s][info ][gc,metaspace  ] GC(18) Metaspace: 33412K(34684K)->33412K(34684K) NonClass: 29365K(30204K)->29365K(30204K) Class: 4046K(4480K)->4046K(4480K)
[2024-05-14T11:37:06.474+0000][9.447s][info ][gc            ] GC(18) Pause Young (Normal) (G1 Evacuation Pause) 156M->28M(230M) 9.478ms
[2024-05-14T11:37:06.474+0000][9.447s][info ][gc,cpu        ] GC(18) User=0.03s Sys=0.00s Real=0.01s
[2024-05-14T11:37:06.474+0000][9.447s][info ][safepoint     ] Leaving safepoint region
[2024-05-14T11:37:06.474+0000][9.447s][info ][safepoint     ] Total time for which application threads were stopped: 0.0098502 seconds, Stopping threads took: 0.0000949 seconds
[2024-05-14T11:37:06.474+0000][9.447s][info ][gc,stringdedup] Concurrent String Deduplication (9.447s)
[2024-05-14T11:37:06.475+0000][9.448s][info ][gc,stringdedup] Concurrent String Deduplication 346.7K->16376.0B(330.7K) avg 40.3% (9.447s, 9.448s) 1.019ms
[2024-05-14T11:37:06.736+0000][9.709s][debug][safepoint     ] Safepoint synchronization initiated. (11 threads)
[2024-05-14T11:37:06.736+0000][9.710s][info ][safepoint     ] Application time: 0.2621722 seconds
[2024-05-14T11:37:06.736+0000][9.710s][info ][safepoint     ] Entering safepoint region: Deoptimize
[2024-05-14T11:37:06.737+0000][9.710s][info ][safepoint     ] Leaving safepoint region
[2024-05-14T11:37:06.737+0000][9.710s][info ][safepoint     ] Total time for which application threads were stopped: 0.0007923 seconds, Stopping threads took: 0.0000168 seconds
[2024-05-14T11:37:06.935+0000][9.908s][debug][safepoint     ] Safepoint synchronization initiated. (11 threads)
[2024-05-14T11:37:06.935+0000][9.908s][info ][safepoint     ] Application time: 0.1980490 seconds
[2024-05-14T11:37:06.935+0000][9.908s][info ][safepoint     ] Entering safepoint region: G1CollectForAllocation
[2024-05-14T11:37:06.935+0000][9.909s][info ][gc,start      ] GC(19) Pause Young (Normal) (G1 Evacuation Pause)
[2024-05-14T11:37:06.935+0000][9.909s][info ][gc,task       ] GC(19) Using 4 workers of 4 for evacuation
[2024-05-14T11:37:06.959+0000][9.932s][info ][gc,phases     ] GC(19)   Pre Evacuate Collection Set: 0.0ms
[2024-05-14T11:37:06.959+0000][9.932s][info ][gc,phases     ] GC(19)   Evacuate Collection Set: 18.0ms
[2024-05-14T11:37:06.959+0000][9.932s][info ][gc,phases     ] GC(19)   Post Evacuate Collection Set: 5.6ms
[2024-05-14T11:37:06.959+0000][9.932s][info ][gc,phases     ] GC(19)   Other: 0.2ms
[2024-05-14T11:37:06.959+0000][9.933s][info ][gc,heap       ] GC(19) Eden regions: 127->0(156)
[2024-05-14T11:37:06.959+0000][9.933s][info ][gc,heap       ] GC(19) Survivor regions: 11->9(18)
[2024-05-14T11:37:06.959+0000][9.933s][info ][gc,heap       ] GC(19) Old regions: 20->22
[2024-05-14T11:37:06.959+0000][9.933s][info ][gc,heap       ] GC(19) Humongous regions: 0->0
[2024-05-14T11:37:06.959+0000][9.933s][info ][gc,metaspace  ] GC(19) Metaspace: 34138K(35196K)->34138K(35196K) NonClass: 30007K(30716K)->30007K(30716K) Class: 4130K(4480K)->4130K(4480K)
[2024-05-14T11:37:06.959+0000][9.933s][info ][gc            ] GC(19) Pause Young (Normal) (G1 Evacuation Pause) 155M->28M(276M) 23.941ms
[2024-05-14T11:37:06.959+0000][9.933s][info ][gc,cpu        ] GC(19) User=0.06s Sys=0.03s Real=0.03s
[2024-05-14T11:37:06.959+0000][9.933s][info ][safepoint     ] Leaving safepoint region
[2024-05-14T11:37:06.959+0000][9.933s][info ][safepoint     ] Total time for which application threads were stopped: 0.0242355 seconds, Stopping threads took: 0.0000174 seconds
[2024-05-14T11:37:06.959+0000][9.933s][info ][gc,stringdedup] Concurrent String Deduplication (9.933s)
[2024-05-14T11:37:06.961+0000][9.934s][info ][gc,stringdedup] Concurrent String Deduplication 166.1K->55752.0B(111.7K) avg 40.9% (9.933s, 9.934s) 1.708ms
[2024-05-14T11:37:07.223+0000][10.196s][debug][safepoint     ] Safepoint synchronization initiated. (10 threads)
[2024-05-14T11:37:07.223+0000][10.196s][info ][safepoint     ] Application time: 0.2638083 seconds
[2024-05-14T11:37:07.223+0000][10.196s][info ][safepoint     ] Entering safepoint region: Deoptimize
[2024-05-14T11:37:07.224+0000][10.197s][info ][safepoint     ] Leaving safepoint region
[2024-05-14T11:37:07.224+0000][10.197s][info ][safepoint     ] Total time for which application threads were stopped: 0.0008008 seconds, Stopping threads took: 0.0000184 seconds
[2024-05-14T11:37:07.242+0000][10.216s][debug][safepoint     ] Safepoint synchronization initiated. (11 threads)
[2024-05-14T11:37:07.242+0000][10.216s][info ][safepoint     ] Application time: 0.0182783 seconds
[2024-05-14T11:37:07.242+0000][10.216s][info ][safepoint     ] Entering safepoint region: CollectForMetadataAllocation
[2024-05-14T11:37:07.242+0000][10.216s][info ][gc,start      ] GC(20) Pause Young (Concurrent Start) (Metadata GC Threshold)
[2024-05-14T11:37:07.242+0000][10.216s][info ][gc,task       ] GC(20) Using 4 workers of 4 for evacuation
[2024-05-14T11:37:07.253+0000][10.227s][info ][gc,phases     ] GC(20)   Pre Evacuate Collection Set: 0.1ms
[2024-05-14T11:37:07.253+0000][10.227s][info ][gc,phases     ] GC(20)   Evacuate Collection Set: 9.1ms
[2024-05-14T11:37:07.253+0000][10.227s][info ][gc,phases     ] GC(20)   Post Evacuate Collection Set: 1.9ms
[2024-05-14T11:37:07.253+0000][10.227s][info ][gc,phases     ] GC(20)   Other: 0.2ms
[2024-05-14T11:37:07.253+0000][10.227s][info ][gc,heap       ] GC(20) Eden regions: 49->0(155)
[2024-05-14T11:37:07.253+0000][10.227s][info ][gc,heap       ] GC(20) Survivor regions: 9->10(21)
[2024-05-14T11:37:07.253+0000][10.227s][info ][gc,heap       ] GC(20) Old regions: 22->22
[2024-05-14T11:37:07.253+0000][10.227s][info ][gc,heap       ] GC(20) Humongous regions: 0->0
[2024-05-14T11:37:07.253+0000][10.227s][info ][gc,metaspace  ] GC(20) Metaspace: 34978K(36048K)->34978K(36048K) NonClass: 30736K(31440K)->30736K(31440K) Class: 4242K(4608K)->4242K(4608K)
[2024-05-14T11:37:07.253+0000][10.227s][info ][gc            ] GC(20) Pause Young (Concurrent Start) (Metadata GC Threshold) 77M->29M(276M) 11.428ms
[2024-05-14T11:37:07.253+0000][10.227s][info ][gc,cpu        ] GC(20) User=0.04s Sys=0.00s Real=0.01s
[2024-05-14T11:37:07.254+0000][10.227s][info ][gc            ] GC(21) Concurrent Cycle
[2024-05-14T11:37:07.254+0000][10.227s][info ][gc,marking    ] GC(21) Concurrent Clear Claimed Marks
[2024-05-14T11:37:07.254+0000][10.227s][info ][safepoint     ] Leaving safepoint region
[2024-05-14T11:37:07.254+0000][10.227s][info ][safepoint     ] Total time for which application threads were stopped: 0.0118431 seconds, Stopping threads took: 0.0000157 seconds
[2024-05-14T11:37:07.254+0000][10.227s][info ][gc,marking    ] GC(21) Concurrent Clear Claimed Marks 0.108ms
[2024-05-14T11:37:07.254+0000][10.227s][info ][gc,marking    ] GC(21) Concurrent Scan Root Regions
[2024-05-14T11:37:07.254+0000][10.228s][info ][gc,stringdedup] Concurrent String Deduplication (10.228s)
[2024-05-14T11:37:07.255+0000][10.228s][debug][safepoint     ] Safepoint synchronization initiated. (11 threads)
[2024-05-14T11:37:07.255+0000][10.228s][info ][safepoint     ] Application time: 0.0009152 seconds
[2024-05-14T11:37:07.255+0000][10.228s][info ][safepoint     ] Entering safepoint region: Deoptimize
[2024-05-14T11:37:07.256+0000][10.229s][info ][safepoint     ] Leaving safepoint region
[2024-05-14T11:37:07.256+0000][10.229s][info ][safepoint     ] Total time for which application threads were stopped: 0.0008492 seconds, Stopping threads took: 0.0000170 seconds
[2024-05-14T11:37:07.257+0000][10.231s][info ][gc,stringdedup] Concurrent String Deduplication 301.6K->143.2K(158.4K) avg 41.3% (10.228s, 10.231s) 1.957ms
[2024-05-14T11:37:07.263+0000][10.237s][info ][gc,marking    ] GC(21) Concurrent Scan Root Regions 9.381ms
[2024-05-14T11:37:07.263+0000][10.237s][info ][gc,marking    ] GC(21) Concurrent Mark (10.237s)
[2024-05-14T11:37:07.263+0000][10.237s][info ][gc,marking    ] GC(21) Concurrent Mark From Roots
[2024-05-14T11:37:07.263+0000][10.237s][info ][gc,task       ] GC(21) Using 1 workers of 1 for marking
[2024-05-14T11:37:07.295+0000][10.269s][debug][safepoint     ] Safepoint synchronization initiated. (11 threads)
[2024-05-14T11:37:07.295+0000][10.269s][info ][safepoint     ] Application time: 0.0395769 seconds
[2024-05-14T11:37:07.295+0000][10.269s][info ][safepoint     ] Entering safepoint region: Deoptimize
[2024-05-14T11:37:07.296+0000][10.270s][info ][safepoint     ] Leaving safepoint region
[2024-05-14T11:37:07.296+0000][10.270s][info ][safepoint     ] Total time for which application threads were stopped: 0.0006775 seconds, Stopping threads took: 0.0000189 seconds
[2024-05-14T11:37:07.325+0000][10.298s][info ][gc,marking    ] GC(21) Concurrent Mark From Roots 61.402ms
[2024-05-14T11:37:07.325+0000][10.298s][info ][gc,marking    ] GC(21) Concurrent Preclean
[2024-05-14T11:37:07.325+0000][10.299s][info ][gc,marking    ] GC(21) Concurrent Preclean 0.118ms
[2024-05-14T11:37:07.325+0000][10.299s][info ][gc,marking    ] GC(21) Concurrent Mark (10.237s, 10.299s) 61.622ms
[2024-05-14T11:37:07.325+0000][10.299s][debug][safepoint     ] Safepoint synchronization initiated. (11 threads)
[2024-05-14T11:37:07.325+0000][10.299s][info ][safepoint     ] Application time: 0.0290901 seconds
[2024-05-14T11:37:07.325+0000][10.299s][info ][safepoint     ] Entering safepoint region: CGC_Operation
[2024-05-14T11:37:07.325+0000][10.299s][info ][gc,start      ] GC(21) Pause Remark
[2024-05-14T11:37:07.335+0000][10.309s][info ][gc,stringtable] GC(21) Cleaned string and symbol table, strings: 12373 processed, 31 removed, symbols: 122830 processed, 308 removed
[2024-05-14T11:37:07.336+0000][10.309s][info ][gc            ] GC(21) Pause Remark 34M->34M(276M) 10.505ms
[2024-05-14T11:37:07.336+0000][10.309s][info ][gc,cpu        ] GC(21) User=0.04s Sys=0.00s Real=0.01s
[2024-05-14T11:37:07.336+0000][10.309s][info ][safepoint     ] Leaving safepoint region
[2024-05-14T11:37:07.336+0000][10.309s][info ][safepoint     ] Total time for which application threads were stopped: 0.0107138 seconds, Stopping threads took: 0.0000193 seconds
[2024-05-14T11:37:07.336+0000][10.309s][info ][gc,marking    ] GC(21) Concurrent Rebuild Remembered Sets
[2024-05-14T11:37:07.363+0000][10.337s][debug][safepoint     ] Safepoint synchronization initiated. (11 threads)
[2024-05-14T11:37:07.363+0000][10.337s][info ][safepoint     ] Application time: 0.0275557 seconds
[2024-05-14T11:37:07.363+0000][10.337s][info ][safepoint     ] Entering safepoint region: Deoptimize
[2024-05-14T11:37:07.364+0000][10.338s][info ][safepoint     ] Leaving safepoint region
[2024-05-14T11:37:07.364+0000][10.338s][info ][safepoint     ] Total time for which application threads were stopped: 0.0007363 seconds, Stopping threads took: 0.0000183 seconds
[2024-05-14T11:37:07.366+0000][10.339s][info ][gc,marking    ] GC(21) Concurrent Rebuild Remembered Sets 29.871ms
[2024-05-14T11:37:07.366+0000][10.339s][debug][safepoint     ] Safepoint synchronization initiated. (11 threads)
[2024-05-14T11:37:07.366+0000][10.339s][info ][safepoint     ] Application time: 0.0017626 seconds
[2024-05-14T11:37:07.367+0000][10.341s][debug][safepoint     ] ... found polling page return exception at pc = 0x00007f320c32a47f, stub =0x00007f3204824b00
[2024-05-14T11:37:07.367+0000][10.341s][debug][safepoint     ] Waiting for 1 thread(s) to block
[2024-05-14T11:37:07.367+0000][10.341s][info ][safepoint     ] Entering safepoint region: CGC_Operation
[2024-05-14T11:37:07.367+0000][10.341s][info ][gc,start      ] GC(21) Pause Cleanup
[2024-05-14T11:37:07.368+0000][10.341s][info ][gc            ] GC(21) Pause Cleanup 38M->38M(276M) 0.177ms
[2024-05-14T11:37:07.368+0000][10.341s][info ][gc,cpu        ] GC(21) User=0.00s Sys=0.00s Real=0.00s
[2024-05-14T11:37:07.368+0000][10.341s][info ][safepoint     ] Leaving safepoint region
[2024-05-14T11:37:07.368+0000][10.341s][info ][safepoint     ] Total time for which application threads were stopped: 0.0018277 seconds, Stopping threads took: 0.0014958 seconds
[2024-05-14T11:37:07.368+0000][10.341s][info ][gc,marking    ] GC(21) Concurrent Cleanup for Next Mark
[2024-05-14T11:37:07.372+0000][10.346s][info ][gc,marking    ] GC(21) Concurrent Cleanup for Next Mark 4.180ms
[2024-05-14T11:37:07.372+0000][10.346s][info ][gc            ] GC(21) Concurrent Cycle 118.307ms
[2024-05-14T11:37:07.761+0000][10.734s][debug][safepoint     ] Safepoint synchronization initiated. (10 threads)
[2024-05-14T11:37:07.761+0000][10.734s][info ][safepoint     ] Application time: 0.3929836 seconds
[2024-05-14T11:37:07.761+0000][10.734s][info ][safepoint     ] Entering safepoint region: Deoptimize
[2024-05-14T11:37:07.762+0000][10.735s][info ][safepoint     ] Leaving safepoint region
[2024-05-14T11:37:07.762+0000][10.735s][info ][safepoint     ] Total time for which application threads were stopped: 0.0010139 seconds, Stopping threads took: 0.0000164 seconds
[2024-05-14T11:37:07.804+0000][10.778s][debug][safepoint     ] Safepoint synchronization initiated. (10 threads)
[2024-05-14T11:37:07.804+0000][10.778s][info ][safepoint     ] Application time: 0.0426647 seconds
[2024-05-14T11:37:07.804+0000][10.778s][info ][safepoint     ] Entering safepoint region: Deoptimize
[2024-05-14T11:37:07.805+0000][10.779s][info ][safepoint     ] Leaving safepoint region
[2024-05-14T11:37:07.805+0000][10.779s][info ][safepoint     ] Total time for which application threads were stopped: 0.0005736 seconds, Stopping threads took: 0.0000143 seconds
[2024-05-14T11:37:08.084+0000][11.057s][debug][safepoint     ] Safepoint synchronization initiated. (11 threads)
[2024-05-14T11:37:08.084+0000][11.058s][info ][safepoint     ] Application time: 0.2789095 seconds
[2024-05-14T11:37:08.084+0000][11.058s][info ][safepoint     ] Entering safepoint region: G1CollectForAllocation
[2024-05-14T11:37:08.084+0000][11.058s][info ][gc,start      ] GC(22) Pause Young (Normal) (G1 Evacuation Pause)
[2024-05-14T11:37:08.084+0000][11.058s][info ][gc,task       ] GC(22) Using 4 workers of 4 for evacuation
[2024-05-14T11:37:08.094+0000][11.068s][info ][gc,phases     ] GC(22)   Pre Evacuate Collection Set: 0.0ms
[2024-05-14T11:37:08.094+0000][11.068s][info ][gc,phases     ] GC(22)   Evacuate Collection Set: 8.1ms
[2024-05-14T11:37:08.094+0000][11.068s][info ][gc,phases     ] GC(22)   Post Evacuate Collection Set: 1.9ms
[2024-05-14T11:37:08.094+0000][11.068s][info ][gc,phases     ] GC(22)   Other: 0.1ms
[2024-05-14T11:37:08.094+0000][11.068s][info ][gc,heap       ] GC(22) Eden regions: 155->0(155)
[2024-05-14T11:37:08.094+0000][11.068s][info ][gc,heap       ] GC(22) Survivor regions: 10->10(21)
[2024-05-14T11:37:08.094+0000][11.068s][info ][gc,heap       ] GC(22) Old regions: 22->22
[2024-05-14T11:37:08.094+0000][11.068s][info ][gc,heap       ] GC(22) Humongous regions: 0->0
[2024-05-14T11:37:08.094+0000][11.068s][info ][gc,metaspace  ] GC(22) Metaspace: 37497K(38812K)->37497K(38812K) NonClass: 32842K(33744K)->32842K(33744K) Class: 4654K(5068K)->4654K(5068K)
[2024-05-14T11:37:08.094+0000][11.068s][info ][gc            ] GC(22) Pause Young (Normal) (G1 Evacuation Pause) 184M->29M(276M) 10.419ms
[2024-05-14T11:37:08.094+0000][11.068s][info ][gc,cpu        ] GC(22) User=0.04s Sys=0.00s Real=0.01s
[2024-05-14T11:37:08.094+0000][11.068s][info ][safepoint     ] Leaving safepoint region
[2024-05-14T11:37:08.095+0000][11.068s][info ][safepoint     ] Total time for which application threads were stopped: 0.0106757 seconds, Stopping threads took: 0.0000165 seconds
[2024-05-14T11:37:08.095+0000][11.068s][info ][gc,stringdedup] Concurrent String Deduplication (11.068s)
[2024-05-14T11:37:08.095+0000][11.069s][info ][gc,stringdedup] Concurrent String Deduplication 177.8K->81800.0B(100280.0B) avg 41.6% (11.068s, 11.069s) 0.568ms
[2024-05-14T11:37:08.865+0000][11.839s][debug][safepoint     ] Safepoint synchronization initiated. (11 threads)
[2024-05-14T11:37:08.865+0000][11.839s][info ][safepoint     ] Application time: 0.7706589 seconds
[2024-05-14T11:37:08.865+0000][11.839s][info ][safepoint     ] Entering safepoint region: G1CollectForAllocation
[2024-05-14T11:37:08.865+0000][11.839s][info ][gc,start      ] GC(23) Pause Young (Normal) (G1 Evacuation Pause)
[2024-05-14T11:37:08.865+0000][11.839s][info ][gc,task       ] GC(23) Using 4 workers of 4 for evacuation
[2024-05-14T11:37:08.883+0000][11.857s][info ][gc,phases     ] GC(23)   Pre Evacuate Collection Set: 0.0ms
[2024-05-14T11:37:08.883+0000][11.857s][info ][gc,phases     ] GC(23)   Evacuate Collection Set: 15.8ms
[2024-05-14T11:37:08.884+0000][11.857s][info ][gc,phases     ] GC(23)   Post Evacuate Collection Set: 2.0ms
[2024-05-14T11:37:08.884+0000][11.857s][info ][gc,phases     ] GC(23)   Other: 0.2ms
[2024-05-14T11:37:08.884+0000][11.857s][info ][gc,heap       ] GC(23) Eden regions: 155->0(156)
[2024-05-14T11:37:08.884+0000][11.857s][info ][gc,heap       ] GC(23) Survivor regions: 10->9(21)
[2024-05-14T11:37:08.884+0000][11.857s][info ][gc,heap       ] GC(23) Old regions: 22->24
[2024-05-14T11:37:08.884+0000][11.857s][info ][gc,heap       ] GC(23) Humongous regions: 0->0
[2024-05-14T11:37:08.884+0000][11.857s][info ][gc,metaspace  ] GC(23) Metaspace: 39900K(41116K)->39900K(41116K) NonClass: 35008K(35792K)->35008K(35792K) Class: 4891K(5324K)->4891K(5324K)
[2024-05-14T11:37:08.884+0000][11.857s][info ][gc            ] GC(23) Pause Young (Normal) (G1 Evacuation Pause) 184M->31M(276M) 18.167ms
[2024-05-14T11:37:08.884+0000][11.857s][info ][gc,cpu        ] GC(23) User=0.06s Sys=0.01s Real=0.02s
[2024-05-14T11:37:08.884+0000][11.857s][info ][safepoint     ] Leaving safepoint region
[2024-05-14T11:37:08.884+0000][11.857s][info ][safepoint     ] Total time for which application threads were stopped: 0.0184867 seconds, Stopping threads took: 0.0000192 seconds
[2024-05-14T11:37:08.884+0000][11.857s][info ][gc,stringdedup] Concurrent String Deduplication (11.857s)
[2024-05-14T11:37:08.884+0000][11.858s][info ][gc,stringdedup] Concurrent String Deduplication 44392.0B->17064.0B(27328.0B) avg 41.7% (11.857s, 11.858s) 0.294ms
[2024-05-14T11:37:09.837+0000][12.811s][debug][safepoint     ] Safepoint synchronization initiated. (11 threads)
[2024-05-14T11:37:09.837+0000][12.811s][info ][safepoint     ] Application time: 0.9532689 seconds
[2024-05-14T11:37:09.837+0000][12.811s][info ][safepoint     ] Entering safepoint region: G1CollectForAllocation
[2024-05-14T11:37:09.837+0000][12.811s][info ][gc,start      ] GC(24) Pause Young (Normal) (G1 Evacuation Pause)
[2024-05-14T11:37:09.837+0000][12.811s][info ][gc,task       ] GC(24) Using 4 workers of 4 for evacuation
[2024-05-14T11:37:09.847+0000][12.821s][info ][gc,phases     ] GC(24)   Pre Evacuate Collection Set: 0.0ms
[2024-05-14T11:37:09.847+0000][12.821s][info ][gc,phases     ] GC(24)   Evacuate Collection Set: 7.9ms
[2024-05-14T11:37:09.847+0000][12.821s][info ][gc,phases     ] GC(24)   Post Evacuate Collection Set: 1.6ms
[2024-05-14T11:37:09.847+0000][12.821s][info ][gc,phases     ] GC(24)   Other: 0.2ms
[2024-05-14T11:37:09.847+0000][12.821s][info ][gc,heap       ] GC(24) Eden regions: 156->0(155)
[2024-05-14T11:37:09.847+0000][12.821s][info ][gc,heap       ] GC(24) Survivor regions: 9->10(21)
[2024-05-14T11:37:09.847+0000][12.821s][info ][gc,heap       ] GC(24) Old regions: 24->25
[2024-05-14T11:37:09.847+0000][12.821s][info ][gc,heap       ] GC(24) Humongous regions: 0->0
[2024-05-14T11:37:09.847+0000][12.821s][info ][gc,metaspace  ] GC(24) Metaspace: 41855K(43164K)->41855K(43164K) NonClass: 36666K(37584K)->36666K(37584K) Class: 5188K(5580K)->5188K(5580K)
[2024-05-14T11:37:09.847+0000][12.821s][info ][gc            ] GC(24) Pause Young (Normal) (G1 Evacuation Pause) 187M->33M(276M) 9.899ms
[2024-05-14T11:37:09.847+0000][12.821s][info ][gc,cpu        ] GC(24) User=0.04s Sys=0.00s Real=0.01s
[2024-05-14T11:37:09.847+0000][12.821s][info ][safepoint     ] Leaving safepoint region
[2024-05-14T11:37:09.847+0000][12.821s][info ][safepoint     ] Total time for which application threads were stopped: 0.0102632 seconds, Stopping threads took: 0.0000364 seconds
[2024-05-14T11:37:09.847+0000][12.821s][info ][gc,stringdedup] Concurrent String Deduplication (12.821s)
[2024-05-14T11:37:09.848+0000][12.822s][info ][gc,stringdedup] Concurrent String Deduplication 104.6K->34256.0B(72856.0B) avg 42.0% (12.821s, 12.822s) 0.571ms
[2024-05-14T11:37:09.986+0000][12.959s][debug][safepoint     ] Safepoint synchronization initiated. (11 threads)
[2024-05-14T11:37:09.986+0000][12.959s][info ][safepoint     ] Application time: 0.1383783 seconds
[2024-05-14T11:37:09.986+0000][12.959s][info ][safepoint     ] Entering safepoint region: Deoptimize
[2024-05-14T11:37:09.987+0000][12.961s][info ][safepoint     ] Leaving safepoint region
[2024-05-14T11:37:09.987+0000][12.961s][info ][safepoint     ] Total time for which application threads were stopped: 0.0012570 seconds, Stopping threads took: 0.0000186 seconds
[2024-05-14T11:37:10.017+0000][12.991s][debug][safepoint     ] Safepoint synchronization initiated. (11 threads)
[2024-05-14T11:37:10.017+0000][12.991s][info ][safepoint     ] Application time: 0.0298863 seconds
[2024-05-14T11:37:10.017+0000][12.991s][debug][safepoint     ] Waiting for 1 thread(s) to block
[2024-05-14T11:37:10.017+0000][12.991s][info ][safepoint     ] Entering safepoint region: Deoptimize
[2024-05-14T11:37:10.018+0000][12.991s][info ][safepoint     ] Leaving safepoint region
[2024-05-14T11:37:10.018+0000][12.991s][info ][safepoint     ] Total time for which application threads were stopped: 0.0008805 seconds, Stopping threads took: 0.0000550 seconds
[2024-05-14T11:37:10.056+0000][13.029s][debug][safepoint     ] Safepoint synchronization initiated. (11 threads)
[2024-05-14T11:37:10.056+0000][13.029s][info ][safepoint     ] Application time: 0.0379821 seconds
[2024-05-14T11:37:10.056+0000][13.029s][debug][safepoint     ] Waiting for 1 thread(s) to block
[2024-05-14T11:37:10.056+0000][13.029s][info ][safepoint     ] Entering safepoint region: Deoptimize
[2024-05-14T11:37:10.057+0000][13.030s][info ][safepoint     ] Leaving safepoint region
[2024-05-14T11:37:10.057+0000][13.030s][info ][safepoint     ] Total time for which application threads were stopped: 0.0009187 seconds, Stopping threads took: 0.0000494 seconds
[2024-05-14T11:37:10.431+0000][13.405s][debug][safepoint     ] Safepoint synchronization initiated. (11 threads)
[2024-05-14T11:37:10.431+0000][13.405s][info ][safepoint     ] Application time: 0.3747611 seconds
[2024-05-14T11:37:10.432+0000][13.405s][info ][safepoint     ] Entering safepoint region: Deoptimize
[2024-05-14T11:37:10.432+0000][13.406s][info ][safepoint     ] Leaving safepoint region
[2024-05-14T11:37:10.433+0000][13.406s][info ][safepoint     ] Total time for which application threads were stopped: 0.0010044 seconds, Stopping threads took: 0.0000229 seconds
[2024-05-14T11:37:10.434+0000][13.408s][debug][safepoint     ] Safepoint synchronization initiated. (11 threads)
[2024-05-14T11:37:10.434+0000][13.408s][info ][safepoint     ] Application time: 0.0016409 seconds
[2024-05-14T11:37:10.434+0000][13.408s][info ][safepoint     ] Entering safepoint region: Deoptimize
[2024-05-14T11:37:10.434+0000][13.408s][info ][safepoint     ] Leaving safepoint region
[2024-05-14T11:37:10.434+0000][13.408s][info ][safepoint     ] Total time for which application threads were stopped: 0.0002608 seconds, Stopping threads took: 0.0000138 seconds
[2024-05-14T11:37:10.544+0000][13.518s][debug][safepoint     ] Safepoint synchronization initiated. (11 threads)
[2024-05-14T11:37:10.544+0000][13.518s][info ][safepoint     ] Application time: 0.1094023 seconds
[2024-05-14T11:37:10.544+0000][13.518s][info ][safepoint     ] Entering safepoint region: Deoptimize
[2024-05-14T11:37:10.545+0000][13.519s][info ][safepoint     ] Leaving safepoint region
[2024-05-14T11:37:10.545+0000][13.519s][info ][safepoint     ] Total time for which application threads were stopped: 0.0009428 seconds, Stopping threads took: 0.0000176 seconds
[2024-05-14T11:37:11.037+0000][14.011s][debug][safepoint     ] Safepoint synchronization initiated. (12 threads)
[2024-05-14T11:37:11.037+0000][14.011s][info ][safepoint     ] Application time: 0.4920775 seconds
[2024-05-14T11:37:11.037+0000][14.011s][info ][safepoint     ] Entering safepoint region: Deoptimize
[2024-05-14T11:37:11.038+0000][14.012s][info ][safepoint     ] Leaving safepoint region
[2024-05-14T11:37:11.038+0000][14.012s][info ][safepoint     ] Total time for which application threads were stopped: 0.0011826 seconds, Stopping threads took: 0.0000186 seconds
[2024-05-14T11:37:11.039+0000][14.013s][debug][safepoint     ] Safepoint synchronization initiated. (12 threads)
[2024-05-14T11:37:11.039+0000][14.013s][info ][safepoint     ] Application time: 0.0008769 seconds
[2024-05-14T11:37:11.039+0000][14.013s][debug][safepoint     ] Waiting for 1 thread(s) to block
[2024-05-14T11:37:11.039+0000][14.013s][info ][safepoint     ] Entering safepoint region: Deoptimize
[2024-05-14T11:37:11.039+0000][14.013s][info ][safepoint     ] Leaving safepoint region
[2024-05-14T11:37:11.039+0000][14.013s][info ][safepoint     ] Total time for which application threads were stopped: 0.0002968 seconds, Stopping threads took: 0.0000451 seconds
[2024-05-14T11:37:11.063+0000][14.037s][debug][safepoint     ] Safepoint synchronization initiated. (12 threads)
[2024-05-14T11:37:11.063+0000][14.037s][info ][safepoint     ] Application time: 0.0235039 seconds
[2024-05-14T11:37:11.063+0000][14.037s][debug][safepoint     ] Waiting for 1 thread(s) to block
[2024-05-14T11:37:11.063+0000][14.037s][info ][safepoint     ] Entering safepoint region: G1CollectForAllocation
[2024-05-14T11:37:11.063+0000][14.037s][info ][gc,start      ] GC(25) Pause Young (Normal) (G1 Evacuation Pause)
[2024-05-14T11:37:11.063+0000][14.037s][info ][gc,task       ] GC(25) Using 4 workers of 4 for evacuation
[2024-05-14T11:37:11.082+0000][14.056s][info ][gc,phases     ] GC(25)   Pre Evacuate Collection Set: 0.0ms
[2024-05-14T11:37:11.082+0000][14.056s][info ][gc,phases     ] GC(25)   Evacuate Collection Set: 14.3ms
[2024-05-14T11:37:11.082+0000][14.056s][info ][gc,phases     ] GC(25)   Post Evacuate Collection Set: 4.4ms
[2024-05-14T11:37:11.082+0000][14.056s][info ][gc,phases     ] GC(25)   Other: 0.2ms
[2024-05-14T11:37:11.082+0000][14.056s][info ][gc,heap       ] GC(25) Eden regions: 155->0(153)
[2024-05-14T11:37:11.082+0000][14.056s][info ][gc,heap       ] GC(25) Survivor regions: 10->12(21)
[2024-05-14T11:37:11.082+0000][14.056s][info ][gc,heap       ] GC(25) Old regions: 25->26
[2024-05-14T11:37:11.082+0000][14.056s][info ][gc,heap       ] GC(25) Humongous regions: 0->0
[2024-05-14T11:37:11.082+0000][14.056s][info ][gc,metaspace  ] GC(25) Metaspace: 46888K(48284K)->46888K(48284K) NonClass: 41066K(41936K)->41066K(41936K) Class: 5822K(6348K)->5822K(6348K)
[2024-05-14T11:37:11.082+0000][14.056s][info ][gc            ] GC(25) Pause Young (Normal) (G1 Evacuation Pause) 188M->35M(276M) 19.200ms
[2024-05-14T11:37:11.082+0000][14.056s][info ][gc,cpu        ] GC(25) User=0.05s Sys=0.00s Real=0.02s
[2024-05-14T11:37:11.082+0000][14.056s][info ][safepoint     ] Leaving safepoint region
[2024-05-14T11:37:11.082+0000][14.056s][info ][safepoint     ] Total time for which application threads were stopped: 0.0194364 seconds, Stopping threads took: 0.0000445 seconds
[2024-05-14T11:37:11.083+0000][14.057s][info ][gc,stringdedup] Concurrent String Deduplication (14.057s)
[2024-05-14T11:37:11.084+0000][14.058s][info ][gc,stringdedup] Concurrent String Deduplication 283.0K->68152.0B(216.4K) avg 43.1% (14.057s, 14.058s) 1.328ms
[2024-05-14T11:37:11.291+0000][14.265s][debug][safepoint     ] Safepoint synchronization initiated. (12 threads)
[2024-05-14T11:37:11.291+0000][14.265s][info ][safepoint     ] Application time: 0.2089485 seconds
[2024-05-14T11:37:11.291+0000][14.265s][info ][safepoint     ] Entering safepoint region: Deoptimize
[2024-05-14T11:37:11.292+0000][14.266s][info ][safepoint     ] Leaving safepoint region
[2024-05-14T11:37:11.292+0000][14.266s][info ][safepoint     ] Total time for which application threads were stopped: 0.0010045 seconds, Stopping threads took: 0.0000175 seconds
[2024-05-14T11:37:11.468+0000][14.441s][debug][safepoint     ] Safepoint synchronization initiated. (12 threads)
[2024-05-14T11:37:11.468+0000][14.442s][info ][safepoint     ] Application time: 0.1755559 seconds
[2024-05-14T11:37:11.468+0000][14.442s][info ][safepoint     ] Entering safepoint region: Deoptimize
[2024-05-14T11:37:11.469+0000][14.443s][info ][safepoint     ] Leaving safepoint region
[2024-05-14T11:37:11.469+0000][14.443s][info ][safepoint     ] Total time for which application threads were stopped: 0.0010072 seconds, Stopping threads took: 0.0000186 seconds
[2024-05-14T11:37:11.932+0000][14.905s][debug][safepoint     ] Safepoint synchronization initiated. (12 threads)
[2024-05-14T11:37:11.932+0000][14.905s][info ][safepoint     ] Application time: 0.4629039 seconds
[2024-05-14T11:37:11.932+0000][14.905s][info ][safepoint     ] Entering safepoint region: Deoptimize
[2024-05-14T11:37:11.933+0000][14.907s][info ][safepoint     ] Leaving safepoint region
[2024-05-14T11:37:11.933+0000][14.907s][info ][safepoint     ] Total time for which application threads were stopped: 0.0013605 seconds, Stopping threads took: 0.0000175 seconds
[2024-05-14T11:37:12.933+0000][15.907s][debug][safepoint     ] Safepoint synchronization initiated. (14 threads)
[2024-05-14T11:37:12.933+0000][15.907s][info ][safepoint     ] Application time: 1.0003401 seconds
[2024-05-14T11:37:12.934+0000][15.907s][info ][safepoint     ] Entering safepoint region: Cleanup
[2024-05-14T11:37:12.934+0000][15.908s][info ][safepoint     ] Leaving safepoint region
[2024-05-14T11:37:12.934+0000][15.908s][info ][safepoint     ] Total time for which application threads were stopped: 0.0003949 seconds, Stopping threads took: 0.0000709 seconds
[2024-05-14T11:37:13.043+0000][16.017s][debug][safepoint     ] Safepoint synchronization initiated. (13 threads)
[2024-05-14T11:37:13.043+0000][16.017s][info ][safepoint     ] Application time: 0.1088958 seconds
[2024-05-14T11:37:13.043+0000][16.017s][info ][safepoint     ] Entering safepoint region: Deoptimize
[2024-05-14T11:37:13.044+0000][16.018s][info ][safepoint     ] Leaving safepoint region
[2024-05-14T11:37:13.044+0000][16.018s][info ][safepoint     ] Total time for which application threads were stopped: 0.0011323 seconds, Stopping threads took: 0.0000182 seconds
[2024-05-14T11:37:13.128+0000][16.102s][debug][safepoint     ] Safepoint synchronization initiated. (14 threads)
[2024-05-14T11:37:13.128+0000][16.102s][info ][safepoint     ] Application time: 0.0839251 seconds
[2024-05-14T11:37:13.128+0000][16.102s][info ][safepoint     ] Entering safepoint region: Deoptimize
[2024-05-14T11:37:13.129+0000][16.103s][info ][safepoint     ] Leaving safepoint region
[2024-05-14T11:37:13.129+0000][16.103s][info ][safepoint     ] Total time for which application threads were stopped: 0.0009161 seconds, Stopping threads took: 0.0000188 seconds
[2024-05-14T11:37:13.254+0000][16.228s][debug][safepoint     ] Safepoint synchronization initiated. (14 threads)
[2024-05-14T11:37:13.254+0000][16.228s][info ][safepoint     ] Application time: 0.1256293 seconds
[2024-05-14T11:37:13.255+0000][16.228s][info ][safepoint     ] Entering safepoint region: G1CollectForAllocation
[2024-05-14T11:37:13.255+0000][16.228s][info ][gc,start      ] GC(26) Pause Young (Normal) (G1 Evacuation Pause)
[2024-05-14T11:37:13.255+0000][16.228s][info ][gc,task       ] GC(26) Using 4 workers of 4 for evacuation
[2024-05-14T11:37:13.274+0000][16.248s][info ][gc,phases     ] GC(26)   Pre Evacuate Collection Set: 0.0ms
[2024-05-14T11:37:13.274+0000][16.248s][info ][gc,phases     ] GC(26)   Evacuate Collection Set: 13.2ms
[2024-05-14T11:37:13.274+0000][16.248s][info ][gc,phases     ] GC(26)   Post Evacuate Collection Set: 6.1ms
[2024-05-14T11:37:13.274+0000][16.248s][info ][gc,phases     ] GC(26)   Other: 0.2ms
[2024-05-14T11:37:13.274+0000][16.248s][info ][gc,heap       ] GC(26) Eden regions: 153->0(185)
[2024-05-14T11:37:13.274+0000][16.248s][info ][gc,heap       ] GC(26) Survivor regions: 12->14(21)
[2024-05-14T11:37:13.274+0000][16.248s][info ][gc,heap       ] GC(26) Old regions: 26->27
[2024-05-14T11:37:13.274+0000][16.248s][info ][gc,heap       ] GC(26) Humongous regions: 0->0
[2024-05-14T11:37:13.274+0000][16.248s][info ][gc,metaspace  ] GC(26) Metaspace: 52931K(54428K)->52931K(54428K) NonClass: 46375K(47312K)->46375K(47312K) Class: 6555K(7116K)->6555K(7116K)
[2024-05-14T11:37:13.274+0000][16.248s][info ][gc            ] GC(26) Pause Young (Normal) (G1 Evacuation Pause) 188M->38M(332M) 19.722ms
[2024-05-14T11:37:13.274+0000][16.248s][info ][gc,cpu        ] GC(26) User=0.06s Sys=0.01s Real=0.02s
[2024-05-14T11:37:13.274+0000][16.248s][info ][safepoint     ] Leaving safepoint region
[2024-05-14T11:37:13.274+0000][16.248s][info ][safepoint     ] Total time for which application threads were stopped: 0.0199749 seconds, Stopping threads took: 0.0000190 seconds
[2024-05-14T11:37:13.275+0000][16.249s][info ][gc,stringdedup] Concurrent String Deduplication (16.249s)
[2024-05-14T11:37:13.277+0000][16.251s][info ][gc,stringdedup] Concurrent String Deduplication 160.2K->78824.0B(85200.0B) avg 43.2% (16.249s, 16.251s) 2.566ms
[2024-05-14T11:37:13.630+0000][16.604s][debug][safepoint     ] Safepoint synchronization initiated. (14 threads)
[2024-05-14T11:37:13.630+0000][16.604s][info ][safepoint     ] Application time: 0.3559101 seconds
[2024-05-14T11:37:13.630+0000][16.604s][info ][safepoint     ] Entering safepoint region: ICBufferFull
[2024-05-14T11:37:13.631+0000][16.604s][info ][safepoint     ] Leaving safepoint region
[2024-05-14T11:37:13.631+0000][16.604s][info ][safepoint     ] Total time for which application threads were stopped: 0.0002099 seconds, Stopping threads took: 0.0000182 seconds
[2024-05-14T11:37:14.316+0000][17.290s][debug][safepoint     ] Safepoint synchronization initiated. (13 threads)
[2024-05-14T11:37:14.316+0000][17.290s][info ][safepoint     ] Application time: 0.6855830 seconds
[2024-05-14T11:37:14.316+0000][17.290s][info ][safepoint     ] Entering safepoint region: G1CollectForAllocation
[2024-05-14T11:37:14.316+0000][17.290s][info ][gc,start      ] GC(27) Pause Young (Normal) (G1 Evacuation Pause)
[2024-05-14T11:37:14.317+0000][17.290s][info ][gc,task       ] GC(27) Using 4 workers of 4 for evacuation
[2024-05-14T11:37:14.331+0000][17.305s][info ][gc,phases     ] GC(27)   Pre Evacuate Collection Set: 0.0ms
[2024-05-14T11:37:14.331+0000][17.305s][info ][gc,phases     ] GC(27)   Evacuate Collection Set: 12.2ms
[2024-05-14T11:37:14.331+0000][17.305s][info ][gc,phases     ] GC(27)   Post Evacuate Collection Set: 2.3ms
[2024-05-14T11:37:14.331+0000][17.305s][info ][gc,phases     ] GC(27)   Other: 0.4ms
[2024-05-14T11:37:14.331+0000][17.305s][info ][gc,heap       ] GC(27) Eden regions: 185->0(184)
[2024-05-14T11:37:14.331+0000][17.305s][info ][gc,heap       ] GC(27) Survivor regions: 14->15(25)
[2024-05-14T11:37:14.331+0000][17.305s][info ][gc,heap       ] GC(27) Old regions: 27->27
[2024-05-14T11:37:14.331+0000][17.305s][info ][gc,heap       ] GC(27) Humongous regions: 0->0
[2024-05-14T11:37:14.331+0000][17.305s][info ][gc,metaspace  ] GC(27) Metaspace: 56225K(57756K)->56225K(57756K) NonClass: 49265K(50128K)->49265K(50128K) Class: 6959K(7628K)->6959K(7628K)
[2024-05-14T11:37:14.331+0000][17.305s][info ][gc            ] GC(27) Pause Young (Normal) (G1 Evacuation Pause) 223M->40M(332M) 15.025ms
[2024-05-14T11:37:14.332+0000][17.305s][info ][gc,cpu        ] GC(27) User=0.06s Sys=0.00s Real=0.02s
[2024-05-14T11:37:14.332+0000][17.305s][info ][safepoint     ] Leaving safepoint region
[2024-05-14T11:37:14.332+0000][17.305s][info ][safepoint     ] Total time for which application threads were stopped: 0.0153175 seconds, Stopping threads took: 0.0000190 seconds
[2024-05-14T11:37:14.332+0000][17.305s][info ][gc,stringdedup] Concurrent String Deduplication (17.305s)
[2024-05-14T11:37:14.334+0000][17.307s][info ][gc,stringdedup] Concurrent String Deduplication 173.2K->68928.0B(105.9K) avg 43.6% (17.305s, 17.307s) 1.838ms
[2024-05-14T11:37:15.012+0000][17.985s][debug][safepoint     ] Safepoint synchronization initiated. (14 threads)
[2024-05-14T11:37:15.012+0000][17.985s][info ][safepoint     ] Application time: 0.6800410 seconds
[2024-05-14T11:37:15.012+0000][17.985s][info ][safepoint     ] Entering safepoint region: CollectForMetadataAllocation
[2024-05-14T11:37:15.012+0000][17.986s][info ][gc,start      ] GC(28) Pause Young (Concurrent Start) (Metadata GC Threshold)
[2024-05-14T11:37:15.012+0000][17.986s][info ][gc,task       ] GC(28) Using 4 workers of 4 for evacuation
[2024-05-14T11:37:15.036+0000][18.010s][info ][gc,phases     ] GC(28)   Pre Evacuate Collection Set: 0.2ms
[2024-05-14T11:37:15.037+0000][18.010s][info ][gc,phases     ] GC(28)   Evacuate Collection Set: 21.5ms
[2024-05-14T11:37:15.037+0000][18.010s][info ][gc,phases     ] GC(28)   Post Evacuate Collection Set: 2.7ms
[2024-05-14T11:37:15.037+0000][18.010s][info ][gc,phases     ] GC(28)   Other: 0.3ms
[2024-05-14T11:37:15.037+0000][18.010s][info ][gc,heap       ] GC(28) Eden regions: 145->0(185)
[2024-05-14T11:37:15.037+0000][18.010s][info ][gc,heap       ] GC(28) Survivor regions: 15->14(25)
[2024-05-14T11:37:15.037+0000][18.010s][info ][gc,heap       ] GC(28) Old regions: 27->28
[2024-05-14T11:37:15.037+0000][18.010s][info ][gc,heap       ] GC(28) Humongous regions: 0->0
[2024-05-14T11:37:15.037+0000][18.010s][info ][gc,metaspace  ] GC(28) Metaspace: 59119K(60572K)->59119K(60572K) NonClass: 51613K(52432K)->51613K(52432K) Class: 7505K(8140K)->7505K(8140K)
[2024-05-14T11:37:15.037+0000][18.010s][info ][gc            ] GC(28) Pause Young (Concurrent Start) (Metadata GC Threshold) 184M->40M(332M) 24.879ms
[2024-05-14T11:37:15.037+0000][18.010s][info ][gc,cpu        ] GC(28) User=0.08s Sys=0.00s Real=0.02s
[2024-05-14T11:37:15.037+0000][18.011s][info ][gc            ] GC(29) Concurrent Cycle
[2024-05-14T11:37:15.037+0000][18.011s][info ][safepoint     ] Leaving safepoint region
[2024-05-14T11:37:15.037+0000][18.011s][info ][safepoint     ] Total time for which application threads were stopped: 0.0252441 seconds, Stopping threads took: 0.0000174 seconds
[2024-05-14T11:37:15.037+0000][18.011s][info ][gc,marking    ] GC(29) Concurrent Clear Claimed Marks
[2024-05-14T11:37:15.037+0000][18.011s][info ][gc,marking    ] GC(29) Concurrent Clear Claimed Marks 0.164ms
[2024-05-14T11:37:15.037+0000][18.011s][info ][gc,marking    ] GC(29) Concurrent Scan Root Regions
[2024-05-14T11:37:15.037+0000][18.011s][info ][gc,stringdedup] Concurrent String Deduplication (18.011s)
[2024-05-14T11:37:15.040+0000][18.013s][info ][gc,stringdedup] Concurrent String Deduplication 277.8K->135.4K(142.4K) avg 43.8% (18.011s, 18.013s) 2.605ms
[2024-05-14T11:37:15.055+0000][18.029s][info ][gc,marking    ] GC(29) Concurrent Scan Root Regions 17.979ms
[2024-05-14T11:37:15.055+0000][18.029s][info ][gc,marking    ] GC(29) Concurrent Mark (18.029s)
[2024-05-14T11:37:15.055+0000][18.029s][info ][gc,marking    ] GC(29) Concurrent Mark From Roots
[2024-05-14T11:37:15.055+0000][18.029s][info ][gc,task       ] GC(29) Using 1 workers of 1 for marking
[2024-05-14T11:37:15.106+0000][18.080s][debug][safepoint     ] Safepoint synchronization initiated. (14 threads)
[2024-05-14T11:37:15.106+0000][18.080s][info ][safepoint     ] Application time: 0.0693565 seconds
[2024-05-14T11:37:15.106+0000][18.080s][info ][safepoint     ] Entering safepoint region: CollectForMetadataAllocation
[2024-05-14T11:37:15.106+0000][18.080s][info ][safepoint     ] Leaving safepoint region
[2024-05-14T11:37:15.106+0000][18.080s][info ][safepoint     ] Total time for which application threads were stopped: 0.0001968 seconds, Stopping threads took: 0.0000195 seconds
[2024-05-14T11:37:15.110+0000][18.084s][info ][gc,marking    ] GC(29) Concurrent Mark From Roots 55.329ms
[2024-05-14T11:37:15.110+0000][18.084s][info ][gc,marking    ] GC(29) Concurrent Preclean
[2024-05-14T11:37:15.111+0000][18.084s][info ][gc,marking    ] GC(29) Concurrent Preclean 0.119ms
[2024-05-14T11:37:15.111+0000][18.084s][info ][gc,marking    ] GC(29) Concurrent Mark (18.029s, 18.084s) 55.510ms
[2024-05-14T11:37:15.111+0000][18.084s][debug][safepoint     ] Safepoint synchronization initiated. (14 threads)
[2024-05-14T11:37:15.111+0000][18.084s][info ][safepoint     ] Application time: 0.0042740 seconds
[2024-05-14T11:37:15.111+0000][18.084s][info ][safepoint     ] Entering safepoint region: CGC_Operation
[2024-05-14T11:37:15.111+0000][18.085s][info ][gc,start      ] GC(29) Pause Remark
[2024-05-14T11:37:15.122+0000][18.096s][info ][gc,stringtable] GC(29) Cleaned string and symbol table, strings: 23652 processed, 0 removed, symbols: 194736 processed, 198 removed
[2024-05-14T11:37:15.123+0000][18.096s][info ][gc            ] GC(29) Pause Remark 47M->47M(332M) 11.842ms
[2024-05-14T11:37:15.123+0000][18.096s][info ][gc,cpu        ] GC(29) User=0.05s Sys=0.00s Real=0.01s
[2024-05-14T11:37:15.123+0000][18.096s][info ][safepoint     ] Leaving safepoint region
[2024-05-14T11:37:15.123+0000][18.096s][info ][safepoint     ] Total time for which application threads were stopped: 0.0120357 seconds, Stopping threads took: 0.0000164 seconds
[2024-05-14T11:37:15.123+0000][18.097s][info ][gc,marking    ] GC(29) Concurrent Rebuild Remembered Sets
[2024-05-14T11:37:15.153+0000][18.127s][info ][gc,marking    ] GC(29) Concurrent Rebuild Remembered Sets 30.425ms
[2024-05-14T11:37:15.153+0000][18.127s][debug][safepoint     ] Safepoint synchronization initiated. (14 threads)
[2024-05-14T11:37:15.153+0000][18.127s][info ][safepoint     ] Application time: 0.0306049 seconds
[2024-05-14T11:37:15.153+0000][18.127s][info ][safepoint     ] Entering safepoint region: CGC_Operation
[2024-05-14T11:37:15.154+0000][18.127s][info ][gc,start      ] GC(29) Pause Cleanup
[2024-05-14T11:37:15.154+0000][18.127s][info ][gc            ] GC(29) Pause Cleanup 49M->49M(332M) 0.210ms
[2024-05-14T11:37:15.154+0000][18.127s][info ][gc,cpu        ] GC(29) User=0.01s Sys=0.00s Real=0.00s
[2024-05-14T11:37:15.154+0000][18.128s][info ][safepoint     ] Leaving safepoint region
[2024-05-14T11:37:15.154+0000][18.128s][info ][safepoint     ] Total time for which application threads were stopped: 0.0003937 seconds, Stopping threads took: 0.0000221 seconds
[2024-05-14T11:37:15.154+0000][18.128s][info ][gc,marking    ] GC(29) Concurrent Cleanup for Next Mark
[2024-05-14T11:37:15.155+0000][18.129s][info ][gc,marking    ] GC(29) Concurrent Cleanup for Next Mark 1.336ms
[2024-05-14T11:37:15.155+0000][18.129s][info ][gc            ] GC(29) Concurrent Cycle 118.426ms
[2024-05-14T11:37:16.067+0000][19.041s][debug][safepoint     ] Safepoint synchronization initiated. (17 threads)
[2024-05-14T11:37:16.067+0000][19.041s][info ][safepoint     ] Application time: 0.9134457 seconds
[2024-05-14T11:37:16.067+0000][19.041s][info ][safepoint     ] Entering safepoint region: ICBufferFull
[2024-05-14T11:37:16.068+0000][19.041s][info ][safepoint     ] Leaving safepoint region
[2024-05-14T11:37:16.068+0000][19.041s][info ][safepoint     ] Total time for which application threads were stopped: 0.0002723 seconds, Stopping threads took: 0.0000389 seconds
[2024-05-14T11:37:16.301+0000][19.274s][debug][safepoint     ] Safepoint synchronization initiated. (17 threads)
[2024-05-14T11:37:16.301+0000][19.274s][info ][safepoint     ] Application time: 0.2331889 seconds
[2024-05-14T11:37:16.301+0000][19.274s][info ][safepoint     ] Entering safepoint region: Deoptimize
[2024-05-14T11:37:16.303+0000][19.277s][info ][safepoint     ] Leaving safepoint region
[2024-05-14T11:37:16.303+0000][19.277s][info ][safepoint     ] Total time for which application threads were stopped: 0.0023788 seconds, Stopping threads took: 0.0000196 seconds
[2024-05-14T11:37:16.416+0000][19.389s][debug][safepoint     ] Safepoint synchronization initiated. (17 threads)
[2024-05-14T11:37:16.416+0000][19.390s][info ][safepoint     ] Application time: 0.1127010 seconds
[2024-05-14T11:37:16.416+0000][19.390s][info ][safepoint     ] Entering safepoint region: G1CollectForAllocation
[2024-05-14T11:37:16.416+0000][19.390s][info ][gc,start      ] GC(30) Pause Young (Concurrent Start) (G1 Evacuation Pause)
[2024-05-14T11:37:16.416+0000][19.390s][info ][gc,task       ] GC(30) Using 4 workers of 4 for evacuation
[2024-05-14T11:37:16.451+0000][19.425s][info ][gc,phases     ] GC(30)   Pre Evacuate Collection Set: 0.4ms
[2024-05-14T11:37:16.451+0000][19.425s][info ][gc,phases     ] GC(30)   Evacuate Collection Set: 31.3ms
[2024-05-14T11:37:16.451+0000][19.425s][info ][gc,phases     ] GC(30)   Post Evacuate Collection Set: 3.1ms
[2024-05-14T11:37:16.452+0000][19.425s][info ][gc,phases     ] GC(30)   Other: 0.4ms
[2024-05-14T11:37:16.452+0000][19.425s][info ][gc,heap       ] GC(30) Eden regions: 185->0(181)
[2024-05-14T11:37:16.452+0000][19.425s][info ][gc,heap       ] GC(30) Survivor regions: 14->18(25)
[2024-05-14T11:37:16.452+0000][19.425s][info ][gc,heap       ] GC(30) Old regions: 28->29
[2024-05-14T11:37:16.452+0000][19.425s][info ][gc,heap       ] GC(30) Humongous regions: 0->0
[2024-05-14T11:37:16.452+0000][19.425s][info ][gc,metaspace  ] GC(30) Metaspace: 65539K(67112K)->65539K(67112K) NonClass: 57198K(58204K)->57198K(58204K) Class: 8340K(8908K)->8340K(8908K)
[2024-05-14T11:37:16.452+0000][19.425s][info ][gc            ] GC(30) Pause Young (Concurrent Start) (G1 Evacuation Pause) 225M->44M(332M) 35.491ms
[2024-05-14T11:37:16.452+0000][19.425s][info ][gc,cpu        ] GC(30) User=0.09s Sys=0.00s Real=0.04s
[2024-05-14T11:37:16.452+0000][19.425s][info ][safepoint     ] Leaving safepoint region
[2024-05-14T11:37:16.452+0000][19.425s][info ][safepoint     ] Total time for which application threads were stopped: 0.0358235 seconds, Stopping threads took: 0.0000395 seconds
[2024-05-14T11:37:16.452+0000][19.425s][info ][gc            ] GC(31) Concurrent Cycle
[2024-05-14T11:37:16.452+0000][19.425s][info ][gc,marking    ] GC(31) Concurrent Clear Claimed Marks
[2024-05-14T11:37:16.452+0000][19.426s][info ][gc,stringdedup] Concurrent String Deduplication (19.425s)
[2024-05-14T11:37:16.452+0000][19.426s][info ][gc,marking    ] GC(31) Concurrent Clear Claimed Marks 0.138ms
[2024-05-14T11:37:16.452+0000][19.426s][info ][gc,marking    ] GC(31) Concurrent Scan Root Regions
[2024-05-14T11:37:16.453+0000][19.427s][info ][gc,stringdedup] Concurrent String Deduplication 164.0K->48720.0B(116.4K) avg 44.2% (19.425s, 19.427s) 1.445ms
[2024-05-14T11:37:16.474+0000][19.447s][info ][gc,marking    ] GC(31) Concurrent Scan Root Regions 21.657ms
[2024-05-14T11:37:16.474+0000][19.447s][info ][gc,marking    ] GC(31) Concurrent Mark (19.447s)
[2024-05-14T11:37:16.474+0000][19.447s][info ][gc,marking    ] GC(31) Concurrent Mark From Roots
[2024-05-14T11:37:16.475+0000][19.448s][info ][gc,task       ] GC(31) Using 1 workers of 1 for marking
[2024-05-14T11:37:16.526+0000][19.500s][info ][gc,marking    ] GC(31) Concurrent Mark From Roots 52.623ms
[2024-05-14T11:37:16.526+0000][19.500s][info ][gc,marking    ] GC(31) Concurrent Preclean
[2024-05-14T11:37:16.526+0000][19.500s][info ][gc,marking    ] GC(31) Concurrent Preclean 0.120ms
[2024-05-14T11:37:16.527+0000][19.500s][info ][gc,marking    ] GC(31) Concurrent Mark (19.447s, 19.500s) 52.873ms
[2024-05-14T11:37:16.527+0000][19.500s][debug][safepoint     ] Safepoint synchronization initiated. (17 threads)
[2024-05-14T11:37:16.527+0000][19.500s][info ][safepoint     ] Application time: 0.0749210 seconds
[2024-05-14T11:37:16.527+0000][19.500s][debug][safepoint     ] ... found polling page loop exception at pc = 0x00007f320c73dbf4, stub =0x00007f3204826680
[2024-05-14T11:37:16.527+0000][19.500s][debug][safepoint     ] Waiting for 1 thread(s) to block
[2024-05-14T11:37:16.527+0000][19.501s][info ][safepoint     ] Entering safepoint region: CGC_Operation
[2024-05-14T11:37:16.527+0000][19.501s][info ][gc,start      ] GC(31) Pause Remark
[2024-05-14T11:37:16.540+0000][19.513s][info ][gc,stringtable] GC(31) Cleaned string and symbol table, strings: 26597 processed, 0 removed, symbols: 210203 processed, 16 removed
[2024-05-14T11:37:16.540+0000][19.514s][info ][gc            ] GC(31) Pause Remark 55M->55M(332M) 12.983ms
[2024-05-14T11:37:16.540+0000][19.514s][info ][gc,cpu        ] GC(31) User=0.04s Sys=0.00s Real=0.02s
[2024-05-14T11:37:16.540+0000][19.514s][info ][safepoint     ] Leaving safepoint region
[2024-05-14T11:37:16.540+0000][19.514s][info ][safepoint     ] Total time for which application threads were stopped: 0.0134295 seconds, Stopping threads took: 0.0001688 seconds
[2024-05-14T11:37:16.540+0000][19.514s][info ][gc,marking    ] GC(31) Concurrent Rebuild Remembered Sets
[2024-05-14T11:37:16.568+0000][19.541s][info ][gc,marking    ] GC(31) Concurrent Rebuild Remembered Sets 27.594ms
[2024-05-14T11:37:16.568+0000][19.542s][debug][safepoint     ] Safepoint synchronization initiated. (17 threads)
[2024-05-14T11:37:16.568+0000][19.542s][info ][safepoint     ] Application time: 0.0277733 seconds
[2024-05-14T11:37:16.568+0000][19.542s][info ][safepoint     ] Entering safepoint region: CGC_Operation
[2024-05-14T11:37:16.568+0000][19.542s][info ][gc,start      ] GC(31) Pause Cleanup
[2024-05-14T11:37:16.568+0000][19.542s][info ][gc            ] GC(31) Pause Cleanup 60M->60M(332M) 0.166ms
[2024-05-14T11:37:16.568+0000][19.542s][info ][gc,cpu        ] GC(31) User=0.00s Sys=0.00s Real=0.00s
[2024-05-14T11:37:16.568+0000][19.542s][info ][safepoint     ] Leaving safepoint region
[2024-05-14T11:37:16.568+0000][19.542s][info ][safepoint     ] Total time for which application threads were stopped: 0.0003368 seconds, Stopping threads took: 0.0000206 seconds
[2024-05-14T11:37:16.568+0000][19.542s][info ][gc,marking    ] GC(31) Concurrent Cleanup for Next Mark
[2024-05-14T11:37:16.570+0000][19.544s][info ][gc,marking    ] GC(31) Concurrent Cleanup for Next Mark 2.069ms
[2024-05-14T11:37:16.570+0000][19.544s][info ][gc            ] GC(31) Concurrent Cycle 118.644ms
[2024-05-14T11:37:16.842+0000][19.816s][debug][safepoint     ] Safepoint synchronization initiated. (17 threads)
[2024-05-14T11:37:16.842+0000][19.816s][info ][safepoint     ] Application time: 0.2740368 seconds
[2024-05-14T11:37:16.842+0000][19.816s][debug][safepoint     ] Waiting for 1 thread(s) to block
[2024-05-14T11:37:16.842+0000][19.816s][info ][safepoint     ] Entering safepoint region: ICBufferFull
[2024-05-14T11:37:16.843+0000][19.816s][info ][safepoint     ] Leaving safepoint region
[2024-05-14T11:37:16.843+0000][19.816s][info ][safepoint     ] Total time for which application threads were stopped: 0.0002704 seconds, Stopping threads took: 0.0000563 seconds
[2024-05-14T11:37:17.577+0000][20.551s][debug][safepoint     ] Safepoint synchronization initiated. (16 threads)
[2024-05-14T11:37:17.577+0000][20.551s][info ][safepoint     ] Application time: 0.7345307 seconds
[2024-05-14T11:37:17.577+0000][20.551s][info ][safepoint     ] Entering safepoint region: G1CollectForAllocation
[2024-05-14T11:37:17.578+0000][20.551s][info ][gc,start      ] GC(32) Pause Young (Normal) (G1 Evacuation Pause)
[2024-05-14T11:37:17.578+0000][20.551s][info ][gc,task       ] GC(32) Using 4 workers of 4 for evacuation
[2024-05-14T11:37:17.601+0000][20.574s][info ][gc,phases     ] GC(32)   Pre Evacuate Collection Set: 0.0ms
[2024-05-14T11:37:17.601+0000][20.574s][info ][gc,phases     ] GC(32)   Evacuate Collection Set: 20.2ms
[2024-05-14T11:37:17.601+0000][20.575s][info ][gc,phases     ] GC(32)   Post Evacuate Collection Set: 2.6ms
[2024-05-14T11:37:17.601+0000][20.575s][info ][gc,phases     ] GC(32)   Other: 0.3ms
[2024-05-14T11:37:17.601+0000][20.575s][info ][gc,heap       ] GC(32) Eden regions: 181->0(184)
[2024-05-14T11:37:17.601+0000][20.575s][info ][gc,heap       ] GC(32) Survivor regions: 18->15(25)
[2024-05-14T11:37:17.601+0000][20.575s][info ][gc,heap       ] GC(32) Old regions: 29->33
[2024-05-14T11:37:17.601+0000][20.575s][info ][gc,heap       ] GC(32) Humongous regions: 0->0
[2024-05-14T11:37:17.601+0000][20.575s][info ][gc,metaspace  ] GC(32) Metaspace: 69017K(70824K)->69017K(70824K) NonClass: 60162K(61276K)->60162K(61276K) Class: 8854K(9548K)->8854K(9548K)
[2024-05-14T11:37:17.601+0000][20.575s][info ][gc            ] GC(32) Pause Young (Normal) (G1 Evacuation Pause) 225M->46M(332M) 23.282ms
[2024-05-14T11:37:17.601+0000][20.575s][info ][gc,cpu        ] GC(32) User=0.07s Sys=0.01s Real=0.03s
[2024-05-14T11:37:17.601+0000][20.575s][info ][safepoint     ] Leaving safepoint region
[2024-05-14T11:37:17.601+0000][20.575s][info ][safepoint     ] Total time for which application threads were stopped: 0.0238172 seconds, Stopping threads took: 0.0000270 seconds
[2024-05-14T11:37:17.601+0000][20.575s][info ][gc,stringdedup] Concurrent String Deduplication (20.575s)
[2024-05-14T11:37:17.602+0000][20.575s][info ][gc,stringdedup] Concurrent String Deduplication 66840.0B->14704.0B(52136.0B) avg 44.5% (20.575s, 20.575s) 0.608ms
[2024-05-14T11:37:17.953+0000][20.927s][debug][safepoint     ] Safepoint synchronization initiated. (16 threads)
[2024-05-14T11:37:17.953+0000][20.927s][info ][safepoint     ] Application time: 0.3524268 seconds
[2024-05-14T11:37:17.953+0000][20.927s][info ][safepoint     ] Entering safepoint region: ICBufferFull
[2024-05-14T11:37:17.954+0000][20.927s][info ][safepoint     ] Leaving safepoint region
[2024-05-14T11:37:17.954+0000][20.927s][info ][safepoint     ] Total time for which application threads were stopped: 0.0002609 seconds, Stopping threads took: 0.0000193 seconds
[2024-05-14T11:37:18.039+0000][21.013s][debug][safepoint     ] Safepoint synchronization initiated. (17 threads)
[2024-05-14T11:37:18.039+0000][21.013s][info ][safepoint     ] Application time: 0.0851450 seconds
[2024-05-14T11:37:18.039+0000][21.013s][info ][safepoint     ] Entering safepoint region: ICBufferFull
[2024-05-14T11:37:18.039+0000][21.013s][info ][safepoint     ] Leaving safepoint region
[2024-05-14T11:37:18.039+0000][21.013s][info ][safepoint     ] Total time for which application threads were stopped: 0.0002426 seconds, Stopping threads took: 0.0000194 seconds
[2024-05-14T11:37:18.133+0000][21.107s][debug][safepoint     ] Safepoint synchronization initiated. (17 threads)
[2024-05-14T11:37:18.133+0000][21.107s][info ][safepoint     ] Application time: 0.0940168 seconds
[2024-05-14T11:37:18.133+0000][21.107s][debug][safepoint     ] Waiting for 1 thread(s) to block
[2024-05-14T11:37:18.133+0000][21.107s][info ][safepoint     ] Entering safepoint region: ICBufferFull
[2024-05-14T11:37:18.133+0000][21.107s][info ][safepoint     ] Leaving safepoint region
[2024-05-14T11:37:18.133+0000][21.107s][info ][safepoint     ] Total time for which application threads were stopped: 0.0003306 seconds, Stopping threads took: 0.0000738 seconds
[2024-05-14T11:37:18.271+0000][21.245s][debug][safepoint     ] Safepoint synchronization initiated. (17 threads)
[2024-05-14T11:37:18.271+0000][21.245s][info ][safepoint     ] Application time: 0.1375700 seconds
[2024-05-14T11:37:18.271+0000][21.245s][info ][safepoint     ] Entering safepoint region: ICBufferFull
[2024-05-14T11:37:18.271+0000][21.245s][info ][safepoint     ] Leaving safepoint region
[2024-05-14T11:37:18.271+0000][21.245s][info ][safepoint     ] Total time for which application threads were stopped: 0.0002543 seconds, Stopping threads took: 0.0000230 seconds
[2024-05-14T11:37:18.521+0000][21.494s][debug][safepoint     ] Safepoint synchronization initiated. (17 threads)
[2024-05-14T11:37:18.521+0000][21.494s][info ][safepoint     ] Application time: 0.2492822 seconds
[2024-05-14T11:37:18.521+0000][21.494s][info ][safepoint     ] Entering safepoint region: ICBufferFull
[2024-05-14T11:37:18.521+0000][21.495s][info ][safepoint     ] Leaving safepoint region
[2024-05-14T11:37:18.521+0000][21.495s][info ][safepoint     ] Total time for which application threads were stopped: 0.0002994 seconds, Stopping threads took: 0.0000200 seconds
[2024-05-14T11:37:18.785+0000][21.758s][debug][safepoint     ] Safepoint synchronization initiated. (17 threads)
[2024-05-14T11:37:18.785+0000][21.758s][info ][safepoint     ] Application time: 0.2637869 seconds
[2024-05-14T11:37:18.785+0000][21.759s][info ][safepoint     ] Entering safepoint region: G1CollectForAllocation
[2024-05-14T11:37:18.785+0000][21.759s][info ][gc,start      ] GC(33) Pause Young (Normal) (G1 Evacuation Pause)
[2024-05-14T11:37:18.785+0000][21.759s][info ][gc,task       ] GC(33) Using 4 workers of 4 for evacuation
[2024-05-14T11:37:18.802+0000][21.776s][info ][gc,phases     ] GC(33)   Pre Evacuate Collection Set: 0.0ms
[2024-05-14T11:37:18.802+0000][21.776s][info ][gc,phases     ] GC(33)   Evacuate Collection Set: 14.7ms
[2024-05-14T11:37:18.802+0000][21.776s][info ][gc,phases     ] GC(33)   Post Evacuate Collection Set: 2.5ms
[2024-05-14T11:37:18.802+0000][21.776s][info ][gc,phases     ] GC(33)   Other: 0.2ms
[2024-05-14T11:37:18.802+0000][21.776s][info ][gc,heap       ] GC(33) Eden regions: 184->0(186)
[2024-05-14T11:37:18.802+0000][21.776s][info ][gc,heap       ] GC(33) Survivor regions: 15->13(25)
[2024-05-14T11:37:18.802+0000][21.776s][info ][gc,heap       ] GC(33) Old regions: 33->36
[2024-05-14T11:37:18.802+0000][21.776s][info ][gc,heap       ] GC(33) Humongous regions: 0->0
[2024-05-14T11:37:18.802+0000][21.776s][info ][gc,metaspace  ] GC(33) Metaspace: 72006K(73640K)->72006K(73640K) NonClass: 62798K(63836K)->62798K(63836K) Class: 9207K(9804K)->9207K(9804K)
[2024-05-14T11:37:18.802+0000][21.776s][info ][gc            ] GC(33) Pause Young (Normal) (G1 Evacuation Pause) 230M->47M(332M) 17.502ms
[2024-05-14T11:37:18.802+0000][21.776s][info ][gc,cpu        ] GC(33) User=0.06s Sys=0.00s Real=0.02s
[2024-05-14T11:37:18.803+0000][21.776s][info ][safepoint     ] Leaving safepoint region
[2024-05-14T11:37:18.803+0000][21.776s][info ][safepoint     ] Total time for which application threads were stopped: 0.0177398 seconds, Stopping threads took: 0.0000197 seconds
[2024-05-14T11:37:18.803+0000][21.776s][info ][gc,stringdedup] Concurrent String Deduplication (21.776s)
[2024-05-14T11:37:18.804+0000][21.778s][info ][gc,stringdedup] Concurrent String Deduplication 243.5K->64192.0B(180.8K) avg 45.2% (21.776s, 21.778s) 1.881ms
[2024-05-14T11:37:19.152+0000][22.126s][debug][safepoint     ] Safepoint synchronization initiated. (17 threads)
[2024-05-14T11:37:19.152+0000][22.126s][info ][safepoint     ] Application time: 0.3496652 seconds
[2024-05-14T11:37:19.152+0000][22.126s][info ][safepoint     ] Entering safepoint region: Deoptimize
[2024-05-14T11:37:19.154+0000][22.128s][info ][safepoint     ] Leaving safepoint region
[2024-05-14T11:37:19.154+0000][22.128s][info ][safepoint     ] Total time for which application threads were stopped: 0.0016643 seconds, Stopping threads took: 0.0000215 seconds
[2024-05-14T11:37:19.155+0000][22.129s][debug][safepoint     ] Safepoint synchronization initiated. (17 threads)
[2024-05-14T11:37:19.155+0000][22.129s][info ][safepoint     ] Application time: 0.0011191 seconds
[2024-05-14T11:37:19.155+0000][22.129s][info ][safepoint     ] Entering safepoint region: Deoptimize
[2024-05-14T11:37:19.156+0000][22.130s][info ][safepoint     ] Leaving safepoint region
[2024-05-14T11:37:19.156+0000][22.130s][info ][safepoint     ] Total time for which application threads were stopped: 0.0011801 seconds, Stopping threads took: 0.0000566 seconds
[2024-05-14T11:37:19.498+0000][22.471s][debug][safepoint     ] Safepoint synchronization initiated. (17 threads)
[2024-05-14T11:37:19.498+0000][22.472s][info ][safepoint     ] Application time: 0.3415745 seconds
[2024-05-14T11:37:19.498+0000][22.472s][debug][safepoint     ] ... found polling page return exception at pc = 0x00007f320c3958be, stub =0x00007f3204824b00
[2024-05-14T11:37:19.498+0000][22.472s][debug][safepoint     ] Waiting for 1 thread(s) to block
[2024-05-14T11:37:19.498+0000][22.472s][info ][safepoint     ] Entering safepoint region: ICBufferFull
[2024-05-14T11:37:19.498+0000][22.472s][info ][safepoint     ] Leaving safepoint region
[2024-05-14T11:37:19.498+0000][22.472s][info ][safepoint     ] Total time for which application threads were stopped: 0.0004722 seconds, Stopping threads took: 0.0002380 seconds
[2024-05-14T11:37:19.562+0000][22.535s][debug][safepoint     ] Safepoint synchronization initiated. (17 threads)
[2024-05-14T11:37:19.562+0000][22.536s][info ][safepoint     ] Application time: 0.0635193 seconds
[2024-05-14T11:37:19.562+0000][22.536s][info ][safepoint     ] Entering safepoint region: Deoptimize
[2024-05-14T11:37:19.563+0000][22.537s][info ][safepoint     ] Leaving safepoint region
[2024-05-14T11:37:19.563+0000][22.537s][info ][safepoint     ] Total time for which application threads were stopped: 0.0013238 seconds, Stopping threads took: 0.0000197 seconds
[2024-05-14T11:37:19.861+0000][22.835s][debug][safepoint     ] Safepoint synchronization initiated. (17 threads)
[2024-05-14T11:37:19.861+0000][22.835s][info ][safepoint     ] Application time: 0.2977116 seconds
[2024-05-14T11:37:19.861+0000][22.835s][info ][safepoint     ] Entering safepoint region: Deoptimize
[2024-05-14T11:37:19.862+0000][22.836s][info ][safepoint     ] Leaving safepoint region
[2024-05-14T11:37:19.863+0000][22.836s][info ][safepoint     ] Total time for which application threads were stopped: 0.0016159 seconds, Stopping threads took: 0.0000206 seconds
[2024-05-14T11:37:20.002+0000][22.976s][debug][safepoint     ] Safepoint synchronization initiated. (17 threads)
[2024-05-14T11:37:20.002+0000][22.976s][info ][safepoint     ] Application time: 0.1397108 seconds
[2024-05-14T11:37:20.002+0000][22.976s][info ][safepoint     ] Entering safepoint region: G1CollectForAllocation
[2024-05-14T11:37:20.002+0000][22.976s][info ][gc,start      ] GC(34) Pause Young (Normal) (G1 Evacuation Pause)
[2024-05-14T11:37:20.002+0000][22.976s][info ][gc,task       ] GC(34) Using 4 workers of 4 for evacuation
[2024-05-14T11:37:20.021+0000][22.995s][info ][gc,phases     ] GC(34)   Pre Evacuate Collection Set: 0.0ms
[2024-05-14T11:37:20.021+0000][22.995s][info ][gc,phases     ] GC(34)   Evacuate Collection Set: 15.9ms
[2024-05-14T11:37:20.021+0000][22.995s][info ][gc,phases     ] GC(34)   Post Evacuate Collection Set: 2.6ms
[2024-05-14T11:37:20.021+0000][22.995s][info ][gc,phases     ] GC(34)   Other: 0.2ms
[2024-05-14T11:37:20.021+0000][22.995s][info ][gc,heap       ] GC(34) Eden regions: 186->0(185)
[2024-05-14T11:37:20.021+0000][22.995s][info ][gc,heap       ] GC(34) Survivor regions: 13->14(25)
[2024-05-14T11:37:20.021+0000][22.995s][info ][gc,heap       ] GC(34) Old regions: 36->36
[2024-05-14T11:37:20.021+0000][22.995s][info ][gc,heap       ] GC(34) Humongous regions: 0->0
[2024-05-14T11:37:20.021+0000][22.995s][info ][gc,metaspace  ] GC(34) Metaspace: 77186K(79272K)->77186K(79272K) NonClass: 67332K(68700K)->67332K(68700K) Class: 9853K(10572K)->9853K(10572K)
[2024-05-14T11:37:20.021+0000][22.995s][info ][gc            ] GC(34) Pause Young (Normal) (G1 Evacuation Pause) 233M->48M(332M) 18.941ms
[2024-05-14T11:37:20.021+0000][22.995s][info ][gc,cpu        ] GC(34) User=0.07s Sys=0.01s Real=0.02s
[2024-05-14T11:37:20.021+0000][22.995s][info ][safepoint     ] Leaving safepoint region
[2024-05-14T11:37:20.021+0000][22.995s][info ][safepoint     ] Total time for which application threads were stopped: 0.0192237 seconds, Stopping threads took: 0.0000204 seconds
[2024-05-14T11:37:20.022+0000][22.995s][info ][gc,stringdedup] Concurrent String Deduplication (22.995s)
[2024-05-14T11:37:20.023+0000][22.997s][info ][gc,stringdedup] Concurrent String Deduplication 183.0K->46576.0B(137.5K) avg 45.7% (22.995s, 22.997s) 1.281ms
[2024-05-14T11:37:20.031+0000][23.004s][debug][safepoint     ] Safepoint synchronization initiated. (17 threads)
[2024-05-14T11:37:20.031+0000][23.004s][info ][safepoint     ] Application time: 0.0091011 seconds
[2024-05-14T11:37:20.031+0000][23.004s][info ][safepoint     ] Entering safepoint region: Deoptimize
[2024-05-14T11:37:20.032+0000][23.006s][info ][safepoint     ] Leaving safepoint region
[2024-05-14T11:37:20.032+0000][23.006s][info ][safepoint     ] Total time for which application threads were stopped: 0.0013993 seconds, Stopping threads took: 0.0000169 seconds
[2024-05-14T11:37:20.364+0000][23.338s][debug][safepoint     ] Safepoint synchronization initiated. (17 threads)
[2024-05-14T11:37:20.364+0000][23.338s][info ][safepoint     ] Application time: 0.3318340 seconds
[2024-05-14T11:37:20.364+0000][23.338s][debug][safepoint     ] Waiting for 2 thread(s) to block
[2024-05-14T11:37:20.364+0000][23.338s][info ][safepoint     ] Entering safepoint region: ICBufferFull
[2024-05-14T11:37:20.364+0000][23.338s][info ][safepoint     ] Leaving safepoint region
[2024-05-14T11:37:20.364+0000][23.338s][info ][safepoint     ] Total time for which application threads were stopped: 0.0003353 seconds, Stopping threads took: 0.0000830 seconds
[2024-05-14T11:37:20.800+0000][23.774s][debug][safepoint     ] Safepoint synchronization initiated. (17 threads)
[2024-05-14T11:37:20.801+0000][23.774s][info ][safepoint     ] Application time: 0.4363453 seconds
[2024-05-14T11:37:20.801+0000][23.774s][debug][safepoint     ] Waiting for 1 thread(s) to block
[2024-05-14T11:37:20.801+0000][23.774s][info ][safepoint     ] Entering safepoint region: ICBufferFull
[2024-05-14T11:37:20.801+0000][23.775s][info ][safepoint     ] Leaving safepoint region
[2024-05-14T11:37:20.801+0000][23.775s][info ][safepoint     ] Total time for which application threads were stopped: 0.0003552 seconds, Stopping threads took: 0.0000551 seconds
[2024-05-14T11:37:21.445+0000][24.419s][debug][safepoint     ] Safepoint synchronization initiated. (17 threads)
[2024-05-14T11:37:21.445+0000][24.419s][info ][safepoint     ] Application time: 0.6440135 seconds
[2024-05-14T11:37:21.445+0000][24.419s][debug][safepoint     ] Waiting for 1 thread(s) to block
[2024-05-14T11:37:21.445+0000][24.419s][info ][safepoint     ] Entering safepoint region: ICBufferFull
[2024-05-14T11:37:21.445+0000][24.419s][info ][safepoint     ] Leaving safepoint region
[2024-05-14T11:37:21.445+0000][24.419s][info ][safepoint     ] Total time for which application threads were stopped: 0.0003060 seconds, Stopping threads took: 0.0000547 seconds
[2024-05-14T11:37:21.575+0000][24.549s][debug][safepoint     ] Safepoint synchronization initiated. (17 threads)
[2024-05-14T11:37:21.575+0000][24.549s][info ][safepoint     ] Application time: 0.1299373 seconds
[2024-05-14T11:37:21.575+0000][24.549s][debug][safepoint     ] Waiting for 1 thread(s) to block
[2024-05-14T11:37:21.575+0000][24.549s][info ][safepoint     ] Entering safepoint region: G1CollectForAllocation
[2024-05-14T11:37:21.575+0000][24.549s][info ][gc,start      ] GC(35) Pause Young (Normal) (G1 Evacuation Pause)
[2024-05-14T11:37:21.576+0000][24.549s][info ][gc,task       ] GC(35) Using 4 workers of 4 for evacuation
[2024-05-14T11:37:21.601+0000][24.575s][info ][gc,phases     ] GC(35)   Pre Evacuate Collection Set: 0.0ms
[2024-05-14T11:37:21.601+0000][24.575s][info ][gc,phases     ] GC(35)   Evacuate Collection Set: 22.5ms
[2024-05-14T11:37:21.601+0000][24.575s][info ][gc,phases     ] GC(35)   Post Evacuate Collection Set: 3.1ms
[2024-05-14T11:37:21.601+0000][24.575s][info ][gc,phases     ] GC(35)   Other: 0.2ms
[2024-05-14T11:37:21.602+0000][24.575s][info ][gc,heap       ] GC(35) Eden regions: 185->0(181)
[2024-05-14T11:37:21.602+0000][24.575s][info ][gc,heap       ] GC(35) Survivor regions: 14->18(25)
[2024-05-14T11:37:21.602+0000][24.575s][info ][gc,heap       ] GC(35) Old regions: 36->36
[2024-05-14T11:37:21.602+0000][24.575s][info ][gc,heap       ] GC(35) Humongous regions: 0->0
[2024-05-14T11:37:21.602+0000][24.575s][info ][gc,metaspace  ] GC(35) Metaspace: 79469K(81448K)->79469K(81448K) NonClass: 69452K(70748K)->69452K(70748K) Class: 10017K(10700K)->10017K(10700K)
[2024-05-14T11:37:21.602+0000][24.575s][info ][gc            ] GC(35) Pause Young (Normal) (G1 Evacuation Pause) 233M->52M(332M) 26.123ms
[2024-05-14T11:37:21.602+0000][24.575s][info ][gc,cpu        ] GC(35) User=0.10s Sys=0.00s Real=0.03s
[2024-05-14T11:37:21.602+0000][24.575s][info ][safepoint     ] Leaving safepoint region
[2024-05-14T11:37:21.602+0000][24.575s][info ][safepoint     ] Total time for which application threads were stopped: 0.0264840 seconds, Stopping threads took: 0.0000555 seconds
[2024-05-14T11:37:21.602+0000][24.576s][info ][gc,stringdedup] Concurrent String Deduplication (24.576s)
[2024-05-14T11:37:21.604+0000][24.577s][info ][gc,stringdedup] Concurrent String Deduplication 226.3K->163.9K(63928.0B) avg 45.3% (24.576s, 24.577s) 1.637ms
[2024-05-14T11:37:21.926+0000][24.899s][debug][safepoint     ] Safepoint synchronization initiated. (17 threads)
[2024-05-14T11:37:21.926+0000][24.900s][info ][safepoint     ] Application time: 0.3240928 seconds
[2024-05-14T11:37:21.926+0000][24.900s][debug][safepoint     ] Waiting for 1 thread(s) to block
[2024-05-14T11:37:21.926+0000][24.900s][info ][safepoint     ] Entering safepoint region: ICBufferFull
[2024-05-14T11:37:21.926+0000][24.900s][info ][safepoint     ] Leaving safepoint region
[2024-05-14T11:37:21.926+0000][24.900s][info ][safepoint     ] Total time for which application threads were stopped: 0.0002860 seconds, Stopping threads took: 0.0000538 seconds
[2024-05-14T11:37:22.489+0000][25.462s][debug][safepoint     ] Safepoint synchronization initiated. (17 threads)
[2024-05-14T11:37:22.489+0000][25.462s][info ][safepoint     ] Application time: 0.5625472 seconds
[2024-05-14T11:37:22.489+0000][25.462s][debug][safepoint     ] Waiting for 2 thread(s) to block
[2024-05-14T11:37:22.489+0000][25.462s][info ][safepoint     ] Entering safepoint region: ICBufferFull
[2024-05-14T11:37:22.489+0000][25.463s][info ][safepoint     ] Leaving safepoint region
[2024-05-14T11:37:22.489+0000][25.463s][info ][safepoint     ] Total time for which application threads were stopped: 0.0003210 seconds, Stopping threads took: 0.0000557 seconds
[2024-05-14T11:37:22.601+0000][25.575s][debug][safepoint     ] Safepoint synchronization initiated. (17 threads)
[2024-05-14T11:37:22.601+0000][25.575s][info ][safepoint     ] Application time: 0.1121080 seconds
[2024-05-14T11:37:22.601+0000][25.575s][debug][safepoint     ] Waiting for 2 thread(s) to block
[2024-05-14T11:37:22.601+0000][25.575s][info ][safepoint     ] Entering safepoint region: G1CollectForAllocation
[2024-05-14T11:37:22.601+0000][25.575s][info ][gc,start      ] GC(36) Pause Young (Normal) (G1 Evacuation Pause)
[2024-05-14T11:37:22.602+0000][25.575s][info ][gc,task       ] GC(36) Using 4 workers of 4 for evacuation
[2024-05-14T11:37:22.626+0000][25.599s][info ][gc,phases     ] GC(36)   Pre Evacuate Collection Set: 0.3ms
[2024-05-14T11:37:22.626+0000][25.599s][info ][gc,phases     ] GC(36)   Evacuate Collection Set: 20.2ms
[2024-05-14T11:37:22.626+0000][25.599s][info ][gc,phases     ] GC(36)   Post Evacuate Collection Set: 3.4ms
[2024-05-14T11:37:22.626+0000][25.599s][info ][gc,phases     ] GC(36)   Other: 0.2ms
[2024-05-14T11:37:22.626+0000][25.600s][info ][gc,heap       ] GC(36) Eden regions: 181->0(181)
[2024-05-14T11:37:22.626+0000][25.600s][info ][gc,heap       ] GC(36) Survivor regions: 18->18(25)
[2024-05-14T11:37:22.626+0000][25.600s][info ][gc,heap       ] GC(36) Old regions: 36->41
[2024-05-14T11:37:22.626+0000][25.600s][info ][gc,heap       ] GC(36) Humongous regions: 0->0
[2024-05-14T11:37:22.626+0000][25.600s][info ][gc,metaspace  ] GC(36) Metaspace: 81032K(83112K)->81032K(83112K) NonClass: 70937K(72284K)->70937K(72284K) Class: 10094K(10828K)->10094K(10828K)
[2024-05-14T11:37:22.626+0000][25.600s][info ][gc            ] GC(36) Pause Young (Normal) (G1 Evacuation Pause) 233M->57M(332M) 24.420ms
[2024-05-14T11:37:22.626+0000][25.600s][info ][gc,cpu        ] GC(36) User=0.08s Sys=0.01s Real=0.02s
[2024-05-14T11:37:22.626+0000][25.600s][info ][safepoint     ] Leaving safepoint region
[2024-05-14T11:37:22.626+0000][25.600s][info ][safepoint     ] Total time for which application threads were stopped: 0.0248281 seconds, Stopping threads took: 0.0000953 seconds
[2024-05-14T11:37:22.626+0000][25.600s][info ][gc,stringdedup] Concurrent String Deduplication (25.600s)
[2024-05-14T11:37:22.627+0000][25.601s][info ][gc,stringdedup] Concurrent String Deduplication 155.4K->59232.0B(99912.0B) avg 45.6% (25.600s, 25.601s) 1.219ms
[2024-05-14T11:37:23.182+0000][26.156s][debug][safepoint     ] Safepoint synchronization initiated. (17 threads)
[2024-05-14T11:37:23.182+0000][26.156s][info ][safepoint     ] Application time: 0.5564567 seconds
[2024-05-14T11:37:23.182+0000][26.156s][debug][safepoint     ] Waiting for 2 thread(s) to block
[2024-05-14T11:37:23.183+0000][26.156s][info ][safepoint     ] Entering safepoint region: ICBufferFull
[2024-05-14T11:37:23.183+0000][26.157s][info ][safepoint     ] Leaving safepoint region
[2024-05-14T11:37:23.183+0000][26.157s][info ][safepoint     ] Total time for which application threads were stopped: 0.0003564 seconds, Stopping threads took: 0.0000872 seconds
[2024-05-14T11:37:23.529+0000][26.503s][debug][safepoint     ] Safepoint synchronization initiated. (17 threads)
[2024-05-14T11:37:23.529+0000][26.503s][info ][safepoint     ] Application time: 0.3464661 seconds
[2024-05-14T11:37:23.529+0000][26.503s][debug][safepoint     ] Waiting for 1 thread(s) to block
[2024-05-14T11:37:23.529+0000][26.503s][info ][safepoint     ] Entering safepoint region: Deoptimize
[2024-05-14T11:37:23.539+0000][26.513s][info ][safepoint     ] Leaving safepoint region
[2024-05-14T11:37:23.539+0000][26.513s][info ][safepoint     ] Total time for which application threads were stopped: 0.0101538 seconds, Stopping threads took: 0.0000546 seconds
[2024-05-14T11:37:23.611+0000][26.585s][debug][safepoint     ] Safepoint synchronization initiated. (17 threads)
[2024-05-14T11:37:23.611+0000][26.585s][info ][safepoint     ] Application time: 0.0717756 seconds
[2024-05-14T11:37:23.611+0000][26.585s][info ][safepoint     ] Entering safepoint region: G1CollectForAllocation
[2024-05-14T11:37:23.611+0000][26.585s][info ][gc,start      ] GC(37) Pause Young (Normal) (G1 Evacuation Pause)
[2024-05-14T11:37:23.611+0000][26.585s][info ][gc,task       ] GC(37) Using 4 workers of 4 for evacuation
[2024-05-14T11:37:23.641+0000][26.614s][info ][gc,phases     ] GC(37)   Pre Evacuate Collection Set: 0.0ms
[2024-05-14T11:37:23.641+0000][26.614s][info ][gc,phases     ] GC(37)   Evacuate Collection Set: 26.5ms
[2024-05-14T11:37:23.641+0000][26.614s][info ][gc,phases     ] GC(37)   Post Evacuate Collection Set: 2.6ms
[2024-05-14T11:37:23.641+0000][26.615s][info ][gc,phases     ] GC(37)   Other: 0.2ms
[2024-05-14T11:37:23.641+0000][26.615s][info ][gc,heap       ] GC(37) Eden regions: 181->0(181)
[2024-05-14T11:37:23.641+0000][26.615s][info ][gc,heap       ] GC(37) Survivor regions: 18->18(25)
[2024-05-14T11:37:23.641+0000][26.615s][info ][gc,heap       ] GC(37) Old regions: 41->47
[2024-05-14T11:37:23.641+0000][26.615s][info ][gc,heap       ] GC(37) Humongous regions: 0->0
[2024-05-14T11:37:23.641+0000][26.615s][info ][gc,metaspace  ] GC(37) Metaspace: 82654K(84776K)->82654K(84776K) NonClass: 72464K(73820K)->72464K(73820K) Class: 10189K(10956K)->10189K(10956K)
[2024-05-14T11:37:23.641+0000][26.615s][info ][gc            ] GC(37) Pause Young (Normal) (G1 Evacuation Pause) 238M->62M(332M) 29.466ms
[2024-05-14T11:37:23.641+0000][26.615s][info ][gc,cpu        ] GC(37) User=0.09s Sys=0.02s Real=0.03s
[2024-05-14T11:37:23.641+0000][26.615s][info ][safepoint     ] Leaving safepoint region
[2024-05-14T11:37:23.641+0000][26.615s][info ][safepoint     ] Total time for which application threads were stopped: 0.0297472 seconds, Stopping threads took: 0.0000198 seconds
[2024-05-14T11:37:23.641+0000][26.615s][info ][gc,stringdedup] Concurrent String Deduplication (26.615s)
[2024-05-14T11:37:23.643+0000][26.617s][info ][gc,stringdedup] Concurrent String Deduplication 399.8K->100.5K(299.3K) avg 46.6% (26.615s, 26.617s) 1.984ms
[2024-05-14T11:37:24.282+0000][27.255s][debug][safepoint     ] Safepoint synchronization initiated. (17 threads)
[2024-05-14T11:37:24.282+0000][27.255s][info ][safepoint     ] Application time: 0.6406184 seconds
[2024-05-14T11:37:24.282+0000][27.255s][info ][safepoint     ] Entering safepoint region: Deoptimize
[2024-05-14T11:37:24.284+0000][27.257s][info ][safepoint     ] Leaving safepoint region
[2024-05-14T11:37:24.284+0000][27.257s][info ][safepoint     ] Total time for which application threads were stopped: 0.0020444 seconds, Stopping threads took: 0.0000192 seconds
[2024-05-14T11:37:24.774+0000][27.748s][debug][safepoint     ] Safepoint synchronization initiated. (21 threads)
[2024-05-14T11:37:24.774+0000][27.748s][info ][safepoint     ] Application time: 0.4905335 seconds
[2024-05-14T11:37:24.774+0000][27.748s][debug][safepoint     ] Waiting for 1 thread(s) to block
[2024-05-14T11:37:24.778+0000][27.752s][info ][safepoint     ] Entering safepoint region: G1CollectForAllocation
[2024-05-14T11:37:24.779+0000][27.752s][info ][gc,start      ] GC(38) Pause Young (Normal) (G1 Evacuation Pause)
[2024-05-14T11:37:24.779+0000][27.752s][info ][gc,task       ] GC(38) Using 4 workers of 4 for evacuation
[2024-05-14T11:37:24.821+0000][27.795s][info ][gc,phases     ] GC(38)   Pre Evacuate Collection Set: 0.0ms
[2024-05-14T11:37:24.821+0000][27.795s][info ][gc,phases     ] GC(38)   Evacuate Collection Set: 39.1ms
[2024-05-14T11:37:24.821+0000][27.795s][info ][gc,phases     ] GC(38)   Post Evacuate Collection Set: 3.2ms
[2024-05-14T11:37:24.821+0000][27.795s][info ][gc,phases     ] GC(38)   Other: 0.2ms
[2024-05-14T11:37:24.821+0000][27.795s][info ][gc,heap       ] GC(38) Eden regions: 181->0(184)
[2024-05-14T11:37:24.821+0000][27.795s][info ][gc,heap       ] GC(38) Survivor regions: 18->15(25)
[2024-05-14T11:37:24.821+0000][27.795s][info ][gc,heap       ] GC(38) Old regions: 47->53
[2024-05-14T11:37:24.821+0000][27.795s][info ][gc,heap       ] GC(38) Humongous regions: 0->0
[2024-05-14T11:37:24.821+0000][27.795s][info ][gc,metaspace  ] GC(38) Metaspace: 84869K(87208K)->84869K(87208K) NonClass: 74378K(75868K)->74378K(75868K) Class: 10491K(11340K)->10491K(11340K)
[2024-05-14T11:37:24.821+0000][27.795s][info ][gc            ] GC(38) Pause Young (Normal) (G1 Evacuation Pause) 243M->66M(332M) 42.696ms
[2024-05-14T11:37:24.821+0000][27.795s][info ][gc,cpu        ] GC(38) User=0.12s Sys=0.00s Real=0.04s
[2024-05-14T11:37:24.821+0000][27.795s][info ][safepoint     ] Leaving safepoint region
[2024-05-14T11:37:24.821+0000][27.795s][info ][safepoint     ] Total time for which application threads were stopped: 0.0470108 seconds, Stopping threads took: 0.0040439 seconds
[2024-05-14T11:37:24.821+0000][27.795s][info ][gc,stringdedup] Concurrent String Deduplication (27.795s)
[2024-05-14T11:37:24.824+0000][27.797s][info ][gc,stringdedup] Concurrent String Deduplication 460.4K->108.0K(352.4K) avg 47.8% (27.795s, 27.797s) 2.269ms
[2024-05-14T11:37:24.874+0000][27.847s][debug][safepoint     ] Safepoint synchronization initiated. (21 threads)
[2024-05-14T11:37:24.874+0000][27.847s][info ][safepoint     ] Application time: 0.0523973 seconds
[2024-05-14T11:37:24.874+0000][27.847s][debug][safepoint     ] Waiting for 1 thread(s) to block
[2024-05-14T11:37:24.874+0000][27.848s][info ][safepoint     ] Entering safepoint region: ICBufferFull
[2024-05-14T11:37:24.874+0000][27.848s][info ][safepoint     ] Leaving safepoint region
[2024-05-14T11:37:24.874+0000][27.848s][info ][safepoint     ] Total time for which application threads were stopped: 0.0004256 seconds, Stopping threads took: 0.0002099 seconds
[2024-05-14T11:37:25.154+0000][28.128s][debug][safepoint     ] Safepoint synchronization initiated. (21 threads)
[2024-05-14T11:37:25.154+0000][28.128s][info ][safepoint     ] Application time: 0.2799131 seconds
[2024-05-14T11:37:25.154+0000][28.128s][info ][safepoint     ] Entering safepoint region: ICBufferFull
[2024-05-14T11:37:25.154+0000][28.128s][info ][safepoint     ] Leaving safepoint region
[2024-05-14T11:37:25.154+0000][28.128s][info ][safepoint     ] Total time for which application threads were stopped: 0.0003606 seconds, Stopping threads took: 0.0000208 seconds
[2024-05-14T11:37:25.536+0000][28.510s][debug][safepoint     ] Safepoint synchronization initiated. (21 threads)
[2024-05-14T11:37:25.536+0000][28.510s][info ][safepoint     ] Application time: 0.3818211 seconds
[2024-05-14T11:37:25.536+0000][28.510s][info ][safepoint     ] Entering safepoint region: Deoptimize
[2024-05-14T11:37:25.538+0000][28.512s][info ][safepoint     ] Leaving safepoint region
[2024-05-14T11:37:25.538+0000][28.512s][info ][safepoint     ] Total time for which application threads were stopped: 0.0016369 seconds, Stopping threads took: 0.0000203 seconds
[2024-05-14T11:37:25.703+0000][28.677s][debug][safepoint     ] Safepoint synchronization initiated. (22 threads)
[2024-05-14T11:37:25.703+0000][28.677s][info ][safepoint     ] Application time: 0.1648603 seconds
[2024-05-14T11:37:25.703+0000][28.677s][info ][safepoint     ] Entering safepoint region: Deoptimize
[2024-05-14T11:37:25.705+0000][28.678s][info ][safepoint     ] Leaving safepoint region
[2024-05-14T11:37:25.705+0000][28.678s][info ][safepoint     ] Total time for which application threads were stopped: 0.0018504 seconds, Stopping threads took: 0.0000232 seconds
[2024-05-14T11:37:26.042+0000][29.015s][debug][safepoint     ] Safepoint synchronization initiated. (22 threads)
[2024-05-14T11:37:26.042+0000][29.015s][info ][safepoint     ] Application time: 0.3368685 seconds
[2024-05-14T11:37:26.042+0000][29.015s][info ][safepoint     ] Entering safepoint region: Deoptimize
[2024-05-14T11:37:26.044+0000][29.017s][info ][safepoint     ] Leaving safepoint region
[2024-05-14T11:37:26.044+0000][29.017s][info ][safepoint     ] Total time for which application threads were stopped: 0.0021040 seconds, Stopping threads took: 0.0000540 seconds
[2024-05-14T11:37:26.109+0000][29.083s][debug][safepoint     ] Safepoint synchronization initiated. (21 threads)
[2024-05-14T11:37:26.109+0000][29.083s][info ][safepoint     ] Application time: 0.0656388 seconds
[2024-05-14T11:37:26.109+0000][29.083s][debug][safepoint     ] Waiting for 1 thread(s) to block
[2024-05-14T11:37:26.110+0000][29.083s][info ][safepoint     ] Entering safepoint region: G1CollectForAllocation
[2024-05-14T11:37:26.110+0000][29.084s][info ][gc,start      ] GC(39) Pause Young (Normal) (G1 Evacuation Pause)
[2024-05-14T11:37:26.110+0000][29.084s][info ][gc,task       ] GC(39) Using 4 workers of 4 for evacuation
[2024-05-14T11:37:26.134+0000][29.108s][info ][gc,phases     ] GC(39)   Pre Evacuate Collection Set: 0.0ms
[2024-05-14T11:37:26.134+0000][29.108s][info ][gc,phases     ] GC(39)   Evacuate Collection Set: 20.9ms
[2024-05-14T11:37:26.134+0000][29.108s][info ][gc,phases     ] GC(39)   Post Evacuate Collection Set: 3.0ms
[2024-05-14T11:37:26.134+0000][29.108s][info ][gc,phases     ] GC(39)   Other: 0.3ms
[2024-05-14T11:37:26.134+0000][29.108s][info ][gc,heap       ] GC(39) Eden regions: 184->0(185)
[2024-05-14T11:37:26.134+0000][29.108s][info ][gc,heap       ] GC(39) Survivor regions: 15->14(25)
[2024-05-14T11:37:26.134+0000][29.108s][info ][gc,heap       ] GC(39) Old regions: 53->58
[2024-05-14T11:37:26.134+0000][29.108s][info ][gc,heap       ] GC(39) Humongous regions: 0->0
[2024-05-14T11:37:26.134+0000][29.108s][info ][gc,metaspace  ] GC(39) Metaspace: 89905K(92584K)->89905K(92584K) NonClass: 78838K(80476K)->78838K(80476K) Class: 11066K(12108K)->11066K(12108K)
[2024-05-14T11:37:26.134+0000][29.108s][info ][gc            ] GC(39) Pause Young (Normal) (G1 Evacuation Pause) 250M->70M(332M) 24.428ms
[2024-05-14T11:37:26.134+0000][29.108s][info ][gc,cpu        ] GC(39) User=0.09s Sys=0.00s Real=0.02s
[2024-05-14T11:37:26.134+0000][29.108s][info ][safepoint     ] Leaving safepoint region
[2024-05-14T11:37:26.134+0000][29.108s][info ][safepoint     ] Total time for which application threads were stopped: 0.0249526 seconds, Stopping threads took: 0.0001834 seconds
[2024-05-14T11:37:26.134+0000][29.108s][info ][gc,stringdedup] Concurrent String Deduplication (29.108s)
[2024-05-14T11:37:26.137+0000][29.111s][info ][gc,stringdedup] Concurrent String Deduplication 453.4K->107.8K(345.6K) avg 48.9% (29.108s, 29.111s) 2.813ms
[2024-05-14T11:37:26.246+0000][29.220s][debug][safepoint     ] Safepoint synchronization initiated. (23 threads)
[2024-05-14T11:37:26.246+0000][29.220s][info ][safepoint     ] Application time: 0.1120264 seconds
[2024-05-14T11:37:26.246+0000][29.220s][debug][safepoint     ] Waiting for 1 thread(s) to block
[2024-05-14T11:37:26.247+0000][29.220s][info ][safepoint     ] Entering safepoint region: Deoptimize
[2024-05-14T11:37:26.248+0000][29.222s][info ][safepoint     ] Leaving safepoint region
[2024-05-14T11:37:26.248+0000][29.222s][info ][safepoint     ] Total time for which application threads were stopped: 0.0018699 seconds, Stopping threads took: 0.0003090 seconds
[2024-05-14T11:37:26.254+0000][29.227s][debug][safepoint     ] Safepoint synchronization initiated. (23 threads)
[2024-05-14T11:37:26.254+0000][29.227s][info ][safepoint     ] Application time: 0.0052751 seconds
[2024-05-14T11:37:26.254+0000][29.227s][debug][safepoint     ] Waiting for 1 thread(s) to block
[2024-05-14T11:37:26.254+0000][29.227s][info ][safepoint     ] Entering safepoint region: Deoptimize
[2024-05-14T11:37:26.254+0000][29.228s][info ][safepoint     ] Leaving safepoint region
[2024-05-14T11:37:26.254+0000][29.228s][info ][safepoint     ] Total time for which application threads were stopped: 0.0007438 seconds, Stopping threads took: 0.0000904 seconds
[2024-05-14T11:37:26.315+0000][29.289s][debug][safepoint     ] Safepoint synchronization initiated. (23 threads)
[2024-05-14T11:37:26.315+0000][29.289s][info ][safepoint     ] Application time: 0.0611637 seconds
[2024-05-14T11:37:26.316+0000][29.289s][info ][safepoint     ] Entering safepoint region: Deoptimize
[2024-05-14T11:37:26.317+0000][29.291s][info ][safepoint     ] Leaving safepoint region
[2024-05-14T11:37:26.317+0000][29.291s][info ][safepoint     ] Total time for which application threads were stopped: 0.0015579 seconds, Stopping threads took: 0.0000204 seconds
[2024-05-14T11:37:26.755+0000][29.729s][debug][safepoint     ] Safepoint synchronization initiated. (25 threads)
[2024-05-14T11:37:26.755+0000][29.729s][info ][safepoint     ] Application time: 0.4383482 seconds
[2024-05-14T11:37:26.755+0000][29.729s][debug][safepoint     ] Waiting for 1 thread(s) to block
[2024-05-14T11:37:26.756+0000][29.730s][info ][safepoint     ] Entering safepoint region: Deoptimize
[2024-05-14T11:37:26.762+0000][29.736s][info ][safepoint     ] Leaving safepoint region
[2024-05-14T11:37:26.762+0000][29.736s][info ][safepoint     ] Total time for which application threads were stopped: 0.0069901 seconds, Stopping threads took: 0.0007111 seconds
[2024-05-14T11:37:27.592+0000][30.565s][debug][safepoint     ] Safepoint synchronization initiated. (45 threads)
[2024-05-14T11:37:27.592+0000][30.565s][info ][safepoint     ] Application time: 0.8292140 seconds
[2024-05-14T11:37:27.592+0000][30.565s][debug][safepoint     ] Waiting for 1 thread(s) to block
[2024-05-14T11:37:27.592+0000][30.565s][info ][safepoint     ] Entering safepoint region: Deoptimize
[2024-05-14T11:37:27.594+0000][30.568s][info ][safepoint     ] Leaving safepoint region
[2024-05-14T11:37:27.594+0000][30.568s][info ][safepoint     ] Total time for which application threads were stopped: 0.0023933 seconds, Stopping threads took: 0.0000713 seconds
[2024-05-14T11:37:28.062+0000][31.036s][debug][safepoint     ] Safepoint synchronization initiated. (49 threads)
[2024-05-14T11:37:28.062+0000][31.036s][info ][safepoint     ] Application time: 0.4682397 seconds
[2024-05-14T11:37:28.062+0000][31.036s][debug][safepoint     ] Waiting for 1 thread(s) to block
[2024-05-14T11:37:28.062+0000][31.036s][info ][safepoint     ] Entering safepoint region: G1CollectForAllocation
[2024-05-14T11:37:28.063+0000][31.036s][info ][gc,start      ] GC(40) Pause Young (Normal) (G1 Evacuation Pause)
[2024-05-14T11:37:28.063+0000][31.036s][info ][gc,task       ] GC(40) Using 4 workers of 4 for evacuation
[2024-05-14T11:37:28.116+0000][31.090s][info ][gc,phases     ] GC(40)   Pre Evacuate Collection Set: 0.0ms
[2024-05-14T11:37:28.116+0000][31.090s][info ][gc,phases     ] GC(40)   Evacuate Collection Set: 46.8ms
[2024-05-14T11:37:28.116+0000][31.090s][info ][gc,phases     ] GC(40)   Post Evacuate Collection Set: 5.9ms
[2024-05-14T11:37:28.116+0000][31.090s][info ][gc,phases     ] GC(40)   Other: 0.3ms
[2024-05-14T11:37:28.116+0000][31.090s][info ][gc,heap       ] GC(40) Eden regions: 185->0(184)
[2024-05-14T11:37:28.116+0000][31.090s][info ][gc,heap       ] GC(40) Survivor regions: 14->15(25)
[2024-05-14T11:37:28.116+0000][31.090s][info ][gc,heap       ] GC(40) Old regions: 58->63
[2024-05-14T11:37:28.116+0000][31.090s][info ][gc,heap       ] GC(40) Humongous regions: 0->0
[2024-05-14T11:37:28.116+0000][31.090s][info ][gc,metaspace  ] GC(40) Metaspace: 100534K(103464K)->100534K(103464K) NonClass: 88342K(90204K)->88342K(90204K) Class: 12192K(13260K)->12192K(13260K)
[2024-05-14T11:37:28.116+0000][31.090s][info ][gc            ] GC(40) Pause Young (Normal) (G1 Evacuation Pause) 255M->76M(332M) 53.303ms
[2024-05-14T11:37:28.116+0000][31.090s][info ][gc,cpu        ] GC(40) User=0.16s Sys=0.00s Real=0.05s
[2024-05-14T11:37:28.116+0000][31.090s][info ][safepoint     ] Leaving safepoint region
[2024-05-14T11:37:28.116+0000][31.090s][info ][safepoint     ] Total time for which application threads were stopped: 0.0537662 seconds, Stopping threads took: 0.0000815 seconds
[2024-05-14T11:37:28.116+0000][31.090s][info ][gc,stringdedup] Concurrent String Deduplication (31.090s)
[2024-05-14T11:37:28.118+0000][31.092s][info ][gc,stringdedup] Concurrent String Deduplication 257.1K->82104.0B(176.9K) avg 49.3% (31.090s, 31.092s) 2.066ms
[2024-05-14T11:37:28.787+0000][31.761s][debug][safepoint     ] Safepoint synchronization initiated. (49 threads)
[2024-05-14T11:37:28.787+0000][31.761s][info ][safepoint     ] Application time: 0.6708894 seconds
[2024-05-14T11:37:28.787+0000][31.761s][info ][safepoint     ] Entering safepoint region: Deoptimize
[2024-05-14T11:37:28.790+0000][31.764s][info ][safepoint     ] Leaving safepoint region
[2024-05-14T11:37:28.790+0000][31.764s][info ][safepoint     ] Total time for which application threads were stopped: 0.0033728 seconds, Stopping threads took: 0.0000444 seconds
[2024-05-14T11:37:28.879+0000][31.852s][debug][safepoint     ] Safepoint synchronization initiated. (49 threads)
[2024-05-14T11:37:28.879+0000][31.852s][info ][safepoint     ] Application time: 0.0882280 seconds
[2024-05-14T11:37:28.879+0000][31.852s][debug][safepoint     ] Waiting for 1 thread(s) to block
[2024-05-14T11:37:28.879+0000][31.852s][info ][safepoint     ] Entering safepoint region: Deoptimize
[2024-05-14T11:37:28.885+0000][31.859s][info ][safepoint     ] Leaving safepoint region
[2024-05-14T11:37:28.885+0000][31.859s][info ][safepoint     ] Total time for which application threads were stopped: 0.0067552 seconds, Stopping threads took: 0.0000872 seconds
[2024-05-14T11:37:29.026+0000][32.000s][debug][safepoint     ] Safepoint synchronization initiated. (49 threads)
[2024-05-14T11:37:29.026+0000][32.000s][info ][safepoint     ] Application time: 0.1408643 seconds
[2024-05-14T11:37:29.026+0000][32.000s][info ][safepoint     ] Entering safepoint region: Deoptimize
[2024-05-14T11:37:29.028+0000][32.002s][info ][safepoint     ] Leaving safepoint region
[2024-05-14T11:37:29.028+0000][32.002s][info ][safepoint     ] Total time for which application threads were stopped: 0.0016628 seconds, Stopping threads took: 0.0000330 seconds
[2024-05-14T11:37:29.039+0000][32.013s][debug][safepoint     ] Safepoint synchronization initiated. (49 threads)
[2024-05-14T11:37:29.039+0000][32.013s][info ][safepoint     ] Application time: 0.0110551 seconds
[2024-05-14T11:37:29.039+0000][32.013s][info ][safepoint     ] Entering safepoint region: Deoptimize
[2024-05-14T11:37:29.041+0000][32.014s][info ][safepoint     ] Leaving safepoint region
[2024-05-14T11:37:29.041+0000][32.015s][info ][safepoint     ] Total time for which application threads were stopped: 0.0017253 seconds, Stopping threads took: 0.0000306 seconds
[2024-05-14T11:37:29.109+0000][32.083s][debug][safepoint     ] Safepoint synchronization initiated. (49 threads)
[2024-05-14T11:37:29.109+0000][32.083s][info ][safepoint     ] Application time: 0.0683174 seconds
[2024-05-14T11:37:29.109+0000][32.083s][debug][safepoint     ] Waiting for 1 thread(s) to block
[2024-05-14T11:37:29.109+0000][32.083s][info ][safepoint     ] Entering safepoint region: Deoptimize
[2024-05-14T11:37:29.111+0000][32.085s][info ][safepoint     ] Leaving safepoint region
[2024-05-14T11:37:29.111+0000][32.085s][info ][safepoint     ] Total time for which application threads were stopped: 0.0016758 seconds, Stopping threads took: 0.0000736 seconds
[2024-05-14T11:37:29.570+0000][32.543s][debug][safepoint     ] Safepoint synchronization initiated. (52 threads)
[2024-05-14T11:37:29.570+0000][32.543s][info ][safepoint     ] Application time: 0.4588099 seconds
[2024-05-14T11:37:29.570+0000][32.543s][info ][safepoint     ] Entering safepoint region: G1CollectForAllocation
[2024-05-14T11:37:29.570+0000][32.544s][info ][gc,start      ] GC(41) Pause Young (Normal) (G1 Evacuation Pause)
[2024-05-14T11:37:29.570+0000][32.544s][info ][gc,task       ] GC(41) Using 4 workers of 4 for evacuation
[2024-05-14T11:37:29.600+0000][32.574s][info ][gc,phases     ] GC(41)   Pre Evacuate Collection Set: 0.0ms
[2024-05-14T11:37:29.601+0000][32.574s][info ][gc,phases     ] GC(41)   Evacuate Collection Set: 23.6ms
[2024-05-14T11:37:29.601+0000][32.574s][info ][gc,phases     ] GC(41)   Post Evacuate Collection Set: 6.7ms
[2024-05-14T11:37:29.601+0000][32.574s][info ][gc,phases     ] GC(41)   Other: 0.2ms
[2024-05-14T11:37:29.601+0000][32.574s][info ][gc,heap       ] GC(41) Eden regions: 184->0(224)
[2024-05-14T11:37:29.601+0000][32.574s][info ][gc,heap       ] GC(41) Survivor regions: 15->14(25)
[2024-05-14T11:37:29.601+0000][32.574s][info ][gc,heap       ] GC(41) Old regions: 63->67
[2024-05-14T11:37:29.601+0000][32.574s][info ][gc,heap       ] GC(41) Humongous regions: 0->0
[2024-05-14T11:37:29.601+0000][32.574s][info ][gc,metaspace  ] GC(41) Metaspace: 104943K(108200K)->104943K(108200K) NonClass: 92248K(94300K)->92248K(94300K) Class: 12694K(13900K)->12694K(13900K)
[2024-05-14T11:37:29.601+0000][32.574s][info ][gc            ] GC(41) Pause Young (Normal) (G1 Evacuation Pause) 260M->79M(398M) 30.725ms
[2024-05-14T11:37:29.601+0000][32.574s][info ][gc,cpu        ] GC(41) User=0.10s Sys=0.00s Real=0.03s
[2024-05-14T11:37:29.601+0000][32.574s][info ][safepoint     ] Leaving safepoint region
[2024-05-14T11:37:29.601+0000][32.575s][info ][safepoint     ] Total time for which application threads were stopped: 0.0311148 seconds, Stopping threads took: 0.0000411 seconds
[2024-05-14T11:37:29.601+0000][32.575s][info ][gc,stringdedup] Concurrent String Deduplication (32.575s)
[2024-05-14T11:37:29.608+0000][32.582s][info ][gc,stringdedup] Concurrent String Deduplication 291.9K->94160.0B(199.9K) avg 49.8% (32.575s, 32.582s) 7.284ms
[2024-05-14T11:37:30.346+0000][33.320s][debug][safepoint     ] Safepoint synchronization initiated. (51 threads)
[2024-05-14T11:37:30.346+0000][33.320s][info ][safepoint     ] Application time: 0.7456340 seconds
[2024-05-14T11:37:30.346+0000][33.320s][debug][safepoint     ] Waiting for 1 thread(s) to block
[2024-05-14T11:37:30.347+0000][33.320s][info ][safepoint     ] Entering safepoint region: Deoptimize
[2024-05-14T11:37:30.348+0000][33.322s][info ][safepoint     ] Leaving safepoint region
[2024-05-14T11:37:30.348+0000][33.322s][info ][safepoint     ] Total time for which application threads were stopped: 0.0018450 seconds, Stopping threads took: 0.0000720 seconds
[2024-05-14T11:37:30.686+0000][33.660s][debug][safepoint     ] Safepoint synchronization initiated. (51 threads)
[2024-05-14T11:37:30.686+0000][33.660s][info ][safepoint     ] Application time: 0.3376773 seconds
[2024-05-14T11:37:30.687+0000][33.661s][debug][safepoint     ] Waiting for 1 thread(s) to block
[2024-05-14T11:37:30.687+0000][33.661s][info ][safepoint     ] Entering safepoint region: CollectForMetadataAllocation
[2024-05-14T11:37:30.687+0000][33.661s][info ][gc,start      ] GC(42) Pause Young (Concurrent Start) (Metadata GC Threshold)
[2024-05-14T11:37:30.688+0000][33.661s][info ][gc,task       ] GC(42) Using 4 workers of 4 for evacuation
[2024-05-14T11:37:30.709+0000][33.683s][info ][gc,phases     ] GC(42)   Pre Evacuate Collection Set: 0.6ms
[2024-05-14T11:37:30.709+0000][33.683s][info ][gc,phases     ] GC(42)   Evacuate Collection Set: 17.1ms
[2024-05-14T11:37:30.709+0000][33.683s][info ][gc,phases     ] GC(42)   Post Evacuate Collection Set: 3.4ms
[2024-05-14T11:37:30.709+0000][33.683s][info ][gc,phases     ] GC(42)   Other: 0.5ms
[2024-05-14T11:37:30.709+0000][33.683s][info ][gc,heap       ] GC(42) Eden regions: 106->0(198)
[2024-05-14T11:37:30.709+0000][33.683s][info ][gc,heap       ] GC(42) Survivor regions: 14->15(30)
[2024-05-14T11:37:30.709+0000][33.683s][info ][gc,heap       ] GC(42) Old regions: 67->67
[2024-05-14T11:37:30.709+0000][33.683s][info ][gc,heap       ] GC(42) Humongous regions: 0->0
[2024-05-14T11:37:30.709+0000][33.683s][info ][gc,metaspace  ] GC(42) Metaspace: 109272K(112496K)->109272K(112496K) NonClass: 96037K(98084K)->96037K(98084K) Class: 13235K(14412K)->13235K(14412K)
[2024-05-14T11:37:30.709+0000][33.683s][info ][gc            ] GC(42) Pause Young (Concurrent Start) (Metadata GC Threshold) 185M->80M(398M) 21.744ms
[2024-05-14T11:37:30.709+0000][33.683s][info ][gc,cpu        ] GC(42) User=0.07s Sys=0.00s Real=0.02s
[2024-05-14T11:37:30.709+0000][33.683s][info ][gc            ] GC(43) Concurrent Cycle
[2024-05-14T11:37:30.709+0000][33.683s][info ][safepoint     ] Leaving safepoint region
[2024-05-14T11:37:30.709+0000][33.683s][info ][safepoint     ] Total time for which application threads were stopped: 0.0234024 seconds, Stopping threads took: 0.0012166 seconds
[2024-05-14T11:37:30.709+0000][33.683s][info ][gc,marking    ] GC(43) Concurrent Clear Claimed Marks
[2024-05-14T11:37:30.710+0000][33.683s][info ][gc,stringdedup] Concurrent String Deduplication (33.683s)
[2024-05-14T11:37:30.714+0000][33.688s][info ][gc,marking    ] GC(43) Concurrent Clear Claimed Marks 4.444ms
[2024-05-14T11:37:30.714+0000][33.688s][info ][gc,marking    ] GC(43) Concurrent Scan Root Regions
[2024-05-14T11:37:30.714+0000][33.688s][info ][gc,stringdedup] Concurrent String Deduplication 520.2K->130.3K(389.9K) avg 50.8% (33.683s, 33.688s) 4.522ms
[2024-05-14T11:37:30.731+0000][33.705s][info ][gc,marking    ] GC(43) Concurrent Scan Root Regions 17.079ms
[2024-05-14T11:37:30.731+0000][33.705s][info ][gc,marking    ] GC(43) Concurrent Mark (33.705s)
[2024-05-14T11:37:30.731+0000][33.705s][info ][gc,marking    ] GC(43) Concurrent Mark From Roots
[2024-05-14T11:37:30.731+0000][33.705s][info ][gc,task       ] GC(43) Using 1 workers of 1 for marking
[2024-05-14T11:37:30.745+0000][33.719s][debug][safepoint     ] Safepoint synchronization initiated. (52 threads)
[2024-05-14T11:37:30.745+0000][33.719s][info ][safepoint     ] Application time: 0.0354399 seconds
[2024-05-14T11:37:30.745+0000][33.719s][debug][safepoint     ] ... found polling page return exception at pc = 0x00007f320cc42122, stub =0x00007f3204824b00
[2024-05-14T11:37:30.745+0000][33.719s][debug][safepoint     ] Waiting for 1 thread(s) to block
[2024-05-14T11:37:30.745+0000][33.719s][info ][safepoint     ] Entering safepoint region: CollectForMetadataAllocation
[2024-05-14T11:37:30.746+0000][33.719s][info ][safepoint     ] Leaving safepoint region
[2024-05-14T11:37:30.746+0000][33.719s][info ][safepoint     ] Total time for which application threads were stopped: 0.0008082 seconds, Stopping threads took: 0.0002298 seconds
[2024-05-14T11:37:30.806+0000][33.780s][debug][safepoint     ] Safepoint synchronization initiated. (53 threads)
[2024-05-14T11:37:30.806+0000][33.780s][info ][safepoint     ] Application time: 0.0599881 seconds
[2024-05-14T11:37:30.806+0000][33.780s][info ][safepoint     ] Entering safepoint region: CollectForMetadataAllocation
[2024-05-14T11:37:30.806+0000][33.780s][info ][safepoint     ] Leaving safepoint region
[2024-05-14T11:37:30.806+0000][33.780s][info ][safepoint     ] Total time for which application threads were stopped: 0.0003163 seconds, Stopping threads took: 0.0000424 seconds
[2024-05-14T11:37:30.879+0000][33.852s][debug][safepoint     ] Safepoint synchronization initiated. (53 threads)
[2024-05-14T11:37:30.879+0000][33.852s][info ][safepoint     ] Application time: 0.0724644 seconds
[2024-05-14T11:37:30.879+0000][33.852s][info ][safepoint     ] Entering safepoint region: CollectForMetadataAllocation
[2024-05-14T11:37:30.879+0000][33.853s][info ][safepoint     ] Leaving safepoint region
[2024-05-14T11:37:30.879+0000][33.853s][info ][safepoint     ] Total time for which application threads were stopped: 0.0003015 seconds, Stopping threads took: 0.0000381 seconds
[2024-05-14T11:37:30.915+0000][33.889s][info ][gc,marking    ] GC(43) Concurrent Mark From Roots 184.183ms
[2024-05-14T11:37:30.915+0000][33.889s][info ][gc,marking    ] GC(43) Concurrent Preclean
[2024-05-14T11:37:30.915+0000][33.889s][info ][gc,marking    ] GC(43) Concurrent Preclean 0.230ms
[2024-05-14T11:37:30.916+0000][33.889s][info ][gc,marking    ] GC(43) Concurrent Mark (33.705s, 33.889s) 184.500ms
[2024-05-14T11:37:30.916+0000][33.889s][debug][safepoint     ] Safepoint synchronization initiated. (53 threads)
[2024-05-14T11:37:30.916+0000][33.889s][info ][safepoint     ] Application time: 0.0365270 seconds
[2024-05-14T11:37:30.916+0000][33.889s][info ][safepoint     ] Entering safepoint region: CGC_Operation
[2024-05-14T11:37:30.916+0000][33.890s][info ][gc,start      ] GC(43) Pause Remark
[2024-05-14T11:37:30.937+0000][33.911s][info ][gc,stringtable] GC(43) Cleaned string and symbol table, strings: 51618 processed, 51 removed, symbols: 303281 processed, 272 removed
[2024-05-14T11:37:30.938+0000][33.912s][info ][gc            ] GC(43) Pause Remark 99M->99M(398M) 22.098ms
[2024-05-14T11:37:30.938+0000][33.912s][info ][gc,cpu        ] GC(43) User=0.07s Sys=0.00s Real=0.03s
[2024-05-14T11:37:30.938+0000][33.912s][info ][safepoint     ] Leaving safepoint region
[2024-05-14T11:37:30.938+0000][33.912s][info ][safepoint     ] Total time for which application threads were stopped: 0.0224471 seconds, Stopping threads took: 0.0000388 seconds
[2024-05-14T11:37:30.938+0000][33.912s][info ][gc,marking    ] GC(43) Concurrent Rebuild Remembered Sets
[2024-05-14T11:37:31.024+0000][33.998s][info ][gc,marking    ] GC(43) Concurrent Rebuild Remembered Sets 86.182ms
[2024-05-14T11:37:31.024+0000][33.998s][debug][safepoint     ] Safepoint synchronization initiated. (54 threads)
[2024-05-14T11:37:31.024+0000][33.998s][info ][safepoint     ] Application time: 0.0863574 seconds
[2024-05-14T11:37:31.026+0000][33.999s][debug][safepoint     ] ... found polling page loop exception at pc = 0x00007f320c9bd1d7, stub =0x00007f3204826680
[2024-05-14T11:37:31.026+0000][33.999s][debug][safepoint     ] Waiting for 1 thread(s) to block
[2024-05-14T11:37:31.026+0000][34.000s][info ][safepoint     ] Entering safepoint region: CGC_Operation
[2024-05-14T11:37:31.026+0000][34.000s][info ][gc,start      ] GC(43) Pause Cleanup
[2024-05-14T11:37:31.026+0000][34.000s][info ][gc            ] GC(43) Pause Cleanup 110M->110M(398M) 0.406ms
[2024-05-14T11:37:31.027+0000][34.000s][info ][gc,cpu        ] GC(43) User=0.00s Sys=0.00s Real=0.00s
[2024-05-14T11:37:31.027+0000][34.000s][info ][safepoint     ] Leaving safepoint region
[2024-05-14T11:37:31.027+0000][34.000s][info ][safepoint     ] Total time for which application threads were stopped: 0.0021219 seconds, Stopping threads took: 0.0014353 seconds
[2024-05-14T11:37:31.027+0000][34.000s][info ][gc,marking    ] GC(43) Concurrent Cleanup for Next Mark
[2024-05-14T11:37:31.033+0000][34.006s][info ][gc,marking    ] GC(43) Concurrent Cleanup for Next Mark 5.997ms
[2024-05-14T11:37:31.033+0000][34.006s][info ][gc            ] GC(43) Concurrent Cycle 323.316ms
[2024-05-14T11:37:31.216+0000][34.189s][debug][safepoint     ] Safepoint synchronization initiated. (54 threads)
[2024-05-14T11:37:31.216+0000][34.190s][info ][safepoint     ] Application time: 0.1892103 seconds
[2024-05-14T11:37:31.216+0000][34.190s][info ][safepoint     ] Entering safepoint region: Deoptimize
[2024-05-14T11:37:31.218+0000][34.192s][info ][safepoint     ] Leaving safepoint region
[2024-05-14T11:37:31.218+0000][34.192s][info ][safepoint     ] Total time for which application threads were stopped: 0.0020570 seconds, Stopping threads took: 0.0000412 seconds
[2024-05-14T11:37:31.357+0000][34.331s][debug][safepoint     ] Safepoint synchronization initiated. (56 threads)
[2024-05-14T11:37:31.357+0000][34.331s][info ][safepoint     ] Application time: 0.1391802 seconds
[2024-05-14T11:37:31.357+0000][34.331s][debug][safepoint     ] Waiting for 1 thread(s) to block
[2024-05-14T11:37:31.357+0000][34.331s][info ][safepoint     ] Entering safepoint region: Deoptimize
[2024-05-14T11:37:31.359+0000][34.333s][info ][safepoint     ] Leaving safepoint region
[2024-05-14T11:37:31.359+0000][34.333s][info ][safepoint     ] Total time for which application threads were stopped: 0.0021302 seconds, Stopping threads took: 0.0001341 seconds
[2024-05-14T11:37:32.359+0000][35.333s][debug][safepoint     ] Safepoint synchronization initiated. (59 threads)
[2024-05-14T11:37:32.359+0000][35.333s][info ][safepoint     ] Application time: 1.0001626 seconds
[2024-05-14T11:37:32.359+0000][35.333s][debug][safepoint     ] Waiting for 1 thread(s) to block
[2024-05-14T11:37:32.360+0000][35.333s][info ][safepoint     ] Entering safepoint region: Cleanup
[2024-05-14T11:37:32.360+0000][35.334s][info ][safepoint     ] Leaving safepoint region
[2024-05-14T11:37:32.360+0000][35.334s][info ][safepoint     ] Total time for which application threads were stopped: 0.0005474 seconds, Stopping threads took: 0.0003393 seconds
[2024-05-14T11:37:32.491+0000][35.465s][debug][safepoint     ] Safepoint synchronization initiated. (63 threads)
[2024-05-14T11:37:32.491+0000][35.465s][info ][safepoint     ] Application time: 0.1312849 seconds
[2024-05-14T11:37:32.491+0000][35.465s][debug][safepoint     ] Waiting for 1 thread(s) to block
[2024-05-14T11:37:32.491+0000][35.465s][info ][safepoint     ] Entering safepoint region: Deoptimize
[2024-05-14T11:37:32.493+0000][35.467s][info ][safepoint     ] Leaving safepoint region
[2024-05-14T11:37:32.493+0000][35.467s][info ][safepoint     ] Total time for which application threads were stopped: 0.0018513 seconds, Stopping threads took: 0.0000756 seconds
[2024-05-14T11:37:32.820+0000][35.794s][debug][safepoint     ] Safepoint synchronization initiated. (67 threads)
[2024-05-14T11:37:32.820+0000][35.794s][info ][safepoint     ] Application time: 0.3273518 seconds
[2024-05-14T11:37:32.821+0000][35.794s][info ][safepoint     ] Entering safepoint region: G1CollectForAllocation
[2024-05-14T11:37:32.821+0000][35.795s][info ][gc,start      ] GC(44) Pause Young (Concurrent Start) (G1 Evacuation Pause)
[2024-05-14T11:37:32.821+0000][35.795s][info ][gc,task       ] GC(44) Using 4 workers of 4 for evacuation
[2024-05-14T11:37:32.850+0000][35.823s][info ][gc,phases     ] GC(44)   Pre Evacuate Collection Set: 0.7ms
[2024-05-14T11:37:32.850+0000][35.823s][info ][gc,phases     ] GC(44)   Evacuate Collection Set: 23.7ms
[2024-05-14T11:37:32.850+0000][35.823s][info ][gc,phases     ] GC(44)   Post Evacuate Collection Set: 3.5ms
[2024-05-14T11:37:32.850+0000][35.823s][info ][gc,phases     ] GC(44)   Other: 0.6ms
[2024-05-14T11:37:32.850+0000][35.823s][info ][gc,heap       ] GC(44) Eden regions: 198->0(208)
[2024-05-14T11:37:32.850+0000][35.823s][info ][gc,heap       ] GC(44) Survivor regions: 15->16(27)
[2024-05-14T11:37:32.850+0000][35.824s][info ][gc,heap       ] GC(44) Old regions: 67->71
[2024-05-14T11:37:32.850+0000][35.824s][info ][gc,heap       ] GC(44) Humongous regions: 0->0
[2024-05-14T11:37:32.850+0000][35.824s][info ][gc,metaspace  ] GC(44) Metaspace: 116161K(119536K)->116161K(119536K) NonClass: 101984K(103972K)->101984K(103972K) Class: 14177K(15564K)->14177K(15564K)
[2024-05-14T11:37:32.850+0000][35.824s][info ][gc            ] GC(44) Pause Young (Concurrent Start) (G1 Evacuation Pause) 278M->85M(398M) 28.834ms
[2024-05-14T11:37:32.850+0000][35.824s][info ][gc,cpu        ] GC(44) User=0.11s Sys=0.00s Real=0.03s
[2024-05-14T11:37:32.850+0000][35.824s][info ][safepoint     ] Leaving safepoint region
[2024-05-14T11:37:32.850+0000][35.824s][info ][safepoint     ] Total time for which application threads were stopped: 0.0294793 seconds, Stopping threads took: 0.0000496 seconds
[2024-05-14T11:37:32.850+0000][35.824s][info ][gc            ] GC(45) Concurrent Cycle
[2024-05-14T11:37:32.850+0000][35.824s][info ][gc,marking    ] GC(45) Concurrent Clear Claimed Marks
[2024-05-14T11:37:32.850+0000][35.824s][info ][gc,marking    ] GC(45) Concurrent Clear Claimed Marks 0.325ms
[2024-05-14T11:37:32.850+0000][35.824s][info ][gc,marking    ] GC(45) Concurrent Scan Root Regions
[2024-05-14T11:37:32.851+0000][35.824s][info ][gc,stringdedup] Concurrent String Deduplication (35.824s)
[2024-05-14T11:37:32.857+0000][35.831s][info ][gc,stringdedup] Concurrent String Deduplication 442.7K->277.9K(164.8K) avg 50.3% (35.824s, 35.831s) 6.656ms
[2024-05-14T11:37:32.874+0000][35.847s][info ][gc,marking    ] GC(45) Concurrent Scan Root Regions 23.088ms
[2024-05-14T11:37:32.874+0000][35.847s][info ][gc,marking    ] GC(45) Concurrent Mark (35.847s)
[2024-05-14T11:37:32.874+0000][35.847s][info ][gc,marking    ] GC(45) Concurrent Mark From Roots
[2024-05-14T11:37:32.874+0000][35.847s][info ][gc,task       ] GC(45) Using 1 workers of 1 for marking
[2024-05-14T11:37:32.982+0000][35.956s][debug][safepoint     ] Safepoint synchronization initiated. (67 threads)
[2024-05-14T11:37:32.982+0000][35.956s][info ][safepoint     ] Application time: 0.1323978 seconds
[2024-05-14T11:37:32.982+0000][35.956s][info ][safepoint     ] Entering safepoint region: ICBufferFull
[2024-05-14T11:37:32.983+0000][35.956s][info ][safepoint     ] Leaving safepoint region
[2024-05-14T11:37:32.983+0000][35.956s][info ][safepoint     ] Total time for which application threads were stopped: 0.0002898 seconds, Stopping threads took: 0.0000471 seconds
[2024-05-14T11:37:33.051+0000][36.025s][info ][gc,marking    ] GC(45) Concurrent Mark From Roots 177.453ms
[2024-05-14T11:37:33.051+0000][36.025s][info ][gc,marking    ] GC(45) Concurrent Preclean
[2024-05-14T11:37:33.051+0000][36.025s][info ][gc,marking    ] GC(45) Concurrent Preclean 0.182ms
[2024-05-14T11:37:33.051+0000][36.025s][info ][gc,marking    ] GC(45) Concurrent Mark (35.847s, 36.025s) 177.734ms
[2024-05-14T11:37:33.051+0000][36.025s][debug][safepoint     ] Safepoint synchronization initiated. (68 threads)
[2024-05-14T11:37:33.051+0000][36.025s][info ][safepoint     ] Application time: 0.0686670 seconds
[2024-05-14T11:37:33.054+0000][36.027s][debug][safepoint     ] ... found polling page return exception at pc = 0x00007f320cc0669e, stub =0x00007f3204824b00
[2024-05-14T11:37:33.054+0000][36.027s][debug][safepoint     ] Waiting for 1 thread(s) to block
[2024-05-14T11:37:33.054+0000][36.028s][info ][safepoint     ] Entering safepoint region: CGC_Operation
[2024-05-14T11:37:33.054+0000][36.028s][info ][gc,start      ] GC(45) Pause Remark
[2024-05-14T11:37:33.077+0000][36.051s][info ][gc,stringtable] GC(45) Cleaned string and symbol table, strings: 53984 processed, 1 removed, symbols: 316077 processed, 23 removed
[2024-05-14T11:37:33.077+0000][36.051s][info ][gc            ] GC(45) Pause Remark 110M->110M(398M) 23.239ms
[2024-05-14T11:37:33.077+0000][36.051s][info ][gc,cpu        ] GC(45) User=0.08s Sys=0.00s Real=0.02s
[2024-05-14T11:37:33.077+0000][36.051s][info ][safepoint     ] Leaving safepoint region
[2024-05-14T11:37:33.077+0000][36.051s][info ][safepoint     ] Total time for which application threads were stopped: 0.0259537 seconds, Stopping threads took: 0.0024262 seconds
[2024-05-14T11:37:33.077+0000][36.051s][info ][gc,marking    ] GC(45) Concurrent Rebuild Remembered Sets
[2024-05-14T11:37:33.174+0000][36.147s][info ][gc,marking    ] GC(45) Concurrent Rebuild Remembered Sets 96.217ms
[2024-05-14T11:37:33.174+0000][36.147s][debug][safepoint     ] Safepoint synchronization initiated. (69 threads)
[2024-05-14T11:37:33.174+0000][36.148s][info ][safepoint     ] Application time: 0.0964264 seconds
[2024-05-14T11:37:33.174+0000][36.148s][debug][safepoint     ] Waiting for 1 thread(s) to block
[2024-05-14T11:37:33.174+0000][36.148s][info ][safepoint     ] Entering safepoint region: CGC_Operation
[2024-05-14T11:37:33.174+0000][36.148s][info ][gc,start      ] GC(45) Pause Cleanup
[2024-05-14T11:37:33.174+0000][36.148s][info ][gc            ] GC(45) Pause Cleanup 123M->123M(398M) 0.348ms
[2024-05-14T11:37:33.175+0000][36.148s][info ][gc,cpu        ] GC(45) User=0.00s Sys=0.00s Real=0.00s
[2024-05-14T11:37:33.175+0000][36.148s][info ][safepoint     ] Leaving safepoint region
[2024-05-14T11:37:33.175+0000][36.148s][info ][safepoint     ] Total time for which application threads were stopped: 0.0007635 seconds, Stopping threads took: 0.0001109 seconds
[2024-05-14T11:37:33.175+0000][36.148s][info ][gc,marking    ] GC(45) Concurrent Cleanup for Next Mark
[2024-05-14T11:37:33.182+0000][36.156s][info ][gc,marking    ] GC(45) Concurrent Cleanup for Next Mark 7.598ms
[2024-05-14T11:37:33.182+0000][36.156s][info ][gc            ] GC(45) Concurrent Cycle 332.242ms
[2024-05-14T11:37:33.334+0000][36.308s][debug][safepoint     ] Safepoint synchronization initiated. (69 threads)
[2024-05-14T11:37:33.334+0000][36.308s][info ][safepoint     ] Application time: 0.1596512 seconds
[2024-05-14T11:37:33.334+0000][36.308s][info ][safepoint     ] Entering safepoint region: Deoptimize
[2024-05-14T11:37:33.336+0000][36.310s][info ][safepoint     ] Leaving safepoint region
[2024-05-14T11:37:33.336+0000][36.310s][info ][safepoint     ] Total time for which application threads were stopped: 0.0018827 seconds, Stopping threads took: 0.0000472 seconds
[2024-05-14T11:37:33.789+0000][36.762s][debug][safepoint     ] Safepoint synchronization initiated. (70 threads)
[2024-05-14T11:37:33.789+0000][36.762s][info ][safepoint     ] Application time: 0.4525383 seconds
[2024-05-14T11:37:33.789+0000][36.762s][debug][safepoint     ] Waiting for 1 thread(s) to block
[2024-05-14T11:37:33.789+0000][36.762s][info ][safepoint     ] Entering safepoint region: Deoptimize
[2024-05-14T11:37:33.791+0000][36.764s][info ][safepoint     ] Leaving safepoint region
[2024-05-14T11:37:33.791+0000][36.765s][info ][safepoint     ] Total time for which application threads were stopped: 0.0021044 seconds, Stopping threads took: 0.0000873 seconds
[2024-05-14T11:37:33.914+0000][36.888s][debug][safepoint     ] Safepoint synchronization initiated. (70 threads)
[2024-05-14T11:37:33.914+0000][36.888s][info ][safepoint     ] Application time: 0.1233190 seconds
[2024-05-14T11:37:33.914+0000][36.888s][debug][safepoint     ] Waiting for 1 thread(s) to block
[2024-05-14T11:37:33.914+0000][36.888s][info ][safepoint     ] Entering safepoint region: ICBufferFull
[2024-05-14T11:37:33.915+0000][36.888s][info ][safepoint     ] Leaving safepoint region
[2024-05-14T11:37:33.915+0000][36.888s][info ][safepoint     ] Total time for which application threads were stopped: 0.0003883 seconds, Stopping threads took: 0.0000787 seconds
[2024-05-14T11:37:34.171+0000][37.145s][debug][safepoint     ] Safepoint synchronization initiated. (70 threads)
[2024-05-14T11:37:34.171+0000][37.145s][info ][safepoint     ] Application time: 0.2563289 seconds
[2024-05-14T11:37:34.171+0000][37.145s][info ][safepoint     ] Entering safepoint region: Deoptimize
[2024-05-14T11:37:34.173+0000][37.147s][info ][safepoint     ] Leaving safepoint region
[2024-05-14T11:37:34.173+0000][37.147s][info ][safepoint     ] Total time for which application threads were stopped: 0.0023324 seconds, Stopping threads took: 0.0000481 seconds
[2024-05-14T11:37:34.175+0000][37.149s][debug][safepoint     ] Safepoint synchronization initiated. (70 threads)
[2024-05-14T11:37:34.175+0000][37.149s][info ][safepoint     ] Application time: 0.0017920 seconds
[2024-05-14T11:37:34.175+0000][37.149s][info ][safepoint     ] Entering safepoint region: Deoptimize
[2024-05-14T11:37:34.176+0000][37.150s][info ][safepoint     ] Leaving safepoint region
[2024-05-14T11:37:34.176+0000][37.150s][info ][safepoint     ] Total time for which application threads were stopped: 0.0009902 seconds, Stopping threads took: 0.0000260 seconds
[2024-05-14T11:37:34.374+0000][37.348s][debug][safepoint     ] Safepoint synchronization initiated. (70 threads)
[2024-05-14T11:37:34.374+0000][37.348s][info ][safepoint     ] Application time: 0.1983248 seconds
[2024-05-14T11:37:34.375+0000][37.348s][info ][safepoint     ] Entering safepoint region: G1CollectForAllocation
[2024-05-14T11:37:34.375+0000][37.349s][info ][gc,start      ] GC(46) Pause Young (Normal) (G1 Evacuation Pause)
[2024-05-14T11:37:34.375+0000][37.349s][info ][gc,task       ] GC(46) Using 4 workers of 4 for evacuation
[2024-05-14T11:37:34.407+0000][37.381s][info ][gc,phases     ] GC(46)   Pre Evacuate Collection Set: 0.0ms
[2024-05-14T11:37:34.407+0000][37.381s][info ][gc,phases     ] GC(46)   Evacuate Collection Set: 28.0ms
[2024-05-14T11:37:34.407+0000][37.381s][info ][gc,phases     ] GC(46)   Post Evacuate Collection Set: 4.1ms
[2024-05-14T11:37:34.407+0000][37.381s][info ][gc,phases     ] GC(46)   Other: 0.3ms
[2024-05-14T11:37:34.407+0000][37.381s][info ][gc,heap       ] GC(46) Eden regions: 208->0(210)
[2024-05-14T11:37:34.407+0000][37.381s][info ][gc,heap       ] GC(46) Survivor regions: 16->16(28)
[2024-05-14T11:37:34.407+0000][37.381s][info ][gc,heap       ] GC(46) Old regions: 71->77
[2024-05-14T11:37:34.407+0000][37.381s][info ][gc,heap       ] GC(46) Humongous regions: 0->0
[2024-05-14T11:37:34.408+0000][37.381s][info ][gc,metaspace  ] GC(46) Metaspace: 120517K(124016K)->120517K(124016K) NonClass: 105883K(108068K)->105883K(108068K) Class: 14634K(15948K)->14634K(15948K)
[2024-05-14T11:37:34.408+0000][37.381s][info ][gc            ] GC(46) Pause Young (Normal) (G1 Evacuation Pause) 293M->90M(398M) 32.662ms
[2024-05-14T11:37:34.408+0000][37.381s][info ][gc,cpu        ] GC(46) User=0.12s Sys=0.00s Real=0.03s
[2024-05-14T11:37:34.408+0000][37.381s][info ][safepoint     ] Leaving safepoint region
[2024-05-14T11:37:34.408+0000][37.381s][info ][safepoint     ] Total time for which application threads were stopped: 0.0331935 seconds, Stopping threads took: 0.0000768 seconds
[2024-05-14T11:37:34.408+0000][37.382s][info ][gc,stringdedup] Concurrent String Deduplication (37.382s)
[2024-05-14T11:37:34.410+0000][37.384s][info ][gc,stringdedup] Concurrent String Deduplication 220.2K->105.7K(114.5K) avg 50.4% (37.382s, 37.384s) 2.384ms
[2024-05-14T11:37:34.697+0000][37.671s][debug][safepoint     ] Safepoint synchronization initiated. (73 threads)
[2024-05-14T11:37:34.697+0000][37.671s][info ][safepoint     ] Application time: 0.2895651 seconds
[2024-05-14T11:37:34.697+0000][37.671s][info ][safepoint     ] Entering safepoint region: Deoptimize
[2024-05-14T11:37:34.700+0000][37.674s][info ][safepoint     ] Leaving safepoint region
[2024-05-14T11:37:34.700+0000][37.674s][info ][safepoint     ] Total time for which application threads were stopped: 0.0027380 seconds, Stopping threads took: 0.0000840 seconds
[2024-05-14T11:37:35.374+0000][38.348s][debug][safepoint     ] Safepoint synchronization initiated. (74 threads)
[2024-05-14T11:37:35.374+0000][38.348s][info ][safepoint     ] Application time: 0.6739052 seconds
[2024-05-14T11:37:35.374+0000][38.348s][debug][safepoint     ] Waiting for 1 thread(s) to block
[2024-05-14T11:37:35.374+0000][38.348s][info ][safepoint     ] Entering safepoint region: ICBufferFull
[2024-05-14T11:37:35.374+0000][38.348s][info ][safepoint     ] Leaving safepoint region
[2024-05-14T11:37:35.375+0000][38.348s][info ][safepoint     ] Total time for which application threads were stopped: 0.0005527 seconds, Stopping threads took: 0.0001665 seconds
[2024-05-14T11:37:35.869+0000][38.843s][debug][safepoint     ] Safepoint synchronization initiated. (74 threads)
[2024-05-14T11:37:35.869+0000][38.843s][info ][safepoint     ] Application time: 0.4946385 seconds
[2024-05-14T11:37:35.869+0000][38.843s][info ][safepoint     ] Entering safepoint region: G1CollectForAllocation
[2024-05-14T11:37:35.870+0000][38.843s][info ][gc,start      ] GC(47) Pause Young (Normal) (G1 Evacuation Pause)
[2024-05-14T11:37:35.870+0000][38.843s][info ][gc,task       ] GC(47) Using 4 workers of 4 for evacuation
[2024-05-14T11:37:35.915+0000][38.889s][info ][gc,phases     ] GC(47)   Pre Evacuate Collection Set: 0.1ms
[2024-05-14T11:37:35.915+0000][38.889s][info ][gc,phases     ] GC(47)   Evacuate Collection Set: 38.7ms
[2024-05-14T11:37:35.915+0000][38.889s][info ][gc,phases     ] GC(47)   Post Evacuate Collection Set: 5.9ms
[2024-05-14T11:37:35.915+0000][38.889s][info ][gc,phases     ] GC(47)   Other: 0.6ms
[2024-05-14T11:37:35.915+0000][38.889s][info ][gc,heap       ] GC(47) Eden regions: 210->0(212)
[2024-05-14T11:37:35.915+0000][38.889s][info ][gc,heap       ] GC(47) Survivor regions: 16->16(29)
[2024-05-14T11:37:35.915+0000][38.889s][info ][gc,heap       ] GC(47) Old regions: 77->81
[2024-05-14T11:37:35.915+0000][38.889s][info ][gc,heap       ] GC(47) Humongous regions: 1->0
[2024-05-14T11:37:35.915+0000][38.889s][info ][gc,metaspace  ] GC(47) Metaspace: 124945K(128752K)->124945K(128752K) NonClass: 109998K(112420K)->109998K(112420K) Class: 14946K(16332K)->14946K(16332K)
[2024-05-14T11:37:35.915+0000][38.889s][info ][gc            ] GC(47) Pause Young (Normal) (G1 Evacuation Pause) 301M->94M(398M) 45.555ms
[2024-05-14T11:37:35.915+0000][38.889s][info ][gc,cpu        ] GC(47) User=0.12s Sys=0.00s Real=0.05s
[2024-05-14T11:37:35.915+0000][38.889s][info ][safepoint     ] Leaving safepoint region
[2024-05-14T11:37:35.915+0000][38.889s][info ][safepoint     ] Total time for which application threads were stopped: 0.0461276 seconds, Stopping threads took: 0.0000555 seconds
[2024-05-14T11:37:35.916+0000][38.889s][info ][gc,stringdedup] Concurrent String Deduplication (38.889s)
[2024-05-14T11:37:35.926+0000][38.899s][info ][gc,stringdedup] Concurrent String Deduplication 369.0K->217.4K(151.6K) avg 50.1% (38.889s, 38.899s) 10.110ms
[2024-05-14T11:37:36.539+0000][39.513s][debug][safepoint     ] Safepoint synchronization initiated. (74 threads)
[2024-05-14T11:37:36.539+0000][39.513s][info ][safepoint     ] Application time: 0.6239765 seconds
[2024-05-14T11:37:36.539+0000][39.513s][info ][safepoint     ] Entering safepoint region: Deoptimize
[2024-05-14T11:37:36.542+0000][39.515s][info ][safepoint     ] Leaving safepoint region
[2024-05-14T11:37:36.542+0000][39.515s][info ][safepoint     ] Total time for which application threads were stopped: 0.0022909 seconds, Stopping threads took: 0.0000553 seconds
[2024-05-14T11:37:36.830+0000][39.804s][debug][safepoint     ] Safepoint synchronization initiated. (74 threads)
[2024-05-14T11:37:36.830+0000][39.804s][info ][safepoint     ] Application time: 0.2883068 seconds
[2024-05-14T11:37:36.830+0000][39.804s][debug][safepoint     ] Waiting for 1 thread(s) to block
[2024-05-14T11:37:36.830+0000][39.804s][info ][safepoint     ] Entering safepoint region: ICBufferFull
[2024-05-14T11:37:36.830+0000][39.804s][info ][safepoint     ] Leaving safepoint region
[2024-05-14T11:37:36.830+0000][39.804s][info ][safepoint     ] Total time for which application threads were stopped: 0.0005011 seconds, Stopping threads took: 0.0001226 seconds
[2024-05-14T11:37:37.454+0000][40.427s][debug][safepoint     ] Safepoint synchronization initiated. (75 threads)
[2024-05-14T11:37:37.454+0000][40.427s][info ][safepoint     ] Application time: 0.6232107 seconds
[2024-05-14T11:37:37.454+0000][40.427s][info ][safepoint     ] Entering safepoint region: ICBufferFull
[2024-05-14T11:37:37.454+0000][40.428s][info ][safepoint     ] Leaving safepoint region
[2024-05-14T11:37:37.454+0000][40.428s][info ][safepoint     ] Total time for which application threads were stopped: 0.0003613 seconds, Stopping threads took: 0.0000495 seconds
[2024-05-14T11:37:37.515+0000][40.489s][debug][safepoint     ] Safepoint synchronization initiated. (75 threads)
[2024-05-14T11:37:37.515+0000][40.489s][info ][safepoint     ] Application time: 0.0608461 seconds
[2024-05-14T11:37:37.515+0000][40.489s][info ][safepoint     ] Entering safepoint region: G1CollectForAllocation
[2024-05-14T11:37:37.515+0000][40.489s][info ][gc,start      ] GC(48) Pause Young (Normal) (G1 Evacuation Pause)
[2024-05-14T11:37:37.515+0000][40.489s][info ][gc,task       ] GC(48) Using 4 workers of 4 for evacuation
[2024-05-14T11:37:37.547+0000][40.521s][info ][gc,phases     ] GC(48)   Pre Evacuate Collection Set: 0.0ms
[2024-05-14T11:37:37.547+0000][40.521s][info ][gc,phases     ] GC(48)   Evacuate Collection Set: 24.0ms
[2024-05-14T11:37:37.547+0000][40.521s][info ][gc,phases     ] GC(48)   Post Evacuate Collection Set: 7.7ms
[2024-05-14T11:37:37.547+0000][40.521s][info ][gc,phases     ] GC(48)   Other: 0.3ms
[2024-05-14T11:37:37.547+0000][40.521s][info ][gc,heap       ] GC(48) Eden regions: 212->0(213)
[2024-05-14T11:37:37.547+0000][40.521s][info ][gc,heap       ] GC(48) Survivor regions: 16->19(29)
[2024-05-14T11:37:37.547+0000][40.521s][info ][gc,heap       ] GC(48) Old regions: 81->82
[2024-05-14T11:37:37.547+0000][40.521s][info ][gc,heap       ] GC(48) Humongous regions: 0->0
[2024-05-14T11:37:37.547+0000][40.521s][info ][gc,metaspace  ] GC(48) Metaspace: 129485K(133232K)->129485K(133232K) NonClass: 114125K(116516K)->114125K(116516K) Class: 15359K(16716K)->15359K(16716K)
[2024-05-14T11:37:37.547+0000][40.521s][info ][gc            ] GC(48) Pause Young (Normal) (G1 Evacuation Pause) 306M->99M(398M) 32.244ms
[2024-05-14T11:37:37.548+0000][40.521s][info ][gc,cpu        ] GC(48) User=0.11s Sys=0.01s Real=0.03s
[2024-05-14T11:37:37.548+0000][40.521s][info ][safepoint     ] Leaving safepoint region
[2024-05-14T11:37:37.548+0000][40.521s][info ][safepoint     ] Total time for which application threads were stopped: 0.0326227 seconds, Stopping threads took: 0.0000478 seconds
[2024-05-14T11:37:37.548+0000][40.522s][info ][gc,stringdedup] Concurrent String Deduplication (40.521s)
[2024-05-14T11:37:37.554+0000][40.528s][info ][gc,stringdedup] Concurrent String Deduplication 635.9K->386.3K(249.6K) avg 49.6% (40.521s, 40.528s) 6.078ms
[2024-05-14T11:37:38.364+0000][41.338s][debug][safepoint     ] Safepoint synchronization initiated. (76 threads)
[2024-05-14T11:37:38.364+0000][41.338s][info ][safepoint     ] Application time: 0.8164543 seconds
[2024-05-14T11:37:38.364+0000][41.338s][debug][safepoint     ] Waiting for 1 thread(s) to block
[2024-05-14T11:37:38.364+0000][41.338s][info ][safepoint     ] Entering safepoint region: ICBufferFull
[2024-05-14T11:37:38.365+0000][41.338s][info ][safepoint     ] Leaving safepoint region
[2024-05-14T11:37:38.365+0000][41.338s][info ][safepoint     ] Total time for which application threads were stopped: 0.0006172 seconds, Stopping threads took: 0.0002162 seconds
[2024-05-14T11:37:38.534+0000][41.508s][debug][safepoint     ] Safepoint synchronization initiated. (76 threads)
[2024-05-14T11:37:38.534+0000][41.508s][info ][safepoint     ] Application time: 0.1697733 seconds
[2024-05-14T11:37:38.535+0000][41.508s][info ][safepoint     ] Entering safepoint region: Deoptimize
[2024-05-14T11:37:38.536+0000][41.510s][info ][safepoint     ] Leaving safepoint region
[2024-05-14T11:37:38.537+0000][41.510s][info ][safepoint     ] Total time for which application threads were stopped: 0.0020079 seconds, Stopping threads took: 0.0000499 seconds
[2024-05-14T11:37:38.634+0000][41.607s][debug][safepoint     ] Safepoint synchronization initiated. (76 threads)
[2024-05-14T11:37:38.634+0000][41.607s][info ][safepoint     ] Application time: 0.0971041 seconds
[2024-05-14T11:37:38.634+0000][41.607s][info ][safepoint     ] Entering safepoint region: Deoptimize
[2024-05-14T11:37:38.636+0000][41.609s][info ][safepoint     ] Leaving safepoint region
[2024-05-14T11:37:38.636+0000][41.609s][info ][safepoint     ] Total time for which application threads were stopped: 0.0020560 seconds, Stopping threads took: 0.0000523 seconds
[2024-05-14T11:37:38.670+0000][41.644s][debug][safepoint     ] Safepoint synchronization initiated. (79 threads)
[2024-05-14T11:37:38.670+0000][41.644s][info ][safepoint     ] Application time: 0.0342538 seconds
[2024-05-14T11:37:38.670+0000][41.644s][debug][safepoint     ] Waiting for 1 thread(s) to block
[2024-05-14T11:37:38.670+0000][41.644s][info ][safepoint     ] Entering safepoint region: G1CollectForAllocation
[2024-05-14T11:37:38.670+0000][41.644s][info ][gc,start      ] GC(49) Pause Young (Normal) (G1 Evacuation Pause)
[2024-05-14T11:37:38.670+0000][41.644s][info ][gc,task       ] GC(49) Using 4 workers of 4 for evacuation
[2024-05-14T11:37:38.699+0000][41.673s][info ][gc,phases     ] GC(49)   Pre Evacuate Collection Set: 0.0ms
[2024-05-14T11:37:38.699+0000][41.673s][info ][gc,phases     ] GC(49)   Evacuate Collection Set: 23.8ms
[2024-05-14T11:37:38.699+0000][41.673s][info ][gc,phases     ] GC(49)   Post Evacuate Collection Set: 4.9ms
[2024-05-14T11:37:38.699+0000][41.673s][info ][gc,phases     ] GC(49)   Other: 0.3ms
[2024-05-14T11:37:38.699+0000][41.673s][info ][gc,heap       ] GC(49) Eden regions: 213->0(214)
[2024-05-14T11:37:38.699+0000][41.673s][info ][gc,heap       ] GC(49) Survivor regions: 19->18(29)
[2024-05-14T11:37:38.699+0000][41.673s][info ][gc,heap       ] GC(49) Old regions: 82->87
[2024-05-14T11:37:38.699+0000][41.673s][info ][gc,heap       ] GC(49) Humongous regions: 0->0
[2024-05-14T11:37:38.699+0000][41.673s][info ][gc,metaspace  ] GC(49) Metaspace: 132167K(136048K)->132167K(136048K) NonClass: 116590K(119076K)->116590K(119076K) Class: 15576K(16972K)->15576K(16972K)
[2024-05-14T11:37:38.700+0000][41.673s][info ][gc            ] GC(49) Pause Young (Normal) (G1 Evacuation Pause) 312M->102M(398M) 29.224ms
[2024-05-14T11:37:38.700+0000][41.673s][info ][gc,cpu        ] GC(49) User=0.11s Sys=0.01s Real=0.03s
[2024-05-14T11:37:38.700+0000][41.673s][info ][safepoint     ] Leaving safepoint region
[2024-05-14T11:37:38.700+0000][41.673s][info ][safepoint     ] Total time for which application threads were stopped: 0.0296017 seconds, Stopping threads took: 0.0000859 seconds
[2024-05-14T11:37:38.700+0000][41.673s][info ][gc,stringdedup] Concurrent String Deduplication (41.673s)
[2024-05-14T11:37:38.702+0000][41.676s][info ][gc,stringdedup] Concurrent String Deduplication 509.0K->165.2K(343.8K) avg 50.2% (41.673s, 41.676s) 2.370ms
[2024-05-14T11:37:38.961+0000][41.935s][debug][safepoint     ] Safepoint synchronization initiated. (79 threads)
[2024-05-14T11:37:38.962+0000][41.935s][info ][safepoint     ] Application time: 0.2619153 seconds
[2024-05-14T11:37:38.962+0000][41.935s][debug][safepoint     ] Waiting for 1 thread(s) to block
[2024-05-14T11:37:38.962+0000][41.935s][info ][safepoint     ] Entering safepoint region: Deoptimize
[2024-05-14T11:37:38.964+0000][41.937s][info ][safepoint     ] Leaving safepoint region
[2024-05-14T11:37:38.964+0000][41.937s][info ][safepoint     ] Total time for which application threads were stopped: 0.0020060 seconds, Stopping threads took: 0.0001138 seconds
[2024-05-14T11:37:39.093+0000][42.067s][debug][safepoint     ] Safepoint synchronization initiated. (79 threads)
[2024-05-14T11:37:39.093+0000][42.067s][info ][safepoint     ] Application time: 0.1298696 seconds
[2024-05-14T11:37:39.094+0000][42.067s][info ][safepoint     ] Entering safepoint region: Deoptimize
[2024-05-14T11:37:39.096+0000][42.069s][info ][safepoint     ] Leaving safepoint region
[2024-05-14T11:37:39.096+0000][42.070s][info ][safepoint     ] Total time for which application threads were stopped: 0.0022915 seconds, Stopping threads took: 0.0000849 seconds
[2024-05-14T11:37:39.145+0000][42.119s][debug][safepoint     ] Safepoint synchronization initiated. (79 threads)
[2024-05-14T11:37:39.145+0000][42.119s][info ][safepoint     ] Application time: 0.0494146 seconds
[2024-05-14T11:37:39.145+0000][42.119s][info ][safepoint     ] Entering safepoint region: Deoptimize
[2024-05-14T11:37:39.147+0000][42.121s][info ][safepoint     ] Leaving safepoint region
[2024-05-14T11:37:39.147+0000][42.121s][info ][safepoint     ] Total time for which application threads were stopped: 0.0021711 seconds, Stopping threads took: 0.0001009 seconds
[2024-05-14T11:37:39.206+0000][42.180s][debug][safepoint     ] Safepoint synchronization initiated. (79 threads)
[2024-05-14T11:37:39.206+0000][42.180s][info ][safepoint     ] Application time: 0.0589318 seconds
[2024-05-14T11:37:39.206+0000][42.180s][info ][safepoint     ] Entering safepoint region: Deoptimize
[2024-05-14T11:37:39.209+0000][42.183s][info ][safepoint     ] Leaving safepoint region
[2024-05-14T11:37:39.209+0000][42.183s][info ][safepoint     ] Total time for which application threads were stopped: 0.0024808 seconds, Stopping threads took: 0.0000493 seconds
[2024-05-14T11:37:39.455+0000][42.428s][debug][safepoint     ] Safepoint synchronization initiated. (79 threads)
[2024-05-14T11:37:39.455+0000][42.428s][info ][safepoint     ] Application time: 0.2457960 seconds
[2024-05-14T11:37:39.455+0000][42.428s][info ][safepoint     ] Entering safepoint region: Deoptimize
[2024-05-14T11:37:39.457+0000][42.431s][info ][safepoint     ] Leaving safepoint region
[2024-05-14T11:37:39.457+0000][42.431s][info ][safepoint     ] Total time for which application threads were stopped: 0.0024010 seconds, Stopping threads took: 0.0000501 seconds
[2024-05-14T11:37:39.459+0000][42.433s][debug][safepoint     ] Safepoint synchronization initiated. (79 threads)
[2024-05-14T11:37:39.459+0000][42.433s][info ][safepoint     ] Application time: 0.0018650 seconds
[2024-05-14T11:37:39.459+0000][42.433s][info ][safepoint     ] Entering safepoint region: Deoptimize
[2024-05-14T11:37:39.460+0000][42.434s][info ][safepoint     ] Leaving safepoint region
[2024-05-14T11:37:39.460+0000][42.434s][info ][safepoint     ] Total time for which application threads were stopped: 0.0010810 seconds, Stopping threads took: 0.0000271 seconds
[2024-05-14T11:37:40.460+0000][43.434s][debug][safepoint     ] Safepoint synchronization initiated. (79 threads)
[2024-05-14T11:37:40.460+0000][43.434s][info ][safepoint     ] Application time: 1.0001995 seconds
[2024-05-14T11:37:40.460+0000][43.434s][debug][safepoint     ] Waiting for 1 thread(s) to block
[2024-05-14T11:37:40.460+0000][43.434s][info ][safepoint     ] Entering safepoint region: Cleanup
[2024-05-14T11:37:40.461+0000][43.434s][info ][safepoint     ] Leaving safepoint region
[2024-05-14T11:37:40.461+0000][43.434s][info ][safepoint     ] Total time for which application threads were stopped: 0.0004097 seconds, Stopping threads took: 0.0001353 seconds
[2024-05-14T11:37:40.772+0000][43.746s][debug][safepoint     ] Safepoint synchronization initiated. (80 threads)
[2024-05-14T11:37:40.773+0000][43.746s][info ][safepoint     ] Application time: 0.3118507 seconds
[2024-05-14T11:37:40.773+0000][43.746s][debug][safepoint     ] Waiting for 1 thread(s) to block
[2024-05-14T11:37:40.773+0000][43.746s][info ][safepoint     ] Entering safepoint region: G1CollectForAllocation
[2024-05-14T11:37:40.773+0000][43.747s][info ][gc,start      ] GC(50) Pause Young (Normal) (G1 Evacuation Pause)
[2024-05-14T11:37:40.773+0000][43.747s][info ][gc,task       ] GC(50) Using 4 workers of 4 for evacuation
[2024-05-14T11:37:40.815+0000][43.789s][info ][gc,phases     ] GC(50)   Pre Evacuate Collection Set: 0.2ms
[2024-05-14T11:37:40.815+0000][43.789s][info ][gc,phases     ] GC(50)   Evacuate Collection Set: 36.7ms
[2024-05-14T11:37:40.815+0000][43.789s][info ][gc,phases     ] GC(50)   Post Evacuate Collection Set: 4.6ms
[2024-05-14T11:37:40.815+0000][43.789s][info ][gc,phases     ] GC(50)   Other: 0.5ms
[2024-05-14T11:37:40.815+0000][43.789s][info ][gc,heap       ] GC(50) Eden regions: 214->0(215)
[2024-05-14T11:37:40.815+0000][43.789s][info ][gc,heap       ] GC(50) Survivor regions: 18->19(29)
[2024-05-14T11:37:40.815+0000][43.789s][info ][gc,heap       ] GC(50) Old regions: 87->92
[2024-05-14T11:37:40.815+0000][43.789s][info ][gc,heap       ] GC(50) Humongous regions: 0->0
[2024-05-14T11:37:40.815+0000][43.789s][info ][gc,metaspace  ] GC(50) Metaspace: 140361K(144496K)->140361K(144496K) NonClass: 123899K(126500K)->123899K(126500K) Class: 16462K(17996K)->16462K(17996K)
[2024-05-14T11:37:40.815+0000][43.789s][info ][gc            ] GC(50) Pause Young (Normal) (G1 Evacuation Pause) 316M->109M(398M) 42.196ms
[2024-05-14T11:37:40.815+0000][43.789s][info ][gc,cpu        ] GC(50) User=0.16s Sys=0.00s Real=0.04s
[2024-05-14T11:37:40.815+0000][43.789s][info ][safepoint     ] Leaving safepoint region
[2024-05-14T11:37:40.815+0000][43.789s][info ][safepoint     ] Total time for which application threads were stopped: 0.0426781 seconds, Stopping threads took: 0.0000950 seconds
[2024-05-14T11:37:40.815+0000][43.789s][info ][gc,stringdedup] Concurrent String Deduplication (43.789s)
[2024-05-14T11:37:40.818+0000][43.791s][info ][gc,stringdedup] Concurrent String Deduplication 473.5K->152.1K(321.4K) avg 50.8% (43.789s, 43.791s) 2.261ms
[2024-05-14T11:37:41.823+0000][44.797s][debug][safepoint     ] Safepoint synchronization initiated. (80 threads)
[2024-05-14T11:37:41.823+0000][44.797s][info ][safepoint     ] Application time: 1.0081265 seconds
[2024-05-14T11:37:41.823+0000][44.797s][debug][safepoint     ] ... found polling page return exception at pc = 0x00007f320c5bf11d, stub =0x00007f3204824b00
[2024-05-14T11:37:41.823+0000][44.797s][debug][safepoint     ] Waiting for 2 thread(s) to block
[2024-05-14T11:37:41.824+0000][44.797s][info ][safepoint     ] Entering safepoint region: Cleanup
[2024-05-14T11:37:41.824+0000][44.798s][info ][safepoint     ] Leaving safepoint region
[2024-05-14T11:37:41.824+0000][44.798s][info ][safepoint     ] Total time for which application threads were stopped: 0.0005794 seconds, Stopping threads took: 0.0003088 seconds
[2024-05-14T11:37:41.955+0000][44.929s][debug][safepoint     ] Safepoint synchronization initiated. (80 threads)
[2024-05-14T11:37:41.955+0000][44.929s][info ][safepoint     ] Application time: 0.1313366 seconds
[2024-05-14T11:37:41.955+0000][44.929s][info ][safepoint     ] Entering safepoint region: G1CollectForAllocation
[2024-05-14T11:37:41.956+0000][44.929s][info ][gc,start      ] GC(51) Pause Young (Normal) (G1 Evacuation Pause)
[2024-05-14T11:37:41.956+0000][44.929s][info ][gc,task       ] GC(51) Using 4 workers of 4 for evacuation
[2024-05-14T11:37:41.984+0000][44.958s][info ][gc,phases     ] GC(51)   Pre Evacuate Collection Set: 0.2ms
[2024-05-14T11:37:41.985+0000][44.958s][info ][gc,phases     ] GC(51)   Evacuate Collection Set: 24.3ms
[2024-05-14T11:37:41.985+0000][44.958s][info ][gc,phases     ] GC(51)   Post Evacuate Collection Set: 4.1ms
[2024-05-14T11:37:41.985+0000][44.958s][info ][gc,phases     ] GC(51)   Other: 0.3ms
[2024-05-14T11:37:41.985+0000][44.958s][info ][gc,heap       ] GC(51) Eden regions: 215->0(214)
[2024-05-14T11:37:41.985+0000][44.958s][info ][gc,heap       ] GC(51) Survivor regions: 19->20(30)
[2024-05-14T11:37:41.985+0000][44.958s][info ][gc,heap       ] GC(51) Old regions: 92->96
[2024-05-14T11:37:41.985+0000][44.958s][info ][gc,heap       ] GC(51) Humongous regions: 0->0
[2024-05-14T11:37:41.985+0000][44.958s][info ][gc,metaspace  ] GC(51) Metaspace: 145316K(149616K)->145316K(149616K) NonClass: 128419K(131108K)->128419K(131108K) Class: 16897K(18508K)->16897K(18508K)
[2024-05-14T11:37:41.985+0000][44.958s][info ][gc            ] GC(51) Pause Young (Normal) (G1 Evacuation Pause) 324M->114M(398M) 29.097ms
[2024-05-14T11:37:41.985+0000][44.958s][info ][gc,cpu        ] GC(51) User=0.11s Sys=0.00s Real=0.03s
[2024-05-14T11:37:41.985+0000][44.958s][info ][safepoint     ] Leaving safepoint region
[2024-05-14T11:37:41.985+0000][44.959s][info ][safepoint     ] Total time for which application threads were stopped: 0.0294556 seconds, Stopping threads took: 0.0000503 seconds
[2024-05-14T11:37:41.985+0000][44.959s][info ][gc,stringdedup] Concurrent String Deduplication (44.959s)
[2024-05-14T11:37:41.986+0000][44.960s][info ][gc,stringdedup] Concurrent String Deduplication 218.1K->105.9K(112.2K) avg 50.8% (44.959s, 44.960s) 1.231ms
[2024-05-14T11:37:42.748+0000][45.722s][debug][safepoint     ] Safepoint synchronization initiated. (85 threads)
[2024-05-14T11:37:42.748+0000][45.722s][info ][safepoint     ] Application time: 0.7636130 seconds
[2024-05-14T11:37:42.748+0000][45.722s][info ][safepoint     ] Entering safepoint region: Deoptimize
[2024-05-14T11:37:42.751+0000][45.725s][info ][safepoint     ] Leaving safepoint region
[2024-05-14T11:37:42.751+0000][45.725s][info ][safepoint     ] Total time for which application threads were stopped: 0.0027113 seconds, Stopping threads took: 0.0000535 seconds
[2024-05-14T11:37:43.751+0000][46.725s][debug][safepoint     ] Safepoint synchronization initiated. (91 threads)
[2024-05-14T11:37:43.752+0000][46.725s][info ][safepoint     ] Application time: 1.0003436 seconds
[2024-05-14T11:37:43.752+0000][46.725s][debug][safepoint     ] Waiting for 1 thread(s) to block
[2024-05-14T11:37:43.752+0000][46.726s][info ][safepoint     ] Entering safepoint region: Cleanup
[2024-05-14T11:37:43.757+0000][46.731s][info ][safepoint     ] Leaving safepoint region
[2024-05-14T11:37:43.757+0000][46.731s][info ][safepoint     ] Total time for which application threads were stopped: 0.0052869 seconds, Stopping threads took: 0.0003141 seconds
[2024-05-14T11:37:43.854+0000][46.828s][debug][safepoint     ] Safepoint synchronization initiated. (91 threads)
[2024-05-14T11:37:43.854+0000][46.828s][info ][safepoint     ] Application time: 0.0975353 seconds
[2024-05-14T11:37:43.854+0000][46.828s][debug][safepoint     ] ... found polling page return exception at pc = 0x00007f320cd7f435, stub =0x00007f3204824b00
[2024-05-14T11:37:43.855+0000][46.828s][debug][safepoint     ] Waiting for 2 thread(s) to block
[2024-05-14T11:37:43.855+0000][46.828s][info ][safepoint     ] Entering safepoint region: Deoptimize
[2024-05-14T11:37:43.858+0000][46.832s][info ][safepoint     ] Leaving safepoint region
[2024-05-14T11:37:43.858+0000][46.832s][info ][safepoint     ] Total time for which application threads were stopped: 0.0034349 seconds, Stopping threads took: 0.0003815 seconds
[2024-05-14T11:37:43.965+0000][46.938s][debug][safepoint     ] Safepoint synchronization initiated. (102 threads)
[2024-05-14T11:37:43.965+0000][46.938s][info ][safepoint     ] Application time: 0.1067241 seconds
[2024-05-14T11:37:43.965+0000][46.938s][info ][safepoint     ] Entering safepoint region: G1CollectForAllocation
[2024-05-14T11:37:43.965+0000][46.939s][info ][gc,start      ] GC(52) Pause Young (Normal) (G1 Evacuation Pause)
[2024-05-14T11:37:43.965+0000][46.939s][info ][gc,task       ] GC(52) Using 4 workers of 4 for evacuation
[2024-05-14T11:37:44.007+0000][46.981s][info ][gc,phases     ] GC(52)   Pre Evacuate Collection Set: 0.1ms
[2024-05-14T11:37:44.007+0000][46.981s][info ][gc,phases     ] GC(52)   Evacuate Collection Set: 37.4ms
[2024-05-14T11:37:44.007+0000][46.981s][info ][gc,phases     ] GC(52)   Post Evacuate Collection Set: 4.2ms
[2024-05-14T11:37:44.007+0000][46.981s][info ][gc,phases     ] GC(52)   Other: 0.4ms
[2024-05-14T11:37:44.007+0000][46.981s][info ][gc,heap       ] GC(52) Eden regions: 214->0(209)
[2024-05-14T11:37:44.007+0000][46.981s][info ][gc,heap       ] GC(52) Survivor regions: 20->23(30)
[2024-05-14T11:37:44.007+0000][46.981s][info ][gc,heap       ] GC(52) Old regions: 96->101
[2024-05-14T11:37:44.007+0000][46.981s][info ][gc,heap       ] GC(52) Humongous regions: 0->0
[2024-05-14T11:37:44.007+0000][46.981s][info ][gc,metaspace  ] GC(52) Metaspace: 153009K(157296K)->153009K(157296K) NonClass: 135410K(138020K)->135410K(138020K) Class: 17598K(19276K)->17598K(19276K)
[2024-05-14T11:37:44.007+0000][46.981s][info ][gc            ] GC(52) Pause Young (Normal) (G1 Evacuation Pause) 328M->121M(398M) 42.257ms
[2024-05-14T11:37:44.007+0000][46.981s][info ][gc,cpu        ] GC(52) User=0.16s Sys=0.00s Real=0.04s
[2024-05-14T11:37:44.007+0000][46.981s][info ][safepoint     ] Leaving safepoint region
[2024-05-14T11:37:44.007+0000][46.981s][info ][safepoint     ] Total time for which application threads were stopped: 0.0427436 seconds, Stopping threads took: 0.0000551 seconds
[2024-05-14T11:37:44.008+0000][46.982s][info ][gc,stringdedup] Concurrent String Deduplication (46.982s)
[2024-05-14T11:37:44.011+0000][46.985s][info ][gc,stringdedup] Concurrent String Deduplication 405.1K->123.0K(282.0K) avg 51.2% (46.982s, 46.985s) 2.805ms
[2024-05-14T11:37:44.722+0000][47.696s][debug][safepoint     ] Safepoint synchronization initiated. (103 threads)
[2024-05-14T11:37:44.723+0000][47.696s][info ][safepoint     ] Application time: 0.7151132 seconds
[2024-05-14T11:37:44.723+0000][47.696s][debug][safepoint     ] Waiting for 1 thread(s) to block
[2024-05-14T11:37:44.723+0000][47.696s][info ][safepoint     ] Entering safepoint region: Deoptimize
[2024-05-14T11:37:44.725+0000][47.699s][info ][safepoint     ] Leaving safepoint region
[2024-05-14T11:37:44.725+0000][47.699s][info ][safepoint     ] Total time for which application threads were stopped: 0.0024140 seconds, Stopping threads took: 0.0001057 seconds
[2024-05-14T11:37:44.725+0000][47.699s][debug][safepoint     ] Safepoint synchronization initiated. (103 threads)
[2024-05-14T11:37:44.725+0000][47.699s][info ][safepoint     ] Application time: 0.0002150 seconds
[2024-05-14T11:37:44.725+0000][47.699s][info ][safepoint     ] Entering safepoint region: Deoptimize
[2024-05-14T11:37:44.726+0000][47.700s][info ][safepoint     ] Leaving safepoint region
[2024-05-14T11:37:44.726+0000][47.700s][info ][safepoint     ] Total time for which application threads were stopped: 0.0007405 seconds, Stopping threads took: 0.0000309 seconds
[2024-05-14T11:37:44.727+0000][47.701s][debug][safepoint     ] Safepoint synchronization initiated. (103 threads)
[2024-05-14T11:37:44.727+0000][47.701s][info ][safepoint     ] Application time: 0.0010543 seconds
[2024-05-14T11:37:44.728+0000][47.702s][debug][safepoint     ] Waiting for 1 thread(s) to block
[2024-05-14T11:37:44.728+0000][47.702s][info ][safepoint     ] Entering safepoint region: Deoptimize
[2024-05-14T11:37:44.729+0000][47.702s][info ][safepoint     ] Leaving safepoint region
[2024-05-14T11:37:44.729+0000][47.702s][info ][safepoint     ] Total time for which application threads were stopped: 0.0016780 seconds, Stopping threads took: 0.0009650 seconds
[2024-05-14T11:37:44.764+0000][47.738s][debug][safepoint     ] Safepoint synchronization initiated. (103 threads)
[2024-05-14T11:37:44.764+0000][47.738s][info ][safepoint     ] Application time: 0.0351846 seconds
[2024-05-14T11:37:44.764+0000][47.738s][info ][safepoint     ] Entering safepoint region: Deoptimize
[2024-05-14T11:37:44.766+0000][47.740s][info ][safepoint     ] Leaving safepoint region
[2024-05-14T11:37:44.766+0000][47.740s][info ][safepoint     ] Total time for which application threads were stopped: 0.0020171 seconds, Stopping threads took: 0.0000428 seconds
[2024-05-14T11:37:45.034+0000][48.008s][debug][safepoint     ] Safepoint synchronization initiated. (103 threads)
[2024-05-14T11:37:45.034+0000][48.008s][info ][safepoint     ] Application time: 0.2683804 seconds
[2024-05-14T11:37:45.034+0000][48.008s][debug][safepoint     ] Waiting for 1 thread(s) to block
[2024-05-14T11:37:45.034+0000][48.008s][info ][safepoint     ] Entering safepoint region: Deoptimize
[2024-05-14T11:37:45.037+0000][48.010s][info ][safepoint     ] Leaving safepoint region
[2024-05-14T11:37:45.037+0000][48.010s][info ][safepoint     ] Total time for which application threads were stopped: 0.0023897 seconds, Stopping threads took: 0.0000955 seconds
[2024-05-14T11:37:45.152+0000][48.125s][debug][safepoint     ] Safepoint synchronization initiated. (103 threads)
[2024-05-14T11:37:45.152+0000][48.125s][info ][safepoint     ] Application time: 0.1148711 seconds
[2024-05-14T11:37:45.152+0000][48.125s][info ][safepoint     ] Entering safepoint region: G1CollectForAllocation
[2024-05-14T11:37:45.152+0000][48.126s][info ][gc,start      ] GC(53) Pause Young (Normal) (G1 Evacuation Pause)
[2024-05-14T11:37:45.152+0000][48.126s][info ][gc,task       ] GC(53) Using 4 workers of 4 for evacuation
[2024-05-14T11:37:45.200+0000][48.173s][info ][gc,phases     ] GC(53)   Pre Evacuate Collection Set: 0.0ms
[2024-05-14T11:37:45.200+0000][48.173s][info ][gc,phases     ] GC(53)   Evacuate Collection Set: 42.4ms
[2024-05-14T11:37:45.200+0000][48.173s][info ][gc,phases     ] GC(53)   Post Evacuate Collection Set: 4.8ms
[2024-05-14T11:37:45.200+0000][48.173s][info ][gc,phases     ] GC(53)   Other: 0.3ms
[2024-05-14T11:37:45.200+0000][48.173s][info ][gc,heap       ] GC(53) Eden regions: 209->0(208)
[2024-05-14T11:37:45.200+0000][48.173s][info ][gc,heap       ] GC(53) Survivor regions: 23->17(29)
[2024-05-14T11:37:45.200+0000][48.173s][info ][gc,heap       ] GC(53) Old regions: 101->111
[2024-05-14T11:37:45.200+0000][48.173s][info ][gc,heap       ] GC(53) Humongous regions: 0->0
[2024-05-14T11:37:45.200+0000][48.173s][info ][gc,metaspace  ] GC(53) Metaspace: 155554K(159856K)->155554K(159856K) NonClass: 137648K(140324K)->137648K(140324K) Class: 17906K(19532K)->17906K(19532K)
[2024-05-14T11:37:45.200+0000][48.174s][info ][gc            ] GC(53) Pause Young (Normal) (G1 Evacuation Pause) 330M->125M(398M) 47.828ms
[2024-05-14T11:37:45.200+0000][48.174s][info ][gc,cpu        ] GC(53) User=0.18s Sys=0.00s Real=0.05s
[2024-05-14T11:37:45.200+0000][48.174s][info ][safepoint     ] Leaving safepoint region
[2024-05-14T11:37:45.200+0000][48.174s][info ][safepoint     ] Total time for which application threads were stopped: 0.0483518 seconds, Stopping threads took: 0.0000846 seconds
[2024-05-14T11:37:45.200+0000][48.174s][info ][gc,stringdedup] Concurrent String Deduplication (48.174s)
[2024-05-14T11:37:45.202+0000][48.176s][info ][gc,stringdedup] Concurrent String Deduplication 227.4K->36328.0B(192.0K) avg 51.7% (48.174s, 48.176s) 1.945ms
[2024-05-14T11:37:46.043+0000][49.017s][debug][safepoint     ] Safepoint synchronization initiated. (103 threads)
[2024-05-14T11:37:46.043+0000][49.017s][info ][safepoint     ] Application time: 0.8432657 seconds
[2024-05-14T11:37:46.043+0000][49.017s][info ][safepoint     ] Entering safepoint region: ICBufferFull
[2024-05-14T11:37:46.044+0000][49.017s][info ][safepoint     ] Leaving safepoint region
[2024-05-14T11:37:46.044+0000][49.017s][info ][safepoint     ] Total time for which application threads were stopped: 0.0004777 seconds, Stopping threads took: 0.0000587 seconds
[2024-05-14T11:37:46.105+0000][49.078s][debug][safepoint     ] Safepoint synchronization initiated. (103 threads)
[2024-05-14T11:37:46.105+0000][49.078s][info ][safepoint     ] Application time: 0.0609531 seconds
[2024-05-14T11:37:46.105+0000][49.078s][info ][safepoint     ] Entering safepoint region: Deoptimize
[2024-05-14T11:37:46.107+0000][49.081s][info ][safepoint     ] Leaving safepoint region
[2024-05-14T11:37:46.107+0000][49.081s][info ][safepoint     ] Total time for which application threads were stopped: 0.0026524 seconds, Stopping threads took: 0.0000488 seconds
[2024-05-14T11:37:46.187+0000][49.161s][debug][safepoint     ] Safepoint synchronization initiated. (104 threads)
[2024-05-14T11:37:46.187+0000][49.161s][info ][safepoint     ] Application time: 0.0794810 seconds
[2024-05-14T11:37:46.187+0000][49.161s][info ][safepoint     ] Entering safepoint region: G1CollectForAllocation
[2024-05-14T11:37:46.187+0000][49.161s][info ][gc,start      ] GC(54) Pause Young (Normal) (G1 Evacuation Pause)
[2024-05-14T11:37:46.187+0000][49.161s][info ][gc,task       ] GC(54) Using 4 workers of 4 for evacuation
[2024-05-14T11:37:46.215+0000][49.189s][info ][gc,phases     ] GC(54)   Pre Evacuate Collection Set: 0.0ms
[2024-05-14T11:37:46.216+0000][49.189s][info ][gc,phases     ] GC(54)   Evacuate Collection Set: 24.0ms
[2024-05-14T11:37:46.216+0000][49.189s][info ][gc,phases     ] GC(54)   Post Evacuate Collection Set: 4.1ms
[2024-05-14T11:37:46.216+0000][49.189s][info ][gc,phases     ] GC(54)   Other: 0.2ms
[2024-05-14T11:37:46.216+0000][49.189s][info ][gc,heap       ] GC(54) Eden regions: 208->0(209)
[2024-05-14T11:37:46.216+0000][49.189s][info ][gc,heap       ] GC(54) Survivor regions: 17->15(29)
[2024-05-14T11:37:46.216+0000][49.189s][info ][gc,heap       ] GC(54) Old regions: 111->115
[2024-05-14T11:37:46.216+0000][49.189s][info ][gc,heap       ] GC(54) Humongous regions: 0->0
[2024-05-14T11:37:46.216+0000][49.189s][info ][gc,metaspace  ] GC(54) Metaspace: 157658K(162032K)->157658K(162032K) NonClass: 139446K(142116K)->139446K(142116K) Class: 18212K(19916K)->18212K(19916K)
[2024-05-14T11:37:46.216+0000][49.189s][info ][gc            ] GC(54) Pause Young (Normal) (G1 Evacuation Pause) 333M->128M(398M) 28.504ms
[2024-05-14T11:37:46.216+0000][49.189s][info ][gc,cpu        ] GC(54) User=0.11s Sys=0.00s Real=0.03s
[2024-05-14T11:37:46.216+0000][49.190s][info ][safepoint     ] Leaving safepoint region
[2024-05-14T11:37:46.216+0000][49.190s][info ][safepoint     ] Total time for which application threads were stopped: 0.0289316 seconds, Stopping threads took: 0.0000592 seconds
[2024-05-14T11:37:46.216+0000][49.190s][info ][gc,stringdedup] Concurrent String Deduplication (49.190s)
[2024-05-14T11:37:46.219+0000][49.193s][info ][gc,stringdedup] Concurrent String Deduplication 603.8K->169.1K(434.7K) avg 52.4% (49.190s, 49.193s) 2.918ms
[2024-05-14T11:37:46.609+0000][49.582s][debug][safepoint     ] Safepoint synchronization initiated. (104 threads)
[2024-05-14T11:37:46.609+0000][49.583s][info ][safepoint     ] Application time: 0.3929807 seconds
[2024-05-14T11:37:46.609+0000][49.583s][info ][safepoint     ] Entering safepoint region: Deoptimize
[2024-05-14T11:37:46.620+0000][49.593s][info ][safepoint     ] Leaving safepoint region
[2024-05-14T11:37:46.620+0000][49.593s][info ][safepoint     ] Total time for which application threads were stopped: 0.0107306 seconds, Stopping threads took: 0.0002460 seconds
[2024-05-14T11:37:46.697+0000][49.671s][debug][safepoint     ] Safepoint synchronization initiated. (104 threads)
[2024-05-14T11:37:46.697+0000][49.671s][info ][safepoint     ] Application time: 0.0772378 seconds
[2024-05-14T11:37:46.697+0000][49.671s][info ][safepoint     ] Entering safepoint region: Deoptimize
[2024-05-14T11:37:46.699+0000][49.673s][info ][safepoint     ] Leaving safepoint region
[2024-05-14T11:37:46.699+0000][49.673s][info ][safepoint     ] Total time for which application threads were stopped: 0.0021938 seconds, Stopping threads took: 0.0000558 seconds
[2024-05-14T11:37:47.361+0000][50.334s][debug][safepoint     ] Safepoint synchronization initiated. (109 threads)
[2024-05-14T11:37:47.361+0000][50.335s][info ][safepoint     ] Application time: 0.6617719 seconds
[2024-05-14T11:37:47.361+0000][50.335s][debug][safepoint     ] ... found polling page return exception at pc = 0x00007f3206887f8b, stub =0x00007f3204824b00
[2024-05-14T11:37:47.361+0000][50.335s][debug][safepoint     ] Waiting for 1 thread(s) to block
[2024-05-14T11:37:47.361+0000][50.335s][info ][safepoint     ] Entering safepoint region: G1CollectForAllocation
[2024-05-14T11:37:47.362+0000][50.335s][info ][gc,start      ] GC(55) Pause Young (Normal) (G1 Evacuation Pause)
[2024-05-14T11:37:47.362+0000][50.335s][info ][gc,task       ] GC(55) Using 4 workers of 4 for evacuation
[2024-05-14T11:37:47.392+0000][50.366s][info ][gc,phases     ] GC(55)   Pre Evacuate Collection Set: 0.0ms
[2024-05-14T11:37:47.392+0000][50.366s][info ][gc,phases     ] GC(55)   Evacuate Collection Set: 24.4ms
[2024-05-14T11:37:47.392+0000][50.366s][info ][gc,phases     ] GC(55)   Post Evacuate Collection Set: 5.8ms
[2024-05-14T11:37:47.392+0000][50.366s][info ][gc,phases     ] GC(55)   Other: 0.7ms
[2024-05-14T11:37:47.392+0000][50.366s][info ][gc,heap       ] GC(55) Eden regions: 209->0(207)
[2024-05-14T11:37:47.392+0000][50.366s][info ][gc,heap       ] GC(55) Survivor regions: 15->18(28)
[2024-05-14T11:37:47.392+0000][50.366s][info ][gc,heap       ] GC(55) Old regions: 115->115
[2024-05-14T11:37:47.392+0000][50.366s][info ][gc,heap       ] GC(55) Humongous regions: 0->0
[2024-05-14T11:37:47.392+0000][50.366s][info ][gc,metaspace  ] GC(55) Metaspace: 159929K(164464K)->159929K(164464K) NonClass: 141368K(144164K)->141368K(144164K) Class: 18561K(20300K)->18561K(20300K)
[2024-05-14T11:37:47.392+0000][50.366s][info ][gc            ] GC(55) Pause Young (Normal) (G1 Evacuation Pause) 337M->131M(398M) 30.817ms
[2024-05-14T11:37:47.392+0000][50.366s][info ][gc,cpu        ] GC(55) User=0.12s Sys=0.00s Real=0.03s
[2024-05-14T11:37:47.393+0000][50.366s][info ][safepoint     ] Leaving safepoint region
[2024-05-14T11:37:47.393+0000][50.366s][info ][safepoint     ] Total time for which application threads were stopped: 0.0317007 seconds, Stopping threads took: 0.0001992 seconds
[2024-05-14T11:37:47.393+0000][50.366s][info ][gc,stringdedup] Concurrent String Deduplication (50.366s)
[2024-05-14T11:37:47.395+0000][50.368s][info ][gc,stringdedup] Concurrent String Deduplication 330.0K->190.6K(139.4K) avg 52.2% (50.366s, 50.368s) 2.016ms
[2024-05-14T11:37:47.765+0000][50.739s][debug][safepoint     ] Safepoint synchronization initiated. (109 threads)
[2024-05-14T11:37:47.766+0000][50.739s][info ][safepoint     ] Application time: 0.3729986 seconds
[2024-05-14T11:37:47.766+0000][50.739s][info ][safepoint     ] Entering safepoint region: Deoptimize
[2024-05-14T11:37:47.768+0000][50.742s][info ][safepoint     ] Leaving safepoint region
[2024-05-14T11:37:47.768+0000][50.742s][info ][safepoint     ] Total time for which application threads were stopped: 0.0022833 seconds, Stopping threads took: 0.0000575 seconds
[2024-05-14T11:37:48.487+0000][51.460s][debug][safepoint     ] Safepoint synchronization initiated. (121 threads)
[2024-05-14T11:37:48.487+0000][51.461s][info ][safepoint     ] Application time: 0.7189042 seconds
[2024-05-14T11:37:48.488+0000][51.462s][debug][safepoint     ] Waiting for 1 thread(s) to block
[2024-05-14T11:37:48.489+0000][51.462s][info ][safepoint     ] Entering safepoint region: Deoptimize
[2024-05-14T11:37:48.495+0000][51.468s][info ][safepoint     ] Leaving safepoint region
[2024-05-14T11:37:48.495+0000][51.468s][info ][safepoint     ] Total time for which application threads were stopped: 0.0079000 seconds, Stopping threads took: 0.0018130 seconds
[2024-05-14T11:37:48.567+0000][51.541s][debug][safepoint     ] Safepoint synchronization initiated. (121 threads)
[2024-05-14T11:37:48.567+0000][51.541s][info ][safepoint     ] Application time: 0.0725458 seconds
[2024-05-14T11:37:48.567+0000][51.541s][debug][safepoint     ] ... found polling page return exception at pc = 0x00007f320cd93c3e, stub =0x00007f3204824b00
[2024-05-14T11:37:48.567+0000][51.541s][debug][safepoint     ] ... found polling page return exception at pc = 0x00007f320c38257c, stub =0x00007f3204824b00
[2024-05-14T11:37:48.567+0000][51.541s][debug][safepoint     ] Waiting for 2 thread(s) to block
[2024-05-14T11:37:48.568+0000][51.541s][info ][safepoint     ] Entering safepoint region: G1CollectForAllocation
[2024-05-14T11:37:48.568+0000][51.542s][info ][gc,start      ] GC(56) Pause Young (Normal) (G1 Evacuation Pause)
[2024-05-14T11:37:48.568+0000][51.542s][info ][gc,task       ] GC(56) Using 4 workers of 4 for evacuation
[2024-05-14T11:37:48.606+0000][51.580s][info ][gc,phases     ] GC(56)   Pre Evacuate Collection Set: 0.0ms
[2024-05-14T11:37:48.606+0000][51.580s][info ][gc,phases     ] GC(56)   Evacuate Collection Set: 32.6ms
[2024-05-14T11:37:48.606+0000][51.580s][info ][gc,phases     ] GC(56)   Post Evacuate Collection Set: 5.3ms
[2024-05-14T11:37:48.606+0000][51.580s][info ][gc,phases     ] GC(56)   Other: 0.4ms
[2024-05-14T11:37:48.606+0000][51.580s][info ][gc,heap       ] GC(56) Eden regions: 207->0(199)
[2024-05-14T11:37:48.606+0000][51.580s][info ][gc,heap       ] GC(56) Survivor regions: 18->17(29)
[2024-05-14T11:37:48.606+0000][51.580s][info ][gc,heap       ] GC(56) Old regions: 115->123
[2024-05-14T11:37:48.606+0000][51.580s][info ][gc,heap       ] GC(56) Humongous regions: 0->0
[2024-05-14T11:37:48.606+0000][51.580s][info ][gc,metaspace  ] GC(56) Metaspace: 162248K(166768K)->162248K(166768K) NonClass: 143415K(146212K)->143415K(146212K) Class: 18833K(20556K)->18833K(20556K)
[2024-05-14T11:37:48.606+0000][51.580s][info ][gc            ] GC(56) Pause Young (Normal) (G1 Evacuation Pause) 338M->137M(398M) 38.518ms
[2024-05-14T11:37:48.606+0000][51.580s][info ][gc,cpu        ] GC(56) User=0.14s Sys=0.00s Real=0.04s
[2024-05-14T11:37:48.607+0000][51.580s][info ][safepoint     ] Leaving safepoint region
[2024-05-14T11:37:48.607+0000][51.580s][info ][safepoint     ] Total time for which application threads were stopped: 0.0392639 seconds, Stopping threads took: 0.0002362 seconds
[2024-05-14T11:37:48.607+0000][51.581s][info ][gc,stringdedup] Concurrent String Deduplication (51.581s)
[2024-05-14T11:37:48.609+0000][51.582s][info ][gc,stringdedup] Concurrent String Deduplication 229.4K->91336.0B(140.2K) avg 52.3% (51.581s, 51.582s) 1.803ms
[2024-05-14T11:37:48.741+0000][51.715s][debug][safepoint     ] Safepoint synchronization initiated. (121 threads)
[2024-05-14T11:37:48.741+0000][51.715s][info ][safepoint     ] Application time: 0.1344705 seconds
[2024-05-14T11:37:48.741+0000][51.715s][debug][safepoint     ] ... found polling page return exception at pc = 0x00007f320c489a4c, stub =0x00007f3204824b00
[2024-05-14T11:37:48.741+0000][51.715s][debug][safepoint     ] Waiting for 3 thread(s) to block
[2024-05-14T11:37:48.741+0000][51.715s][info ][safepoint     ] Entering safepoint region: Deoptimize
[2024-05-14T11:37:48.743+0000][51.717s][info ][safepoint     ] Leaving safepoint region
[2024-05-14T11:37:48.743+0000][51.717s][info ][safepoint     ] Total time for which application threads were stopped: 0.0021765 seconds, Stopping threads took: 0.0001552 seconds
[2024-05-14T11:37:49.122+0000][52.096s][debug][safepoint     ] Safepoint synchronization initiated. (123 threads)
[2024-05-14T11:37:49.122+0000][52.096s][info ][safepoint     ] Application time: 0.3788865 seconds
[2024-05-14T11:37:49.122+0000][52.096s][debug][safepoint     ] Waiting for 1 thread(s) to block
[2024-05-14T11:37:49.122+0000][52.096s][info ][safepoint     ] Entering safepoint region: ICBufferFull
[2024-05-14T11:37:49.123+0000][52.096s][info ][safepoint     ] Leaving safepoint region
[2024-05-14T11:37:49.123+0000][52.096s][info ][safepoint     ] Total time for which application threads were stopped: 0.0004013 seconds, Stopping threads took: 0.0000948 seconds
[2024-05-14T11:37:49.352+0000][52.326s][debug][safepoint     ] Safepoint synchronization initiated. (123 threads)
[2024-05-14T11:37:49.352+0000][52.326s][info ][safepoint     ] Application time: 0.2297198 seconds
[2024-05-14T11:37:49.352+0000][52.326s][debug][safepoint     ] Waiting for 2 thread(s) to block
[2024-05-14T11:37:49.352+0000][52.326s][info ][safepoint     ] Entering safepoint region: Deoptimize
[2024-05-14T11:37:49.354+0000][52.328s][info ][safepoint     ] Leaving safepoint region
[2024-05-14T11:37:49.355+0000][52.328s][info ][safepoint     ] Total time for which application threads were stopped: 0.0022219 seconds, Stopping threads took: 0.0001262 seconds
[2024-05-14T11:37:49.521+0000][52.495s][debug][safepoint     ] Safepoint synchronization initiated. (124 threads)
[2024-05-14T11:37:49.521+0000][52.495s][info ][safepoint     ] Application time: 0.1669223 seconds
[2024-05-14T11:37:49.521+0000][52.495s][debug][safepoint     ] ... found polling page return exception at pc = 0x00007f320cb15a52, stub =0x00007f3204824b00
[2024-05-14T11:37:49.522+0000][52.495s][debug][safepoint     ] Waiting for 1 thread(s) to block
[2024-05-14T11:37:49.522+0000][52.495s][info ][safepoint     ] Entering safepoint region: Deoptimize
[2024-05-14T11:37:49.524+0000][52.497s][info ][safepoint     ] Leaving safepoint region
[2024-05-14T11:37:49.524+0000][52.497s][info ][safepoint     ] Total time for which application threads were stopped: 0.0022471 seconds, Stopping threads took: 0.0001496 seconds
[2024-05-14T11:37:49.631+0000][52.605s][debug][safepoint     ] Safepoint synchronization initiated. (124 threads)
[2024-05-14T11:37:49.631+0000][52.605s][info ][safepoint     ] Application time: 0.1077714 seconds
[2024-05-14T11:37:49.632+0000][52.605s][debug][safepoint     ] ... found polling page return exception at pc = 0x00007f3206fc10f7, stub =0x00007f3204824b00
[2024-05-14T11:37:49.632+0000][52.605s][debug][safepoint     ] Waiting for 1 thread(s) to block
[2024-05-14T11:37:49.632+0000][52.605s][info ][safepoint     ] Entering safepoint region: G1CollectForAllocation
[2024-05-14T11:37:49.632+0000][52.606s][info ][gc,start      ] GC(57) Pause Young (Normal) (G1 Evacuation Pause)
[2024-05-14T11:37:49.632+0000][52.606s][info ][gc,task       ] GC(57) Using 4 workers of 4 for evacuation
[2024-05-14T11:37:49.663+0000][52.636s][info ][gc,phases     ] GC(57)   Pre Evacuate Collection Set: 0.0ms
[2024-05-14T11:37:49.663+0000][52.636s][info ][gc,phases     ] GC(57)   Evacuate Collection Set: 25.9ms
[2024-05-14T11:37:49.663+0000][52.636s][info ][gc,phases     ] GC(57)   Post Evacuate Collection Set: 4.6ms
[2024-05-14T11:37:49.663+0000][52.637s][info ][gc,phases     ] GC(57)   Other: 0.3ms
[2024-05-14T11:37:49.663+0000][52.637s][info ][gc,heap       ] GC(57) Eden regions: 199->0(196)
[2024-05-14T11:37:49.663+0000][52.637s][info ][gc,heap       ] GC(57) Survivor regions: 17->18(27)
[2024-05-14T11:37:49.663+0000][52.637s][info ][gc,heap       ] GC(57) Old regions: 123->126
[2024-05-14T11:37:49.663+0000][52.637s][info ][gc,heap       ] GC(57) Humongous regions: 0->0
[2024-05-14T11:37:49.663+0000][52.637s][info ][gc,metaspace  ] GC(57) Metaspace: 168187K(173424K)->168187K(173424K) NonClass: 148566K(151844K)->148566K(151844K) Class: 19621K(21580K)->19621K(21580K)
[2024-05-14T11:37:49.663+0000][52.637s][info ][gc            ] GC(57) Pause Young (Normal) (G1 Evacuation Pause) 336M->142M(398M) 30.950ms
[2024-05-14T11:37:49.663+0000][52.637s][info ][gc,cpu        ] GC(57) User=0.12s Sys=0.00s Real=0.03s
[2024-05-14T11:37:49.663+0000][52.637s][info ][safepoint     ] Leaving safepoint region
[2024-05-14T11:37:49.663+0000][52.637s][info ][safepoint     ] Total time for which application threads were stopped: 0.0315316 seconds, Stopping threads took: 0.0002335 seconds
[2024-05-14T11:37:49.663+0000][52.637s][info ][gc,stringdedup] Concurrent String Deduplication (52.637s)
[2024-05-14T11:37:49.666+0000][52.640s][info ][gc,stringdedup] Concurrent String Deduplication 195.4K->81264.0B(116.1K) avg 52.4% (52.637s, 52.640s) 2.772ms
[2024-05-14T11:37:50.647+0000][53.621s][debug][safepoint     ] Safepoint synchronization initiated. (124 threads)
[2024-05-14T11:37:50.647+0000][53.621s][info ][safepoint     ] Application time: 0.9842651 seconds
[2024-05-14T11:37:50.647+0000][53.621s][info ][safepoint     ] Entering safepoint region: ICBufferFull
[2024-05-14T11:37:50.648+0000][53.622s][info ][safepoint     ] Leaving safepoint region
[2024-05-14T11:37:50.648+0000][53.622s][info ][safepoint     ] Total time for which application threads were stopped: 0.0005327 seconds, Stopping threads took: 0.0001303 seconds
[2024-05-14T11:37:50.874+0000][53.848s][debug][safepoint     ] Safepoint synchronization initiated. (125 threads)
[2024-05-14T11:37:50.874+0000][53.848s][info ][safepoint     ] Application time: 0.2261872 seconds
[2024-05-14T11:37:50.874+0000][53.848s][debug][safepoint     ] Waiting for 1 thread(s) to block
[2024-05-14T11:37:50.874+0000][53.848s][info ][safepoint     ] Entering safepoint region: G1CollectForAllocation
[2024-05-14T11:37:50.875+0000][53.848s][info ][gc,start      ] GC(58) Pause Young (Normal) (G1 Evacuation Pause)
[2024-05-14T11:37:50.875+0000][53.848s][info ][gc,task       ] GC(58) Using 4 workers of 4 for evacuation
[2024-05-14T11:37:50.915+0000][53.889s][info ][gc,phases     ] GC(58)   Pre Evacuate Collection Set: 0.0ms
[2024-05-14T11:37:50.915+0000][53.889s][info ][gc,phases     ] GC(58)   Evacuate Collection Set: 34.9ms
[2024-05-14T11:37:50.915+0000][53.889s][info ][gc,phases     ] GC(58)   Post Evacuate Collection Set: 5.6ms
[2024-05-14T11:37:50.916+0000][53.889s][info ][gc,phases     ] GC(58)   Other: 0.3ms
[2024-05-14T11:37:50.916+0000][53.889s][info ][gc,heap       ] GC(58) Eden regions: 196->0(192)
[2024-05-14T11:37:50.916+0000][53.889s][info ][gc,heap       ] GC(58) Survivor regions: 18->17(27)
[2024-05-14T11:37:50.916+0000][53.889s][info ][gc,heap       ] GC(58) Old regions: 126->132
[2024-05-14T11:37:50.916+0000][53.889s][info ][gc,heap       ] GC(58) Humongous regions: 0->0
[2024-05-14T11:37:50.916+0000][53.889s][info ][gc,metaspace  ] GC(58) Metaspace: 168766K(174064K)->168766K(174064K) NonClass: 149125K(152356K)->149125K(152356K) Class: 19641K(21708K)->19641K(21708K)
[2024-05-14T11:37:50.916+0000][53.889s][info ][gc            ] GC(58) Pause Young (Normal) (G1 Evacuation Pause) 338M->147M(398M) 41.084ms
[2024-05-14T11:37:50.916+0000][53.889s][info ][gc,cpu        ] GC(58) User=0.14s Sys=0.01s Real=0.04s
[2024-05-14T11:37:50.916+0000][53.890s][info ][safepoint     ] Leaving safepoint region
[2024-05-14T11:37:50.916+0000][53.890s][info ][safepoint     ] Total time for which application threads were stopped: 0.0417267 seconds, Stopping threads took: 0.0001842 seconds
[2024-05-14T11:37:50.916+0000][53.890s][info ][gc,stringdedup] Concurrent String Deduplication (53.890s)
[2024-05-14T11:37:50.919+0000][53.892s][info ][gc,stringdedup] Concurrent String Deduplication 524.6K->98368.0B(428.5K) avg 53.2% (53.890s, 53.892s) 2.843ms
[2024-05-14T11:37:51.733+0000][54.706s][debug][safepoint     ] Safepoint synchronization initiated. (125 threads)
[2024-05-14T11:37:51.733+0000][54.707s][info ][safepoint     ] Application time: 0.8169866 seconds
[2024-05-14T11:37:51.733+0000][54.707s][debug][safepoint     ] Waiting for 2 thread(s) to block
[2024-05-14T11:37:51.733+0000][54.707s][info ][safepoint     ] Entering safepoint region: G1CollectForAllocation
[2024-05-14T11:37:51.733+0000][54.707s][info ][gc,start      ] GC(59) Pause Young (Normal) (G1 Evacuation Pause)
[2024-05-14T11:37:51.733+0000][54.707s][info ][gc,task       ] GC(59) Using 4 workers of 4 for evacuation
[2024-05-14T11:37:51.756+0000][54.730s][info ][gc,phases     ] GC(59)   Pre Evacuate Collection Set: 0.0ms
[2024-05-14T11:37:51.756+0000][54.730s][info ][gc,phases     ] GC(59)   Evacuate Collection Set: 18.1ms
[2024-05-14T11:37:51.756+0000][54.730s][info ][gc,phases     ] GC(59)   Post Evacuate Collection Set: 4.3ms
[2024-05-14T11:37:51.756+0000][54.730s][info ][gc,phases     ] GC(59)   Other: 0.3ms
[2024-05-14T11:37:51.756+0000][54.730s][info ][gc,heap       ] GC(59) Eden regions: 192->0(190)
[2024-05-14T11:37:51.756+0000][54.730s][info ][gc,heap       ] GC(59) Survivor regions: 17->14(27)
[2024-05-14T11:37:51.756+0000][54.730s][info ][gc,heap       ] GC(59) Old regions: 132->139
[2024-05-14T11:37:51.756+0000][54.730s][info ][gc,heap       ] GC(59) Humongous regions: 0->0
[2024-05-14T11:37:51.756+0000][54.730s][info ][gc,metaspace  ] GC(59) Metaspace: 169421K(174576K)->169421K(174576K) NonClass: 149686K(152868K)->149686K(152868K) Class: 19735K(21708K)->19735K(21708K)
[2024-05-14T11:37:51.756+0000][54.730s][info ][gc            ] GC(59) Pause Young (Normal) (G1 Evacuation Pause) 339M->150M(398M) 22.834ms
[2024-05-14T11:37:51.756+0000][54.730s][info ][gc,cpu        ] GC(59) User=0.09s Sys=0.00s Real=0.02s
[2024-05-14T11:37:51.756+0000][54.730s][info ][safepoint     ] Leaving safepoint region
[2024-05-14T11:37:51.756+0000][54.730s][info ][safepoint     ] Total time for which application threads were stopped: 0.0234306 seconds, Stopping threads took: 0.0001028 seconds
[2024-05-14T11:37:51.756+0000][54.730s][info ][gc,stringdedup] Concurrent String Deduplication (54.730s)
[2024-05-14T11:37:51.766+0000][54.739s][info ][gc,stringdedup] Concurrent String Deduplication 648.2K->347.6K(300.6K) avg 53.0% (54.730s, 54.739s) 9.106ms
[2024-05-14T11:37:52.406+0000][55.380s][debug][safepoint     ] Safepoint synchronization initiated. (165 threads)
[2024-05-14T11:37:52.406+0000][55.380s][info ][safepoint     ] Application time: 0.6497461 seconds
[2024-05-14T11:37:52.406+0000][55.380s][debug][safepoint     ] Waiting for 1 thread(s) to block
[2024-05-14T11:37:52.406+0000][55.380s][info ][safepoint     ] Entering safepoint region: ICBufferFull
[2024-05-14T11:37:52.407+0000][55.380s][info ][safepoint     ] Leaving safepoint region
[2024-05-14T11:37:52.407+0000][55.380s][info ][safepoint     ] Total time for which application threads were stopped: 0.0005335 seconds, Stopping threads took: 0.0001665 seconds
[2024-05-14T11:37:53.005+0000][55.979s][debug][safepoint     ] Safepoint synchronization initiated. (183 threads)
[2024-05-14T11:37:53.005+0000][55.979s][info ][safepoint     ] Application time: 0.5989031 seconds
[2024-05-14T11:37:53.006+0000][55.979s][info ][safepoint     ] Entering safepoint region: G1CollectForAllocation
[2024-05-14T11:37:53.006+0000][55.980s][info ][gc,start      ] GC(60) Pause Young (Normal) (G1 Evacuation Pause)
[2024-05-14T11:37:53.006+0000][55.980s][info ][gc,task       ] GC(60) Using 4 workers of 4 for evacuation
[2024-05-14T11:37:53.031+0000][56.005s][info ][gc,phases     ] GC(60)   Pre Evacuate Collection Set: 0.0ms
[2024-05-14T11:37:53.031+0000][56.005s][info ][gc,phases     ] GC(60)   Evacuate Collection Set: 20.1ms
[2024-05-14T11:37:53.031+0000][56.005s][info ][gc,phases     ] GC(60)   Post Evacuate Collection Set: 4.5ms
[2024-05-14T11:37:53.031+0000][56.005s][info ][gc,phases     ] GC(60)   Other: 0.4ms
[2024-05-14T11:37:53.031+0000][56.005s][info ][gc,heap       ] GC(60) Eden regions: 190->0(183)
[2024-05-14T11:37:53.031+0000][56.005s][info ][gc,heap       ] GC(60) Survivor regions: 14->18(26)
[2024-05-14T11:37:53.031+0000][56.005s][info ][gc,heap       ] GC(60) Old regions: 139->139
[2024-05-14T11:37:53.031+0000][56.005s][info ][gc,heap       ] GC(60) Humongous regions: 0->0
[2024-05-14T11:37:53.031+0000][56.005s][info ][gc,metaspace  ] GC(60) Metaspace: 170865K(176112K)->170865K(176112K) NonClass: 150975K(154148K)->150975K(154148K) Class: 19890K(21964K)->19890K(21964K)
[2024-05-14T11:37:53.031+0000][56.005s][info ][gc            ] GC(60) Pause Young (Normal) (G1 Evacuation Pause) 340M->155M(398M) 25.096ms
[2024-05-14T11:37:53.031+0000][56.005s][info ][gc,cpu        ] GC(60) User=0.09s Sys=0.00s Real=0.03s
[2024-05-14T11:37:53.031+0000][56.005s][info ][safepoint     ] Leaving safepoint region
[2024-05-14T11:37:53.031+0000][56.005s][info ][safepoint     ] Total time for which application threads were stopped: 0.0256607 seconds, Stopping threads took: 0.0001074 seconds
[2024-05-14T11:37:53.031+0000][56.005s][info ][gc,stringdedup] Concurrent String Deduplication (56.005s)
[2024-05-14T11:37:53.034+0000][56.008s][info ][gc,stringdedup] Concurrent String Deduplication 414.5K->152.9K(261.6K) avg 53.2% (56.005s, 56.008s) 2.865ms
[2024-05-14T11:37:53.084+0000][56.058s][debug][safepoint     ] Safepoint synchronization initiated. (183 threads)
[2024-05-14T11:37:53.084+0000][56.058s][info ][safepoint     ] Application time: 0.0532631 seconds
[2024-05-14T11:37:53.085+0000][56.058s][info ][safepoint     ] Entering safepoint region: ICBufferFull
[2024-05-14T11:37:53.085+0000][56.059s][info ][safepoint     ] Leaving safepoint region
[2024-05-14T11:37:53.085+0000][56.059s][info ][safepoint     ] Total time for which application threads were stopped: 0.0004057 seconds, Stopping threads took: 0.0000997 seconds
[2024-05-14T11:37:53.648+0000][56.622s][debug][safepoint     ] Safepoint synchronization initiated. (183 threads)
[2024-05-14T11:37:53.648+0000][56.622s][info ][safepoint     ] Application time: 0.5634147 seconds
[2024-05-14T11:37:53.649+0000][56.622s][info ][safepoint     ] Entering safepoint region: ICBufferFull
[2024-05-14T11:37:53.649+0000][56.623s][info ][safepoint     ] Leaving safepoint region
[2024-05-14T11:37:53.649+0000][56.623s][info ][safepoint     ] Total time for which application threads were stopped: 0.0008166 seconds, Stopping threads took: 0.0002948 seconds
[2024-05-14T11:37:53.654+0000][56.627s][debug][safepoint     ] Safepoint synchronization initiated. (183 threads)
[2024-05-14T11:37:53.654+0000][56.627s][info ][safepoint     ] Application time: 0.0046150 seconds
[2024-05-14T11:37:53.654+0000][56.628s][info ][safepoint     ] Entering safepoint region: G1CollectForAllocation
[2024-05-14T11:37:53.655+0000][56.628s][info ][gc,start      ] GC(61) Pause Young (Normal) (G1 Evacuation Pause)
[2024-05-14T11:37:53.655+0000][56.628s][info ][gc,task       ] GC(61) Using 4 workers of 4 for evacuation
[2024-05-14T11:37:53.704+0000][56.677s][info ][gc,phases     ] GC(61)   Pre Evacuate Collection Set: 0.1ms
[2024-05-14T11:37:53.704+0000][56.677s][info ][gc,phases     ] GC(61)   Evacuate Collection Set: 40.2ms
[2024-05-14T11:37:53.704+0000][56.677s][info ][gc,phases     ] GC(61)   Post Evacuate Collection Set: 8.3ms
[2024-05-14T11:37:53.704+0000][56.677s][info ][gc,phases     ] GC(61)   Other: 0.4ms
[2024-05-14T11:37:53.704+0000][56.677s][info ][gc,heap       ] GC(61) Eden regions: 183->0(184)
[2024-05-14T11:37:53.704+0000][56.677s][info ][gc,heap       ] GC(61) Survivor regions: 18->15(26)
[2024-05-14T11:37:53.704+0000][56.677s][info ][gc,heap       ] GC(61) Old regions: 139->144
[2024-05-14T11:37:53.704+0000][56.677s][info ][gc,heap       ] GC(61) Humongous regions: 0->0
[2024-05-14T11:37:53.704+0000][56.678s][info ][gc,metaspace  ] GC(61) Metaspace: 170950K(176368K)->170950K(176368K) NonClass: 151056K(154404K)->151056K(154404K) Class: 19894K(21964K)->19894K(21964K)
[2024-05-14T11:37:53.704+0000][56.678s][info ][gc            ] GC(61) Pause Young (Normal) (G1 Evacuation Pause) 338M->156M(398M) 49.216ms
[2024-05-14T11:37:53.704+0000][56.678s][info ][gc,cpu        ] GC(61) User=0.12s Sys=0.01s Real=0.05s
[2024-05-14T11:37:53.704+0000][56.678s][info ][safepoint     ] Leaving safepoint region
[2024-05-14T11:37:53.704+0000][56.678s][info ][safepoint     ] Total time for which application threads were stopped: 0.0502084 seconds, Stopping threads took: 0.0000382 seconds
[2024-05-14T11:37:53.704+0000][56.678s][info ][gc,stringdedup] Concurrent String Deduplication (56.678s)
[2024-05-14T11:37:53.707+0000][56.680s][info ][gc,stringdedup] Concurrent String Deduplication 382.3K->128.6K(253.8K) avg 53.5% (56.678s, 56.680s) 2.403ms
[2024-05-14T11:37:54.333+0000][57.307s][debug][safepoint     ] Safepoint synchronization initiated. (185 threads)
[2024-05-14T11:37:54.333+0000][57.307s][info ][safepoint     ] Application time: 0.6292804 seconds
[2024-05-14T11:37:54.333+0000][57.307s][debug][safepoint     ] ... found polling page return exception at pc = 0x00007f320c512fee, stub =0x00007f3204824b00
[2024-05-14T11:37:54.333+0000][57.307s][debug][safepoint     ] Waiting for 2 thread(s) to block
[2024-05-14T11:37:54.334+0000][57.308s][info ][safepoint     ] Entering safepoint region: G1CollectForAllocation
[2024-05-14T11:37:54.335+0000][57.308s][info ][gc,start      ] GC(62) Pause Young (Normal) (G1 Evacuation Pause)
[2024-05-14T11:37:54.335+0000][57.308s][info ][gc,task       ] GC(62) Using 4 workers of 4 for evacuation
[2024-05-14T11:37:54.354+0000][57.328s][info ][gc,phases     ] GC(62)   Pre Evacuate Collection Set: 0.1ms
[2024-05-14T11:37:54.354+0000][57.328s][info ][gc,phases     ] GC(62)   Evacuate Collection Set: 13.8ms
[2024-05-14T11:37:54.354+0000][57.328s][info ][gc,phases     ] GC(62)   Post Evacuate Collection Set: 5.3ms
[2024-05-14T11:37:54.354+0000][57.328s][info ][gc,phases     ] GC(62)   Other: 0.5ms
[2024-05-14T11:37:54.354+0000][57.328s][info ][gc,heap       ] GC(62) Eden regions: 184->0(182)
[2024-05-14T11:37:54.354+0000][57.328s][info ][gc,heap       ] GC(62) Survivor regions: 15->14(25)
[2024-05-14T11:37:54.354+0000][57.328s][info ][gc,heap       ] GC(62) Old regions: 144->148
[2024-05-14T11:37:54.354+0000][57.328s][info ][gc,heap       ] GC(62) Humongous regions: 0->0
[2024-05-14T11:37:54.354+0000][57.328s][info ][gc,metaspace  ] GC(62) Metaspace: 171235K(176624K)->171235K(176624K) NonClass: 151309K(154660K)->151309K(154660K) Class: 19926K(21964K)->19926K(21964K)
[2024-05-14T11:37:54.354+0000][57.328s][info ][gc            ] GC(62) Pause Young (Normal) (G1 Evacuation Pause) 340M->159M(398M) 19.773ms
[2024-05-14T11:37:54.354+0000][57.328s][info ][gc,cpu        ] GC(62) User=0.07s Sys=0.01s Real=0.02s
[2024-05-14T11:37:54.354+0000][57.328s][info ][safepoint     ] Leaving safepoint region
[2024-05-14T11:37:54.354+0000][57.328s][info ][safepoint     ] Total time for which application threads were stopped: 0.0211261 seconds, Stopping threads took: 0.0007296 seconds
[2024-05-14T11:37:54.355+0000][57.328s][info ][gc,stringdedup] Concurrent String Deduplication (57.328s)
[2024-05-14T11:37:54.357+0000][57.330s][info ][gc,stringdedup] Concurrent String Deduplication 303.1K->109.7K(193.4K) avg 53.6% (57.328s, 57.330s) 2.150ms
[2024-05-14T11:37:54.848+0000][57.822s][debug][safepoint     ] Safepoint synchronization initiated. (185 threads)
[2024-05-14T11:37:54.848+0000][57.822s][info ][safepoint     ] Application time: 0.4939278 seconds
[2024-05-14T11:37:54.849+0000][57.822s][info ][safepoint     ] Entering safepoint region: G1CollectForAllocation
[2024-05-14T11:37:54.849+0000][57.823s][info ][gc,start      ] GC(63) Pause Young (Normal) (G1 Evacuation Pause)
[2024-05-14T11:37:54.849+0000][57.823s][info ][gc,task       ] GC(63) Using 4 workers of 4 for evacuation
[2024-05-14T11:37:54.871+0000][57.845s][info ][gc,phases     ] GC(63)   Pre Evacuate Collection Set: 0.0ms
[2024-05-14T11:37:54.871+0000][57.845s][info ][gc,phases     ] GC(63)   Evacuate Collection Set: 16.4ms
[2024-05-14T11:37:54.871+0000][57.845s][info ][gc,phases     ] GC(63)   Post Evacuate Collection Set: 5.3ms
[2024-05-14T11:37:54.871+0000][57.845s][info ][gc,phases     ] GC(63)   Other: 0.4ms
[2024-05-14T11:37:54.871+0000][57.845s][info ][gc,heap       ] GC(63) Eden regions: 182->0(181)
[2024-05-14T11:37:54.871+0000][57.845s][info ][gc,heap       ] GC(63) Survivor regions: 14->13(25)
[2024-05-14T11:37:54.871+0000][57.845s][info ][gc,heap       ] GC(63) Old regions: 148->151
[2024-05-14T11:37:54.871+0000][57.845s][info ][gc,heap       ] GC(63) Humongous regions: 0->0
[2024-05-14T11:37:54.871+0000][57.845s][info ][gc,metaspace  ] GC(63) Metaspace: 171314K(176624K)->171314K(176624K) NonClass: 151378K(154660K)->151378K(154660K) Class: 19936K(21964K)->19936K(21964K)
[2024-05-14T11:37:54.871+0000][57.845s][info ][gc            ] GC(63) Pause Young (Normal) (G1 Evacuation Pause) 341M->162M(398M) 22.281ms
[2024-05-14T11:37:54.871+0000][57.845s][info ][gc,cpu        ] GC(63) User=0.08s Sys=0.00s Real=0.03s
[2024-05-14T11:37:54.871+0000][57.845s][info ][safepoint     ] Leaving safepoint region
[2024-05-14T11:37:54.871+0000][57.845s][info ][safepoint     ] Total time for which application threads were stopped: 0.0230585 seconds, Stopping threads took: 0.0001677 seconds
[2024-05-14T11:37:54.871+0000][57.845s][info ][gc,stringdedup] Concurrent String Deduplication (57.845s)
[2024-05-14T11:37:54.873+0000][57.847s][info ][gc,stringdedup] Concurrent String Deduplication 206.5K->79824.0B(128.6K) avg 53.7% (57.845s, 57.847s) 1.411ms
[2024-05-14T11:37:55.281+0000][58.255s][debug][safepoint     ] Safepoint synchronization initiated. (185 threads)
[2024-05-14T11:37:55.281+0000][58.255s][info ][safepoint     ] Application time: 0.4096913 seconds
[2024-05-14T11:37:55.281+0000][58.255s][debug][safepoint     ] ... found polling page loop exception at pc = 0x00007f320cf0321f, stub =0x00007f3204826680
[2024-05-14T11:37:55.281+0000][58.255s][debug][safepoint     ] Waiting for 2 thread(s) to block
[2024-05-14T11:37:55.281+0000][58.255s][info ][safepoint     ] Entering safepoint region: G1CollectForAllocation
[2024-05-14T11:37:55.282+0000][58.255s][info ][gc,start      ] GC(64) Pause Young (Normal) (G1 Evacuation Pause)
[2024-05-14T11:37:55.282+0000][58.256s][info ][gc,task       ] GC(64) Using 4 workers of 4 for evacuation
[2024-05-14T11:37:55.298+0000][58.272s][info ][gc,phases     ] GC(64)   Pre Evacuate Collection Set: 0.0ms
[2024-05-14T11:37:55.298+0000][58.272s][info ][gc,phases     ] GC(64)   Evacuate Collection Set: 11.9ms
[2024-05-14T11:37:55.298+0000][58.272s][info ][gc,phases     ] GC(64)   Post Evacuate Collection Set: 4.3ms
[2024-05-14T11:37:55.298+0000][58.272s][info ][gc,phases     ] GC(64)   Other: 0.2ms
[2024-05-14T11:37:55.298+0000][58.272s][info ][gc,heap       ] GC(64) Eden regions: 181->0(179)
[2024-05-14T11:37:55.298+0000][58.272s][info ][gc,heap       ] GC(64) Survivor regions: 13->14(25)
[2024-05-14T11:37:55.298+0000][58.272s][info ][gc,heap       ] GC(64) Old regions: 151->151
[2024-05-14T11:37:55.298+0000][58.272s][info ][gc,heap       ] GC(64) Humongous regions: 0->0
[2024-05-14T11:37:55.298+0000][58.272s][info ][gc,metaspace  ] GC(64) Metaspace: 171383K(176752K)->171383K(176752K) NonClass: 151443K(154660K)->151443K(154660K) Class: 19939K(22092K)->19939K(22092K)
[2024-05-14T11:37:55.298+0000][58.272s][info ][gc            ] GC(64) Pause Young (Normal) (G1 Evacuation Pause) 343M->163M(398M) 16.690ms
[2024-05-14T11:37:55.299+0000][58.272s][info ][gc,cpu        ] GC(64) User=0.06s Sys=0.00s Real=0.02s
[2024-05-14T11:37:55.299+0000][58.272s][info ][safepoint     ] Leaving safepoint region
[2024-05-14T11:37:55.299+0000][58.272s][info ][safepoint     ] Total time for which application threads were stopped: 0.0175333 seconds, Stopping threads took: 0.0002246 seconds
[2024-05-14T11:37:55.299+0000][58.273s][info ][gc,stringdedup] Concurrent String Deduplication (58.272s)
[2024-05-14T11:37:55.303+0000][58.277s][info ][gc,stringdedup] Concurrent String Deduplication 300.0K->90720.0B(211.5K) avg 54.0% (58.272s, 58.277s) 4.066ms
[2024-05-14T11:37:55.722+0000][58.695s][debug][safepoint     ] Safepoint synchronization initiated. (185 threads)
[2024-05-14T11:37:55.722+0000][58.695s][info ][safepoint     ] Application time: 0.4228941 seconds
[2024-05-14T11:37:55.722+0000][58.695s][info ][safepoint     ] Entering safepoint region: G1CollectForAllocation
[2024-05-14T11:37:55.722+0000][58.696s][info ][gc,start      ] GC(65) Pause Young (Normal) (G1 Evacuation Pause)
[2024-05-14T11:37:55.722+0000][58.696s][info ][gc,task       ] GC(65) Using 4 workers of 4 for evacuation
[2024-05-14T11:37:55.739+0000][58.713s][info ][gc,phases     ] GC(65)   Pre Evacuate Collection Set: 0.0ms
[2024-05-14T11:37:55.739+0000][58.713s][info ][gc,phases     ] GC(65)   Evacuate Collection Set: 12.7ms
[2024-05-14T11:37:55.739+0000][58.713s][info ][gc,phases     ] GC(65)   Post Evacuate Collection Set: 4.0ms
[2024-05-14T11:37:55.739+0000][58.713s][info ][gc,phases     ] GC(65)   Other: 0.3ms
[2024-05-14T11:37:55.739+0000][58.713s][info ][gc,heap       ] GC(65) Eden regions: 179->0(182)
[2024-05-14T11:37:55.739+0000][58.713s][info ][gc,heap       ] GC(65) Survivor regions: 14->10(25)
[2024-05-14T11:37:55.739+0000][58.713s][info ][gc,heap       ] GC(65) Old regions: 151->156
[2024-05-14T11:37:55.739+0000][58.713s][info ][gc,heap       ] GC(65) Humongous regions: 0->0
[2024-05-14T11:37:55.739+0000][58.713s][info ][gc,metaspace  ] GC(65) Metaspace: 171427K(176752K)->171427K(176752K) NonClass: 151484K(154660K)->151484K(154660K) Class: 19943K(22092K)->19943K(22092K)
[2024-05-14T11:37:55.739+0000][58.713s][info ][gc            ] GC(65) Pause Young (Normal) (G1 Evacuation Pause) 342M->164M(398M) 17.175ms
[2024-05-14T11:37:55.739+0000][58.713s][info ][gc,cpu        ] GC(65) User=0.06s Sys=0.00s Real=0.02s
[2024-05-14T11:37:55.739+0000][58.713s][info ][safepoint     ] Leaving safepoint region
[2024-05-14T11:37:55.739+0000][58.713s][info ][safepoint     ] Total time for which application threads were stopped: 0.0178062 seconds, Stopping threads took: 0.0001370 seconds
[2024-05-14T11:37:55.740+0000][58.713s][info ][gc,stringdedup] Concurrent String Deduplication (58.713s)
[2024-05-14T11:37:55.741+0000][58.715s][info ][gc,stringdedup] Concurrent String Deduplication 217.9K->75512.0B(144.1K) avg 54.1% (58.713s, 58.715s) 1.342ms
[2024-05-14T11:37:56.102+0000][59.075s][debug][safepoint     ] Safepoint synchronization initiated. (185 threads)
[2024-05-14T11:37:56.102+0000][59.075s][info ][safepoint     ] Application time: 0.3621960 seconds
[2024-05-14T11:37:56.102+0000][59.075s][debug][safepoint     ] ... found polling page return exception at pc = 0x00007f320cd3ebdd, stub =0x00007f3204824b00
[2024-05-14T11:37:56.102+0000][59.075s][debug][safepoint     ] ... found polling page return exception at pc = 0x00007f320c389240, stub =0x00007f3204824b00
[2024-05-14T11:37:56.102+0000][59.076s][debug][safepoint     ] Waiting for 2 thread(s) to block
[2024-05-14T11:37:56.102+0000][59.076s][info ][safepoint     ] Entering safepoint region: G1CollectForAllocation
[2024-05-14T11:37:56.102+0000][59.076s][info ][gc,start      ] GC(66) Pause Young (Normal) (G1 Evacuation Pause)
[2024-05-14T11:37:56.102+0000][59.076s][info ][gc,task       ] GC(66) Using 4 workers of 4 for evacuation
[2024-05-14T11:37:56.115+0000][59.089s][info ][gc,phases     ] GC(66)   Pre Evacuate Collection Set: 0.0ms
[2024-05-14T11:37:56.115+0000][59.089s][info ][gc,phases     ] GC(66)   Evacuate Collection Set: 9.0ms
[2024-05-14T11:37:56.116+0000][59.089s][info ][gc,phases     ] GC(66)   Post Evacuate Collection Set: 3.9ms
[2024-05-14T11:37:56.116+0000][59.089s][info ][gc,phases     ] GC(66)   Other: 0.2ms
[2024-05-14T11:37:56.116+0000][59.089s][info ][gc,heap       ] GC(66) Eden regions: 182->0(178)
[2024-05-14T11:37:56.116+0000][59.089s][info ][gc,heap       ] GC(66) Survivor regions: 10->12(24)
[2024-05-14T11:37:56.116+0000][59.089s][info ][gc,heap       ] GC(66) Old regions: 156->156
[2024-05-14T11:37:56.116+0000][59.089s][info ][gc,heap       ] GC(66) Humongous regions: 0->0
[2024-05-14T11:37:56.116+0000][59.089s][info ][gc,metaspace  ] GC(66) Metaspace: 171483K(176752K)->171483K(176752K) NonClass: 151538K(154660K)->151538K(154660K) Class: 19945K(22092K)->19945K(22092K)
[2024-05-14T11:37:56.116+0000][59.089s][info ][gc            ] GC(66) Pause Young (Normal) (G1 Evacuation Pause) 346M->165M(398M) 13.465ms
[2024-05-14T11:37:56.116+0000][59.089s][info ][gc,cpu        ] GC(66) User=0.05s Sys=0.00s Real=0.01s
[2024-05-14T11:37:56.116+0000][59.090s][info ][safepoint     ] Leaving safepoint region
[2024-05-14T11:37:56.116+0000][59.090s][info ][safepoint     ] Total time for which application threads were stopped: 0.0141877 seconds, Stopping threads took: 0.0003146 seconds
[2024-05-14T11:37:56.116+0000][59.090s][info ][gc,stringdedup] Concurrent String Deduplication (59.090s)
[2024-05-14T11:37:56.117+0000][59.091s][info ][gc,stringdedup] Concurrent String Deduplication 146.4K->55400.0B(94480.0B) avg 54.2% (59.090s, 59.091s) 1.018ms
[2024-05-14T11:37:56.352+0000][59.325s][debug][safepoint     ] Safepoint synchronization initiated. (189 threads)
[2024-05-14T11:37:56.352+0000][59.325s][info ][safepoint     ] Application time: 0.2358383 seconds
[2024-05-14T11:37:56.352+0000][59.325s][debug][safepoint     ] Waiting for 1 thread(s) to block
[2024-05-14T11:37:56.352+0000][59.325s][info ][safepoint     ] Entering safepoint region: Deoptimize
[2024-05-14T11:37:56.357+0000][59.331s][info ][safepoint     ] Leaving safepoint region
[2024-05-14T11:37:56.357+0000][59.331s][info ][safepoint     ] Total time for which application threads were stopped: 0.0056902 seconds, Stopping threads took: 0.0001067 seconds
[2024-05-14T11:37:56.387+0000][59.361s][debug][safepoint     ] Safepoint synchronization initiated. (190 threads)
[2024-05-14T11:37:56.387+0000][59.361s][info ][safepoint     ] Application time: 0.0298422 seconds
[2024-05-14T11:37:56.387+0000][59.361s][debug][safepoint     ] Waiting for 1 thread(s) to block
[2024-05-14T11:37:56.387+0000][59.361s][info ][safepoint     ] Entering safepoint region: Deoptimize
[2024-05-14T11:37:56.389+0000][59.363s][info ][safepoint     ] Leaving safepoint region
[2024-05-14T11:37:56.389+0000][59.363s][info ][safepoint     ] Total time for which application threads were stopped: 0.0020426 seconds, Stopping threads took: 0.0000939 seconds
[2024-05-14T11:37:56.647+0000][59.621s][debug][safepoint     ] Safepoint synchronization initiated. (202 threads)
[2024-05-14T11:37:56.647+0000][59.621s][info ][safepoint     ] Application time: 0.2575580 seconds
[2024-05-14T11:37:56.648+0000][59.622s][debug][safepoint     ] ... found polling page loop exception at pc = 0x00007f320c9cc5ee, stub =0x00007f3204826680
[2024-05-14T11:37:56.648+0000][59.622s][debug][safepoint     ] Waiting for 1 thread(s) to block
[2024-05-14T11:37:56.649+0000][59.622s][info ][safepoint     ] Entering safepoint region: Deoptimize
[2024-05-14T11:37:56.651+0000][59.625s][info ][safepoint     ] Leaving safepoint region
[2024-05-14T11:37:56.651+0000][59.625s][info ][safepoint     ] Total time for which application threads were stopped: 0.0040350 seconds, Stopping threads took: 0.0016617 seconds
[2024-05-14T11:37:56.694+0000][59.668s][debug][safepoint     ] Safepoint synchronization initiated. (202 threads)
[2024-05-14T11:37:56.694+0000][59.668s][info ][safepoint     ] Application time: 0.0429632 seconds
[2024-05-14T11:37:56.694+0000][59.668s][debug][safepoint     ] ... found polling page return exception at pc = 0x00007f3204ea69cb, stub =0x00007f3204824b00
[2024-05-14T11:37:56.694+0000][59.668s][debug][safepoint     ] Waiting for 1 thread(s) to block
[2024-05-14T11:37:56.694+0000][59.668s][info ][safepoint     ] Entering safepoint region: Deoptimize
[2024-05-14T11:37:56.696+0000][59.670s][info ][safepoint     ] Leaving safepoint region
[2024-05-14T11:37:56.696+0000][59.670s][info ][safepoint     ] Total time for which application threads were stopped: 0.0022741 seconds, Stopping threads took: 0.0001652 seconds
[2024-05-14T11:37:56.697+0000][59.671s][debug][safepoint     ] Safepoint synchronization initiated. (202 threads)
[2024-05-14T11:37:56.697+0000][59.671s][info ][safepoint     ] Application time: 0.0006969 seconds
[2024-05-14T11:37:56.697+0000][59.671s][info ][safepoint     ] Entering safepoint region: Deoptimize
[2024-05-14T11:37:56.698+0000][59.672s][info ][safepoint     ] Leaving safepoint region
[2024-05-14T11:37:56.698+0000][59.672s][info ][safepoint     ] Total time for which application threads were stopped: 0.0009346 seconds, Stopping threads took: 0.0000376 seconds
[2024-05-14T11:37:56.708+0000][59.681s][debug][safepoint     ] Safepoint synchronization initiated. (203 threads)
[2024-05-14T11:37:56.708+0000][59.681s][info ][safepoint     ] Application time: 0.0099571 seconds
[2024-05-14T11:37:56.708+0000][59.682s][debug][safepoint     ] ... found polling page return exception at pc = 0x00007f3206500ad8, stub =0x00007f3204824b00
[2024-05-14T11:37:56.708+0000][59.682s][debug][safepoint     ] Waiting for 1 thread(s) to block
[2024-05-14T11:37:56.708+0000][59.682s][info ][safepoint     ] Entering safepoint region: Deoptimize
[2024-05-14T11:37:56.710+0000][59.683s][info ][safepoint     ] Leaving safepoint region
[2024-05-14T11:37:56.710+0000][59.683s][info ][safepoint     ] Total time for which application threads were stopped: 0.0017996 seconds, Stopping threads took: 0.0002069 seconds
[2024-05-14T11:37:56.814+0000][59.788s][debug][safepoint     ] Safepoint synchronization initiated. (218 threads)
[2024-05-14T11:37:56.814+0000][59.788s][info ][safepoint     ] Application time: 0.1045327 seconds
[2024-05-14T11:37:56.814+0000][59.788s][debug][safepoint     ] ... found polling page return exception at pc = 0x00007f320c3c7c68, stub =0x00007f3204824b00
[2024-05-14T11:37:56.814+0000][59.788s][debug][safepoint     ] Waiting for 1 thread(s) to block
[2024-05-14T11:37:56.816+0000][59.789s][info ][safepoint     ] Entering safepoint region: Deoptimize
[2024-05-14T11:37:56.819+0000][59.793s][info ][safepoint     ] Leaving safepoint region
[2024-05-14T11:37:56.819+0000][59.793s][info ][safepoint     ] Total time for which application threads were stopped: 0.0046640 seconds, Stopping threads took: 0.0014959 seconds
[2024-05-14T11:37:56.834+0000][59.808s][debug][safepoint     ] Safepoint synchronization initiated. (219 threads)
[2024-05-14T11:37:56.834+0000][59.808s][info ][safepoint     ] Application time: 0.0151649 seconds
[2024-05-14T11:37:56.834+0000][59.808s][debug][safepoint     ] ... found polling page return exception at pc = 0x00007f320c5127f7, stub =0x00007f3204824b00
[2024-05-14T11:37:56.836+0000][59.810s][debug][safepoint     ] ... found polling page loop exception at pc = 0x00007f320c8e1eb5, stub =0x00007f3204826680
[2024-05-14T11:37:56.836+0000][59.810s][debug][safepoint     ] Waiting for 4 thread(s) to block
[2024-05-14T11:37:56.837+0000][59.810s][info ][safepoint     ] Entering safepoint region: Deoptimize
[2024-05-14T11:37:56.839+0000][59.813s][info ][safepoint     ] Leaving safepoint region
[2024-05-14T11:37:56.839+0000][59.813s][info ][safepoint     ] Total time for which application threads were stopped: 0.0052769 seconds, Stopping threads took: 0.0027758 seconds
[2024-05-14T11:37:56.861+0000][59.834s][debug][safepoint     ] Safepoint synchronization initiated. (219 threads)
[2024-05-14T11:37:56.861+0000][59.834s][info ][safepoint     ] Application time: 0.0212666 seconds
[2024-05-14T11:37:56.861+0000][59.834s][debug][safepoint     ] ... found polling page loop exception at pc = 0x00007f320c49e0d8, stub =0x00007f3204826680
[2024-05-14T11:37:56.861+0000][59.834s][debug][safepoint     ] Waiting for 5 thread(s) to block
[2024-05-14T11:37:56.861+0000][59.834s][info ][safepoint     ] Entering safepoint region: G1CollectForAllocation
[2024-05-14T11:37:56.861+0000][59.835s][info ][safepoint     ] Leaving safepoint region
[2024-05-14T11:37:56.861+0000][59.835s][info ][safepoint     ] Total time for which application threads were stopped: 0.0007797 seconds, Stopping threads took: 0.0002097 seconds
[2024-05-14T11:37:56.862+0000][59.836s][debug][safepoint     ] Safepoint synchronization initiated. (219 threads)
[2024-05-14T11:37:56.863+0000][59.837s][info ][safepoint     ] Application time: 0.0016556 seconds
[2024-05-14T11:37:56.863+0000][59.837s][debug][safepoint     ] ... found polling page return exception at pc = 0x00007f320c90a109, stub =0x00007f3204824b00
[2024-05-14T11:37:56.863+0000][59.837s][debug][safepoint     ] Waiting for 3 thread(s) to block
[2024-05-14T11:37:56.863+0000][59.837s][info ][safepoint     ] Entering safepoint region: G1CollectForAllocation
[2024-05-14T11:37:56.864+0000][59.838s][info ][gc,start      ] GC(67) Pause Young (Normal) (GCLocker Initiated GC)
[2024-05-14T11:37:56.864+0000][59.838s][info ][gc,task       ] GC(67) Using 4 workers of 4 for evacuation
[2024-05-14T11:37:56.881+0000][59.855s][info ][gc,phases     ] GC(67)   Pre Evacuate Collection Set: 0.0ms
[2024-05-14T11:37:56.881+0000][59.855s][info ][gc,phases     ] GC(67)   Evacuate Collection Set: 13.0ms
[2024-05-14T11:37:56.881+0000][59.855s][info ][gc,phases     ] GC(67)   Post Evacuate Collection Set: 4.1ms
[2024-05-14T11:37:56.881+0000][59.855s][info ][gc,phases     ] GC(67)   Other: 0.3ms
[2024-05-14T11:37:56.881+0000][59.855s][info ][gc,heap       ] GC(67) Eden regions: 179->0(172)
[2024-05-14T11:37:56.881+0000][59.855s][info ][gc,heap       ] GC(67) Survivor regions: 12->15(24)
[2024-05-14T11:37:56.881+0000][59.855s][info ][gc,heap       ] GC(67) Old regions: 156->156
[2024-05-14T11:37:56.881+0000][59.855s][info ][gc,heap       ] GC(67) Humongous regions: 0->0
[2024-05-14T11:37:56.881+0000][59.855s][info ][gc,metaspace  ] GC(67) Metaspace: 176539K(182256K)->176539K(182256K) NonClass: 155996K(159524K)->155996K(159524K) Class: 20542K(22732K)->20542K(22732K)
[2024-05-14T11:37:56.881+0000][59.855s][info ][gc            ] GC(67) Pause Young (Normal) (GCLocker Initiated GC) 344M->168M(398M) 17.502ms
[2024-05-14T11:37:56.881+0000][59.855s][info ][gc,cpu        ] GC(67) User=0.06s Sys=0.00s Real=0.02s
[2024-05-14T11:37:56.881+0000][59.855s][info ][safepoint     ] Leaving safepoint region
[2024-05-14T11:37:56.881+0000][59.855s][info ][safepoint     ] Total time for which application threads were stopped: 0.0184099 seconds, Stopping threads took: 0.0003665 seconds
[2024-05-14T11:37:56.882+0000][59.855s][info ][gc,stringdedup] Concurrent String Deduplication (59.855s)
[2024-05-14T11:37:56.883+0000][59.856s][info ][gc,stringdedup] Concurrent String Deduplication 151.4K->50912.0B(101.7K) avg 54.2% (59.855s, 59.856s) 1.146ms
[2024-05-14T11:37:56.937+0000][59.911s][debug][safepoint     ] Safepoint synchronization initiated. (229 threads)
[2024-05-14T11:37:56.937+0000][59.911s][info ][safepoint     ] Application time: 0.0553941 seconds
[2024-05-14T11:37:56.937+0000][59.911s][debug][safepoint     ] ... found polling page return exception at pc = 0x00007f320c92a635, stub =0x00007f3204824b00
[2024-05-14T11:37:56.937+0000][59.911s][debug][safepoint     ] ... found polling page return exception at pc = 0x00007f3206c96a69, stub =0x00007f3204824b00
[2024-05-14T11:37:56.937+0000][59.911s][debug][safepoint     ] Waiting for 4 thread(s) to block
[2024-05-14T11:37:56.938+0000][59.912s][info ][safepoint     ] Entering safepoint region: Deoptimize
[2024-05-14T11:37:56.954+0000][59.927s][info ][safepoint     ] Leaving safepoint region
[2024-05-14T11:37:56.954+0000][59.928s][info ][safepoint     ] Total time for which application threads were stopped: 0.0169365 seconds, Stopping threads took: 0.0015019 seconds
[2024-05-14T11:37:57.400+0000][60.374s][debug][safepoint     ] Safepoint synchronization initiated. (270 threads)
[2024-05-14T11:37:57.400+0000][60.374s][info ][safepoint     ] Application time: 0.4461250 seconds
[2024-05-14T11:37:57.400+0000][60.374s][debug][safepoint     ] ... found polling page return exception at pc = 0x00007f320c2ed7b1, stub =0x00007f3204824b00
[2024-05-14T11:37:57.400+0000][60.374s][debug][safepoint     ] Waiting for 2 thread(s) to block
[2024-05-14T11:37:57.400+0000][60.374s][info ][safepoint     ] Entering safepoint region: Deoptimize
[2024-05-14T11:37:57.404+0000][60.377s][info ][safepoint     ] Leaving safepoint region
[2024-05-14T11:37:57.404+0000][60.377s][info ][safepoint     ] Total time for which application threads were stopped: 0.0037979 seconds, Stopping threads took: 0.0001782 seconds
[2024-05-14T11:37:58.405+0000][61.379s][debug][safepoint     ] Safepoint synchronization initiated. (342 threads)
[2024-05-14T11:37:58.405+0000][61.379s][info ][safepoint     ] Application time: 1.0016380 seconds
[2024-05-14T11:37:58.405+0000][61.379s][debug][safepoint     ] ... found polling page return exception at pc = 0x00007f320c8a1bf8, stub =0x00007f3204824b00
[2024-05-14T11:37:58.406+0000][61.380s][debug][safepoint     ] Waiting for 1 thread(s) to block
[2024-05-14T11:37:58.406+0000][61.380s][info ][safepoint     ] Entering safepoint region: Cleanup
[2024-05-14T11:37:58.407+0000][61.380s][info ][safepoint     ] Leaving safepoint region
[2024-05-14T11:37:58.407+0000][61.380s][info ][safepoint     ] Total time for which application threads were stopped: 0.0011182 seconds, Stopping threads took: 0.0005351 seconds
[2024-05-14T11:37:59.407+0000][62.380s][debug][safepoint     ] Safepoint synchronization initiated. (342 threads)
[2024-05-14T11:37:59.407+0000][62.380s][info ][safepoint     ] Application time: 1.0001854 seconds
[2024-05-14T11:37:59.407+0000][62.381s][info ][safepoint     ] Entering safepoint region: Cleanup
[2024-05-14T11:37:59.407+0000][62.381s][info ][safepoint     ] Leaving safepoint region
[2024-05-14T11:37:59.407+0000][62.381s][info ][safepoint     ] Total time for which application threads were stopped: 0.0005203 seconds, Stopping threads took: 0.0001699 seconds
[2024-05-14T11:38:00.407+0000][63.381s][debug][safepoint     ] Safepoint synchronization initiated. (346 threads)
[2024-05-14T11:38:00.407+0000][63.381s][info ][safepoint     ] Application time: 1.0001686 seconds
[2024-05-14T11:38:00.408+0000][63.381s][info ][safepoint     ] Entering safepoint region: Cleanup
[2024-05-14T11:38:00.408+0000][63.382s][info ][safepoint     ] Leaving safepoint region
[2024-05-14T11:38:00.408+0000][63.382s][info ][safepoint     ] Total time for which application threads were stopped: 0.0006300 seconds, Stopping threads took: 0.0001600 seconds
[2024-05-14T11:38:01.408+0000][64.382s][debug][safepoint     ] Safepoint synchronization initiated. (354 threads)
[2024-05-14T11:38:01.408+0000][64.382s][info ][safepoint     ] Application time: 1.0001691 seconds
[2024-05-14T11:38:01.409+0000][64.383s][debug][safepoint     ] Waiting for 1 thread(s) to block
[2024-05-14T11:38:01.409+0000][64.383s][info ][safepoint     ] Entering safepoint region: Cleanup
[2024-05-14T11:38:01.410+0000][64.384s][info ][safepoint     ] Leaving safepoint region
[2024-05-14T11:38:01.410+0000][64.384s][info ][safepoint     ] Total time for which application threads were stopped: 0.0016253 seconds, Stopping threads took: 0.0007814 seconds
[2024-05-14T11:38:02.410+0000][65.384s][debug][safepoint     ] Safepoint synchronization initiated. (371 threads)
[2024-05-14T11:38:02.410+0000][65.384s][info ][safepoint     ] Application time: 1.0002860 seconds
[2024-05-14T11:38:02.410+0000][65.384s][debug][safepoint     ] ... found polling page return exception at pc = 0x00007f320c358d9c, stub =0x00007f3204824b00
[2024-05-14T11:38:02.411+0000][65.384s][debug][safepoint     ] Waiting for 1 thread(s) to block
[2024-05-14T11:38:02.411+0000][65.384s][info ][safepoint     ] Entering safepoint region: Cleanup
[2024-05-14T11:38:02.412+0000][65.385s][info ][safepoint     ] Leaving safepoint region
[2024-05-14T11:38:02.412+0000][65.385s][info ][safepoint     ] Total time for which application threads were stopped: 0.0014668 seconds, Stopping threads took: 0.0005435 seconds
[2024-05-14T11:38:02.811+0000][65.785s][debug][safepoint     ] Safepoint synchronization initiated. (371 threads)
[2024-05-14T11:38:02.811+0000][65.785s][info ][safepoint     ] Application time: 0.3996353 seconds
[2024-05-14T11:38:02.811+0000][65.785s][debug][safepoint     ] ... found polling page return exception at pc = 0x00007f320ce005fe, stub =0x00007f3204824b00
[2024-05-14T11:38:02.812+0000][65.785s][debug][safepoint     ] Waiting for 3 thread(s) to block
[2024-05-14T11:38:02.812+0000][65.785s][info ][safepoint     ] Entering safepoint region: G1CollectForAllocation
[2024-05-14T11:38:02.813+0000][65.786s][info ][gc,start      ] GC(68) Pause Young (Normal) (G1 Evacuation Pause)
[2024-05-14T11:38:02.813+0000][65.786s][info ][gc,task       ] GC(68) Using 4 workers of 4 for evacuation
[2024-05-14T11:38:02.849+0000][65.823s][info ][gc,phases     ] GC(68)   Pre Evacuate Collection Set: 0.0ms
[2024-05-14T11:38:02.849+0000][65.823s][info ][gc,phases     ] GC(68)   Evacuate Collection Set: 29.5ms
[2024-05-14T11:38:02.849+0000][65.823s][info ][gc,phases     ] GC(68)   Post Evacuate Collection Set: 6.4ms
[2024-05-14T11:38:02.849+0000][65.823s][info ][gc,phases     ] GC(68)   Other: 0.9ms
[2024-05-14T11:38:02.849+0000][65.823s][info ][gc,heap       ] GC(68) Eden regions: 172->0(152)
[2024-05-14T11:38:02.849+0000][65.823s][info ][gc,heap       ] GC(68) Survivor regions: 15->23(24)
[2024-05-14T11:38:02.849+0000][65.823s][info ][gc,heap       ] GC(68) Old regions: 156->160
[2024-05-14T11:38:02.849+0000][65.823s][info ][gc,heap       ] GC(68) Humongous regions: 0->0
[2024-05-14T11:38:02.849+0000][65.823s][info ][gc,metaspace  ] GC(68) Metaspace: 180752K(186736K)->180752K(186736K) NonClass: 159747K(163364K)->159747K(163364K) Class: 21004K(23372K)->21004K(23372K)
[2024-05-14T11:38:02.849+0000][65.823s][info ][gc            ] GC(68) Pause Young (Normal) (G1 Evacuation Pause) 340M->181M(398M) 36.888ms
[2024-05-14T11:38:02.850+0000][65.823s][info ][gc,cpu        ] GC(68) User=0.12s Sys=0.00s Real=0.03s
[2024-05-14T11:38:02.850+0000][65.824s][info ][safepoint     ] Leaving safepoint region
[2024-05-14T11:38:02.850+0000][65.824s][info ][safepoint     ] Total time for which application threads were stopped: 0.0384672 seconds, Stopping threads took: 0.0004011 seconds
[2024-05-14T11:38:02.850+0000][65.824s][info ][gc,stringdedup] Concurrent String Deduplication (65.824s)
[2024-05-14T11:38:02.851+0000][65.825s][info ][gc,stringdedup] Concurrent String Deduplication 148.1K->51792.0B(99824.0B) avg 54.3% (65.824s, 65.825s) 1.086ms
[2024-05-14T11:38:03.850+0000][66.824s][debug][safepoint     ] Safepoint synchronization initiated. (371 threads)
[2024-05-14T11:38:03.850+0000][66.824s][info ][safepoint     ] Application time: 1.0003378 seconds
[2024-05-14T11:38:03.851+0000][66.824s][info ][safepoint     ] Entering safepoint region: Cleanup
[2024-05-14T11:38:03.851+0000][66.825s][info ][safepoint     ] Leaving safepoint region
[2024-05-14T11:38:03.851+0000][66.825s][info ][safepoint     ] Total time for which application threads were stopped: 0.0010466 seconds, Stopping threads took: 0.0003365 seconds
[2024-05-14T11:38:04.852+0000][67.825s][debug][safepoint     ] Safepoint synchronization initiated. (371 threads)
[2024-05-14T11:38:04.852+0000][67.825s][info ][safepoint     ] Application time: 1.0004102 seconds
[2024-05-14T11:38:04.852+0000][67.826s][info ][safepoint     ] Entering safepoint region: Cleanup
[2024-05-14T11:38:04.853+0000][67.827s][info ][safepoint     ] Leaving safepoint region
[2024-05-14T11:38:04.853+0000][67.827s][info ][safepoint     ] Total time for which application threads were stopped: 0.0013935 seconds, Stopping threads took: 0.0004659 seconds
[2024-05-14T11:38:05.853+0000][68.827s][debug][safepoint     ] Safepoint synchronization initiated. (371 threads)
[2024-05-14T11:38:05.853+0000][68.827s][info ][safepoint     ] Application time: 1.0002217 seconds
[2024-05-14T11:38:05.854+0000][68.828s][info ][safepoint     ] Entering safepoint region: Cleanup
[2024-05-14T11:38:05.854+0000][68.828s][info ][safepoint     ] Leaving safepoint region
[2024-05-14T11:38:05.854+0000][68.828s][info ][safepoint     ] Total time for which application threads were stopped: 0.0007725 seconds, Stopping threads took: 0.0003200 seconds
[2024-05-14T11:38:06.751+0000][69.725s][debug][safepoint     ] Safepoint synchronization initiated. (371 threads)
[2024-05-14T11:38:06.751+0000][69.725s][info ][safepoint     ] Application time: 0.8971469 seconds
[2024-05-14T11:38:06.752+0000][69.725s][info ][safepoint     ] Entering safepoint region: ICBufferFull
[2024-05-14T11:38:06.752+0000][69.726s][info ][safepoint     ] Leaving safepoint region
[2024-05-14T11:38:06.752+0000][69.726s][info ][safepoint     ] Total time for which application threads were stopped: 0.0009134 seconds, Stopping threads took: 0.0002915 seconds
[2024-05-14T11:38:07.753+0000][70.726s][debug][safepoint     ] Safepoint synchronization initiated. (371 threads)
[2024-05-14T11:38:07.753+0000][70.726s][info ][safepoint     ] Application time: 1.0002346 seconds
[2024-05-14T11:38:07.753+0000][70.727s][info ][safepoint     ] Entering safepoint region: Cleanup
[2024-05-14T11:38:07.754+0000][70.727s][info ][safepoint     ] Leaving safepoint region
[2024-05-14T11:38:07.754+0000][70.727s][info ][safepoint     ] Total time for which application threads were stopped: 0.0010847 seconds, Stopping threads took: 0.0003207 seconds
[2024-05-14T11:38:08.754+0000][71.728s][debug][safepoint     ] Safepoint synchronization initiated. (371 threads)
[2024-05-14T11:38:08.754+0000][71.728s][info ][safepoint     ] Application time: 1.0002143 seconds
[2024-05-14T11:38:08.754+0000][71.728s][info ][safepoint     ] Entering safepoint region: Cleanup
[2024-05-14T11:38:08.755+0000][71.729s][info ][safepoint     ] Leaving safepoint region
[2024-05-14T11:38:08.755+0000][71.729s][info ][safepoint     ] Total time for which application threads were stopped: 0.0008196 seconds, Stopping threads took: 0.0003061 seconds
[2024-05-14T11:38:09.755+0000][72.729s][debug][safepoint     ] Safepoint synchronization initiated. (371 threads)
[2024-05-14T11:38:09.755+0000][72.729s][info ][safepoint     ] Application time: 1.0003024 seconds
[2024-05-14T11:38:09.756+0000][72.729s][info ][safepoint     ] Entering safepoint region: Cleanup
[2024-05-14T11:38:09.756+0000][72.730s][info ][safepoint     ] Leaving safepoint region
[2024-05-14T11:38:09.756+0000][72.730s][info ][safepoint     ] Total time for which application threads were stopped: 0.0011800 seconds, Stopping threads took: 0.0004026 seconds
[2024-05-14T11:38:10.756+0000][73.730s][debug][safepoint     ] Safepoint synchronization initiated. (374 threads)
[2024-05-14T11:38:10.757+0000][73.730s][info ][safepoint     ] Application time: 1.0001629 seconds
[2024-05-14T11:38:10.757+0000][73.731s][info ][safepoint     ] Entering safepoint region: Cleanup
[2024-05-14T11:38:10.758+0000][73.732s][info ][safepoint     ] Leaving safepoint region
[2024-05-14T11:38:10.758+0000][73.732s][info ][safepoint     ] Total time for which application threads were stopped: 0.0012585 seconds, Stopping threads took: 0.0003718 seconds
[2024-05-14T11:38:11.758+0000][74.732s][debug][safepoint     ] Safepoint synchronization initiated. (374 threads)
[2024-05-14T11:38:11.758+0000][74.732s][info ][safepoint     ] Application time: 1.0005537 seconds
[2024-05-14T11:38:11.759+0000][74.732s][info ][safepoint     ] Entering safepoint region: Cleanup
[2024-05-14T11:38:11.759+0000][74.733s][info ][safepoint     ] Leaving safepoint region
[2024-05-14T11:38:11.759+0000][74.733s][info ][safepoint     ] Total time for which application threads were stopped: 0.0007536 seconds, Stopping threads took: 0.0002062 seconds
[2024-05-14T11:38:12.759+0000][75.733s][debug][safepoint     ] Safepoint synchronization initiated. (373 threads)
[2024-05-14T11:38:12.759+0000][75.733s][info ][safepoint     ] Application time: 1.0002106 seconds
[2024-05-14T11:38:12.760+0000][75.733s][debug][safepoint     ] Waiting for 1 thread(s) to block
[2024-05-14T11:38:12.760+0000][75.733s][info ][safepoint     ] Entering safepoint region: Cleanup
[2024-05-14T11:38:12.760+0000][75.734s][info ][safepoint     ] Leaving safepoint region
[2024-05-14T11:38:12.760+0000][75.734s][info ][safepoint     ] Total time for which application threads were stopped: 0.0009970 seconds, Stopping threads took: 0.0003518 seconds
[2024-05-14T11:38:13.761+0000][76.734s][debug][safepoint     ] Safepoint synchronization initiated. (373 threads)
[2024-05-14T11:38:13.761+0000][76.734s][info ][safepoint     ] Application time: 1.0003077 seconds
[2024-05-14T11:38:13.761+0000][76.735s][info ][safepoint     ] Entering safepoint region: Cleanup
[2024-05-14T11:38:13.762+0000][76.736s][info ][safepoint     ] Leaving safepoint region
[2024-05-14T11:38:13.762+0000][76.736s][info ][safepoint     ] Total time for which application threads were stopped: 0.0014476 seconds, Stopping threads took: 0.0002885 seconds
[2024-05-14T11:38:14.762+0000][77.736s][debug][safepoint     ] Safepoint synchronization initiated. (373 threads)
[2024-05-14T11:38:14.762+0000][77.736s][info ][safepoint     ] Application time: 1.0002163 seconds
[2024-05-14T11:38:14.763+0000][77.736s][info ][safepoint     ] Entering safepoint region: Cleanup
[2024-05-14T11:38:14.763+0000][77.737s][info ][safepoint     ] Leaving safepoint region
[2024-05-14T11:38:14.763+0000][77.737s][info ][safepoint     ] Total time for which application threads were stopped: 0.0005990 seconds, Stopping threads took: 0.0002116 seconds
[2024-05-14T11:38:15.763+0000][78.737s][debug][safepoint     ] Safepoint synchronization initiated. (373 threads)
[2024-05-14T11:38:15.763+0000][78.737s][info ][safepoint     ] Application time: 1.0002223 seconds
[2024-05-14T11:38:15.764+0000][78.737s][info ][safepoint     ] Entering safepoint region: Cleanup
[2024-05-14T11:38:15.764+0000][78.738s][info ][safepoint     ] Leaving safepoint region
[2024-05-14T11:38:15.764+0000][78.738s][info ][safepoint     ] Total time for which application threads were stopped: 0.0007282 seconds, Stopping threads took: 0.0002317 seconds
[2024-05-14T11:38:16.764+0000][79.738s][debug][safepoint     ] Safepoint synchronization initiated. (373 threads)
[2024-05-14T11:38:16.764+0000][79.738s][info ][safepoint     ] Application time: 1.0002189 seconds
[2024-05-14T11:38:16.765+0000][79.738s][info ][safepoint     ] Entering safepoint region: Cleanup
[2024-05-14T11:38:16.765+0000][79.739s][info ][safepoint     ] Leaving safepoint region
[2024-05-14T11:38:16.765+0000][79.739s][info ][safepoint     ] Total time for which application threads were stopped: 0.0007754 seconds, Stopping threads took: 0.0001982 seconds
[2024-05-14T11:38:17.765+0000][80.739s][debug][safepoint     ] Safepoint synchronization initiated. (373 threads)
[2024-05-14T11:38:17.765+0000][80.739s][info ][safepoint     ] Application time: 1.0002850 seconds
[2024-05-14T11:38:17.766+0000][80.739s][info ][safepoint     ] Entering safepoint region: Cleanup
[2024-05-14T11:38:17.766+0000][80.740s][info ][safepoint     ] Leaving safepoint region
[2024-05-14T11:38:17.766+0000][80.740s][info ][safepoint     ] Total time for which application threads were stopped: 0.0008581 seconds, Stopping threads took: 0.0003123 seconds
[2024-05-14T11:38:18.766+0000][81.740s][debug][safepoint     ] Safepoint synchronization initiated. (373 threads)
[2024-05-14T11:38:18.766+0000][81.740s][info ][safepoint     ] Application time: 1.0001676 seconds
[2024-05-14T11:38:18.767+0000][81.740s][debug][safepoint     ] ... found polling page return exception at pc = 0x00007f320cd6d60c, stub =0x00007f3204824b00
[2024-05-14T11:38:18.767+0000][81.740s][debug][safepoint     ] Waiting for 1 thread(s) to block
[2024-05-14T11:38:18.768+0000][81.741s][info ][safepoint     ] Entering safepoint region: Cleanup
[2024-05-14T11:38:18.768+0000][81.742s][info ][safepoint     ] Leaving safepoint region
[2024-05-14T11:38:18.768+0000][81.742s][info ][safepoint     ] Total time for which application threads were stopped: 0.0016739 seconds, Stopping threads took: 0.0010651 seconds
[2024-05-14T11:38:19.777+0000][82.751s][debug][safepoint     ] Safepoint synchronization initiated. (373 threads)
[2024-05-14T11:38:19.777+0000][82.751s][info ][safepoint     ] Application time: 1.0089875 seconds
[2024-05-14T11:38:19.777+0000][82.751s][info ][safepoint     ] Entering safepoint region: Cleanup
[2024-05-14T11:38:19.779+0000][82.752s][info ][safepoint     ] Leaving safepoint region
[2024-05-14T11:38:19.779+0000][82.752s][info ][safepoint     ] Total time for which application threads were stopped: 0.0013985 seconds, Stopping threads took: 0.0001933 seconds
[2024-05-14T11:38:19.779+0000][82.752s][debug][safepoint     ] ... found polling page return exception at pc = 0x00007f320ca20556, stub =0x00007f3204824b00
[2024-05-14T11:38:20.779+0000][83.753s][debug][safepoint     ] Safepoint synchronization initiated. (373 threads)
[2024-05-14T11:38:20.779+0000][83.753s][info ][safepoint     ] Application time: 1.0002463 seconds
[2024-05-14T11:38:20.779+0000][83.753s][info ][safepoint     ] Entering safepoint region: Cleanup
[2024-05-14T11:38:20.780+0000][83.754s][info ][safepoint     ] Leaving safepoint region
[2024-05-14T11:38:20.780+0000][83.754s][info ][safepoint     ] Total time for which application threads were stopped: 0.0013719 seconds, Stopping threads took: 0.0003395 seconds
[2024-05-14T11:38:21.781+0000][84.754s][debug][safepoint     ] Safepoint synchronization initiated. (373 threads)
[2024-05-14T11:38:21.781+0000][84.755s][info ][safepoint     ] Application time: 1.0004415 seconds
[2024-05-14T11:38:21.781+0000][84.755s][info ][safepoint     ] Entering safepoint region: Cleanup
[2024-05-14T11:38:21.782+0000][84.756s][info ][safepoint     ] Leaving safepoint region
[2024-05-14T11:38:21.782+0000][84.756s][info ][safepoint     ] Total time for which application threads were stopped: 0.0016365 seconds, Stopping threads took: 0.0003216 seconds
[2024-05-14T11:38:22.250+0000][85.224s][debug][safepoint     ] Safepoint synchronization initiated. (373 threads)
[2024-05-14T11:38:22.250+0000][85.224s][info ][safepoint     ] Application time: 0.4673465 seconds
[2024-05-14T11:38:22.250+0000][85.224s][debug][safepoint     ] Waiting for 1 thread(s) to block
[2024-05-14T11:38:22.251+0000][85.224s][info ][safepoint     ] Entering safepoint region: G1CollectForAllocation
[2024-05-14T11:38:22.251+0000][85.225s][info ][gc,start      ] GC(69) Pause Young (Normal) (G1 Evacuation Pause)
[2024-05-14T11:38:22.251+0000][85.225s][info ][gc,task       ] GC(69) Using 4 workers of 4 for evacuation
[2024-05-14T11:38:22.280+0000][85.254s][info ][gc,phases     ] GC(69)   Pre Evacuate Collection Set: 0.3ms
[2024-05-14T11:38:22.280+0000][85.254s][info ][gc,phases     ] GC(69)   Evacuate Collection Set: 23.4ms
[2024-05-14T11:38:22.280+0000][85.254s][info ][gc,phases     ] GC(69)   Post Evacuate Collection Set: 4.5ms
[2024-05-14T11:38:22.280+0000][85.254s][info ][gc,phases     ] GC(69)   Other: 0.9ms
[2024-05-14T11:38:22.280+0000][85.254s][info ][gc,heap       ] GC(69) Eden regions: 152->0(160)
[2024-05-14T11:38:22.280+0000][85.254s][info ][gc,heap       ] GC(69) Survivor regions: 23->2(22)
[2024-05-14T11:38:22.280+0000][85.254s][info ][gc,heap       ] GC(69) Old regions: 160->182
[2024-05-14T11:38:22.280+0000][85.254s][info ][gc,heap       ] GC(69) Humongous regions: 0->0
[2024-05-14T11:38:22.280+0000][85.254s][info ][gc,metaspace  ] GC(69) Metaspace: 181989K(188016K)->181989K(188016K) NonClass: 160973K(164644K)->160973K(164644K) Class: 21015K(23372K)->21015K(23372K)
[2024-05-14T11:38:22.281+0000][85.254s][info ][gc            ] GC(69) Pause Young (Normal) (G1 Evacuation Pause) 333M->182M(398M) 29.221ms
[2024-05-14T11:38:22.281+0000][85.254s][info ][gc,cpu        ] GC(69) User=0.11s Sys=0.00s Real=0.03s
[2024-05-14T11:38:22.281+0000][85.255s][info ][safepoint     ] Leaving safepoint region
[2024-05-14T11:38:22.281+0000][85.255s][info ][safepoint     ] Total time for which application threads were stopped: 0.0309281 seconds, Stopping threads took: 0.0007165 seconds
[2024-05-14T11:38:22.281+0000][85.255s][info ][gc,stringdedup] Concurrent String Deduplication (85.255s)
[2024-05-14T11:38:22.288+0000][85.262s][info ][gc,stringdedup] Concurrent String Deduplication 1052.9K->457.9K(595.0K) avg 54.4% (85.255s, 85.262s) 6.930ms
[2024-05-14T11:38:23.281+0000][86.255s][debug][safepoint     ] Safepoint synchronization initiated. (373 threads)
[2024-05-14T11:38:23.281+0000][86.255s][info ][safepoint     ] Application time: 1.0002836 seconds
[2024-05-14T11:38:23.281+0000][86.255s][info ][safepoint     ] Entering safepoint region: Cleanup
[2024-05-14T11:38:23.282+0000][86.256s][info ][safepoint     ] Leaving safepoint region
[2024-05-14T11:38:23.282+0000][86.256s][info ][safepoint     ] Total time for which application threads were stopped: 0.0007931 seconds, Stopping threads took: 0.0002348 seconds
[2024-05-14T11:38:24.282+0000][87.256s][debug][safepoint     ] Safepoint synchronization initiated. (373 threads)
[2024-05-14T11:38:24.282+0000][87.256s][info ][safepoint     ] Application time: 1.0001884 seconds
[2024-05-14T11:38:24.290+0000][87.264s][debug][safepoint     ] ... found polling page return exception at pc = 0x00007f320cf94add, stub =0x00007f3204824b00
[2024-05-14T11:38:24.290+0000][87.264s][debug][safepoint     ] Waiting for 1 thread(s) to block
[2024-05-14T11:38:24.291+0000][87.265s][info ][safepoint     ] Entering safepoint region: Cleanup
[2024-05-14T11:38:24.292+0000][87.266s][info ][safepoint     ] Leaving safepoint region
[2024-05-14T11:38:24.292+0000][87.266s][info ][safepoint     ] Total time for which application threads were stopped: 0.0102725 seconds, Stopping threads took: 0.0091256 seconds
[2024-05-14T11:38:25.293+0000][88.266s][debug][safepoint     ] Safepoint synchronization initiated. (373 threads)
[2024-05-14T11:38:25.293+0000][88.266s][info ][safepoint     ] Application time: 1.0002817 seconds
[2024-05-14T11:38:25.293+0000][88.267s][info ][safepoint     ] Entering safepoint region: Cleanup
[2024-05-14T11:38:25.294+0000][88.267s][info ][safepoint     ] Leaving safepoint region
[2024-05-14T11:38:25.294+0000][88.267s][info ][safepoint     ] Total time for which application threads were stopped: 0.0009912 seconds, Stopping threads took: 0.0002662 seconds
[2024-05-14T11:38:26.294+0000][89.268s][debug][safepoint     ] Safepoint synchronization initiated. (373 threads)
[2024-05-14T11:38:26.294+0000][89.268s][info ][safepoint     ] Application time: 1.0001584 seconds
[2024-05-14T11:38:26.294+0000][89.268s][info ][safepoint     ] Entering safepoint region: Cleanup
[2024-05-14T11:38:26.294+0000][89.268s][info ][safepoint     ] Leaving safepoint region
[2024-05-14T11:38:26.295+0000][89.268s][info ][safepoint     ] Total time for which application threads were stopped: 0.0005731 seconds, Stopping threads took: 0.0001907 seconds
[2024-05-14T11:38:27.295+0000][90.268s][debug][safepoint     ] Safepoint synchronization initiated. (373 threads)
[2024-05-14T11:38:27.295+0000][90.268s][info ][safepoint     ] Application time: 1.0001161 seconds
[2024-05-14T11:38:27.295+0000][90.269s][info ][safepoint     ] Entering safepoint region: Cleanup
[2024-05-14T11:38:27.296+0000][90.270s][info ][safepoint     ] Leaving safepoint region
[2024-05-14T11:38:27.296+0000][90.270s][info ][safepoint     ] Total time for which application threads were stopped: 0.0013562 seconds, Stopping threads took: 0.0006689 seconds
[2024-05-14T11:38:28.296+0000][91.270s][debug][safepoint     ] Safepoint synchronization initiated. (373 threads)
[2024-05-14T11:38:28.296+0000][91.270s][info ][safepoint     ] Application time: 1.0002740 seconds
[2024-05-14T11:38:28.297+0000][91.271s][debug][safepoint     ] ... found polling page return exception at pc = 0x00007f320c6483ef, stub =0x00007f3204824b00
[2024-05-14T11:38:28.297+0000][91.271s][debug][safepoint     ] ... found polling page return exception at pc = 0x00007f320c8cb936, stub =0x00007f3204824b00
[2024-05-14T11:38:28.297+0000][91.271s][debug][safepoint     ] Waiting for 2 thread(s) to block
[2024-05-14T11:38:28.298+0000][91.271s][info ][safepoint     ] Entering safepoint region: Cleanup
[2024-05-14T11:38:28.298+0000][91.272s][info ][safepoint     ] Leaving safepoint region
[2024-05-14T11:38:28.298+0000][91.272s][info ][safepoint     ] Total time for which application threads were stopped: 0.0021295 seconds, Stopping threads took: 0.0014734 seconds
[2024-05-14T11:38:29.299+0000][92.272s][debug][safepoint     ] Safepoint synchronization initiated. (375 threads)
[2024-05-14T11:38:29.299+0000][92.272s][info ][safepoint     ] Application time: 1.0002824 seconds
[2024-05-14T11:38:29.299+0000][92.273s][info ][safepoint     ] Entering safepoint region: Cleanup
[2024-05-14T11:38:29.300+0000][92.274s][info ][safepoint     ] Leaving safepoint region
[2024-05-14T11:38:29.300+0000][92.274s][info ][safepoint     ] Total time for which application threads were stopped: 0.0010530 seconds, Stopping threads took: 0.0002407 seconds
[2024-05-14T11:38:30.300+0000][93.274s][debug][safepoint     ] Safepoint synchronization initiated. (375 threads)
[2024-05-14T11:38:30.300+0000][93.274s][info ][safepoint     ] Application time: 1.0002061 seconds
[2024-05-14T11:38:30.300+0000][93.274s][info ][safepoint     ] Entering safepoint region: Cleanup
[2024-05-14T11:38:30.301+0000][93.275s][info ][safepoint     ] Leaving safepoint region
[2024-05-14T11:38:30.301+0000][93.275s][info ][safepoint     ] Total time for which application threads were stopped: 0.0007398 seconds, Stopping threads took: 0.0001830 seconds
[2024-05-14T11:38:31.301+0000][94.275s][debug][safepoint     ] Safepoint synchronization initiated. (375 threads)
[2024-05-14T11:38:31.301+0000][94.275s][info ][safepoint     ] Application time: 1.0001482 seconds
[2024-05-14T11:38:31.301+0000][94.275s][info ][safepoint     ] Entering safepoint region: Cleanup
[2024-05-14T11:38:31.302+0000][94.276s][info ][safepoint     ] Leaving safepoint region
[2024-05-14T11:38:31.302+0000][94.276s][info ][safepoint     ] Total time for which application threads were stopped: 0.0013031 seconds, Stopping threads took: 0.0003582 seconds
[2024-05-14T11:38:32.302+0000][95.276s][debug][safepoint     ] Safepoint synchronization initiated. (375 threads)
[2024-05-14T11:38:32.303+0000][95.276s][info ][safepoint     ] Application time: 1.0001953 seconds
[2024-05-14T11:38:32.303+0000][95.276s][debug][safepoint     ] Waiting for 1 thread(s) to block
[2024-05-14T11:38:32.303+0000][95.276s][info ][safepoint     ] Entering safepoint region: Cleanup
[2024-05-14T11:38:32.303+0000][95.277s][info ][safepoint     ] Leaving safepoint region
[2024-05-14T11:38:32.303+0000][95.277s][info ][safepoint     ] Total time for which application threads were stopped: 0.0006787 seconds, Stopping threads took: 0.0002583 seconds
[2024-05-14T11:38:33.303+0000][96.277s][debug][safepoint     ] Safepoint synchronization initiated. (375 threads)
[2024-05-14T11:38:33.303+0000][96.277s][info ][safepoint     ] Application time: 1.0001720 seconds
[2024-05-14T11:38:33.304+0000][96.277s][info ][safepoint     ] Entering safepoint region: Cleanup
[2024-05-14T11:38:33.304+0000][96.278s][info ][safepoint     ] Leaving safepoint region
[2024-05-14T11:38:33.304+0000][96.278s][info ][safepoint     ] Total time for which application threads were stopped: 0.0007281 seconds, Stopping threads took: 0.0001736 seconds
[2024-05-14T11:38:34.304+0000][97.278s][debug][safepoint     ] Safepoint synchronization initiated. (375 threads)
[2024-05-14T11:38:34.304+0000][97.278s][info ][safepoint     ] Application time: 1.0002625 seconds
[2024-05-14T11:38:34.304+0000][97.278s][debug][safepoint     ] ... found polling page return exception at pc = 0x00007f320d0ffdba, stub =0x00007f3204824b00
[2024-05-14T11:38:34.305+0000][97.278s][debug][safepoint     ] Waiting for 1 thread(s) to block
[2024-05-14T11:38:34.305+0000][97.279s][info ][safepoint     ] Entering safepoint region: Cleanup
[2024-05-14T11:38:34.305+0000][97.279s][info ][safepoint     ] Leaving safepoint region
[2024-05-14T11:38:34.305+0000][97.279s][info ][safepoint     ] Total time for which application threads were stopped: 0.0009922 seconds, Stopping threads took: 0.0004362 seconds
[2024-05-14T11:38:35.306+0000][98.279s][debug][safepoint     ] Safepoint synchronization initiated. (375 threads)
[2024-05-14T11:38:35.306+0000][98.280s][info ][safepoint     ] Application time: 1.0003935 seconds
[2024-05-14T11:38:35.306+0000][98.280s][info ][safepoint     ] Entering safepoint region: Cleanup
[2024-05-14T11:38:35.307+0000][98.281s][info ][safepoint     ] Leaving safepoint region
[2024-05-14T11:38:35.307+0000][98.281s][info ][safepoint     ] Total time for which application threads were stopped: 0.0010532 seconds, Stopping threads took: 0.0004396 seconds
[2024-05-14T11:38:36.307+0000][99.281s][debug][safepoint     ] Safepoint synchronization initiated. (375 threads)
[2024-05-14T11:38:36.307+0000][99.281s][info ][safepoint     ] Application time: 1.0002343 seconds
[2024-05-14T11:38:36.307+0000][99.281s][info ][safepoint     ] Entering safepoint region: Cleanup
[2024-05-14T11:38:36.308+0000][99.282s][info ][safepoint     ] Leaving safepoint region
[2024-05-14T11:38:36.308+0000][99.282s][info ][safepoint     ] Total time for which application threads were stopped: 0.0007971 seconds, Stopping threads took: 0.0002622 seconds
[2024-05-14T11:38:37.308+0000][100.282s][debug][safepoint     ] Safepoint synchronization initiated. (375 threads)
[2024-05-14T11:38:37.308+0000][100.282s][info ][safepoint     ] Application time: 1.0002024 seconds
[2024-05-14T11:38:37.310+0000][100.284s][debug][safepoint     ] Waiting for 1 thread(s) to block
[2024-05-14T11:38:37.311+0000][100.284s][info ][safepoint     ] Entering safepoint region: Cleanup
[2024-05-14T11:38:37.311+0000][100.285s][info ][safepoint     ] Leaving safepoint region
[2024-05-14T11:38:37.311+0000][100.285s][info ][safepoint     ] Total time for which application threads were stopped: 0.0031624 seconds, Stopping threads took: 0.0023326 seconds
[2024-05-14T11:38:38.312+0000][101.285s][debug][safepoint     ] Safepoint synchronization initiated. (378 threads)
[2024-05-14T11:38:38.312+0000][101.285s][info ][safepoint     ] Application time: 1.0003251 seconds
[2024-05-14T11:38:38.313+0000][101.286s][info ][safepoint     ] Entering safepoint region: Cleanup
[2024-05-14T11:38:38.314+0000][101.287s][info ][safepoint     ] Leaving safepoint region
[2024-05-14T11:38:38.314+0000][101.287s][info ][safepoint     ] Total time for which application threads were stopped: 0.0018098 seconds, Stopping threads took: 0.0007662 seconds
[2024-05-14T11:38:39.314+0000][102.287s][debug][safepoint     ] Safepoint synchronization initiated. (378 threads)
[2024-05-14T11:38:39.314+0000][102.288s][info ][safepoint     ] Application time: 1.0002025 seconds
[2024-05-14T11:38:39.314+0000][102.288s][info ][safepoint     ] Entering safepoint region: Cleanup
[2024-05-14T11:38:39.315+0000][102.289s][info ][safepoint     ] Leaving safepoint region
[2024-05-14T11:38:39.315+0000][102.289s][info ][safepoint     ] Total time for which application threads were stopped: 0.0010892 seconds, Stopping threads took: 0.0003303 seconds
[2024-05-14T11:38:40.315+0000][103.289s][debug][safepoint     ] Safepoint synchronization initiated. (378 threads)
[2024-05-14T11:38:40.315+0000][103.289s][info ][safepoint     ] Application time: 1.0001443 seconds
[2024-05-14T11:38:40.316+0000][103.290s][debug][safepoint     ] Waiting for 1 thread(s) to block
[2024-05-14T11:38:40.316+0000][103.290s][info ][safepoint     ] Entering safepoint region: Cleanup
[2024-05-14T11:38:40.317+0000][103.291s][info ][safepoint     ] Leaving safepoint region
[2024-05-14T11:38:40.317+0000][103.291s][info ][safepoint     ] Total time for which application threads were stopped: 0.0019335 seconds, Stopping threads took: 0.0012485 seconds
[2024-05-14T11:38:41.317+0000][104.291s][debug][safepoint     ] Safepoint synchronization initiated. (378 threads)
[2024-05-14T11:38:41.317+0000][104.291s][info ][safepoint     ] Application time: 1.0002217 seconds
[2024-05-14T11:38:41.318+0000][104.291s][info ][safepoint     ] Entering safepoint region: Cleanup
[2024-05-14T11:38:41.318+0000][104.292s][debug][safepoint     ] ... found polling page return exception at pc = 0x00007f320ca20556, stub =0x00007f3204824b00
[2024-05-14T11:38:41.318+0000][104.292s][info ][safepoint     ] Leaving safepoint region
[2024-05-14T11:38:41.319+0000][104.292s][info ][safepoint     ] Total time for which application threads were stopped: 0.0013720 seconds, Stopping threads took: 0.0003845 seconds
[2024-05-14T11:38:42.319+0000][105.293s][debug][safepoint     ] Safepoint synchronization initiated. (378 threads)
[2024-05-14T11:38:42.319+0000][105.293s][info ][safepoint     ] Application time: 1.0002728 seconds
[2024-05-14T11:38:42.319+0000][105.293s][info ][safepoint     ] Entering safepoint region: Cleanup
[2024-05-14T11:38:42.320+0000][105.294s][info ][safepoint     ] Leaving safepoint region
[2024-05-14T11:38:42.320+0000][105.294s][info ][safepoint     ] Total time for which application threads were stopped: 0.0008742 seconds, Stopping threads took: 0.0003103 seconds
[2024-05-14T11:38:43.320+0000][106.294s][debug][safepoint     ] Safepoint synchronization initiated. (378 threads)
[2024-05-14T11:38:43.320+0000][106.294s][info ][safepoint     ] Application time: 1.0003299 seconds
[2024-05-14T11:38:43.321+0000][106.294s][info ][safepoint     ] Entering safepoint region: Cleanup
[2024-05-14T11:38:43.321+0000][106.295s][info ][safepoint     ] Leaving safepoint region
[2024-05-14T11:38:43.321+0000][106.295s][info ][safepoint     ] Total time for which application threads were stopped: 0.0009756 seconds, Stopping threads took: 0.0003564 seconds
[2024-05-14T11:38:43.342+0000][106.316s][debug][safepoint     ] Safepoint synchronization initiated. (378 threads)
[2024-05-14T11:38:43.342+0000][106.316s][info ][safepoint     ] Application time: 0.0206367 seconds
[2024-05-14T11:38:43.342+0000][106.316s][debug][safepoint     ] ... found polling page loop exception at pc = 0x00007f320d0b32f9, stub =0x00007f3204826680
[2024-05-14T11:38:43.342+0000][106.316s][debug][safepoint     ] Waiting for 1 thread(s) to block
[2024-05-14T11:38:43.342+0000][106.316s][info ][safepoint     ] Entering safepoint region: G1CollectForAllocation
[2024-05-14T11:38:43.345+0000][106.319s][info ][gc,start      ] GC(70) Pause Young (Concurrent Start) (G1 Evacuation Pause)
[2024-05-14T11:38:43.345+0000][106.319s][info ][gc,task       ] GC(70) Using 4 workers of 4 for evacuation
[2024-05-14T11:38:43.395+0000][106.369s][info ][gc,phases     ] GC(70)   Pre Evacuate Collection Set: 14.5ms
[2024-05-14T11:38:43.395+0000][106.369s][info ][gc,phases     ] GC(70)   Evacuate Collection Set: 23.1ms
[2024-05-14T11:38:43.395+0000][106.369s][info ][gc,phases     ] GC(70)   Post Evacuate Collection Set: 10.0ms
[2024-05-14T11:38:43.395+0000][106.369s][info ][gc,phases     ] GC(70)   Other: 5.1ms
[2024-05-14T11:38:43.395+0000][106.369s][info ][gc,heap       ] GC(70) Eden regions: 160->0(162)
[2024-05-14T11:38:43.395+0000][106.369s][info ][gc,heap       ] GC(70) Survivor regions: 2->2(21)
[2024-05-14T11:38:43.395+0000][106.369s][info ][gc,heap       ] GC(70) Old regions: 182->182
[2024-05-14T11:38:43.395+0000][106.369s][info ][gc,heap       ] GC(70) Humongous regions: 0->0
[2024-05-14T11:38:43.396+0000][106.369s][info ][gc,metaspace  ] GC(70) Metaspace: 182536K(188656K)->182536K(188656K) NonClass: 161488K(165156K)->161488K(165156K) Class: 21048K(23500K)->21048K(23500K)
[2024-05-14T11:38:43.396+0000][106.369s][info ][gc            ] GC(70) Pause Young (Concurrent Start) (G1 Evacuation Pause) 342M->181M(398M) 50.707ms
[2024-05-14T11:38:43.396+0000][106.369s][info ][gc,cpu        ] GC(70) User=0.13s Sys=0.01s Real=0.05s
[2024-05-14T11:38:43.396+0000][106.370s][info ][safepoint     ] Leaving safepoint region
[2024-05-14T11:38:43.396+0000][106.370s][info ][safepoint     ] Total time for which application threads were stopped: 0.0538928 seconds, Stopping threads took: 0.0002793 seconds
[2024-05-14T11:38:43.396+0000][106.370s][info ][gc            ] GC(71) Concurrent Cycle
[2024-05-14T11:38:43.396+0000][106.370s][info ][gc,marking    ] GC(71) Concurrent Clear Claimed Marks
[2024-05-14T11:38:43.396+0000][106.370s][info ][gc,marking    ] GC(71) Concurrent Clear Claimed Marks 0.291ms
[2024-05-14T11:38:43.396+0000][106.370s][info ][gc,marking    ] GC(71) Concurrent Scan Root Regions
[2024-05-14T11:38:43.409+0000][106.383s][info ][gc,marking    ] GC(71) Concurrent Scan Root Regions 12.790ms
[2024-05-14T11:38:43.409+0000][106.383s][info ][gc,marking    ] GC(71) Concurrent Mark (106.383s)
[2024-05-14T11:38:43.409+0000][106.383s][info ][gc,marking    ] GC(71) Concurrent Mark From Roots
[2024-05-14T11:38:43.409+0000][106.383s][info ][gc,task       ] GC(71) Using 1 workers of 1 for marking
[2024-05-14T11:38:43.899+0000][106.873s][info ][gc,marking    ] GC(71) Concurrent Mark From Roots 490.059ms
[2024-05-14T11:38:43.899+0000][106.873s][info ][gc,marking    ] GC(71) Concurrent Preclean
[2024-05-14T11:38:43.899+0000][106.873s][info ][gc,marking    ] GC(71) Concurrent Preclean 0.246ms
[2024-05-14T11:38:43.900+0000][106.873s][info ][gc,marking    ] GC(71) Concurrent Mark (106.383s, 106.873s) 490.441ms
[2024-05-14T11:38:43.900+0000][106.873s][debug][safepoint     ] Safepoint synchronization initiated. (378 threads)
[2024-05-14T11:38:43.900+0000][106.873s][info ][safepoint     ] Application time: 0.5038787 seconds
[2024-05-14T11:38:43.900+0000][106.874s][info ][safepoint     ] Entering safepoint region: CGC_Operation
[2024-05-14T11:38:43.901+0000][106.875s][info ][gc,start      ] GC(71) Pause Remark
[2024-05-14T11:38:44.035+0000][107.009s][info ][gc,stringtable] GC(71) Cleaned string and symbol table, strings: 89795 processed, 139 removed, symbols: 441457 processed, 283 removed
[2024-05-14T11:38:44.036+0000][107.010s][info ][gc            ] GC(71) Pause Remark 187M->187M(398M) 135.377ms
[2024-05-14T11:38:44.036+0000][107.010s][info ][gc,cpu        ] GC(71) User=0.48s Sys=0.01s Real=0.13s
[2024-05-14T11:38:44.036+0000][107.010s][info ][safepoint     ] Leaving safepoint region
[2024-05-14T11:38:44.036+0000][107.010s][info ][safepoint     ] Total time for which application threads were stopped: 0.1367672 seconds, Stopping threads took: 0.0002504 seconds
[2024-05-14T11:38:44.037+0000][107.010s][info ][gc,marking    ] GC(71) Concurrent Rebuild Remembered Sets
[2024-05-14T11:38:44.325+0000][107.299s][info ][gc,marking    ] GC(71) Concurrent Rebuild Remembered Sets 288.832ms
[2024-05-14T11:38:44.326+0000][107.300s][debug][safepoint     ] Safepoint synchronization initiated. (378 threads)
[2024-05-14T11:38:44.326+0000][107.300s][info ][safepoint     ] Application time: 0.2894168 seconds
[2024-05-14T11:38:44.326+0000][107.300s][info ][safepoint     ] Entering safepoint region: CGC_Operation
[2024-05-14T11:38:44.327+0000][107.300s][info ][gc,start      ] GC(71) Pause Cleanup
[2024-05-14T11:38:44.327+0000][107.301s][info ][gc            ] GC(71) Pause Cleanup 187M->187M(398M) 0.936ms
[2024-05-14T11:38:44.328+0000][107.301s][info ][gc,cpu        ] GC(71) User=0.01s Sys=0.00s Real=0.00s
[2024-05-14T11:38:44.328+0000][107.301s][info ][safepoint     ] Leaving safepoint region
[2024-05-14T11:38:44.328+0000][107.301s][info ][safepoint     ] Total time for which application threads were stopped: 0.0016875 seconds, Stopping threads took: 0.0002092 seconds
[2024-05-14T11:38:44.328+0000][107.301s][info ][gc,marking    ] GC(71) Concurrent Cleanup for Next Mark
[2024-05-14T11:38:44.332+0000][107.306s][info ][gc,marking    ] GC(71) Concurrent Cleanup for Next Mark 4.097ms
[2024-05-14T11:38:44.332+0000][107.306s][info ][gc            ] GC(71) Concurrent Cycle 935.973ms
[2024-05-14T11:38:45.328+0000][108.301s][debug][safepoint     ] Safepoint synchronization initiated. (378 threads)
[2024-05-14T11:38:45.328+0000][108.302s][info ][safepoint     ] Application time: 1.0001776 seconds
[2024-05-14T11:38:45.328+0000][108.302s][info ][safepoint     ] Entering safepoint region: Cleanup
[2024-05-14T11:38:45.329+0000][108.303s][info ][safepoint     ] Leaving safepoint region
[2024-05-14T11:38:45.329+0000][108.303s][info ][safepoint     ] Total time for which application threads were stopped: 0.0010746 seconds, Stopping threads took: 0.0001908 seconds
[2024-05-14T11:38:46.329+0000][109.303s][debug][safepoint     ] Safepoint synchronization initiated. (378 threads)
[2024-05-14T11:38:46.329+0000][109.303s][info ][safepoint     ] Application time: 1.0002660 seconds
[2024-05-14T11:38:46.329+0000][109.303s][info ][safepoint     ] Entering safepoint region: Cleanup
[2024-05-14T11:38:46.330+0000][109.304s][info ][safepoint     ] Leaving safepoint region
[2024-05-14T11:38:46.331+0000][109.304s][info ][safepoint     ] Total time for which application threads were stopped: 0.0012944 seconds, Stopping threads took: 0.0002669 seconds
[2024-05-14T11:38:47.331+0000][110.304s][debug][safepoint     ] Safepoint synchronization initiated. (378 threads)
[2024-05-14T11:38:47.331+0000][110.305s][info ][safepoint     ] Application time: 1.0002971 seconds
[2024-05-14T11:38:47.331+0000][110.305s][info ][safepoint     ] Entering safepoint region: Cleanup
[2024-05-14T11:38:47.332+0000][110.306s][info ][safepoint     ] Leaving safepoint region
[2024-05-14T11:38:47.332+0000][110.306s][info ][safepoint     ] Total time for which application threads were stopped: 0.0014541 seconds, Stopping threads took: 0.0003578 seconds
[2024-05-14T11:38:48.332+0000][111.306s][debug][safepoint     ] Safepoint synchronization initiated. (378 threads)
[2024-05-14T11:38:48.333+0000][111.306s][info ][safepoint     ] Application time: 1.0001620 seconds
[2024-05-14T11:38:48.333+0000][111.306s][debug][safepoint     ] Waiting for 1 thread(s) to block
[2024-05-14T11:38:48.333+0000][111.307s][info ][safepoint     ] Entering safepoint region: Cleanup
[2024-05-14T11:38:48.333+0000][111.307s][info ][safepoint     ] Leaving safepoint region
[2024-05-14T11:38:48.333+0000][111.307s][info ][safepoint     ] Total time for which application threads were stopped: 0.0009200 seconds, Stopping threads took: 0.0003064 seconds
[2024-05-14T11:38:49.334+0000][112.307s][debug][safepoint     ] Safepoint synchronization initiated. (378 threads)
[2024-05-14T11:38:49.334+0000][112.308s][info ][safepoint     ] Application time: 1.0003351 seconds
[2024-05-14T11:38:49.334+0000][112.308s][info ][safepoint     ] Entering safepoint region: Cleanup
[2024-05-14T11:38:49.335+0000][112.309s][info ][safepoint     ] Leaving safepoint region
[2024-05-14T11:38:49.335+0000][112.309s][info ][safepoint     ] Total time for which application threads were stopped: 0.0011120 seconds, Stopping threads took: 0.0003480 seconds
[2024-05-14T11:38:50.335+0000][113.309s][debug][safepoint     ] Safepoint synchronization initiated. (378 threads)
[2024-05-14T11:38:50.335+0000][113.309s][info ][safepoint     ] Application time: 1.0003657 seconds
[2024-05-14T11:38:50.336+0000][113.309s][info ][safepoint     ] Entering safepoint region: Cleanup
[2024-05-14T11:38:50.337+0000][113.310s][info ][safepoint     ] Leaving safepoint region
[2024-05-14T11:38:50.337+0000][113.310s][info ][safepoint     ] Total time for which application threads were stopped: 0.0013846 seconds, Stopping threads took: 0.0004035 seconds
[2024-05-14T11:38:51.337+0000][114.311s][debug][safepoint     ] Safepoint synchronization initiated. (378 threads)
[2024-05-14T11:38:51.337+0000][114.311s][info ][safepoint     ] Application time: 1.0002911 seconds
[2024-05-14T11:38:51.337+0000][114.311s][info ][safepoint     ] Entering safepoint region: Cleanup
[2024-05-14T11:38:51.338+0000][114.312s][info ][safepoint     ] Leaving safepoint region
[2024-05-14T11:38:51.338+0000][114.312s][info ][safepoint     ] Total time for which application threads were stopped: 0.0013933 seconds, Stopping threads took: 0.0002666 seconds
[2024-05-14T11:38:52.339+0000][115.312s][debug][safepoint     ] Safepoint synchronization initiated. (378 threads)
[2024-05-14T11:38:52.339+0000][115.312s][info ][safepoint     ] Application time: 1.0001819 seconds
[2024-05-14T11:38:52.339+0000][115.313s][info ][safepoint     ] Entering safepoint region: Cleanup
[2024-05-14T11:38:52.340+0000][115.313s][info ][safepoint     ] Leaving safepoint region
[2024-05-14T11:38:52.340+0000][115.313s][info ][safepoint     ] Total time for which application threads were stopped: 0.0009516 seconds, Stopping threads took: 0.0003251 seconds
[2024-05-14T11:38:53.340+0000][116.314s][debug][safepoint     ] Safepoint synchronization initiated. (377 threads)
[2024-05-14T11:38:53.340+0000][116.314s][info ][safepoint     ] Application time: 1.0004143 seconds
[2024-05-14T11:38:53.341+0000][116.315s][info ][safepoint     ] Entering safepoint region: Cleanup
[2024-05-14T11:38:53.343+0000][116.317s][info ][safepoint     ] Leaving safepoint region
[2024-05-14T11:38:53.343+0000][116.317s][info ][safepoint     ] Total time for which application threads were stopped: 0.0026875 seconds, Stopping threads took: 0.0013767 seconds
[2024-05-14T11:38:54.343+0000][117.317s][debug][safepoint     ] Safepoint synchronization initiated. (377 threads)
[2024-05-14T11:38:54.343+0000][117.317s][info ][safepoint     ] Application time: 1.0002921 seconds
[2024-05-14T11:38:54.344+0000][117.318s][info ][safepoint     ] Entering safepoint region: Cleanup
[2024-05-14T11:38:54.345+0000][117.318s][info ][safepoint     ] Leaving safepoint region
[2024-05-14T11:38:54.345+0000][117.318s][info ][safepoint     ] Total time for which application threads were stopped: 0.0013536 seconds, Stopping threads took: 0.0006654 seconds
[2024-05-14T11:38:55.345+0000][118.318s][debug][safepoint     ] Safepoint synchronization initiated. (377 threads)
[2024-05-14T11:38:55.345+0000][118.318s][info ][safepoint     ] Application time: 1.0002197 seconds
[2024-05-14T11:38:55.345+0000][118.319s][info ][safepoint     ] Entering safepoint region: Cleanup
[2024-05-14T11:38:55.346+0000][118.319s][info ][safepoint     ] Leaving safepoint region
[2024-05-14T11:38:55.346+0000][118.319s][debug][safepoint     ] ... found polling page return exception at pc = 0x00007f320d12ac8f, stub =0x00007f3204824b00
[2024-05-14T11:38:55.346+0000][118.319s][info ][safepoint     ] Total time for which application threads were stopped: 0.0008327 seconds, Stopping threads took: 0.0002488 seconds
[2024-05-14T11:38:56.346+0000][119.320s][debug][safepoint     ] Safepoint synchronization initiated. (377 threads)
[2024-05-14T11:38:56.346+0000][119.320s][info ][safepoint     ] Application time: 1.0001423 seconds
[2024-05-14T11:38:56.346+0000][119.320s][debug][safepoint     ] Waiting for 2 thread(s) to block
[2024-05-14T11:38:56.346+0000][119.320s][info ][safepoint     ] Entering safepoint region: Cleanup
[2024-05-14T11:38:56.347+0000][119.321s][info ][safepoint     ] Leaving safepoint region
[2024-05-14T11:38:56.347+0000][119.321s][info ][safepoint     ] Total time for which application threads were stopped: 0.0010906 seconds, Stopping threads took: 0.0005334 seconds
[2024-05-14T11:38:57.347+0000][120.321s][debug][safepoint     ] Safepoint synchronization initiated. (376 threads)
[2024-05-14T11:38:57.347+0000][120.321s][info ][safepoint     ] Application time: 1.0001385 seconds
[2024-05-14T11:38:57.348+0000][120.321s][debug][safepoint     ] Waiting for 1 thread(s) to block
[2024-05-14T11:38:57.348+0000][120.321s][info ][safepoint     ] Entering safepoint region: Cleanup
[2024-05-14T11:38:57.348+0000][120.322s][info ][safepoint     ] Leaving safepoint region
[2024-05-14T11:38:57.348+0000][120.322s][info ][safepoint     ] Total time for which application threads were stopped: 0.0011682 seconds, Stopping threads took: 0.0004662 seconds
[2024-05-14T11:38:58.349+0000][121.322s][debug][safepoint     ] Safepoint synchronization initiated. (375 threads)
[2024-05-14T11:38:58.349+0000][121.322s][info ][safepoint     ] Application time: 1.0002776 seconds
[2024-05-14T11:38:58.349+0000][121.323s][info ][safepoint     ] Entering safepoint region: Cleanup
[2024-05-14T11:38:58.350+0000][121.324s][info ][safepoint     ] Leaving safepoint region
[2024-05-14T11:38:58.350+0000][121.324s][info ][safepoint     ] Total time for which application threads were stopped: 0.0011946 seconds, Stopping threads took: 0.0003014 seconds
[2024-05-14T11:38:59.350+0000][122.324s][debug][safepoint     ] Safepoint synchronization initiated. (375 threads)
[2024-05-14T11:38:59.350+0000][122.324s][info ][safepoint     ] Application time: 1.0002081 seconds
[2024-05-14T11:38:59.352+0000][122.326s][info ][safepoint     ] Entering safepoint region: Cleanup
[2024-05-14T11:38:59.354+0000][122.327s][info ][safepoint     ] Leaving safepoint region
[2024-05-14T11:38:59.354+0000][122.327s][info ][safepoint     ] Total time for which application threads were stopped: 0.0035826 seconds, Stopping threads took: 0.0023882 seconds
[2024-05-14T11:39:00.354+0000][123.328s][debug][safepoint     ] Safepoint synchronization initiated. (375 threads)
[2024-05-14T11:39:00.354+0000][123.328s][info ][safepoint     ] Application time: 1.0002536 seconds
[2024-05-14T11:39:00.354+0000][123.328s][info ][safepoint     ] Entering safepoint region: Cleanup
[2024-05-14T11:39:00.355+0000][123.329s][info ][safepoint     ] Leaving safepoint region
[2024-05-14T11:39:00.355+0000][123.329s][info ][safepoint     ] Total time for which application threads were stopped: 0.0007960 seconds, Stopping threads took: 0.0002548 seconds
[2024-05-14T11:39:01.355+0000][124.329s][debug][safepoint     ] Safepoint synchronization initiated. (375 threads)
[2024-05-14T11:39:01.355+0000][124.329s][info ][safepoint     ] Application time: 1.0002433 seconds
[2024-05-14T11:39:01.356+0000][124.329s][debug][safepoint     ] ... found polling page return exception at pc = 0x00007f320d251a38, stub =0x00007f3204824b00
[2024-05-14T11:39:01.356+0000][124.330s][debug][safepoint     ] Waiting for 2 thread(s) to block
[2024-05-14T11:39:01.356+0000][124.330s][info ][safepoint     ] Entering safepoint region: Cleanup
[2024-05-14T11:39:01.357+0000][124.331s][debug][safepoint     ] ... found polling page return exception at pc = 0x00007f320ca20556, stub =0x00007f3204824b00
[2024-05-14T11:39:01.357+0000][124.331s][info ][safepoint     ] Leaving safepoint region
[2024-05-14T11:39:01.357+0000][124.331s][info ][safepoint     ] Total time for which application threads were stopped: 0.0023820 seconds, Stopping threads took: 0.0011338 seconds
[2024-05-14T11:39:02.358+0000][125.331s][debug][safepoint     ] Safepoint synchronization initiated. (375 threads)
[2024-05-14T11:39:02.358+0000][125.331s][info ][safepoint     ] Application time: 1.0002156 seconds
[2024-05-14T11:39:02.358+0000][125.332s][info ][safepoint     ] Entering safepoint region: Cleanup
[2024-05-14T11:39:02.359+0000][125.332s][info ][safepoint     ] Leaving safepoint region
[2024-05-14T11:39:02.359+0000][125.332s][info ][safepoint     ] Total time for which application threads were stopped: 0.0009693 seconds, Stopping threads took: 0.0002679 seconds
[2024-05-14T11:39:03.359+0000][126.333s][debug][safepoint     ] Safepoint synchronization initiated. (375 threads)
[2024-05-14T11:39:03.359+0000][126.333s][info ][safepoint     ] Application time: 1.0002377 seconds
[2024-05-14T11:39:03.359+0000][126.333s][info ][safepoint     ] Entering safepoint region: Cleanup
[2024-05-14T11:39:03.360+0000][126.334s][info ][safepoint     ] Leaving safepoint region
[2024-05-14T11:39:03.360+0000][126.334s][info ][safepoint     ] Total time for which application threads were stopped: 0.0013985 seconds, Stopping threads took: 0.0004349 seconds
[2024-05-14T11:39:04.361+0000][127.334s][debug][safepoint     ] Safepoint synchronization initiated. (375 threads)
[2024-05-14T11:39:04.361+0000][127.334s][info ][safepoint     ] Application time: 1.0001925 seconds
[2024-05-14T11:39:04.361+0000][127.335s][info ][safepoint     ] Entering safepoint region: Cleanup
[2024-05-14T11:39:04.361+0000][127.335s][info ][safepoint     ] Leaving safepoint region
[2024-05-14T11:39:04.361+0000][127.335s][info ][safepoint     ] Total time for which application threads were stopped: 0.0007210 seconds, Stopping threads took: 0.0001752 seconds
[2024-05-14T11:39:05.362+0000][128.335s][debug][safepoint     ] Safepoint synchronization initiated. (376 threads)
[2024-05-14T11:39:05.362+0000][128.335s][info ][safepoint     ] Application time: 1.0003684 seconds
[2024-05-14T11:39:05.362+0000][128.336s][info ][safepoint     ] Entering safepoint region: Cleanup
[2024-05-14T11:39:05.363+0000][128.337s][info ][safepoint     ] Leaving safepoint region
[2024-05-14T11:39:05.363+0000][128.337s][info ][safepoint     ] Total time for which application threads were stopped: 0.0010760 seconds, Stopping threads took: 0.0003606 seconds
[2024-05-14T11:39:06.100+0000][129.074s][debug][safepoint     ] Safepoint synchronization initiated. (376 threads)
[2024-05-14T11:39:06.100+0000][129.074s][info ][safepoint     ] Application time: 0.7372923 seconds
[2024-05-14T11:39:06.100+0000][129.074s][info ][safepoint     ] Entering safepoint region: G1CollectForAllocation
[2024-05-14T11:39:06.103+0000][129.077s][info ][gc,start      ] GC(72) Pause Young (Prepare Mixed) (G1 Evacuation Pause)
[2024-05-14T11:39:06.103+0000][129.077s][info ][gc,task       ] GC(72) Using 4 workers of 4 for evacuation
[2024-05-14T11:39:06.134+0000][129.108s][info ][gc,phases     ] GC(72)   Pre Evacuate Collection Set: 0.6ms
[2024-05-14T11:39:06.134+0000][129.108s][info ][gc,phases     ] GC(72)   Evacuate Collection Set: 18.5ms
[2024-05-14T11:39:06.134+0000][129.108s][info ][gc,phases     ] GC(72)   Post Evacuate Collection Set: 9.8ms
[2024-05-14T11:39:06.134+0000][129.108s][info ][gc,phases     ] GC(72)   Other: 3.4ms
[2024-05-14T11:39:06.134+0000][129.108s][info ][gc,heap       ] GC(72) Eden regions: 162->0(17)
[2024-05-14T11:39:06.134+0000][129.108s][info ][gc,heap       ] GC(72) Survivor regions: 2->2(21)
[2024-05-14T11:39:06.134+0000][129.108s][info ][gc,heap       ] GC(72) Old regions: 182->182
[2024-05-14T11:39:06.134+0000][129.108s][info ][gc,heap       ] GC(72) Humongous regions: 0->0
[2024-05-14T11:39:06.134+0000][129.108s][info ][gc,metaspace  ] GC(72) Metaspace: 182751K(188912K)->182751K(188912K) NonClass: 161732K(165412K)->161732K(165412K) Class: 21018K(23500K)->21018K(23500K)
[2024-05-14T11:39:06.134+0000][129.108s][info ][gc            ] GC(72) Pause Young (Prepare Mixed) (G1 Evacuation Pause) 343M->181M(398M) 31.279ms
[2024-05-14T11:39:06.134+0000][129.108s][info ][gc,cpu        ] GC(72) User=0.11s Sys=0.00s Real=0.03s
[2024-05-14T11:39:06.134+0000][129.108s][info ][safepoint     ] Leaving safepoint region
[2024-05-14T11:39:06.134+0000][129.108s][info ][safepoint     ] Total time for which application threads were stopped: 0.0341066 seconds, Stopping threads took: 0.0002306 seconds
[2024-05-14T11:39:06.134+0000][129.108s][info ][gc,stringdedup] Concurrent String Deduplication (129.108s)
[2024-05-14T11:39:06.135+0000][129.109s][info ][gc,stringdedup] Concurrent String Deduplication 7720.0B->3776.0B(3944.0B) avg 54.4% (129.108s, 129.109s) 0.714ms
[2024-05-14T11:39:07.135+0000][130.108s][debug][safepoint     ] Safepoint synchronization initiated. (376 threads)
[2024-05-14T11:39:07.135+0000][130.108s][info ][safepoint     ] Application time: 1.0002101 seconds
[2024-05-14T11:39:07.135+0000][130.109s][info ][safepoint     ] Entering safepoint region: Cleanup
[2024-05-14T11:39:07.136+0000][130.109s][info ][safepoint     ] Leaving safepoint region
[2024-05-14T11:39:07.136+0000][130.109s][info ][safepoint     ] Total time for which application threads were stopped: 0.0010567 seconds, Stopping threads took: 0.0003048 seconds
[2024-05-14T11:39:07.727+0000][130.701s][debug][safepoint     ] Safepoint synchronization initiated. (376 threads)
[2024-05-14T11:39:07.727+0000][130.701s][info ][safepoint     ] Application time: 0.5916426 seconds
[2024-05-14T11:39:07.728+0000][130.701s][info ][safepoint     ] Entering safepoint region: G1CollectForAllocation
[2024-05-14T11:39:07.728+0000][130.702s][info ][gc,start      ] GC(73) Pause Young (Mixed) (G1 Evacuation Pause)
[2024-05-14T11:39:07.728+0000][130.702s][info ][gc,task       ] GC(73) Using 4 workers of 4 for evacuation
[2024-05-14T11:39:07.777+0000][130.751s][info ][gc,phases     ] GC(73)   Pre Evacuate Collection Set: 0.3ms
[2024-05-14T11:39:07.777+0000][130.751s][info ][gc,phases     ] GC(73)   Evacuate Collection Set: 41.4ms
[2024-05-14T11:39:07.777+0000][130.751s][info ][gc,phases     ] GC(73)   Post Evacuate Collection Set: 6.6ms
[2024-05-14T11:39:07.777+0000][130.751s][info ][gc,phases     ] GC(73)   Other: 0.8ms
[2024-05-14T11:39:07.777+0000][130.751s][info ][gc,heap       ] GC(73) Eden regions: 17->0(166)
[2024-05-14T11:39:07.777+0000][130.751s][info ][gc,heap       ] GC(73) Survivor regions: 2->2(3)
[2024-05-14T11:39:07.778+0000][130.751s][info ][gc,heap       ] GC(73) Old regions: 182->177
[2024-05-14T11:39:07.778+0000][130.751s][info ][gc,heap       ] GC(73) Humongous regions: 0->0
[2024-05-14T11:39:07.778+0000][130.751s][info ][gc,metaspace  ] GC(73) Metaspace: 182906K(189168K)->182906K(189168K) NonClass: 161887K(165668K)->161887K(165668K) Class: 21018K(23500K)->21018K(23500K)
[2024-05-14T11:39:07.778+0000][130.751s][info ][gc            ] GC(73) Pause Young (Mixed) (G1 Evacuation Pause) 198M->176M(398M) 49.342ms
[2024-05-14T11:39:07.778+0000][130.752s][info ][gc,cpu        ] GC(73) User=0.17s Sys=0.01s Real=0.06s
[2024-05-14T11:39:07.778+0000][130.752s][info ][safepoint     ] Leaving safepoint region
[2024-05-14T11:39:07.778+0000][130.752s][info ][safepoint     ] Total time for which application threads were stopped: 0.0505936 seconds, Stopping threads took: 0.0003719 seconds
[2024-05-14T11:39:07.778+0000][130.752s][info ][gc,stringdedup] Concurrent String Deduplication (130.752s)
[2024-05-14T11:39:07.778+0000][130.752s][info ][gc,stringdedup] Concurrent String Deduplication 14224.0B->8648.0B(5576.0B) avg 54.4% (130.752s, 130.752s) 0.193ms
[2024-05-14T11:39:08.778+0000][131.752s][debug][safepoint     ] Safepoint synchronization initiated. (376 threads)
[2024-05-14T11:39:08.778+0000][131.752s][info ][safepoint     ] Application time: 1.0002950 seconds
[2024-05-14T11:39:08.778+0000][131.752s][info ][safepoint     ] Entering safepoint region: Cleanup
[2024-05-14T11:39:08.779+0000][131.753s][info ][safepoint     ] Leaving safepoint region
[2024-05-14T11:39:08.779+0000][131.753s][info ][safepoint     ] Total time for which application threads were stopped: 0.0009202 seconds, Stopping threads took: 0.0001990 seconds
[2024-05-14T11:39:09.779+0000][132.753s][debug][safepoint     ] Safepoint synchronization initiated. (376 threads)
[2024-05-14T11:39:09.779+0000][132.753s][info ][safepoint     ] Application time: 1.0002264 seconds
[2024-05-14T11:39:09.780+0000][132.753s][info ][safepoint     ] Entering safepoint region: Cleanup
[2024-05-14T11:39:09.781+0000][132.754s][info ][safepoint     ] Leaving safepoint region
[2024-05-14T11:39:09.781+0000][132.754s][info ][safepoint     ] Total time for which application threads were stopped: 0.0012361 seconds, Stopping threads took: 0.0003130 seconds
[2024-05-14T11:39:10.781+0000][133.755s][debug][safepoint     ] Safepoint synchronization initiated. (376 threads)
[2024-05-14T11:39:10.781+0000][133.755s][info ][safepoint     ] Application time: 1.0003449 seconds
[2024-05-14T11:39:10.781+0000][133.755s][info ][safepoint     ] Entering safepoint region: Cleanup
[2024-05-14T11:39:10.782+0000][133.756s][info ][safepoint     ] Leaving safepoint region
[2024-05-14T11:39:10.782+0000][133.756s][info ][safepoint     ] Total time for which application threads were stopped: 0.0012172 seconds, Stopping threads took: 0.0003432 seconds
[2024-05-14T11:39:11.783+0000][134.756s][debug][safepoint     ] Safepoint synchronization initiated. (376 threads)
[2024-05-14T11:39:11.784+0000][134.758s][info ][safepoint     ] Application time: 1.0016287 seconds
[2024-05-14T11:39:11.784+0000][134.758s][info ][safepoint     ] Entering safepoint region: Cleanup
[2024-05-14T11:39:11.785+0000][134.759s][info ][safepoint     ] Leaving safepoint region
[2024-05-14T11:39:11.785+0000][134.759s][info ][safepoint     ] Total time for which application threads were stopped: 0.0010954 seconds, Stopping threads took: 0.0002666 seconds
[2024-05-14T11:39:12.785+0000][135.759s][debug][safepoint     ] Safepoint synchronization initiated. (376 threads)
[2024-05-14T11:39:12.785+0000][135.759s][info ][safepoint     ] Application time: 1.0002888 seconds
[2024-05-14T11:39:12.786+0000][135.759s][info ][safepoint     ] Entering safepoint region: Cleanup
[2024-05-14T11:39:12.786+0000][135.760s][info ][safepoint     ] Leaving safepoint region
[2024-05-14T11:39:12.786+0000][135.760s][info ][safepoint     ] Total time for which application threads were stopped: 0.0010400 seconds, Stopping threads took: 0.0003709 seconds
[2024-05-14T11:39:13.787+0000][136.761s][debug][safepoint     ] Safepoint synchronization initiated. (376 threads)
[2024-05-14T11:39:13.787+0000][136.761s][info ][safepoint     ] Application time: 1.0005475 seconds
[2024-05-14T11:39:13.787+0000][136.761s][info ][safepoint     ] Entering safepoint region: Cleanup
[2024-05-14T11:39:13.788+0000][136.762s][info ][safepoint     ] Leaving safepoint region
[2024-05-14T11:39:13.788+0000][136.762s][info ][safepoint     ] Total time for which application threads were stopped: 0.0011347 seconds, Stopping threads took: 0.0003016 seconds
[2024-05-14T11:39:14.789+0000][137.762s][debug][safepoint     ] Safepoint synchronization initiated. (376 threads)
[2024-05-14T11:39:14.789+0000][137.762s][info ][safepoint     ] Application time: 1.0003333 seconds
[2024-05-14T11:39:14.789+0000][137.763s][info ][safepoint     ] Entering safepoint region: Cleanup
[2024-05-14T11:39:14.790+0000][137.763s][info ][safepoint     ] Leaving safepoint region
[2024-05-14T11:39:14.790+0000][137.763s][info ][safepoint     ] Total time for which application threads were stopped: 0.0011386 seconds, Stopping threads took: 0.0002999 seconds
[2024-05-14T11:39:15.790+0000][138.764s][debug][safepoint     ] Safepoint synchronization initiated. (376 threads)
[2024-05-14T11:39:15.790+0000][138.764s][info ][safepoint     ] Application time: 1.0003388 seconds
[2024-05-14T11:39:15.790+0000][138.764s][info ][safepoint     ] Entering safepoint region: Cleanup
[2024-05-14T11:39:15.791+0000][138.765s][info ][safepoint     ] Leaving safepoint region
[2024-05-14T11:39:15.791+0000][138.765s][info ][safepoint     ] Total time for which application threads were stopped: 0.0010423 seconds, Stopping threads took: 0.0003095 seconds
[2024-05-14T11:39:16.791+0000][139.765s][debug][safepoint     ] Safepoint synchronization initiated. (376 threads)
[2024-05-14T11:39:16.791+0000][139.765s][info ][safepoint     ] Application time: 1.0001328 seconds
[2024-05-14T11:39:16.792+0000][139.765s][info ][safepoint     ] Entering safepoint region: Cleanup
[2024-05-14T11:39:16.792+0000][139.766s][info ][safepoint     ] Leaving safepoint region
[2024-05-14T11:39:16.792+0000][139.766s][info ][safepoint     ] Total time for which application threads were stopped: 0.0008370 seconds, Stopping threads took: 0.0001914 seconds
[2024-05-14T11:39:17.792+0000][140.766s][debug][safepoint     ] Safepoint synchronization initiated. (376 threads)
[2024-05-14T11:39:17.793+0000][140.766s][info ][safepoint     ] Application time: 1.0003112 seconds
[2024-05-14T11:39:17.793+0000][140.767s][info ][safepoint     ] Entering safepoint region: Cleanup
[2024-05-14T11:39:17.793+0000][140.767s][debug][safepoint     ] ... found polling page return exception at pc = 0x00007f320ca20556, stub =0x00007f3204824b00
[2024-05-14T11:39:17.793+0000][140.767s][info ][safepoint     ] Leaving safepoint region
[2024-05-14T11:39:17.794+0000][140.767s][info ][safepoint     ] Total time for which application threads were stopped: 0.0009637 seconds, Stopping threads took: 0.0002779 seconds
[2024-05-14T11:39:17.793+0000][140.767s][debug][safepoint     ] ... found polling page return exception at pc = 0x00007f320ca20556, stub =0x00007f3204824b00
[2024-05-14T11:39:18.794+0000][141.768s][debug][safepoint     ] Safepoint synchronization initiated. (376 threads)
[2024-05-14T11:39:18.794+0000][141.768s][info ][safepoint     ] Application time: 1.0003208 seconds
[2024-05-14T11:39:18.794+0000][141.768s][info ][safepoint     ] Entering safepoint region: Cleanup
[2024-05-14T11:39:18.795+0000][141.769s][info ][safepoint     ] Leaving safepoint region
[2024-05-14T11:39:18.795+0000][141.769s][info ][safepoint     ] Total time for which application threads were stopped: 0.0012128 seconds, Stopping threads took: 0.0002767 seconds
[2024-05-14T11:39:19.795+0000][142.769s][debug][safepoint     ] Safepoint synchronization initiated. (376 threads)
[2024-05-14T11:39:19.796+0000][142.769s][info ][safepoint     ] Application time: 1.0003167 seconds
[2024-05-14T11:39:19.796+0000][142.770s][info ][safepoint     ] Entering safepoint region: Cleanup
[2024-05-14T11:39:19.797+0000][142.770s][info ][safepoint     ] Leaving safepoint region
[2024-05-14T11:39:19.797+0000][142.770s][info ][safepoint     ] Total time for which application threads were stopped: 0.0010161 seconds, Stopping threads took: 0.0003308 seconds
[2024-05-14T11:39:20.797+0000][143.771s][debug][safepoint     ] Safepoint synchronization initiated. (376 threads)
[2024-05-14T11:39:20.797+0000][143.771s][info ][safepoint     ] Application time: 1.0003178 seconds
[2024-05-14T11:39:20.797+0000][143.771s][info ][safepoint     ] Entering safepoint region: Cleanup
[2024-05-14T11:39:20.798+0000][143.772s][info ][safepoint     ] Leaving safepoint region
[2024-05-14T11:39:20.798+0000][143.772s][info ][safepoint     ] Total time for which application threads were stopped: 0.0012964 seconds, Stopping threads took: 0.0003028 seconds
[2024-05-14T11:39:21.798+0000][144.772s][debug][safepoint     ] Safepoint synchronization initiated. (376 threads)
[2024-05-14T11:39:21.799+0000][144.772s][info ][safepoint     ] Application time: 1.0002705 seconds
[2024-05-14T11:39:21.799+0000][144.772s][info ][safepoint     ] Entering safepoint region: Cleanup
[2024-05-14T11:39:21.799+0000][144.773s][info ][safepoint     ] Leaving safepoint region
[2024-05-14T11:39:21.799+0000][144.773s][info ][safepoint     ] Total time for which application threads were stopped: 0.0008903 seconds, Stopping threads took: 0.0002282 seconds
[2024-05-14T11:39:22.800+0000][145.773s][debug][safepoint     ] Safepoint synchronization initiated. (376 threads)
[2024-05-14T11:39:22.800+0000][145.773s][info ][safepoint     ] Application time: 1.0002315 seconds
[2024-05-14T11:39:22.800+0000][145.774s][info ][safepoint     ] Entering safepoint region: Cleanup
[2024-05-14T11:39:22.801+0000][145.774s][info ][safepoint     ] Leaving safepoint region
[2024-05-14T11:39:22.801+0000][145.774s][info ][safepoint     ] Total time for which application threads were stopped: 0.0009539 seconds, Stopping threads took: 0.0002592 seconds
[2024-05-14T11:39:23.801+0000][146.775s][debug][safepoint     ] Safepoint synchronization initiated. (376 threads)
[2024-05-14T11:39:23.801+0000][146.775s][info ][safepoint     ] Application time: 1.0002867 seconds
[2024-05-14T11:39:23.801+0000][146.775s][info ][safepoint     ] Entering safepoint region: Cleanup
[2024-05-14T11:39:23.802+0000][146.776s][info ][safepoint     ] Leaving safepoint region
[2024-05-14T11:39:23.802+0000][146.776s][info ][safepoint     ] Total time for which application threads were stopped: 0.0011084 seconds, Stopping threads took: 0.0002846 seconds
[2024-05-14T11:39:24.802+0000][147.776s][debug][safepoint     ] Safepoint synchronization initiated. (376 threads)
[2024-05-14T11:39:24.802+0000][147.776s][info ][safepoint     ] Application time: 1.0003084 seconds
[2024-05-14T11:39:24.803+0000][147.776s][info ][safepoint     ] Entering safepoint region: Cleanup
[2024-05-14T11:39:24.803+0000][147.777s][info ][safepoint     ] Leaving safepoint region
[2024-05-14T11:39:24.803+0000][147.777s][info ][safepoint     ] Total time for which application threads were stopped: 0.0009462 seconds, Stopping threads took: 0.0002862 seconds
[2024-05-14T11:39:25.804+0000][148.778s][debug][safepoint     ] Safepoint synchronization initiated. (376 threads)
[2024-05-14T11:39:25.804+0000][148.778s][info ][safepoint     ] Application time: 1.0008506 seconds
[2024-05-14T11:39:25.804+0000][148.778s][debug][safepoint     ] ... found polling page return exception at pc = 0x00007f320c512fee, stub =0x00007f3204824b00
[2024-05-14T11:39:25.805+0000][148.778s][debug][safepoint     ] Waiting for 1 thread(s) to block
[2024-05-14T11:39:25.805+0000][148.778s][info ][safepoint     ] Entering safepoint region: Cleanup
[2024-05-14T11:39:25.806+0000][148.779s][info ][safepoint     ] Leaving safepoint region
[2024-05-14T11:39:25.806+0000][148.779s][info ][safepoint     ] Total time for which application threads were stopped: 0.0014301 seconds, Stopping threads took: 0.0002801 seconds
[2024-05-14T11:39:26.806+0000][149.780s][debug][safepoint     ] Safepoint synchronization initiated. (376 threads)
[2024-05-14T11:39:26.806+0000][149.780s][info ][safepoint     ] Application time: 1.0002997 seconds
[2024-05-14T11:39:26.806+0000][149.780s][info ][safepoint     ] Entering safepoint region: Cleanup
[2024-05-14T11:39:26.808+0000][149.781s][info ][safepoint     ] Leaving safepoint region
[2024-05-14T11:39:26.808+0000][149.781s][info ][safepoint     ] Total time for which application threads were stopped: 0.0014559 seconds, Stopping threads took: 0.0002267 seconds
[2024-05-14T11:39:27.808+0000][150.782s][debug][safepoint     ] Safepoint synchronization initiated. (376 threads)
[2024-05-14T11:39:27.808+0000][150.782s][info ][safepoint     ] Application time: 1.0002369 seconds
[2024-05-14T11:39:27.808+0000][150.782s][info ][safepoint     ] Entering safepoint region: Cleanup
[2024-05-14T11:39:27.809+0000][150.783s][info ][safepoint     ] Leaving safepoint region
[2024-05-14T11:39:27.809+0000][150.783s][info ][safepoint     ] Total time for which application threads were stopped: 0.0010783 seconds, Stopping threads took: 0.0002120 seconds
[2024-05-14T11:39:28.809+0000][151.783s][debug][safepoint     ] Safepoint synchronization initiated. (376 threads)
[2024-05-14T11:39:28.809+0000][151.783s][info ][safepoint     ] Application time: 1.0002428 seconds
[2024-05-14T11:39:28.810+0000][151.783s][info ][safepoint     ] Entering safepoint region: Cleanup
[2024-05-14T11:39:28.811+0000][151.785s][info ][safepoint     ] Leaving safepoint region
[2024-05-14T11:39:28.811+0000][151.785s][info ][safepoint     ] Total time for which application threads were stopped: 0.0016703 seconds, Stopping threads took: 0.0005511 seconds
[2024-05-14T11:39:29.811+0000][152.785s][debug][safepoint     ] Safepoint synchronization initiated. (376 threads)
[2024-05-14T11:39:29.811+0000][152.785s][info ][safepoint     ] Application time: 1.0003397 seconds
[2024-05-14T11:39:29.812+0000][152.785s][info ][safepoint     ] Entering safepoint region: Cleanup
[2024-05-14T11:39:29.812+0000][152.786s][info ][safepoint     ] Leaving safepoint region
[2024-05-14T11:39:29.812+0000][152.786s][info ][safepoint     ] Total time for which application threads were stopped: 0.0010636 seconds, Stopping threads took: 0.0002996 seconds
[2024-05-14T11:39:30.528+0000][153.502s][debug][safepoint     ] Safepoint synchronization initiated. (376 threads)
[2024-05-14T11:39:30.528+0000][153.502s][info ][safepoint     ] Application time: 0.7154806 seconds
[2024-05-14T11:39:30.529+0000][153.502s][info ][safepoint     ] Entering safepoint region: G1CollectForAllocation
[2024-05-14T11:39:30.531+0000][153.505s][info ][gc,start      ] GC(74) Pause Young (Normal) (G1 Evacuation Pause)
[2024-05-14T11:39:30.531+0000][153.505s][info ][gc,task       ] GC(74) Using 4 workers of 4 for evacuation
[2024-05-14T11:39:30.554+0000][153.528s][info ][gc,phases     ] GC(74)   Pre Evacuate Collection Set: 0.2ms
[2024-05-14T11:39:30.554+0000][153.528s][info ][gc,phases     ] GC(74)   Evacuate Collection Set: 12.6ms
[2024-05-14T11:39:30.554+0000][153.528s][info ][gc,phases     ] GC(74)   Post Evacuate Collection Set: 8.7ms
[2024-05-14T11:39:30.554+0000][153.528s][info ][gc,phases     ] GC(74)   Other: 2.3ms
[2024-05-14T11:39:30.554+0000][153.528s][info ][gc,heap       ] GC(74) Eden regions: 166->0(168)
[2024-05-14T11:39:30.554+0000][153.528s][info ][gc,heap       ] GC(74) Survivor regions: 2->2(21)
[2024-05-14T11:39:30.554+0000][153.528s][info ][gc,heap       ] GC(74) Old regions: 177->177
[2024-05-14T11:39:30.554+0000][153.528s][info ][gc,heap       ] GC(74) Humongous regions: 0->0
[2024-05-14T11:39:30.554+0000][153.528s][info ][gc,metaspace  ] GC(74) Metaspace: 183323K(189680K)->183323K(189680K) NonClass: 162304K(166180K)->162304K(166180K) Class: 21018K(23500K)->21018K(23500K)
[2024-05-14T11:39:30.554+0000][153.528s][info ][gc            ] GC(74) Pause Young (Normal) (G1 Evacuation Pause) 342M->176M(398M) 22.912ms
[2024-05-14T11:39:30.554+0000][153.528s][info ][gc,cpu        ] GC(74) User=0.08s Sys=0.01s Real=0.02s
[2024-05-14T11:39:30.554+0000][153.528s][info ][safepoint     ] Leaving safepoint region
[2024-05-14T11:39:30.554+0000][153.528s][info ][safepoint     ] Total time for which application threads were stopped: 0.0265904 seconds, Stopping threads took: 0.0008303 seconds
[2024-05-14T11:39:30.555+0000][153.528s][info ][gc,stringdedup] Concurrent String Deduplication (153.528s)
[2024-05-14T11:39:30.555+0000][153.529s][info ][gc,stringdedup] Concurrent String Deduplication 9352.0B->4080.0B(5272.0B) avg 54.4% (153.528s, 153.529s) 0.376ms
[2024-05-14T11:39:31.555+0000][154.528s][debug][safepoint     ] Safepoint synchronization initiated. (376 threads)
[2024-05-14T11:39:31.555+0000][154.529s][info ][safepoint     ] Application time: 1.0002970 seconds
[2024-05-14T11:39:31.556+0000][154.529s][info ][safepoint     ] Entering safepoint region: Cleanup
[2024-05-14T11:39:31.557+0000][154.530s][info ][safepoint     ] Leaving safepoint region
[2024-05-14T11:39:31.557+0000][154.530s][info ][safepoint     ] Total time for which application threads were stopped: 0.0018019 seconds, Stopping threads took: 0.0007454 seconds
[2024-05-14T11:39:32.557+0000][155.531s][debug][safepoint     ] Safepoint synchronization initiated. (376 threads)
[2024-05-14T11:39:32.557+0000][155.531s][info ][safepoint     ] Application time: 1.0002469 seconds
[2024-05-14T11:39:32.557+0000][155.531s][info ][safepoint     ] Entering safepoint region: Cleanup
[2024-05-14T11:39:32.558+0000][155.532s][info ][safepoint     ] Leaving safepoint region
[2024-05-14T11:39:32.558+0000][155.532s][info ][safepoint     ] Total time for which application threads were stopped: 0.0011586 seconds, Stopping threads took: 0.0003429 seconds
[2024-05-14T11:39:33.558+0000][156.532s][debug][safepoint     ] Safepoint synchronization initiated. (376 threads)
[2024-05-14T11:39:33.559+0000][156.532s][info ][safepoint     ] Application time: 1.0004421 seconds
[2024-05-14T11:39:33.559+0000][156.533s][info ][safepoint     ] Entering safepoint region: Cleanup
[2024-05-14T11:39:33.559+0000][156.533s][debug][safepoint     ] ... found polling page return exception at pc = 0x00007f320ca20556, stub =0x00007f3204824b00
[2024-05-14T11:39:33.559+0000][156.533s][info ][safepoint     ] Leaving safepoint region
[2024-05-14T11:39:33.559+0000][156.533s][info ][safepoint     ] Total time for which application threads were stopped: 0.0009380 seconds, Stopping threads took: 0.0002928 seconds
[2024-05-14T11:39:34.560+0000][157.533s][debug][safepoint     ] Safepoint synchronization initiated. (376 threads)
[2024-05-14T11:39:34.560+0000][157.533s][info ][safepoint     ] Application time: 1.0002355 seconds
[2024-05-14T11:39:34.560+0000][157.534s][info ][safepoint     ] Entering safepoint region: Cleanup
[2024-05-14T11:39:34.561+0000][157.534s][info ][safepoint     ] Leaving safepoint region
[2024-05-14T11:39:34.561+0000][157.534s][info ][safepoint     ] Total time for which application threads were stopped: 0.0009815 seconds, Stopping threads took: 0.0002735 seconds
[2024-05-14T11:39:35.561+0000][158.535s][debug][safepoint     ] Safepoint synchronization initiated. (376 threads)
[2024-05-14T11:39:35.561+0000][158.535s][info ][safepoint     ] Application time: 1.0002686 seconds
[2024-05-14T11:39:35.562+0000][158.535s][info ][safepoint     ] Entering safepoint region: Cleanup
[2024-05-14T11:39:35.563+0000][158.536s][info ][safepoint     ] Leaving safepoint region
[2024-05-14T11:39:35.563+0000][158.537s][info ][safepoint     ] Total time for which application threads were stopped: 0.0017199 seconds, Stopping threads took: 0.0006469 seconds
[2024-05-14T11:39:36.563+0000][159.537s][debug][safepoint     ] Safepoint synchronization initiated. (376 threads)
[2024-05-14T11:39:36.563+0000][159.537s][info ][safepoint     ] Application time: 1.0002515 seconds
[2024-05-14T11:39:36.564+0000][159.537s][info ][safepoint     ] Entering safepoint region: Cleanup
[2024-05-14T11:39:36.565+0000][159.539s][info ][safepoint     ] Leaving safepoint region
[2024-05-14T11:39:36.565+0000][159.539s][info ][safepoint     ] Total time for which application threads were stopped: 0.0018254 seconds, Stopping threads took: 0.0006360 seconds
[2024-05-14T11:39:37.565+0000][160.539s][debug][safepoint     ] Safepoint synchronization initiated. (376 threads)
[2024-05-14T11:39:37.565+0000][160.539s][info ][safepoint     ] Application time: 1.0001725 seconds
[2024-05-14T11:39:37.566+0000][160.539s][debug][safepoint     ] ... found polling page return exception at pc = 0x00007f320d241233, stub =0x00007f3204824b00
[2024-05-14T11:39:37.566+0000][160.540s][debug][safepoint     ] Waiting for 2 thread(s) to block
[2024-05-14T11:39:37.567+0000][160.541s][info ][safepoint     ] Entering safepoint region: Cleanup
[2024-05-14T11:39:37.568+0000][160.541s][info ][safepoint     ] Leaving safepoint region
[2024-05-14T11:39:37.568+0000][160.541s][info ][safepoint     ] Total time for which application threads were stopped: 0.0025170 seconds, Stopping threads took: 0.0018202 seconds
[2024-05-14T11:39:38.568+0000][161.542s][debug][safepoint     ] Safepoint synchronization initiated. (376 threads)
[2024-05-14T11:39:38.568+0000][161.542s][info ][safepoint     ] Application time: 1.0003451 seconds
[2024-05-14T11:39:38.568+0000][161.542s][info ][safepoint     ] Entering safepoint region: Cleanup
[2024-05-14T11:39:38.569+0000][161.543s][debug][safepoint     ] ... found polling page return exception at pc = 0x00007f320ca20556, stub =0x00007f3204824b00
[2024-05-14T11:39:38.569+0000][161.543s][info ][safepoint     ] Leaving safepoint region
[2024-05-14T11:39:38.569+0000][161.543s][info ][safepoint     ] Total time for which application threads were stopped: 0.0011278 seconds, Stopping threads took: 0.0002731 seconds
[2024-05-14T11:39:39.569+0000][162.543s][debug][safepoint     ] Safepoint synchronization initiated. (376 threads)
[2024-05-14T11:39:39.569+0000][162.543s][info ][safepoint     ] Application time: 1.0001592 seconds
[2024-05-14T11:39:39.570+0000][162.543s][info ][safepoint     ] Entering safepoint region: Cleanup
[2024-05-14T11:39:39.570+0000][162.544s][info ][safepoint     ] Leaving safepoint region
[2024-05-14T11:39:39.570+0000][162.544s][info ][safepoint     ] Total time for which application threads were stopped: 0.0008614 seconds, Stopping threads took: 0.0002016 seconds
[2024-05-14T11:39:40.570+0000][163.544s][debug][safepoint     ] Safepoint synchronization initiated. (376 threads)
[2024-05-14T11:39:40.571+0000][163.544s][info ][safepoint     ] Application time: 1.0002726 seconds
[2024-05-14T11:39:40.571+0000][163.545s][info ][safepoint     ] Entering safepoint region: Cleanup
[2024-05-14T11:39:40.572+0000][163.545s][info ][safepoint     ] Leaving safepoint region
[2024-05-14T11:39:40.572+0000][163.545s][info ][safepoint     ] Total time for which application threads were stopped: 0.0011611 seconds, Stopping threads took: 0.0002729 seconds
[2024-05-14T11:39:41.572+0000][164.546s][debug][safepoint     ] Safepoint synchronization initiated. (376 threads)
[2024-05-14T11:39:41.572+0000][164.546s][info ][safepoint     ] Application time: 1.0003276 seconds
[2024-05-14T11:39:41.572+0000][164.546s][debug][safepoint     ] ... found polling page return exception at pc = 0x00007f3207611658, stub =0x00007f3204824b00
[2024-05-14T11:39:41.572+0000][164.546s][debug][safepoint     ] Waiting for 2 thread(s) to block
[2024-05-14T11:39:41.574+0000][164.548s][info ][safepoint     ] Entering safepoint region: Cleanup
[2024-05-14T11:39:41.575+0000][164.549s][info ][safepoint     ] Leaving safepoint region
[2024-05-14T11:39:41.575+0000][164.549s][info ][safepoint     ] Total time for which application threads were stopped: 0.0028408 seconds, Stopping threads took: 0.0017573 seconds
[2024-05-14T11:39:42.575+0000][165.549s][debug][safepoint     ] Safepoint synchronization initiated. (376 threads)
[2024-05-14T11:39:42.575+0000][165.549s][info ][safepoint     ] Application time: 1.0002753 seconds
[2024-05-14T11:39:42.575+0000][165.549s][info ][safepoint     ] Entering safepoint region: Cleanup
[2024-05-14T11:39:42.576+0000][165.550s][info ][safepoint     ] Leaving safepoint region
[2024-05-14T11:39:42.576+0000][165.550s][info ][safepoint     ] Total time for which application threads were stopped: 0.0008857 seconds, Stopping threads took: 0.0001995 seconds
[2024-05-14T11:39:43.576+0000][166.550s][debug][safepoint     ] Safepoint synchronization initiated. (376 threads)
[2024-05-14T11:39:43.576+0000][166.550s][info ][safepoint     ] Application time: 1.0002553 seconds
[2024-05-14T11:39:43.577+0000][166.550s][info ][safepoint     ] Entering safepoint region: Cleanup
[2024-05-14T11:39:43.577+0000][166.551s][info ][safepoint     ] Leaving safepoint region
[2024-05-14T11:39:43.578+0000][166.551s][info ][safepoint     ] Total time for which application threads were stopped: 0.0010676 seconds, Stopping threads took: 0.0002330 seconds
[2024-05-14T11:39:44.578+0000][167.551s][debug][safepoint     ] Safepoint synchronization initiated. (376 threads)
[2024-05-14T11:39:44.578+0000][167.551s][info ][safepoint     ] Application time: 1.0002413 seconds
[2024-05-14T11:39:44.578+0000][167.552s][info ][safepoint     ] Entering safepoint region: Cleanup
[2024-05-14T11:39:44.579+0000][167.553s][debug][safepoint     ] ... found polling page return exception at pc = 0x00007f320ca20556, stub =0x00007f3204824b00
[2024-05-14T11:39:44.579+0000][167.553s][info ][safepoint     ] Leaving safepoint region
[2024-05-14T11:39:44.579+0000][167.553s][info ][safepoint     ] Total time for which application threads were stopped: 0.0012578 seconds, Stopping threads took: 0.0003404 seconds
[2024-05-14T11:39:45.579+0000][168.553s][debug][safepoint     ] Safepoint synchronization initiated. (376 threads)
[2024-05-14T11:39:45.579+0000][168.553s][info ][safepoint     ] Application time: 1.0003265 seconds
[2024-05-14T11:39:45.580+0000][168.553s][info ][safepoint     ] Entering safepoint region: Cleanup
[2024-05-14T11:39:45.580+0000][168.554s][info ][safepoint     ] Leaving safepoint region
[2024-05-14T11:39:45.580+0000][168.554s][info ][safepoint     ] Total time for which application threads were stopped: 0.0009456 seconds, Stopping threads took: 0.0002335 seconds
[2024-05-14T11:39:46.581+0000][169.554s][debug][safepoint     ] Safepoint synchronization initiated. (376 threads)
[2024-05-14T11:39:46.581+0000][169.554s][info ][safepoint     ] Application time: 1.0002253 seconds
[2024-05-14T11:39:46.581+0000][169.555s][info ][safepoint     ] Entering safepoint region: Cleanup
[2024-05-14T11:39:46.581+0000][169.555s][info ][safepoint     ] Leaving safepoint region
[2024-05-14T11:39:46.581+0000][169.555s][info ][safepoint     ] Total time for which application threads were stopped: 0.0007384 seconds, Stopping threads took: 0.0002046 seconds
[2024-05-14T11:39:47.582+0000][170.555s][debug][safepoint     ] Safepoint synchronization initiated. (376 threads)
[2024-05-14T11:39:47.582+0000][170.556s][info ][safepoint     ] Application time: 1.0003611 seconds
[2024-05-14T11:39:47.582+0000][170.556s][info ][safepoint     ] Entering safepoint region: Cleanup
[2024-05-14T11:39:47.583+0000][170.556s][info ][safepoint     ] Leaving safepoint region
[2024-05-14T11:39:47.583+0000][170.557s][info ][safepoint     ] Total time for which application threads were stopped: 0.0009735 seconds, Stopping threads took: 0.0002314 seconds
[2024-05-14T11:39:48.583+0000][171.557s][debug][safepoint     ] Safepoint synchronization initiated. (376 threads)
[2024-05-14T11:39:48.583+0000][171.557s][info ][safepoint     ] Application time: 1.0002772 seconds
[2024-05-14T11:39:48.583+0000][171.557s][info ][safepoint     ] Entering safepoint region: Cleanup
[2024-05-14T11:39:48.584+0000][171.558s][info ][safepoint     ] Leaving safepoint region
[2024-05-14T11:39:48.584+0000][171.558s][info ][safepoint     ] Total time for which application threads were stopped: 0.0009916 seconds, Stopping threads took: 0.0002390 seconds
[2024-05-14T11:39:49.584+0000][172.558s][debug][safepoint     ] Safepoint synchronization initiated. (376 threads)
[2024-05-14T11:39:49.585+0000][172.558s][info ][safepoint     ] Application time: 1.0004508 seconds
[2024-05-14T11:39:49.585+0000][172.559s][info ][safepoint     ] Entering safepoint region: Cleanup
[2024-05-14T11:39:49.585+0000][172.559s][info ][safepoint     ] Leaving safepoint region
[2024-05-14T11:39:49.585+0000][172.559s][info ][safepoint     ] Total time for which application threads were stopped: 0.0008870 seconds, Stopping threads took: 0.0002811 seconds
[2024-05-14T11:39:50.586+0000][173.559s][debug][safepoint     ] Safepoint synchronization initiated. (376 threads)
[2024-05-14T11:39:50.586+0000][173.559s][info ][safepoint     ] Application time: 1.0002688 seconds
[2024-05-14T11:39:50.586+0000][173.560s][info ][safepoint     ] Entering safepoint region: Cleanup
[2024-05-14T11:39:50.586+0000][173.560s][info ][safepoint     ] Leaving safepoint region
[2024-05-14T11:39:50.586+0000][173.560s][info ][safepoint     ] Total time for which application threads were stopped: 0.0007078 seconds, Stopping threads took: 0.0002046 seconds
[2024-05-14T11:39:51.587+0000][174.560s][debug][safepoint     ] Safepoint synchronization initiated. (375 threads)
[2024-05-14T11:39:51.587+0000][174.561s][info ][safepoint     ] Application time: 1.0002785 seconds
[2024-05-14T11:39:51.587+0000][174.561s][info ][safepoint     ] Entering safepoint region: Cleanup
[2024-05-14T11:39:51.588+0000][174.562s][info ][safepoint     ] Leaving safepoint region
[2024-05-14T11:39:51.588+0000][174.562s][info ][safepoint     ] Total time for which application threads were stopped: 0.0010241 seconds, Stopping threads took: 0.0002201 seconds
[2024-05-14T11:39:52.432+0000][175.406s][debug][safepoint     ] Safepoint synchronization initiated. (375 threads)
[2024-05-14T11:39:52.432+0000][175.406s][info ][safepoint     ] Application time: 0.8440263 seconds
[2024-05-14T11:39:52.432+0000][175.406s][info ][safepoint     ] Entering safepoint region: G1CollectForAllocation
[2024-05-14T11:39:52.434+0000][175.408s][info ][gc,start      ] GC(75) Pause Young (Normal) (G1 Evacuation Pause)
[2024-05-14T11:39:52.434+0000][175.408s][info ][gc,task       ] GC(75) Using 4 workers of 4 for evacuation
[2024-05-14T11:39:52.460+0000][175.433s][info ][gc,phases     ] GC(75)   Pre Evacuate Collection Set: 0.3ms
[2024-05-14T11:39:52.460+0000][175.433s][info ][gc,phases     ] GC(75)   Evacuate Collection Set: 15.7ms
[2024-05-14T11:39:52.460+0000][175.433s][info ][gc,phases     ] GC(75)   Post Evacuate Collection Set: 9.0ms
[2024-05-14T11:39:52.460+0000][175.433s][info ][gc,phases     ] GC(75)   Other: 1.6ms
[2024-05-14T11:39:52.460+0000][175.433s][info ][gc,heap       ] GC(75) Eden regions: 168->0(169)
[2024-05-14T11:39:52.460+0000][175.434s][info ][gc,heap       ] GC(75) Survivor regions: 2->2(22)
[2024-05-14T11:39:52.460+0000][175.434s][info ][gc,heap       ] GC(75) Old regions: 177->177
[2024-05-14T11:39:52.460+0000][175.434s][info ][gc,heap       ] GC(75) Humongous regions: 0->0
[2024-05-14T11:39:52.460+0000][175.434s][info ][gc,metaspace  ] GC(75) Metaspace: 183685K(189936K)->183685K(189936K) NonClass: 162666K(166436K)->162666K(166436K) Class: 21018K(23500K)->21018K(23500K)
[2024-05-14T11:39:52.460+0000][175.434s][info ][gc            ] GC(75) Pause Young (Normal) (G1 Evacuation Pause) 344M->177M(398M) 26.065ms
[2024-05-14T11:39:52.460+0000][175.434s][info ][gc,cpu        ] GC(75) User=0.06s Sys=0.00s Real=0.03s
[2024-05-14T11:39:52.460+0000][175.434s][info ][safepoint     ] Leaving safepoint region
[2024-05-14T11:39:52.460+0000][175.434s][info ][safepoint     ] Total time for which application threads were stopped: 0.0281679 seconds, Stopping threads took: 0.0002469 seconds
[2024-05-14T11:39:52.460+0000][175.434s][info ][gc,stringdedup] Concurrent String Deduplication (175.434s)
[2024-05-14T11:39:52.460+0000][175.434s][info ][gc,stringdedup] Concurrent String Deduplication 0.0B->0.0B(0.0B) avg 54.4% (175.434s, 175.434s) 0.093ms
[2024-05-14T11:39:53.460+0000][176.434s][debug][safepoint     ] Safepoint synchronization initiated. (374 threads)
[2024-05-14T11:39:53.460+0000][176.434s][info ][safepoint     ] Application time: 1.0003319 seconds
[2024-05-14T11:39:53.461+0000][176.434s][info ][safepoint     ] Entering safepoint region: Cleanup
[2024-05-14T11:39:53.462+0000][176.435s][info ][safepoint     ] Leaving safepoint region
[2024-05-14T11:39:53.462+0000][176.435s][info ][safepoint     ] Total time for which application threads were stopped: 0.0011854 seconds, Stopping threads took: 0.0002661 seconds
[2024-05-14T11:39:54.462+0000][177.436s][debug][safepoint     ] Safepoint synchronization initiated. (374 threads)
[2024-05-14T11:39:54.462+0000][177.436s][info ][safepoint     ] Application time: 1.0002874 seconds
[2024-05-14T11:39:54.462+0000][177.436s][info ][safepoint     ] Entering safepoint region: Cleanup
[2024-05-14T11:39:54.463+0000][177.437s][info ][safepoint     ] Leaving safepoint region
[2024-05-14T11:39:54.463+0000][177.437s][info ][safepoint     ] Total time for which application threads were stopped: 0.0009489 seconds, Stopping threads took: 0.0002779 seconds
[2024-05-14T11:39:55.463+0000][178.437s][debug][safepoint     ] Safepoint synchronization initiated. (374 threads)
[2024-05-14T11:39:55.463+0000][178.437s][info ][safepoint     ] Application time: 1.0003586 seconds
[2024-05-14T11:39:55.464+0000][178.437s][info ][safepoint     ] Entering safepoint region: Cleanup
[2024-05-14T11:39:55.464+0000][178.438s][info ][safepoint     ] Leaving safepoint region
[2024-05-14T11:39:55.464+0000][178.438s][info ][safepoint     ] Total time for which application threads were stopped: 0.0010607 seconds, Stopping threads took: 0.0003364 seconds
[2024-05-14T11:39:56.465+0000][179.438s][debug][safepoint     ] Safepoint synchronization initiated. (373 threads)
[2024-05-14T11:39:56.465+0000][179.438s][info ][safepoint     ] Application time: 1.0001437 seconds
[2024-05-14T11:39:56.465+0000][179.439s][info ][safepoint     ] Entering safepoint region: Cleanup
[2024-05-14T11:39:56.465+0000][179.439s][info ][safepoint     ] Leaving safepoint region
[2024-05-14T11:39:56.465+0000][179.439s][info ][safepoint     ] Total time for which application threads were stopped: 0.0007379 seconds, Stopping threads took: 0.0002133 seconds
[2024-05-14T11:39:57.466+0000][180.439s][debug][safepoint     ] Safepoint synchronization initiated. (372 threads)
[2024-05-14T11:39:57.466+0000][180.439s][info ][safepoint     ] Application time: 1.0003738 seconds
[2024-05-14T11:39:57.466+0000][180.440s][info ][safepoint     ] Entering safepoint region: Cleanup
[2024-05-14T11:39:57.467+0000][180.441s][info ][safepoint     ] Leaving safepoint region
[2024-05-14T11:39:57.467+0000][180.441s][info ][safepoint     ] Total time for which application threads were stopped: 0.0011609 seconds, Stopping threads took: 0.0003129 seconds
[2024-05-14T11:39:58.467+0000][181.441s][debug][safepoint     ] Safepoint synchronization initiated. (371 threads)
[2024-05-14T11:39:58.467+0000][181.441s][info ][safepoint     ] Application time: 1.0002850 seconds
[2024-05-14T11:39:58.468+0000][181.441s][info ][safepoint     ] Entering safepoint region: Cleanup
[2024-05-14T11:39:58.468+0000][181.442s][info ][safepoint     ] Leaving safepoint region
[2024-05-14T11:39:58.468+0000][181.442s][info ][safepoint     ] Total time for which application threads were stopped: 0.0009698 seconds, Stopping threads took: 0.0002751 seconds
[2024-05-14T11:39:59.468+0000][182.442s][debug][safepoint     ] Safepoint synchronization initiated. (371 threads)
[2024-05-14T11:39:59.469+0000][182.442s][info ][safepoint     ] Application time: 1.0002064 seconds
[2024-05-14T11:39:59.469+0000][182.442s][info ][safepoint     ] Entering safepoint region: Cleanup
[2024-05-14T11:39:59.470+0000][182.444s][info ][safepoint     ] Leaving safepoint region
[2024-05-14T11:39:59.470+0000][182.444s][info ][safepoint     ] Total time for which application threads were stopped: 0.0014352 seconds, Stopping threads took: 0.0002696 seconds
[2024-05-14T11:40:00.470+0000][183.444s][debug][safepoint     ] Safepoint synchronization initiated. (378 threads)
[2024-05-14T11:40:00.470+0000][183.444s][info ][safepoint     ] Application time: 1.0002884 seconds
[2024-05-14T11:40:00.471+0000][183.444s][info ][safepoint     ] Entering safepoint region: Cleanup
[2024-05-14T11:40:00.471+0000][183.445s][info ][safepoint     ] Leaving safepoint region
[2024-05-14T11:40:00.471+0000][183.445s][info ][safepoint     ] Total time for which application threads were stopped: 0.0009229 seconds, Stopping threads took: 0.0002290 seconds
[2024-05-14T11:40:01.471+0000][184.445s][debug][safepoint     ] Safepoint synchronization initiated. (378 threads)
[2024-05-14T11:40:01.471+0000][184.445s][info ][safepoint     ] Application time: 1.0002141 seconds
[2024-05-14T11:40:01.472+0000][184.445s][info ][safepoint     ] Entering safepoint region: Cleanup
[2024-05-14T11:40:01.472+0000][184.446s][info ][safepoint     ] Leaving safepoint region
[2024-05-14T11:40:01.472+0000][184.446s][info ][safepoint     ] Total time for which application threads were stopped: 0.0009203 seconds, Stopping threads took: 0.0002498 seconds
[2024-05-14T11:40:02.473+0000][185.446s][debug][safepoint     ] Safepoint synchronization initiated. (378 threads)
[2024-05-14T11:40:02.473+0000][185.446s][info ][safepoint     ] Application time: 1.0001787 seconds
[2024-05-14T11:40:02.473+0000][185.447s][info ][safepoint     ] Entering safepoint region: Cleanup
[2024-05-14T11:40:02.473+0000][185.447s][info ][safepoint     ] Leaving safepoint region
[2024-05-14T11:40:02.473+0000][185.447s][info ][safepoint     ] Total time for which application threads were stopped: 0.0007328 seconds, Stopping threads took: 0.0002283 seconds
[2024-05-14T11:40:03.474+0000][186.447s][debug][safepoint     ] Safepoint synchronization initiated. (378 threads)
[2024-05-14T11:40:03.474+0000][186.447s][info ][safepoint     ] Application time: 1.0002693 seconds
[2024-05-14T11:40:03.474+0000][186.448s][info ][safepoint     ] Entering safepoint region: Cleanup
[2024-05-14T11:40:03.475+0000][186.448s][info ][safepoint     ] Leaving safepoint region
[2024-05-14T11:40:03.475+0000][186.448s][info ][safepoint     ] Total time for which application threads were stopped: 0.0010214 seconds, Stopping threads took: 0.0003368 seconds
[2024-05-14T11:40:04.475+0000][187.449s][debug][safepoint     ] Safepoint synchronization initiated. (378 threads)
[2024-05-14T11:40:04.475+0000][187.449s][info ][safepoint     ] Application time: 1.0002443 seconds
[2024-05-14T11:40:04.475+0000][187.449s][info ][safepoint     ] Entering safepoint region: Cleanup
[2024-05-14T11:40:04.476+0000][187.450s][info ][safepoint     ] Leaving safepoint region
[2024-05-14T11:40:04.476+0000][187.450s][info ][safepoint     ] Total time for which application threads were stopped: 0.0007820 seconds, Stopping threads took: 0.0002661 seconds
[2024-05-14T11:40:05.476+0000][188.450s][debug][safepoint     ] Safepoint synchronization initiated. (378 threads)
[2024-05-14T11:40:05.476+0000][188.450s][info ][safepoint     ] Application time: 1.0001920 seconds
[2024-05-14T11:40:05.476+0000][188.450s][info ][safepoint     ] Entering safepoint region: Cleanup
[2024-05-14T11:40:05.477+0000][188.450s][info ][safepoint     ] Leaving safepoint region
[2024-05-14T11:40:05.477+0000][188.450s][info ][safepoint     ] Total time for which application threads were stopped: 0.0007152 seconds, Stopping threads took: 0.0001799 seconds
[2024-05-14T11:40:06.477+0000][189.451s][debug][safepoint     ] Safepoint synchronization initiated. (378 threads)
[2024-05-14T11:40:06.477+0000][189.451s][info ][safepoint     ] Application time: 1.0002469 seconds
[2024-05-14T11:40:06.477+0000][189.451s][info ][safepoint     ] Entering safepoint region: Cleanup
[2024-05-14T11:40:06.478+0000][189.452s][debug][safepoint     ] ... found polling page return exception at pc = 0x00007f320ca20556, stub =0x00007f3204824b00
[2024-05-14T11:40:06.478+0000][189.452s][info ][safepoint     ] Leaving safepoint region
[2024-05-14T11:40:06.478+0000][189.452s][info ][safepoint     ] Total time for which application threads were stopped: 0.0013804 seconds, Stopping threads took: 0.0002957 seconds
[2024-05-14T11:40:07.479+0000][190.452s][debug][safepoint     ] Safepoint synchronization initiated. (378 threads)
[2024-05-14T11:40:07.479+0000][190.452s][info ][safepoint     ] Application time: 1.0002004 seconds
[2024-05-14T11:40:07.479+0000][190.453s][info ][safepoint     ] Entering safepoint region: Cleanup
[2024-05-14T11:40:07.480+0000][190.453s][debug][safepoint     ] ... found polling page return exception at pc = 0x00007f320ca20556, stub =0x00007f3204824b00
[2024-05-14T11:40:07.480+0000][190.453s][info ][safepoint     ] Leaving safepoint region
[2024-05-14T11:40:07.480+0000][190.453s][info ][safepoint     ] Total time for which application threads were stopped: 0.0010110 seconds, Stopping threads took: 0.0002363 seconds
[2024-05-14T11:40:08.480+0000][191.454s][debug][safepoint     ] Safepoint synchronization initiated. (378 threads)
[2024-05-14T11:40:08.480+0000][191.454s][info ][safepoint     ] Application time: 1.0002910 seconds
[2024-05-14T11:40:08.480+0000][191.454s][info ][safepoint     ] Entering safepoint region: Cleanup
[2024-05-14T11:40:08.481+0000][191.455s][info ][safepoint     ] Leaving safepoint region
[2024-05-14T11:40:08.481+0000][191.455s][info ][safepoint     ] Total time for which application threads were stopped: 0.0013121 seconds, Stopping threads took: 0.0002717 seconds
[2024-05-14T11:40:09.482+0000][192.455s][debug][safepoint     ] Safepoint synchronization initiated. (378 threads)
[2024-05-14T11:40:09.482+0000][192.455s][info ][safepoint     ] Application time: 1.0003133 seconds
[2024-05-14T11:40:09.482+0000][192.456s][info ][safepoint     ] Entering safepoint region: Cleanup
[2024-05-14T11:40:09.483+0000][192.457s][info ][safepoint     ] Leaving safepoint region
[2024-05-14T11:40:09.483+0000][192.457s][info ][safepoint     ] Total time for which application threads were stopped: 0.0013489 seconds, Stopping threads took: 0.0005543 seconds
[2024-05-14T11:40:10.483+0000][193.457s][debug][safepoint     ] Safepoint synchronization initiated. (378 threads)
[2024-05-14T11:40:10.483+0000][193.457s][info ][safepoint     ] Application time: 1.0002311 seconds
[2024-05-14T11:40:10.484+0000][193.457s][info ][safepoint     ] Entering safepoint region: Cleanup
[2024-05-14T11:40:10.485+0000][193.459s][info ][safepoint     ] Leaving safepoint region
[2024-05-14T11:40:10.485+0000][193.459s][info ][safepoint     ] Total time for which application threads were stopped: 0.0015077 seconds, Stopping threads took: 0.0004184 seconds
[2024-05-14T11:40:11.485+0000][194.459s][debug][safepoint     ] Safepoint synchronization initiated. (378 threads)
[2024-05-14T11:40:11.485+0000][194.459s][info ][safepoint     ] Application time: 1.0001831 seconds
[2024-05-14T11:40:11.485+0000][194.459s][info ][safepoint     ] Entering safepoint region: Cleanup
[2024-05-14T11:40:11.486+0000][194.460s][info ][safepoint     ] Leaving safepoint region
[2024-05-14T11:40:11.486+0000][194.460s][info ][safepoint     ] Total time for which application threads were stopped: 0.0010074 seconds, Stopping threads took: 0.0002519 seconds
[2024-05-14T11:40:12.486+0000][195.460s][debug][safepoint     ] Safepoint synchronization initiated. (378 threads)
[2024-05-14T11:40:12.486+0000][195.460s][info ][safepoint     ] Application time: 1.0001299 seconds
[2024-05-14T11:40:12.486+0000][195.460s][info ][safepoint     ] Entering safepoint region: Cleanup
[2024-05-14T11:40:12.487+0000][195.461s][info ][safepoint     ] Leaving safepoint region
[2024-05-14T11:40:12.487+0000][195.461s][info ][safepoint     ] Total time for which application threads were stopped: 0.0006045 seconds, Stopping threads took: 0.0001650 seconds
[2024-05-14T11:40:13.487+0000][196.461s][debug][safepoint     ] Safepoint synchronization initiated. (378 threads)
[2024-05-14T11:40:13.487+0000][196.461s][info ][safepoint     ] Application time: 1.0002539 seconds
[2024-05-14T11:40:13.488+0000][196.461s][info ][safepoint     ] Entering safepoint region: Cleanup
[2024-05-14T11:40:13.488+0000][196.462s][info ][safepoint     ] Leaving safepoint region
[2024-05-14T11:40:13.488+0000][196.462s][info ][safepoint     ] Total time for which application threads were stopped: 0.0010705 seconds, Stopping threads took: 0.0004423 seconds
[2024-05-14T11:40:14.489+0000][197.462s][debug][safepoint     ] Safepoint synchronization initiated. (378 threads)
[2024-05-14T11:40:14.489+0000][197.462s][info ][safepoint     ] Application time: 1.0003548 seconds
[2024-05-14T11:40:14.489+0000][197.463s][info ][safepoint     ] Entering safepoint region: Cleanup
[2024-05-14T11:40:14.490+0000][197.463s][info ][safepoint     ] Leaving safepoint region
[2024-05-14T11:40:14.490+0000][197.463s][info ][safepoint     ] Total time for which application threads were stopped: 0.0009567 seconds, Stopping threads took: 0.0002765 seconds
[2024-05-14T11:40:14.629+0000][197.602s][debug][safepoint     ] Safepoint synchronization initiated. (378 threads)
[2024-05-14T11:40:14.629+0000][197.602s][info ][safepoint     ] Application time: 0.1389330 seconds
[2024-05-14T11:40:14.629+0000][197.603s][debug][safepoint     ] Waiting for 1 thread(s) to block
[2024-05-14T11:40:14.629+0000][197.603s][info ][safepoint     ] Entering safepoint region: G1CollectForAllocation
[2024-05-14T11:40:14.630+0000][197.604s][info ][gc,start      ] GC(76) Pause Young (Normal) (G1 Evacuation Pause)
[2024-05-14T11:40:14.630+0000][197.604s][info ][gc,task       ] GC(76) Using 4 workers of 4 for evacuation
[2024-05-14T11:40:14.653+0000][197.627s][info ][gc,phases     ] GC(76)   Pre Evacuate Collection Set: 0.4ms
[2024-05-14T11:40:14.653+0000][197.627s][info ][gc,phases     ] GC(76)   Evacuate Collection Set: 10.3ms
[2024-05-14T11:40:14.653+0000][197.627s][info ][gc,phases     ] GC(76)   Post Evacuate Collection Set: 11.2ms
[2024-05-14T11:40:14.653+0000][197.627s][info ][gc,phases     ] GC(76)   Other: 1.4ms
[2024-05-14T11:40:14.653+0000][197.627s][info ][gc,heap       ] GC(76) Eden regions: 169->0(170)
[2024-05-14T11:40:14.653+0000][197.627s][info ][gc,heap       ] GC(76) Survivor regions: 2->2(22)
[2024-05-14T11:40:14.653+0000][197.627s][info ][gc,heap       ] GC(76) Old regions: 177->177
[2024-05-14T11:40:14.653+0000][197.627s][info ][gc,heap       ] GC(76) Humongous regions: 0->0
[2024-05-14T11:40:14.653+0000][197.627s][info ][gc,metaspace  ] GC(76) Metaspace: 183928K(190192K)->183928K(190192K) NonClass: 162909K(166692K)->162909K(166692K) Class: 21018K(23500K)->21018K(23500K)
[2024-05-14T11:40:14.653+0000][197.627s][info ][gc            ] GC(76) Pause Young (Normal) (G1 Evacuation Pause) 346M->177M(398M) 23.071ms
[2024-05-14T11:40:14.653+0000][197.627s][info ][gc,cpu        ] GC(76) User=0.05s Sys=0.01s Real=0.02s
[2024-05-14T11:40:14.653+0000][197.627s][info ][safepoint     ] Leaving safepoint region
[2024-05-14T11:40:14.653+0000][197.627s][info ][safepoint     ] Total time for which application threads were stopped: 0.0248041 seconds, Stopping threads took: 0.0004370 seconds
[2024-05-14T11:40:14.653+0000][197.627s][info ][gc,stringdedup] Concurrent String Deduplication (197.627s)
[2024-05-14T11:40:14.654+0000][197.627s][info ][gc,stringdedup] Concurrent String Deduplication 152.0B->0.0B(152.0B) avg 54.4% (197.627s, 197.627s) 0.100ms
[2024-05-14T11:40:15.654+0000][198.627s][debug][safepoint     ] Safepoint synchronization initiated. (378 threads)
[2024-05-14T11:40:15.654+0000][198.627s][info ][safepoint     ] Application time: 1.0003287 seconds
[2024-05-14T11:40:15.654+0000][198.628s][info ][safepoint     ] Entering safepoint region: Cleanup
[2024-05-14T11:40:15.654+0000][198.628s][info ][safepoint     ] Leaving safepoint region
[2024-05-14T11:40:15.655+0000][198.628s][info ][safepoint     ] Total time for which application threads were stopped: 0.0007703 seconds, Stopping threads took: 0.0002202 seconds
[2024-05-14T11:40:16.655+0000][199.628s][debug][safepoint     ] Safepoint synchronization initiated. (378 threads)
[2024-05-14T11:40:16.655+0000][199.628s][info ][safepoint     ] Application time: 1.0001678 seconds
[2024-05-14T11:40:16.655+0000][199.629s][info ][safepoint     ] Entering safepoint region: Cleanup
[2024-05-14T11:40:16.656+0000][199.629s][info ][safepoint     ] Leaving safepoint region
[2024-05-14T11:40:16.656+0000][199.630s][info ][safepoint     ] Total time for which application threads were stopped: 0.0010702 seconds, Stopping threads took: 0.0003027 seconds
[2024-05-14T11:40:16.656+0000][199.630s][debug][safepoint     ] ... found polling page return exception at pc = 0x00007f320ca20556, stub =0x00007f3204824b00
[2024-05-14T11:40:17.656+0000][200.630s][debug][safepoint     ] Safepoint synchronization initiated. (378 threads)
[2024-05-14T11:40:17.656+0000][200.630s][info ][safepoint     ] Application time: 1.0002089 seconds
[2024-05-14T11:40:17.656+0000][200.630s][info ][safepoint     ] Entering safepoint region: Cleanup
[2024-05-14T11:40:17.657+0000][200.631s][info ][safepoint     ] Leaving safepoint region
[2024-05-14T11:40:17.657+0000][200.631s][info ][safepoint     ] Total time for which application threads were stopped: 0.0009110 seconds, Stopping threads took: 0.0002706 seconds
[2024-05-14T11:40:18.657+0000][201.631s][debug][safepoint     ] Safepoint synchronization initiated. (378 threads)
[2024-05-14T11:40:18.657+0000][201.631s][info ][safepoint     ] Application time: 1.0001874 seconds
[2024-05-14T11:40:18.657+0000][201.631s][info ][safepoint     ] Entering safepoint region: Cleanup
[2024-05-14T11:40:18.658+0000][201.632s][info ][safepoint     ] Leaving safepoint region
[2024-05-14T11:40:18.658+0000][201.632s][info ][safepoint     ] Total time for which application threads were stopped: 0.0008989 seconds, Stopping threads took: 0.0001878 seconds
[2024-05-14T11:40:19.658+0000][202.632s][debug][safepoint     ] Safepoint synchronization initiated. (378 threads)
[2024-05-14T11:40:19.658+0000][202.632s][info ][safepoint     ] Application time: 1.0002771 seconds
[2024-05-14T11:40:19.659+0000][202.632s][info ][safepoint     ] Entering safepoint region: Cleanup
[2024-05-14T11:40:19.660+0000][202.634s][info ][safepoint     ] Leaving safepoint region
[2024-05-14T11:40:19.660+0000][202.634s][info ][safepoint     ] Total time for which application threads were stopped: 0.0014426 seconds, Stopping threads took: 0.0002732 seconds
[2024-05-14T11:40:20.660+0000][203.634s][debug][safepoint     ] Safepoint synchronization initiated. (378 threads)
[2024-05-14T11:40:20.660+0000][203.634s][info ][safepoint     ] Application time: 1.0002736 seconds
[2024-05-14T11:40:20.661+0000][203.634s][info ][safepoint     ] Entering safepoint region: Cleanup
[2024-05-14T11:40:20.662+0000][203.635s][debug][safepoint     ] ... found polling page return exception at pc = 0x00007f320d12ac8f, stub =0x00007f3204824b00
[2024-05-14T11:40:20.662+0000][203.635s][info ][safepoint     ] Leaving safepoint region
[2024-05-14T11:40:20.662+0000][203.635s][info ][safepoint     ] Total time for which application threads were stopped: 0.0015439 seconds, Stopping threads took: 0.0005872 seconds
[2024-05-14T11:40:21.662+0000][204.636s][debug][safepoint     ] Safepoint synchronization initiated. (378 threads)
[2024-05-14T11:40:21.662+0000][204.636s][info ][safepoint     ] Application time: 1.0002086 seconds
[2024-05-14T11:40:21.662+0000][204.636s][info ][safepoint     ] Entering safepoint region: Cleanup
[2024-05-14T11:40:21.663+0000][204.637s][info ][safepoint     ] Leaving safepoint region
[2024-05-14T11:40:21.663+0000][204.637s][info ][safepoint     ] Total time for which application threads were stopped: 0.0013778 seconds, Stopping threads took: 0.0004536 seconds
[2024-05-14T11:40:22.664+0000][205.637s][debug][safepoint     ] Safepoint synchronization initiated. (378 threads)
[2024-05-14T11:40:22.664+0000][205.637s][info ][safepoint     ] Application time: 1.0001678 seconds
[2024-05-14T11:40:22.664+0000][205.637s][info ][safepoint     ] Entering safepoint region: Cleanup
[2024-05-14T11:40:22.665+0000][205.638s][info ][safepoint     ] Leaving safepoint region
[2024-05-14T11:40:22.665+0000][205.638s][info ][safepoint     ] Total time for which application threads were stopped: 0.0010041 seconds, Stopping threads took: 0.0001985 seconds
[2024-05-14T11:40:23.665+0000][206.638s][debug][safepoint     ] Safepoint synchronization initiated. (378 threads)
[2024-05-14T11:40:23.665+0000][206.639s][info ][safepoint     ] Application time: 1.0001858 seconds
[2024-05-14T11:40:23.665+0000][206.639s][info ][safepoint     ] Entering safepoint region: Cleanup
[2024-05-14T11:40:23.666+0000][206.640s][info ][safepoint     ] Leaving safepoint region
[2024-05-14T11:40:23.666+0000][206.640s][info ][safepoint     ] Total time for which application threads were stopped: 0.0010699 seconds, Stopping threads took: 0.0002849 seconds
[2024-05-14T11:40:24.666+0000][207.640s][debug][safepoint     ] Safepoint synchronization initiated. (378 threads)
[2024-05-14T11:40:24.666+0000][207.640s][info ][safepoint     ] Application time: 1.0002059 seconds
[2024-05-14T11:40:24.667+0000][207.640s][info ][safepoint     ] Entering safepoint region: Cleanup
[2024-05-14T11:40:24.667+0000][207.641s][info ][safepoint     ] Leaving safepoint region
[2024-05-14T11:40:24.667+0000][207.641s][info ][safepoint     ] Total time for which application threads were stopped: 0.0012750 seconds, Stopping threads took: 0.0006231 seconds
[2024-05-14T11:40:25.668+0000][208.641s][debug][safepoint     ] Safepoint synchronization initiated. (378 threads)
[2024-05-14T11:40:25.668+0000][208.642s][info ][safepoint     ] Application time: 1.0003757 seconds
[2024-05-14T11:40:25.668+0000][208.642s][info ][safepoint     ] Entering safepoint region: Cleanup
[2024-05-14T11:40:25.669+0000][208.643s][info ][safepoint     ] Leaving safepoint region
[2024-05-14T11:40:25.669+0000][208.643s][info ][safepoint     ] Total time for which application threads were stopped: 0.0010606 seconds, Stopping threads took: 0.0003371 seconds
[2024-05-14T11:40:26.669+0000][209.643s][debug][safepoint     ] Safepoint synchronization initiated. (378 threads)
[2024-05-14T11:40:26.669+0000][209.643s][info ][safepoint     ] Application time: 1.0002464 seconds
[2024-05-14T11:40:26.670+0000][209.644s][info ][safepoint     ] Entering safepoint region: Cleanup
[2024-05-14T11:40:26.671+0000][209.645s][info ][safepoint     ] Leaving safepoint region
[2024-05-14T11:40:26.671+0000][209.645s][info ][safepoint     ] Total time for which application threads were stopped: 0.0021430 seconds, Stopping threads took: 0.0008484 seconds
[2024-05-14T11:40:27.671+0000][210.645s][debug][safepoint     ] Safepoint synchronization initiated. (378 threads)
[2024-05-14T11:40:27.672+0000][210.645s][info ][safepoint     ] Application time: 1.0001786 seconds
[2024-05-14T11:40:27.672+0000][210.645s][info ][safepoint     ] Entering safepoint region: Cleanup
[2024-05-14T11:40:27.672+0000][210.646s][info ][safepoint     ] Leaving safepoint region
[2024-05-14T11:40:27.672+0000][210.646s][info ][safepoint     ] Total time for which application threads were stopped: 0.0008256 seconds, Stopping threads took: 0.0002392 seconds
[2024-05-14T11:40:28.673+0000][211.646s][debug][safepoint     ] Safepoint synchronization initiated. (378 threads)
[2024-05-14T11:40:28.673+0000][211.646s][info ][safepoint     ] Application time: 1.0002510 seconds
[2024-05-14T11:40:28.673+0000][211.647s][info ][safepoint     ] Entering safepoint region: Cleanup
[2024-05-14T11:40:28.673+0000][211.647s][info ][safepoint     ] Leaving safepoint region
[2024-05-14T11:40:28.673+0000][211.647s][info ][safepoint     ] Total time for which application threads were stopped: 0.0008057 seconds, Stopping threads took: 0.0002079 seconds
[2024-05-14T11:40:29.674+0000][212.647s][debug][safepoint     ] Safepoint synchronization initiated. (378 threads)
[2024-05-14T11:40:29.674+0000][212.648s][info ][safepoint     ] Application time: 1.0003235 seconds
[2024-05-14T11:40:29.674+0000][212.648s][debug][safepoint     ] ... found polling page return exception at pc = 0x00007f320d1f6435, stub =0x00007f3204824b00
[2024-05-14T11:40:29.674+0000][212.648s][debug][safepoint     ] Waiting for 2 thread(s) to block
[2024-05-14T11:40:29.675+0000][212.648s][info ][safepoint     ] Entering safepoint region: Cleanup
[2024-05-14T11:40:29.675+0000][212.649s][debug][safepoint     ] ... found polling page return exception at pc = 0x00007f320d12ac8f, stub =0x00007f3204824b00
[2024-05-14T11:40:29.676+0000][212.649s][info ][safepoint     ] Leaving safepoint region
[2024-05-14T11:40:29.676+0000][212.649s][info ][safepoint     ] Total time for which application threads were stopped: 0.0017427 seconds, Stopping threads took: 0.0008466 seconds
[2024-05-14T11:40:30.676+0000][213.650s][debug][safepoint     ] Safepoint synchronization initiated. (378 threads)
[2024-05-14T11:40:30.676+0000][213.650s][info ][safepoint     ] Application time: 1.0001898 seconds
[2024-05-14T11:40:30.676+0000][213.650s][info ][safepoint     ] Entering safepoint region: Cleanup
[2024-05-14T11:40:30.677+0000][213.650s][info ][safepoint     ] Leaving safepoint region
[2024-05-14T11:40:30.677+0000][213.650s][info ][safepoint     ] Total time for which application threads were stopped: 0.0008415 seconds, Stopping threads took: 0.0002829 seconds
[2024-05-14T11:40:31.677+0000][214.651s][debug][safepoint     ] Safepoint synchronization initiated. (378 threads)
[2024-05-14T11:40:31.677+0000][214.651s][info ][safepoint     ] Application time: 1.0002860 seconds
[2024-05-14T11:40:31.677+0000][214.651s][info ][safepoint     ] Entering safepoint region: Cleanup
[2024-05-14T11:40:31.678+0000][214.652s][info ][safepoint     ] Leaving safepoint region
[2024-05-14T11:40:31.678+0000][214.652s][info ][safepoint     ] Total time for which application threads were stopped: 0.0011871 seconds, Stopping threads took: 0.0003508 seconds
[2024-05-14T11:40:32.678+0000][215.652s][debug][safepoint     ] Safepoint synchronization initiated. (378 threads)
[2024-05-14T11:40:32.679+0000][215.652s][info ][safepoint     ] Application time: 1.0003158 seconds
[2024-05-14T11:40:32.679+0000][215.653s][info ][safepoint     ] Entering safepoint region: Cleanup
[2024-05-14T11:40:32.680+0000][215.653s][info ][safepoint     ] Leaving safepoint region
[2024-05-14T11:40:32.680+0000][215.653s][info ][safepoint     ] Total time for which application threads were stopped: 0.0011639 seconds, Stopping threads took: 0.0003711 seconds
[2024-05-14T11:40:33.680+0000][216.654s][debug][safepoint     ] Safepoint synchronization initiated. (378 threads)
[2024-05-14T11:40:33.680+0000][216.654s][info ][safepoint     ] Application time: 1.0003754 seconds
[2024-05-14T11:40:33.681+0000][216.654s][info ][safepoint     ] Entering safepoint region: Cleanup
[2024-05-14T11:40:33.682+0000][216.655s][info ][safepoint     ] Leaving safepoint region
[2024-05-14T11:40:33.682+0000][216.655s][info ][safepoint     ] Total time for which application threads were stopped: 0.0016160 seconds, Stopping threads took: 0.0004461 seconds
[2024-05-14T11:40:34.682+0000][217.656s][debug][safepoint     ] Safepoint synchronization initiated. (378 threads)
[2024-05-14T11:40:34.682+0000][217.656s][info ][safepoint     ] Application time: 1.0002250 seconds
[2024-05-14T11:40:34.682+0000][217.656s][info ][safepoint     ] Entering safepoint region: Cleanup
[2024-05-14T11:40:34.683+0000][217.657s][info ][safepoint     ] Leaving safepoint region
[2024-05-14T11:40:34.683+0000][217.657s][info ][safepoint     ] Total time for which application threads were stopped: 0.0010197 seconds, Stopping threads took: 0.0002748 seconds
[2024-05-14T11:40:35.683+0000][218.657s][debug][safepoint     ] Safepoint synchronization initiated. (378 threads)
[2024-05-14T11:40:35.683+0000][218.657s][info ][safepoint     ] Application time: 1.0003662 seconds
[2024-05-14T11:40:35.684+0000][218.657s][info ][safepoint     ] Entering safepoint region: Cleanup
[2024-05-14T11:40:35.684+0000][218.658s][info ][safepoint     ] Leaving safepoint region
[2024-05-14T11:40:35.684+0000][218.658s][info ][safepoint     ] Total time for which application threads were stopped: 0.0010008 seconds, Stopping threads took: 0.0002499 seconds
[2024-05-14T11:40:36.685+0000][219.659s][debug][safepoint     ] Safepoint synchronization initiated. (378 threads)
[2024-05-14T11:40:36.685+0000][219.659s][info ][safepoint     ] Application time: 1.0003782 seconds
[2024-05-14T11:40:36.685+0000][219.659s][info ][safepoint     ] Entering safepoint region: Cleanup
[2024-05-14T11:40:36.686+0000][219.660s][info ][safepoint     ] Leaving safepoint region
[2024-05-14T11:40:36.686+0000][219.660s][info ][safepoint     ] Total time for which application threads were stopped: 0.0012600 seconds, Stopping threads took: 0.0003366 seconds
[2024-05-14T11:40:37.526+0000][220.500s][debug][safepoint     ] Safepoint synchronization initiated. (378 threads)
[2024-05-14T11:40:37.526+0000][220.500s][info ][safepoint     ] Application time: 0.8400263 seconds
[2024-05-14T11:40:37.526+0000][220.500s][info ][safepoint     ] Entering safepoint region: G1CollectForAllocation
[2024-05-14T11:40:37.528+0000][220.502s][info ][gc,start      ] GC(77) Pause Young (Normal) (G1 Evacuation Pause)
[2024-05-14T11:40:37.528+0000][220.502s][info ][gc,task       ] GC(77) Using 4 workers of 4 for evacuation
[2024-05-14T11:40:37.556+0000][220.529s][info ][gc,phases     ] GC(77)   Pre Evacuate Collection Set: 0.2ms
[2024-05-14T11:40:37.556+0000][220.530s][info ][gc,phases     ] GC(77)   Evacuate Collection Set: 14.2ms
[2024-05-14T11:40:37.556+0000][220.530s][info ][gc,phases     ] GC(77)   Post Evacuate Collection Set: 12.4ms
[2024-05-14T11:40:37.556+0000][220.530s][info ][gc,phases     ] GC(77)   Other: 1.3ms
[2024-05-14T11:40:37.556+0000][220.530s][info ][gc,heap       ] GC(77) Eden regions: 170->0(171)
[2024-05-14T11:40:37.556+0000][220.530s][info ][gc,heap       ] GC(77) Survivor regions: 2->2(22)
[2024-05-14T11:40:37.556+0000][220.530s][info ][gc,heap       ] GC(77) Old regions: 177->177
[2024-05-14T11:40:37.556+0000][220.530s][info ][gc,heap       ] GC(77) Humongous regions: 0->0
[2024-05-14T11:40:37.556+0000][220.530s][info ][gc,metaspace  ] GC(77) Metaspace: 184207K(190448K)->184207K(190448K) NonClass: 163184K(166948K)->163184K(166948K) Class: 21022K(23500K)->21022K(23500K)
[2024-05-14T11:40:37.556+0000][220.530s][info ][gc            ] GC(77) Pause Young (Normal) (G1 Evacuation Pause) 347M->177M(398M) 28.025ms
[2024-05-14T11:40:37.556+0000][220.530s][info ][gc,cpu        ] GC(77) User=0.08s Sys=0.00s Real=0.03s
[2024-05-14T11:40:37.556+0000][220.530s][info ][safepoint     ] Leaving safepoint region
[2024-05-14T11:40:37.556+0000][220.530s][info ][safepoint     ] Total time for which application threads were stopped: 0.0300710 seconds, Stopping threads took: 0.0002476 seconds
[2024-05-14T11:40:37.556+0000][220.530s][info ][gc,stringdedup] Concurrent String Deduplication (220.530s)
[2024-05-14T11:40:37.557+0000][220.530s][info ][gc,stringdedup] Concurrent String Deduplication 0.0B->0.0B(0.0B) avg 54.4% (220.530s, 220.530s) 0.078ms
[2024-05-14T11:40:38.557+0000][221.530s][debug][safepoint     ] Safepoint synchronization initiated. (378 threads)
[2024-05-14T11:40:38.557+0000][221.530s][info ][safepoint     ] Application time: 1.0004094 seconds
[2024-05-14T11:40:38.557+0000][221.531s][info ][safepoint     ] Entering safepoint region: Cleanup
[2024-05-14T11:40:38.558+0000][221.532s][info ][safepoint     ] Leaving safepoint region
[2024-05-14T11:40:38.558+0000][221.532s][info ][safepoint     ] Total time for which application threads were stopped: 0.0015465 seconds, Stopping threads took: 0.0002602 seconds
[2024-05-14T11:40:39.559+0000][222.532s][debug][safepoint     ] Safepoint synchronization initiated. (378 threads)
[2024-05-14T11:40:39.559+0000][222.532s][info ][safepoint     ] Application time: 1.0003416 seconds
[2024-05-14T11:40:39.559+0000][222.533s][info ][safepoint     ] Entering safepoint region: Cleanup
[2024-05-14T11:40:39.560+0000][222.533s][info ][safepoint     ] Leaving safepoint region
[2024-05-14T11:40:39.560+0000][222.533s][info ][safepoint     ] Total time for which application threads were stopped: 0.0008918 seconds, Stopping threads took: 0.0002663 seconds
[2024-05-14T11:40:40.560+0000][223.534s][debug][safepoint     ] Safepoint synchronization initiated. (378 threads)
[2024-05-14T11:40:40.560+0000][223.534s][info ][safepoint     ] Application time: 1.0003359 seconds
[2024-05-14T11:40:40.560+0000][223.534s][info ][safepoint     ] Entering safepoint region: Cleanup
[2024-05-14T11:40:40.561+0000][223.535s][info ][safepoint     ] Leaving safepoint region
[2024-05-14T11:40:40.561+0000][223.535s][info ][safepoint     ] Total time for which application threads were stopped: 0.0011471 seconds, Stopping threads took: 0.0002846 seconds
[2024-05-14T11:40:41.561+0000][224.535s][debug][safepoint     ] Safepoint synchronization initiated. (378 threads)
[2024-05-14T11:40:41.562+0000][224.535s][info ][safepoint     ] Application time: 1.0003521 seconds
[2024-05-14T11:40:41.562+0000][224.536s][info ][safepoint     ] Entering safepoint region: Cleanup
[2024-05-14T11:40:41.563+0000][224.536s][info ][safepoint     ] Leaving safepoint region
[2024-05-14T11:40:41.563+0000][224.536s][info ][safepoint     ] Total time for which application threads were stopped: 0.0010368 seconds, Stopping threads took: 0.0002542 seconds
[2024-05-14T11:40:42.563+0000][225.537s][debug][safepoint     ] Safepoint synchronization initiated. (378 threads)
[2024-05-14T11:40:42.563+0000][225.537s][info ][safepoint     ] Application time: 1.0003281 seconds
[2024-05-14T11:40:42.563+0000][225.537s][info ][safepoint     ] Entering safepoint region: Cleanup
[2024-05-14T11:40:42.564+0000][225.538s][info ][safepoint     ] Leaving safepoint region
[2024-05-14T11:40:42.564+0000][225.538s][info ][safepoint     ] Total time for which application threads were stopped: 0.0013606 seconds, Stopping threads took: 0.0002805 seconds
[2024-05-14T11:40:43.565+0000][226.538s][debug][safepoint     ] Safepoint synchronization initiated. (378 threads)
[2024-05-14T11:40:43.565+0000][226.539s][info ][safepoint     ] Application time: 1.0003019 seconds
[2024-05-14T11:40:43.566+0000][226.540s][info ][safepoint     ] Entering safepoint region: Cleanup
[2024-05-14T11:40:43.567+0000][226.541s][info ][safepoint     ] Leaving safepoint region
[2024-05-14T11:40:43.567+0000][226.541s][info ][safepoint     ] Total time for which application threads were stopped: 0.0021587 seconds, Stopping threads took: 0.0012367 seconds
[2024-05-14T11:40:44.567+0000][227.541s][debug][safepoint     ] Safepoint synchronization initiated. (378 threads)
[2024-05-14T11:40:44.567+0000][227.541s][info ][safepoint     ] Application time: 1.0002327 seconds
[2024-05-14T11:40:44.568+0000][227.541s][info ][safepoint     ] Entering safepoint region: Cleanup
[2024-05-14T11:40:44.568+0000][227.542s][info ][safepoint     ] Leaving safepoint region
[2024-05-14T11:40:44.568+0000][227.542s][info ][safepoint     ] Total time for which application threads were stopped: 0.0010157 seconds, Stopping threads took: 0.0003121 seconds
[2024-05-14T11:40:45.568+0000][228.542s][debug][safepoint     ] Safepoint synchronization initiated. (378 threads)
[2024-05-14T11:40:45.569+0000][228.542s][info ][safepoint     ] Application time: 1.0002360 seconds
[2024-05-14T11:40:45.570+0000][228.543s][info ][safepoint     ] Entering safepoint region: Cleanup
[2024-05-14T11:40:45.571+0000][228.544s][info ][safepoint     ] Leaving safepoint region
[2024-05-14T11:40:45.571+0000][228.544s][debug][safepoint     ] ... found polling page return exception at pc = 0x00007f320ca20556, stub =0x00007f3204824b00
[2024-05-14T11:40:45.571+0000][228.544s][debug][safepoint     ] ... found polling page return exception at pc = 0x00007f320d12ac8f, stub =0x00007f3204824b00
[2024-05-14T11:40:45.571+0000][228.544s][info ][safepoint     ] Total time for which application threads were stopped: 0.0021166 seconds, Stopping threads took: 0.0011966 seconds
[2024-05-14T11:40:46.571+0000][229.545s][debug][safepoint     ] Safepoint synchronization initiated. (378 threads)
[2024-05-14T11:40:46.571+0000][229.545s][info ][safepoint     ] Application time: 1.0003471 seconds
[2024-05-14T11:40:46.571+0000][229.545s][debug][safepoint     ] ... found polling page return exception at pc = 0x00007f320c2adc1b, stub =0x00007f3204824b00
[2024-05-14T11:40:46.572+0000][229.545s][debug][safepoint     ] Waiting for 1 thread(s) to block
[2024-05-14T11:40:46.572+0000][229.545s][info ][safepoint     ] Entering safepoint region: Cleanup
[2024-05-14T11:40:46.573+0000][229.546s][info ][safepoint     ] Leaving safepoint region
[2024-05-14T11:40:46.573+0000][229.546s][info ][safepoint     ] Total time for which application threads were stopped: 0.0012028 seconds, Stopping threads took: 0.0004657 seconds
[2024-05-14T11:40:47.573+0000][230.546s][debug][safepoint     ] Safepoint synchronization initiated. (378 threads)
[2024-05-14T11:40:47.573+0000][230.547s][info ][safepoint     ] Application time: 1.0002651 seconds
[2024-05-14T11:40:47.573+0000][230.547s][debug][safepoint     ] ... found polling page return exception at pc = 0x00007f320d368938, stub =0x00007f3204824b00
[2024-05-14T11:40:47.573+0000][230.547s][debug][safepoint     ] Waiting for 1 thread(s) to block
[2024-05-14T11:40:47.573+0000][230.547s][info ][safepoint     ] Entering safepoint region: Cleanup
[2024-05-14T11:40:47.574+0000][230.548s][info ][safepoint     ] Leaving safepoint region
[2024-05-14T11:40:47.574+0000][230.548s][info ][safepoint     ] Total time for which application threads were stopped: 0.0013838 seconds, Stopping threads took: 0.0006096 seconds
[2024-05-14T11:40:48.575+0000][231.548s][debug][safepoint     ] Safepoint synchronization initiated. (378 threads)
[2024-05-14T11:40:48.575+0000][231.548s][info ][safepoint     ] Application time: 1.0003343 seconds
[2024-05-14T11:40:48.575+0000][231.549s][info ][safepoint     ] Entering safepoint region: Cleanup
[2024-05-14T11:40:48.576+0000][231.550s][info ][safepoint     ] Leaving safepoint region
[2024-05-14T11:40:48.576+0000][231.550s][info ][safepoint     ] Total time for which application threads were stopped: 0.0016764 seconds, Stopping threads took: 0.0005643 seconds
[2024-05-14T11:40:49.577+0000][232.550s][debug][safepoint     ] Safepoint synchronization initiated. (378 threads)
[2024-05-14T11:40:49.577+0000][232.550s][info ][safepoint     ] Application time: 1.0003414 seconds
[2024-05-14T11:40:49.577+0000][232.551s][info ][safepoint     ] Entering safepoint region: Cleanup
[2024-05-14T11:40:49.578+0000][232.552s][info ][safepoint     ] Leaving safepoint region
[2024-05-14T11:40:49.578+0000][232.552s][info ][safepoint     ] Total time for which application threads were stopped: 0.0012478 seconds, Stopping threads took: 0.0003434 seconds
[2024-05-14T11:40:50.578+0000][233.552s][debug][safepoint     ] Safepoint synchronization initiated. (378 threads)
[2024-05-14T11:40:50.578+0000][233.552s][info ][safepoint     ] Application time: 1.0001973 seconds
[2024-05-14T11:40:50.579+0000][233.553s][info ][safepoint     ] Entering safepoint region: Cleanup
[2024-05-14T11:40:50.580+0000][233.553s][info ][safepoint     ] Leaving safepoint region
[2024-05-14T11:40:50.580+0000][233.553s][info ][safepoint     ] Total time for which application threads were stopped: 0.0014303 seconds, Stopping threads took: 0.0006546 seconds
[2024-05-14T11:40:51.580+0000][234.554s][debug][safepoint     ] Safepoint synchronization initiated. (377 threads)
[2024-05-14T11:40:51.580+0000][234.554s][info ][safepoint     ] Application time: 1.0001959 seconds
[2024-05-14T11:40:51.580+0000][234.554s][info ][safepoint     ] Entering safepoint region: Cleanup
[2024-05-14T11:40:51.581+0000][234.555s][info ][safepoint     ] Leaving safepoint region
[2024-05-14T11:40:51.581+0000][234.555s][info ][safepoint     ] Total time for which application threads were stopped: 0.0010719 seconds, Stopping threads took: 0.0003052 seconds
[2024-05-14T11:40:52.581+0000][235.555s][debug][safepoint     ] Safepoint synchronization initiated. (377 threads)
[2024-05-14T11:40:52.581+0000][235.555s][info ][safepoint     ] Application time: 1.0003012 seconds
[2024-05-14T11:40:52.582+0000][235.555s][info ][safepoint     ] Entering safepoint region: Cleanup
[2024-05-14T11:40:52.583+0000][235.557s][info ][safepoint     ] Leaving safepoint region
[2024-05-14T11:40:52.583+0000][235.557s][info ][safepoint     ] Total time for which application threads were stopped: 0.0015913 seconds, Stopping threads took: 0.0005154 seconds
[2024-05-14T11:40:53.583+0000][236.557s][debug][safepoint     ] Safepoint synchronization initiated. (376 threads)
[2024-05-14T11:40:53.583+0000][236.557s][info ][safepoint     ] Application time: 1.0003061 seconds
[2024-05-14T11:40:53.584+0000][236.558s][info ][safepoint     ] Entering safepoint region: Cleanup
[2024-05-14T11:40:53.585+0000][236.558s][info ][safepoint     ] Leaving safepoint region
[2024-05-14T11:40:53.585+0000][236.558s][info ][safepoint     ] Total time for which application threads were stopped: 0.0015161 seconds, Stopping threads took: 0.0005857 seconds
[2024-05-14T11:40:54.585+0000][237.559s][debug][safepoint     ] Safepoint synchronization initiated. (376 threads)
[2024-05-14T11:40:54.585+0000][237.559s][info ][safepoint     ] Application time: 1.0003038 seconds
[2024-05-14T11:40:54.585+0000][237.559s][info ][safepoint     ] Entering safepoint region: Cleanup
[2024-05-14T11:40:54.586+0000][237.560s][info ][safepoint     ] Leaving safepoint region
[2024-05-14T11:40:54.586+0000][237.560s][info ][safepoint     ] Total time for which application threads were stopped: 0.0009450 seconds, Stopping threads took: 0.0002537 seconds
[2024-05-14T11:40:55.586+0000][238.560s][debug][safepoint     ] Safepoint synchronization initiated. (376 threads)
[2024-05-14T11:40:55.586+0000][238.560s][info ][safepoint     ] Application time: 1.0003190 seconds
[2024-05-14T11:40:55.587+0000][238.560s][debug][safepoint     ] ... found polling page return exception at pc = 0x00007f320d0fb1d2, stub =0x00007f3204824b00
[2024-05-14T11:40:55.587+0000][238.560s][debug][safepoint     ] Waiting for 1 thread(s) to block
[2024-05-14T11:40:55.587+0000][238.561s][info ][safepoint     ] Entering safepoint region: Cleanup
[2024-05-14T11:40:55.588+0000][238.561s][debug][safepoint     ] ... found polling page return exception at pc = 0x00007f320d12ac8f, stub =0x00007f3204824b00
[2024-05-14T11:40:55.588+0000][238.561s][info ][safepoint     ] Leaving safepoint region
[2024-05-14T11:40:55.588+0000][238.562s][info ][safepoint     ] Total time for which application threads were stopped: 0.0014435 seconds, Stopping threads took: 0.0005205 seconds
[2024-05-14T11:40:56.588+0000][239.562s][debug][safepoint     ] Safepoint synchronization initiated. (375 threads)
[2024-05-14T11:40:56.588+0000][239.562s][info ][safepoint     ] Application time: 1.0002174 seconds
[2024-05-14T11:40:56.588+0000][239.562s][info ][safepoint     ] Entering safepoint region: Cleanup
[2024-05-14T11:40:56.589+0000][239.563s][info ][safepoint     ] Leaving safepoint region
[2024-05-14T11:40:56.589+0000][239.563s][info ][safepoint     ] Total time for which application threads were stopped: 0.0010230 seconds, Stopping threads took: 0.0002308 seconds
[2024-05-14T11:40:57.589+0000][240.563s][debug][safepoint     ] Safepoint synchronization initiated. (374 threads)
[2024-05-14T11:40:57.590+0000][240.563s][info ][safepoint     ] Application time: 1.0003132 seconds
[2024-05-14T11:40:57.590+0000][240.564s][info ][safepoint     ] Entering safepoint region: Cleanup
[2024-05-14T11:40:57.591+0000][240.565s][info ][safepoint     ] Leaving safepoint region
[2024-05-14T11:40:57.591+0000][240.565s][info ][safepoint     ] Total time for which application threads were stopped: 0.0014049 seconds, Stopping threads took: 0.0004702 seconds
[2024-05-14T11:40:58.591+0000][241.565s][debug][safepoint     ] Safepoint synchronization initiated. (373 threads)
[2024-05-14T11:40:58.591+0000][241.565s][info ][safepoint     ] Application time: 1.0003646 seconds
[2024-05-14T11:40:58.592+0000][241.565s][info ][safepoint     ] Entering safepoint region: Cleanup
[2024-05-14T11:40:58.592+0000][241.566s][info ][safepoint     ] Leaving safepoint region
[2024-05-14T11:40:58.593+0000][241.566s][info ][safepoint     ] Total time for which application threads were stopped: 0.0011703 seconds, Stopping threads took: 0.0002850 seconds
[2024-05-14T11:40:59.593+0000][242.566s][debug][safepoint     ] Safepoint synchronization initiated. (373 threads)
[2024-05-14T11:40:59.593+0000][242.566s][info ][safepoint     ] Application time: 1.0001147 seconds
[2024-05-14T11:40:59.593+0000][242.567s][info ][safepoint     ] Entering safepoint region: Cleanup
[2024-05-14T11:40:59.594+0000][242.567s][info ][safepoint     ] Leaving safepoint region
[2024-05-14T11:40:59.594+0000][242.567s][info ][safepoint     ] Total time for which application threads were stopped: 0.0009025 seconds, Stopping threads took: 0.0001922 seconds
[2024-05-14T11:40:59.939+0000][242.913s][debug][safepoint     ] Safepoint synchronization initiated. (373 threads)
[2024-05-14T11:40:59.939+0000][242.913s][info ][safepoint     ] Application time: 0.3457239 seconds
[2024-05-14T11:40:59.940+0000][242.913s][debug][safepoint     ] ... found polling page return exception at pc = 0x00007f320c3bf2f8, stub =0x00007f3204824b00
[2024-05-14T11:40:59.940+0000][242.913s][debug][safepoint     ] ... found polling page return exception at pc = 0x00007f320c8cad74, stub =0x00007f3204824b00
[2024-05-14T11:40:59.940+0000][242.913s][debug][safepoint     ] Waiting for 2 thread(s) to block
[2024-05-14T11:40:59.940+0000][242.914s][info ][safepoint     ] Entering safepoint region: G1CollectForAllocation
[2024-05-14T11:40:59.942+0000][242.916s][info ][gc,start      ] GC(78) Pause Young (Normal) (G1 Evacuation Pause)
[2024-05-14T11:40:59.942+0000][242.916s][info ][gc,task       ] GC(78) Using 4 workers of 4 for evacuation
[2024-05-14T11:40:59.974+0000][242.948s][info ][gc,phases     ] GC(78)   Pre Evacuate Collection Set: 0.6ms
[2024-05-14T11:40:59.974+0000][242.948s][info ][gc,phases     ] GC(78)   Evacuate Collection Set: 17.0ms
[2024-05-14T11:40:59.974+0000][242.948s][info ][gc,phases     ] GC(78)   Post Evacuate Collection Set: 12.8ms
[2024-05-14T11:40:59.974+0000][242.948s][info ][gc,phases     ] GC(78)   Other: 3.0ms
[2024-05-14T11:40:59.974+0000][242.948s][info ][gc,heap       ] GC(78) Eden regions: 171->0(171)
[2024-05-14T11:40:59.974+0000][242.948s][info ][gc,heap       ] GC(78) Survivor regions: 2->2(22)
[2024-05-14T11:40:59.974+0000][242.948s][info ][gc,heap       ] GC(78) Old regions: 177->177
[2024-05-14T11:40:59.974+0000][242.948s][info ][gc,heap       ] GC(78) Humongous regions: 0->0
[2024-05-14T11:40:59.974+0000][242.948s][info ][gc,metaspace  ] GC(78) Metaspace: 184683K(190704K)->184683K(190704K) NonClass: 163660K(167204K)->163660K(167204K) Class: 21022K(23500K)->21022K(23500K)
[2024-05-14T11:40:59.974+0000][242.948s][info ][gc            ] GC(78) Pause Young (Normal) (G1 Evacuation Pause) 348M->177M(398M) 32.217ms
[2024-05-14T11:40:59.975+0000][242.948s][info ][gc,cpu        ] GC(78) User=0.09s Sys=0.02s Real=0.03s
[2024-05-14T11:40:59.975+0000][242.948s][info ][safepoint     ] Leaving safepoint region
[2024-05-14T11:40:59.975+0000][242.948s][info ][safepoint     ] Total time for which application threads were stopped: 0.0352339 seconds, Stopping threads took: 0.0006135 seconds
[2024-05-14T11:40:59.975+0000][242.949s][info ][gc,stringdedup] Concurrent String Deduplication (242.949s)
[2024-05-14T11:40:59.975+0000][242.949s][info ][gc,stringdedup] Concurrent String Deduplication 336.0B->336.0B(0.0B) avg 54.4% (242.949s, 242.949s) 0.094ms
[2024-05-14T11:41:00.975+0000][243.949s][debug][safepoint     ] Safepoint synchronization initiated. (373 threads)
[2024-05-14T11:41:00.975+0000][243.949s][info ][safepoint     ] Application time: 1.0002328 seconds
[2024-05-14T11:41:00.975+0000][243.949s][info ][safepoint     ] Entering safepoint region: Cleanup
[2024-05-14T11:41:00.976+0000][243.950s][info ][safepoint     ] Leaving safepoint region
[2024-05-14T11:41:00.976+0000][243.950s][info ][safepoint     ] Total time for which application threads were stopped: 0.0009533 seconds, Stopping threads took: 0.0002375 seconds
[2024-05-14T11:41:01.976+0000][244.950s][debug][safepoint     ] Safepoint synchronization initiated. (373 threads)
[2024-05-14T11:41:01.976+0000][244.950s][info ][safepoint     ] Application time: 1.0002067 seconds
[2024-05-14T11:41:01.976+0000][244.950s][info ][safepoint     ] Entering safepoint region: Cleanup
[2024-05-14T11:41:01.977+0000][244.951s][info ][safepoint     ] Leaving safepoint region
[2024-05-14T11:41:01.977+0000][244.951s][info ][safepoint     ] Total time for which application threads were stopped: 0.0008859 seconds, Stopping threads took: 0.0002941 seconds
[2024-05-14T11:41:02.977+0000][245.951s][debug][safepoint     ] Safepoint synchronization initiated. (373 threads)
[2024-05-14T11:41:02.977+0000][245.951s][info ][safepoint     ] Application time: 1.0003645 seconds
[2024-05-14T11:41:02.978+0000][245.952s][info ][safepoint     ] Entering safepoint region: Cleanup
[2024-05-14T11:41:02.979+0000][245.952s][info ][safepoint     ] Leaving safepoint region
[2024-05-14T11:41:02.979+0000][245.953s][info ][safepoint     ] Total time for which application threads were stopped: 0.0013121 seconds, Stopping threads took: 0.0005407 seconds
[2024-05-14T11:41:03.979+0000][246.953s][debug][safepoint     ] Safepoint synchronization initiated. (373 threads)
[2024-05-14T11:41:03.979+0000][246.953s][info ][safepoint     ] Application time: 1.0003190 seconds
[2024-05-14T11:41:03.980+0000][246.953s][info ][safepoint     ] Entering safepoint region: Cleanup
[2024-05-14T11:41:03.980+0000][246.954s][info ][safepoint     ] Leaving safepoint region
[2024-05-14T11:41:03.980+0000][246.954s][info ][safepoint     ] Total time for which application threads were stopped: 0.0011833 seconds, Stopping threads took: 0.0004269 seconds
[2024-05-14T11:41:04.981+0000][247.954s][debug][safepoint     ] Safepoint synchronization initiated. (373 threads)
[2024-05-14T11:41:04.981+0000][247.954s][info ][safepoint     ] Application time: 1.0003597 seconds
[2024-05-14T11:41:04.981+0000][247.955s][debug][safepoint     ] ... found polling page return exception at pc = 0x00007f320c8c9588, stub =0x00007f3204824b00
[2024-05-14T11:41:04.981+0000][247.955s][debug][safepoint     ] Waiting for 1 thread(s) to block
[2024-05-14T11:41:04.981+0000][247.955s][info ][safepoint     ] Entering safepoint region: Cleanup
[2024-05-14T11:41:04.982+0000][247.955s][info ][safepoint     ] Leaving safepoint region
[2024-05-14T11:41:04.982+0000][247.955s][info ][safepoint     ] Total time for which application threads were stopped: 0.0010072 seconds, Stopping threads took: 0.0004228 seconds
[2024-05-14T11:41:05.982+0000][248.956s][debug][safepoint     ] Safepoint synchronization initiated. (373 threads)
[2024-05-14T11:41:05.982+0000][248.956s][info ][safepoint     ] Application time: 1.0001541 seconds
[2024-05-14T11:41:05.982+0000][248.956s][info ][safepoint     ] Entering safepoint region: Cleanup
[2024-05-14T11:41:05.983+0000][248.956s][info ][safepoint     ] Leaving safepoint region
[2024-05-14T11:41:05.983+0000][248.956s][info ][safepoint     ] Total time for which application threads were stopped: 0.0008136 seconds, Stopping threads took: 0.0001671 seconds
[2024-05-14T11:41:06.983+0000][249.957s][debug][safepoint     ] Safepoint synchronization initiated. (373 threads)
[2024-05-14T11:41:06.983+0000][249.957s][info ][safepoint     ] Application time: 1.0001803 seconds
[2024-05-14T11:41:06.983+0000][249.957s][debug][safepoint     ] Waiting for 1 thread(s) to block
[2024-05-14T11:41:06.984+0000][249.957s][info ][safepoint     ] Entering safepoint region: Cleanup
[2024-05-14T11:41:06.985+0000][249.958s][info ][safepoint     ] Leaving safepoint region
[2024-05-14T11:41:06.985+0000][249.958s][info ][safepoint     ] Total time for which application threads were stopped: 0.0017603 seconds, Stopping threads took: 0.0006564 seconds
[2024-05-14T11:41:07.985+0000][250.959s][debug][safepoint     ] Safepoint synchronization initiated. (373 threads)
[2024-05-14T11:41:07.985+0000][250.959s][info ][safepoint     ] Application time: 1.0002530 seconds
[2024-05-14T11:41:07.985+0000][250.959s][debug][safepoint     ] ... found polling page return exception at pc = 0x00007f320d39eb01, stub =0x00007f3204824b00
[2024-05-14T11:41:07.985+0000][250.959s][debug][safepoint     ] Waiting for 1 thread(s) to block
[2024-05-14T11:41:07.986+0000][250.959s][info ][safepoint     ] Entering safepoint region: Cleanup
[2024-05-14T11:41:07.986+0000][250.960s][info ][safepoint     ] Leaving safepoint region
[2024-05-14T11:41:07.986+0000][250.960s][info ][safepoint     ] Total time for which application threads were stopped: 0.0011893 seconds, Stopping threads took: 0.0005764 seconds
[2024-05-14T11:41:08.987+0000][251.960s][debug][safepoint     ] Safepoint synchronization initiated. (373 threads)
[2024-05-14T11:41:08.987+0000][251.960s][info ][safepoint     ] Application time: 1.0002846 seconds
[2024-05-14T11:41:08.987+0000][251.961s][info ][safepoint     ] Entering safepoint region: Cleanup
[2024-05-14T11:41:08.987+0000][251.961s][info ][safepoint     ] Leaving safepoint region
[2024-05-14T11:41:08.988+0000][251.961s][info ][safepoint     ] Total time for which application threads were stopped: 0.0007779 seconds, Stopping threads took: 0.0002600 seconds
[2024-05-14T11:41:09.988+0000][252.961s][debug][safepoint     ] Safepoint synchronization initiated. (373 threads)
[2024-05-14T11:41:09.988+0000][252.962s][info ][safepoint     ] Application time: 1.0002452 seconds
[2024-05-14T11:41:09.988+0000][252.962s][info ][safepoint     ] Entering safepoint region: Cleanup
[2024-05-14T11:41:09.989+0000][252.962s][info ][safepoint     ] Leaving safepoint region
[2024-05-14T11:41:09.989+0000][252.962s][info ][safepoint     ] Total time for which application threads were stopped: 0.0009318 seconds, Stopping threads took: 0.0002210 seconds
[2024-05-14T11:41:10.989+0000][253.963s][debug][safepoint     ] Safepoint synchronization initiated. (373 threads)
[2024-05-14T11:41:10.989+0000][253.963s][info ][safepoint     ] Application time: 1.0002193 seconds
[2024-05-14T11:41:10.990+0000][253.964s][info ][safepoint     ] Entering safepoint region: Cleanup
[2024-05-14T11:41:10.991+0000][253.965s][info ][safepoint     ] Leaving safepoint region
[2024-05-14T11:41:10.991+0000][253.965s][info ][safepoint     ] Total time for which application threads were stopped: 0.0019820 seconds, Stopping threads took: 0.0011852 seconds
[2024-05-14T11:41:11.991+0000][254.965s][debug][safepoint     ] Safepoint synchronization initiated. (373 threads)
[2024-05-14T11:41:11.991+0000][254.965s][info ][safepoint     ] Application time: 1.0003269 seconds
[2024-05-14T11:41:11.992+0000][254.965s][info ][safepoint     ] Entering safepoint region: Cleanup
[2024-05-14T11:41:11.992+0000][254.966s][info ][safepoint     ] Leaving safepoint region
[2024-05-14T11:41:11.992+0000][254.966s][info ][safepoint     ] Total time for which application threads were stopped: 0.0008375 seconds, Stopping threads took: 0.0002612 seconds
[2024-05-14T11:41:12.226+0000][255.199s][debug][safepoint     ] Safepoint synchronization initiated. (373 threads)
[2024-05-14T11:41:12.226+0000][255.199s][info ][safepoint     ] Application time: 0.2333579 seconds
[2024-05-14T11:41:12.226+0000][255.199s][debug][safepoint     ] ... found polling page return exception at pc = 0x00007f320ca20556, stub =0x00007f3204824b00
[2024-05-14T11:41:12.226+0000][255.200s][debug][safepoint     ] Waiting for 1 thread(s) to block
[2024-05-14T11:41:12.226+0000][255.200s][info ][safepoint     ] Entering safepoint region: ICBufferFull
[2024-05-14T11:41:12.226+0000][255.200s][info ][safepoint     ] Leaving safepoint region
[2024-05-14T11:41:12.226+0000][255.200s][info ][safepoint     ] Total time for which application threads were stopped: 0.0008528 seconds, Stopping threads took: 0.0003026 seconds
[2024-05-14T11:41:13.227+0000][256.200s][debug][safepoint     ] Safepoint synchronization initiated. (373 threads)
[2024-05-14T11:41:13.227+0000][256.200s][info ][safepoint     ] Application time: 1.0002140 seconds
[2024-05-14T11:41:13.227+0000][256.201s][info ][safepoint     ] Entering safepoint region: Cleanup
[2024-05-14T11:41:13.228+0000][256.202s][info ][safepoint     ] Leaving safepoint region
[2024-05-14T11:41:13.228+0000][256.202s][info ][safepoint     ] Total time for which application threads were stopped: 0.0013372 seconds, Stopping threads took: 0.0006202 seconds
[2024-05-14T11:41:14.228+0000][257.202s][debug][safepoint     ] Safepoint synchronization initiated. (373 threads)
[2024-05-14T11:41:14.228+0000][257.202s][info ][safepoint     ] Application time: 1.0001599 seconds
[2024-05-14T11:41:14.228+0000][257.202s][debug][safepoint     ] ... found polling page return exception at pc = 0x00007f320ca20556, stub =0x00007f3204824b00
[2024-05-14T11:41:14.229+0000][257.202s][debug][safepoint     ] Waiting for 1 thread(s) to block
[2024-05-14T11:41:14.229+0000][257.203s][info ][safepoint     ] Entering safepoint region: Cleanup
[2024-05-14T11:41:14.229+0000][257.203s][debug][safepoint     ] ... found polling page return exception at pc = 0x00007f320ca20556, stub =0x00007f3204824b00
[2024-05-14T11:41:14.230+0000][257.203s][info ][safepoint     ] Leaving safepoint region
[2024-05-14T11:41:14.230+0000][257.203s][info ][safepoint     ] Total time for which application threads were stopped: 0.0013332 seconds, Stopping threads took: 0.0006240 seconds
[2024-05-14T11:41:15.230+0000][258.204s][debug][safepoint     ] Safepoint synchronization initiated. (373 threads)
[2024-05-14T11:41:15.230+0000][258.204s][info ][safepoint     ] Application time: 1.0003324 seconds
[2024-05-14T11:41:15.230+0000][258.204s][info ][safepoint     ] Entering safepoint region: Cleanup
[2024-05-14T11:41:15.231+0000][258.205s][info ][safepoint     ] Leaving safepoint region
[2024-05-14T11:41:15.231+0000][258.205s][info ][safepoint     ] Total time for which application threads were stopped: 0.0013533 seconds, Stopping threads took: 0.0005179 seconds
[2024-05-14T11:41:16.232+0000][259.205s][debug][safepoint     ] Safepoint synchronization initiated. (373 threads)
[2024-05-14T11:41:16.232+0000][259.205s][info ][safepoint     ] Application time: 1.0001621 seconds
[2024-05-14T11:41:16.232+0000][259.206s][info ][safepoint     ] Entering safepoint region: Cleanup
[2024-05-14T11:41:16.232+0000][259.206s][info ][safepoint     ] Leaving safepoint region
[2024-05-14T11:41:16.232+0000][259.206s][info ][safepoint     ] Total time for which application threads were stopped: 0.0006492 seconds, Stopping threads took: 0.0002539 seconds
[2024-05-14T11:41:17.232+0000][260.206s][debug][safepoint     ] Safepoint synchronization initiated. (373 threads)
[2024-05-14T11:41:17.232+0000][260.206s][info ][safepoint     ] Application time: 1.0002046 seconds
[2024-05-14T11:41:17.233+0000][260.206s][info ][safepoint     ] Entering safepoint region: Cleanup
[2024-05-14T11:41:17.233+0000][260.207s][info ][safepoint     ] Leaving safepoint region
[2024-05-14T11:41:17.233+0000][260.207s][info ][safepoint     ] Total time for which application threads were stopped: 0.0008164 seconds, Stopping threads took: 0.0002626 seconds
[2024-05-14T11:41:18.233+0000][261.207s][debug][safepoint     ] Safepoint synchronization initiated. (373 threads)
[2024-05-14T11:41:18.234+0000][261.207s][info ][safepoint     ] Application time: 1.0002848 seconds
[2024-05-14T11:41:18.234+0000][261.208s][info ][safepoint     ] Entering safepoint region: Cleanup
[2024-05-14T11:41:18.234+0000][261.208s][info ][safepoint     ] Leaving safepoint region
[2024-05-14T11:41:18.234+0000][261.208s][info ][safepoint     ] Total time for which application threads were stopped: 0.0007923 seconds, Stopping threads took: 0.0002863 seconds
[2024-05-14T11:41:19.235+0000][262.208s][debug][safepoint     ] Safepoint synchronization initiated. (373 threads)
[2024-05-14T11:41:19.235+0000][262.208s][info ][safepoint     ] Application time: 1.0002358 seconds
[2024-05-14T11:41:19.235+0000][262.209s][debug][safepoint     ] Waiting for 1 thread(s) to block
[2024-05-14T11:41:19.235+0000][262.209s][info ][safepoint     ] Entering safepoint region: Cleanup
[2024-05-14T11:41:19.236+0000][262.209s][info ][safepoint     ] Leaving safepoint region
[2024-05-14T11:41:19.236+0000][262.209s][info ][safepoint     ] Total time for which application threads were stopped: 0.0008497 seconds, Stopping threads took: 0.0003882 seconds
[2024-05-14T11:41:20.236+0000][263.209s][debug][safepoint     ] Safepoint synchronization initiated. (373 threads)
[2024-05-14T11:41:20.236+0000][263.210s][info ][safepoint     ] Application time: 1.0002435 seconds
[2024-05-14T11:41:20.236+0000][263.210s][debug][safepoint     ] ... found polling page return exception at pc = 0x00007f320cbf70ad, stub =0x00007f3204824b00
[2024-05-14T11:41:20.236+0000][263.210s][debug][safepoint     ] Waiting for 1 thread(s) to block
[2024-05-14T11:41:20.236+0000][263.210s][info ][safepoint     ] Entering safepoint region: Cleanup
[2024-05-14T11:41:20.237+0000][263.211s][info ][safepoint     ] Leaving safepoint region
[2024-05-14T11:41:20.237+0000][263.211s][info ][safepoint     ] Total time for which application threads were stopped: 0.0011806 seconds, Stopping threads took: 0.0005389 seconds
[2024-05-14T11:41:20.237+0000][263.211s][debug][safepoint     ] ... found polling page return exception at pc = 0x00007f320ca20556, stub =0x00007f3204824b00
[2024-05-14T11:41:21.237+0000][264.211s][debug][safepoint     ] Safepoint synchronization initiated. (373 threads)
[2024-05-14T11:41:21.237+0000][264.211s][info ][safepoint     ] Application time: 1.0002161 seconds
[2024-05-14T11:41:21.238+0000][264.211s][info ][safepoint     ] Entering safepoint region: Cleanup
[2024-05-14T11:41:21.238+0000][264.212s][info ][safepoint     ] Leaving safepoint region
[2024-05-14T11:41:21.238+0000][264.212s][info ][safepoint     ] Total time for which application threads were stopped: 0.0007450 seconds, Stopping threads took: 0.0002072 seconds
[2024-05-14T11:41:22.238+0000][265.212s][debug][safepoint     ] Safepoint synchronization initiated. (373 threads)
[2024-05-14T11:41:22.238+0000][265.212s][info ][safepoint     ] Application time: 1.0001989 seconds
[2024-05-14T11:41:22.239+0000][265.212s][info ][safepoint     ] Entering safepoint region: Cleanup
[2024-05-14T11:41:22.239+0000][265.213s][info ][safepoint     ] Leaving safepoint region
[2024-05-14T11:41:22.239+0000][265.213s][info ][safepoint     ] Total time for which application threads were stopped: 0.0007521 seconds, Stopping threads took: 0.0002536 seconds
[2024-05-14T11:41:22.565+0000][265.539s][debug][safepoint     ] Safepoint synchronization initiated. (373 threads)
[2024-05-14T11:41:22.565+0000][265.539s][info ][safepoint     ] Application time: 0.3258525 seconds
[2024-05-14T11:41:22.565+0000][265.539s][info ][safepoint     ] Entering safepoint region: G1CollectForAllocation
[2024-05-14T11:41:22.566+0000][265.540s][info ][gc,start      ] GC(79) Pause Young (Normal) (G1 Evacuation Pause)
[2024-05-14T11:41:22.566+0000][265.540s][info ][gc,task       ] GC(79) Using 4 workers of 4 for evacuation
[2024-05-14T11:41:22.587+0000][265.560s][info ][gc,phases     ] GC(79)   Pre Evacuate Collection Set: 0.2ms
[2024-05-14T11:41:22.587+0000][265.560s][info ][gc,phases     ] GC(79)   Evacuate Collection Set: 11.7ms
[2024-05-14T11:41:22.587+0000][265.560s][info ][gc,phases     ] GC(79)   Post Evacuate Collection Set: 7.5ms
[2024-05-14T11:41:22.587+0000][265.560s][info ][gc,phases     ] GC(79)   Other: 1.7ms
[2024-05-14T11:41:22.587+0000][265.560s][info ][gc,heap       ] GC(79) Eden regions: 171->0(171)
[2024-05-14T11:41:22.587+0000][265.560s][info ][gc,heap       ] GC(79) Survivor regions: 2->2(22)
[2024-05-14T11:41:22.587+0000][265.561s][info ][gc,heap       ] GC(79) Old regions: 177->177
[2024-05-14T11:41:22.587+0000][265.561s][info ][gc,heap       ] GC(79) Humongous regions: 0->0
[2024-05-14T11:41:22.587+0000][265.561s][info ][gc,metaspace  ] GC(79) Metaspace: 184734K(190960K)->184734K(190960K) NonClass: 163711K(167460K)->163711K(167460K) Class: 21023K(23500K)->21023K(23500K)
[2024-05-14T11:41:22.587+0000][265.561s][info ][gc            ] GC(79) Pause Young (Normal) (G1 Evacuation Pause) 348M->177M(398M) 20.893ms
[2024-05-14T11:41:22.587+0000][265.561s][info ][gc,cpu        ] GC(79) User=0.07s Sys=0.00s Real=0.02s
[2024-05-14T11:41:22.587+0000][265.561s][debug][safepoint     ] ... found polling page return exception at pc = 0x00007f320ca20556, stub =0x00007f3204824b00
[2024-05-14T11:41:22.587+0000][265.561s][info ][safepoint     ] Leaving safepoint region
[2024-05-14T11:41:22.587+0000][265.561s][info ][safepoint     ] Total time for which application threads were stopped: 0.0221538 seconds, Stopping threads took: 0.0001781 seconds
[2024-05-14T11:41:22.587+0000][265.561s][info ][gc,stringdedup] Concurrent String Deduplication (265.561s)
[2024-05-14T11:41:22.587+0000][265.561s][info ][gc,stringdedup] Concurrent String Deduplication 656.0B->504.0B(152.0B) avg 54.4% (265.561s, 265.561s) 0.088ms
[2024-05-14T11:41:23.587+0000][266.561s][debug][safepoint     ] Safepoint synchronization initiated. (373 threads)
[2024-05-14T11:41:23.587+0000][266.561s][info ][safepoint     ] Application time: 1.0003332 seconds
[2024-05-14T11:41:23.588+0000][266.561s][info ][safepoint     ] Entering safepoint region: Cleanup
[2024-05-14T11:41:23.588+0000][266.562s][info ][safepoint     ] Leaving safepoint region
[2024-05-14T11:41:23.588+0000][266.562s][info ][safepoint     ] Total time for which application threads were stopped: 0.0009047 seconds, Stopping threads took: 0.0002372 seconds
[2024-05-14T11:41:24.589+0000][267.562s][debug][safepoint     ] Safepoint synchronization initiated. (373 threads)
[2024-05-14T11:41:24.589+0000][267.562s][info ][safepoint     ] Application time: 1.0001793 seconds
[2024-05-14T11:41:24.589+0000][267.562s][debug][safepoint     ] ... found polling page return exception at pc = 0x00007f320cfa13a1, stub =0x00007f3204824b00
[2024-05-14T11:41:24.589+0000][267.563s][debug][safepoint     ] Waiting for 1 thread(s) to block
[2024-05-14T11:41:24.589+0000][267.563s][info ][safepoint     ] Entering safepoint region: Cleanup
[2024-05-14T11:41:24.589+0000][267.563s][info ][safepoint     ] Leaving safepoint region
[2024-05-14T11:41:24.589+0000][267.563s][info ][safepoint     ] Total time for which application threads were stopped: 0.0007788 seconds, Stopping threads took: 0.0003522 seconds
[2024-05-14T11:41:25.590+0000][268.563s][debug][safepoint     ] Safepoint synchronization initiated. (373 threads)
[2024-05-14T11:41:25.590+0000][268.563s][info ][safepoint     ] Application time: 1.0003232 seconds
[2024-05-14T11:41:25.590+0000][268.564s][info ][safepoint     ] Entering safepoint region: Cleanup
[2024-05-14T11:41:25.591+0000][268.565s][info ][safepoint     ] Leaving safepoint region
[2024-05-14T11:41:25.591+0000][268.565s][info ][safepoint     ] Total time for which application threads were stopped: 0.0010992 seconds, Stopping threads took: 0.0003647 seconds
[2024-05-14T11:41:26.591+0000][269.565s][debug][safepoint     ] Safepoint synchronization initiated. (373 threads)
[2024-05-14T11:41:26.591+0000][269.565s][info ][safepoint     ] Application time: 1.0003132 seconds
[2024-05-14T11:41:26.592+0000][269.565s][info ][safepoint     ] Entering safepoint region: Cleanup
[2024-05-14T11:41:26.592+0000][269.566s][info ][safepoint     ] Leaving safepoint region
[2024-05-14T11:41:26.592+0000][269.566s][info ][safepoint     ] Total time for which application threads were stopped: 0.0011475 seconds, Stopping threads took: 0.0003168 seconds
[2024-05-14T11:41:27.593+0000][270.566s][debug][safepoint     ] Safepoint synchronization initiated. (373 threads)
[2024-05-14T11:41:27.593+0000][270.566s][info ][safepoint     ] Application time: 1.0002402 seconds
[2024-05-14T11:41:27.593+0000][270.567s][debug][safepoint     ] ... found polling page return exception at pc = 0x00007f320ca20556, stub =0x00007f3204824b00
[2024-05-14T11:41:27.593+0000][270.567s][debug][safepoint     ] Waiting for 1 thread(s) to block
[2024-05-14T11:41:27.593+0000][270.567s][info ][safepoint     ] Entering safepoint region: Cleanup
[2024-05-14T11:41:27.594+0000][270.568s][info ][safepoint     ] Leaving safepoint region
[2024-05-14T11:41:27.594+0000][270.568s][info ][safepoint     ] Total time for which application threads were stopped: 0.0012380 seconds, Stopping threads took: 0.0005114 seconds
[2024-05-14T11:41:28.594+0000][271.568s][debug][safepoint     ] Safepoint synchronization initiated. (373 threads)
[2024-05-14T11:41:28.594+0000][271.568s][info ][safepoint     ] Application time: 1.0002834 seconds
[2024-05-14T11:41:28.595+0000][271.568s][info ][safepoint     ] Entering safepoint region: Cleanup
[2024-05-14T11:41:28.595+0000][271.569s][info ][safepoint     ] Leaving safepoint region
[2024-05-14T11:41:28.595+0000][271.569s][info ][safepoint     ] Total time for which application threads were stopped: 0.0010974 seconds, Stopping threads took: 0.0003732 seconds
[2024-05-14T11:41:29.596+0000][272.569s][debug][safepoint     ] Safepoint synchronization initiated. (373 threads)
[2024-05-14T11:41:29.596+0000][272.569s][info ][safepoint     ] Application time: 1.0003261 seconds
[2024-05-14T11:41:29.596+0000][272.570s][info ][safepoint     ] Entering safepoint region: Cleanup
[2024-05-14T11:41:29.597+0000][272.570s][info ][safepoint     ] Leaving safepoint region
[2024-05-14T11:41:29.597+0000][272.570s][info ][safepoint     ] Total time for which application threads were stopped: 0.0009728 seconds, Stopping threads took: 0.0003367 seconds
[2024-05-14T11:41:30.597+0000][273.571s][debug][safepoint     ] Safepoint synchronization initiated. (373 threads)
[2024-05-14T11:41:30.597+0000][273.571s][info ][safepoint     ] Application time: 1.0002521 seconds
[2024-05-14T11:41:30.597+0000][273.571s][info ][safepoint     ] Entering safepoint region: Cleanup
[2024-05-14T11:41:30.598+0000][273.572s][info ][safepoint     ] Leaving safepoint region
[2024-05-14T11:41:30.598+0000][273.572s][info ][safepoint     ] Total time for which application threads were stopped: 0.0011026 seconds, Stopping threads took: 0.0003454 seconds
[2024-05-14T11:41:31.598+0000][274.572s][debug][safepoint     ] Safepoint synchronization initiated. (373 threads)
[2024-05-14T11:41:31.598+0000][274.572s][info ][safepoint     ] Application time: 1.0002149 seconds
[2024-05-14T11:41:31.599+0000][274.572s][info ][safepoint     ] Entering safepoint region: Cleanup
[2024-05-14T11:41:31.599+0000][274.573s][info ][safepoint     ] Leaving safepoint region
[2024-05-14T11:41:31.599+0000][274.573s][info ][safepoint     ] Total time for which application threads were stopped: 0.0008932 seconds, Stopping threads took: 0.0002845 seconds
[2024-05-14T11:41:32.599+0000][275.573s][debug][safepoint     ] Safepoint synchronization initiated. (373 threads)
[2024-05-14T11:41:32.600+0000][275.573s][info ][safepoint     ] Application time: 1.0002134 seconds
[2024-05-14T11:41:32.600+0000][275.573s][info ][safepoint     ] Entering safepoint region: Cleanup
[2024-05-14T11:41:32.600+0000][275.574s][info ][safepoint     ] Leaving safepoint region
[2024-05-14T11:41:32.600+0000][275.574s][info ][safepoint     ] Total time for which application threads were stopped: 0.0006980 seconds, Stopping threads took: 0.0002351 seconds
[2024-05-14T11:41:33.600+0000][276.574s][debug][safepoint     ] Safepoint synchronization initiated. (373 threads)
[2024-05-14T11:41:33.600+0000][276.574s][info ][safepoint     ] Application time: 1.0002208 seconds
[2024-05-14T11:41:33.601+0000][276.575s][info ][safepoint     ] Entering safepoint region: Cleanup
[2024-05-14T11:41:33.602+0000][276.575s][info ][safepoint     ] Leaving safepoint region
[2024-05-14T11:41:33.602+0000][276.575s][info ][safepoint     ] Total time for which application threads were stopped: 0.0010975 seconds, Stopping threads took: 0.0003449 seconds
[2024-05-14T11:41:34.602+0000][277.576s][debug][safepoint     ] Safepoint synchronization initiated. (373 threads)
[2024-05-14T11:41:34.602+0000][277.576s][info ][safepoint     ] Application time: 1.0002343 seconds
[2024-05-14T11:41:34.602+0000][277.576s][info ][safepoint     ] Entering safepoint region: Cleanup
[2024-05-14T11:41:34.602+0000][277.576s][info ][safepoint     ] Leaving safepoint region
[2024-05-14T11:41:34.602+0000][277.576s][info ][safepoint     ] Total time for which application threads were stopped: 0.0006334 seconds, Stopping threads took: 0.0002440 seconds
[2024-05-14T11:41:35.603+0000][278.576s][debug][safepoint     ] Safepoint synchronization initiated. (373 threads)
[2024-05-14T11:41:35.603+0000][278.576s][info ][safepoint     ] Application time: 1.0002573 seconds
[2024-05-14T11:41:35.603+0000][278.577s][info ][safepoint     ] Entering safepoint region: Cleanup
[2024-05-14T11:41:35.604+0000][278.577s][info ][safepoint     ] Leaving safepoint region
[2024-05-14T11:41:35.604+0000][278.577s][debug][safepoint     ] ... found polling page return exception at pc = 0x00007f320ca20556, stub =0x00007f3204824b00
[2024-05-14T11:41:35.604+0000][278.577s][info ][safepoint     ] Total time for which application threads were stopped: 0.0008320 seconds, Stopping threads took: 0.0002277 seconds
[2024-05-14T11:41:36.604+0000][279.578s][debug][safepoint     ] Safepoint synchronization initiated. (373 threads)
[2024-05-14T11:41:36.604+0000][279.578s][info ][safepoint     ] Application time: 1.0002012 seconds
[2024-05-14T11:41:36.604+0000][279.578s][info ][safepoint     ] Entering safepoint region: Cleanup
[2024-05-14T11:41:36.605+0000][279.578s][info ][safepoint     ] Leaving safepoint region
[2024-05-14T11:41:36.605+0000][279.578s][info ][safepoint     ] Total time for which application threads were stopped: 0.0006137 seconds, Stopping threads took: 0.0001728 seconds
[2024-05-14T11:41:37.605+0000][280.579s][debug][safepoint     ] Safepoint synchronization initiated. (373 threads)
[2024-05-14T11:41:37.605+0000][280.579s][info ][safepoint     ] Application time: 1.0003200 seconds
[2024-05-14T11:41:37.605+0000][280.579s][info ][safepoint     ] Entering safepoint region: Cleanup
[2024-05-14T11:41:37.606+0000][280.580s][info ][safepoint     ] Leaving safepoint region
[2024-05-14T11:41:37.606+0000][280.580s][info ][safepoint     ] Total time for which application threads were stopped: 0.0009324 seconds, Stopping threads took: 0.0002788 seconds
[2024-05-14T11:41:38.606+0000][281.580s][debug][safepoint     ] Safepoint synchronization initiated. (373 threads)
[2024-05-14T11:41:38.606+0000][281.580s][info ][safepoint     ] Application time: 1.0002046 seconds
[2024-05-14T11:41:38.606+0000][281.580s][info ][safepoint     ] Entering safepoint region: Cleanup
[2024-05-14T11:41:38.607+0000][281.581s][info ][safepoint     ] Leaving safepoint region
[2024-05-14T11:41:38.607+0000][281.581s][info ][safepoint     ] Total time for which application threads were stopped: 0.0008639 seconds, Stopping threads took: 0.0002304 seconds
[2024-05-14T11:41:39.607+0000][282.581s][debug][safepoint     ] Safepoint synchronization initiated. (373 threads)
[2024-05-14T11:41:39.607+0000][282.581s][info ][safepoint     ] Application time: 1.0002044 seconds
[2024-05-14T11:41:39.607+0000][282.581s][debug][safepoint     ] ... found polling page loop exception at pc = 0x00007f320d0c2471, stub =0x00007f3204826680
[2024-05-14T11:41:39.607+0000][282.581s][debug][safepoint     ] Waiting for 1 thread(s) to block
[2024-05-14T11:41:39.608+0000][282.581s][info ][safepoint     ] Entering safepoint region: Cleanup
[2024-05-14T11:41:39.608+0000][282.582s][info ][safepoint     ] Leaving safepoint region
[2024-05-14T11:41:39.608+0000][282.582s][info ][safepoint     ] Total time for which application threads were stopped: 0.0010205 seconds, Stopping threads took: 0.0003363 seconds
[2024-05-14T11:41:40.608+0000][283.582s][debug][safepoint     ] Safepoint synchronization initiated. (373 threads)
[2024-05-14T11:41:40.609+0000][283.582s][info ][safepoint     ] Application time: 1.0002169 seconds
[2024-05-14T11:41:40.609+0000][283.582s][info ][safepoint     ] Entering safepoint region: Cleanup
[2024-05-14T11:41:40.609+0000][283.583s][info ][safepoint     ] Leaving safepoint region
[2024-05-14T11:41:40.609+0000][283.583s][info ][safepoint     ] Total time for which application threads were stopped: 0.0008177 seconds, Stopping threads took: 0.0002149 seconds
[2024-05-14T11:41:41.609+0000][284.583s][debug][safepoint     ] Safepoint synchronization initiated. (373 threads)
[2024-05-14T11:41:41.610+0000][284.583s][info ][safepoint     ] Application time: 1.0001547 seconds
[2024-05-14T11:41:41.610+0000][284.584s][debug][safepoint     ] ... found polling page return exception at pc = 0x00007f320cbe669f, stub =0x00007f3204824b00
[2024-05-14T11:41:41.610+0000][284.584s][debug][safepoint     ] ... found polling page return exception at pc = 0x00007f320c8f9ea6, stub =0x00007f3204824b00
[2024-05-14T11:41:41.610+0000][284.584s][debug][safepoint     ] ... found polling page return exception at pc = 0x00007f320d1ff7f1, stub =0x00007f3204824b00
[2024-05-14T11:41:41.610+0000][284.584s][debug][safepoint     ] Waiting for 3 thread(s) to block
[2024-05-14T11:41:41.610+0000][284.584s][info ][safepoint     ] Entering safepoint region: Cleanup
[2024-05-14T11:41:41.611+0000][284.585s][info ][safepoint     ] Leaving safepoint region
[2024-05-14T11:41:41.611+0000][284.585s][info ][safepoint     ] Total time for which application threads were stopped: 0.0016332 seconds, Stopping threads took: 0.0009405 seconds
[2024-05-14T11:41:42.611+0000][285.585s][debug][safepoint     ] Safepoint synchronization initiated. (373 threads)
[2024-05-14T11:41:42.612+0000][285.585s][info ][safepoint     ] Application time: 1.0005419 seconds
[2024-05-14T11:41:42.612+0000][285.586s][info ][safepoint     ] Entering safepoint region: Cleanup
[2024-05-14T11:41:42.613+0000][285.586s][info ][safepoint     ] Leaving safepoint region
[2024-05-14T11:41:42.613+0000][285.586s][info ][safepoint     ] Total time for which application threads were stopped: 0.0008606 seconds, Stopping threads took: 0.0003449 seconds
[2024-05-14T11:41:43.613+0000][286.587s][debug][safepoint     ] Safepoint synchronization initiated. (373 threads)
[2024-05-14T11:41:43.613+0000][286.587s][info ][safepoint     ] Application time: 1.0002972 seconds
[2024-05-14T11:41:43.613+0000][286.587s][info ][safepoint     ] Entering safepoint region: Cleanup
[2024-05-14T11:41:43.614+0000][286.587s][info ][safepoint     ] Leaving safepoint region
[2024-05-14T11:41:43.614+0000][286.588s][info ][safepoint     ] Total time for which application threads were stopped: 0.0008089 seconds, Stopping threads took: 0.0002053 seconds
[2024-05-14T11:41:44.614+0000][287.588s][debug][safepoint     ] Safepoint synchronization initiated. (373 threads)
[2024-05-14T11:41:44.614+0000][287.588s][info ][safepoint     ] Application time: 1.0002183 seconds
[2024-05-14T11:41:44.614+0000][287.588s][info ][safepoint     ] Entering safepoint region: Cleanup
[2024-05-14T11:41:44.615+0000][287.588s][info ][safepoint     ] Leaving safepoint region
[2024-05-14T11:41:44.615+0000][287.589s][info ][safepoint     ] Total time for which application threads were stopped: 0.0007455 seconds, Stopping threads took: 0.0002597 seconds
[2024-05-14T11:41:45.228+0000][288.202s][debug][safepoint     ] Safepoint synchronization initiated. (373 threads)
[2024-05-14T11:41:45.228+0000][288.202s][info ][safepoint     ] Application time: 0.6131412 seconds
[2024-05-14T11:41:45.228+0000][288.202s][info ][safepoint     ] Entering safepoint region: G1CollectForAllocation
[2024-05-14T11:41:45.229+0000][288.203s][info ][gc,start      ] GC(80) Pause Young (Normal) (G1 Evacuation Pause)
[2024-05-14T11:41:45.229+0000][288.203s][info ][gc,task       ] GC(80) Using 4 workers of 4 for evacuation
[2024-05-14T11:41:45.245+0000][288.219s][info ][gc,phases     ] GC(80)   Pre Evacuate Collection Set: 0.1ms
[2024-05-14T11:41:45.245+0000][288.219s][info ][gc,phases     ] GC(80)   Evacuate Collection Set: 8.7ms
[2024-05-14T11:41:45.245+0000][288.219s][info ][gc,phases     ] GC(80)   Post Evacuate Collection Set: 7.1ms
[2024-05-14T11:41:45.245+0000][288.219s][info ][gc,phases     ] GC(80)   Other: 1.1ms
[2024-05-14T11:41:45.246+0000][288.219s][info ][gc,heap       ] GC(80) Eden regions: 171->0(172)
[2024-05-14T11:41:45.246+0000][288.219s][info ][gc,heap       ] GC(80) Survivor regions: 2->2(22)
[2024-05-14T11:41:45.246+0000][288.219s][info ][gc,heap       ] GC(80) Old regions: 177->177
[2024-05-14T11:41:45.246+0000][288.219s][info ][gc,heap       ] GC(80) Humongous regions: 0->0
[2024-05-14T11:41:45.246+0000][288.219s][info ][gc,metaspace  ] GC(80) Metaspace: 184843K(190960K)->184843K(190960K) NonClass: 163819K(167460K)->163819K(167460K) Class: 21024K(23500K)->21024K(23500K)
[2024-05-14T11:41:45.246+0000][288.219s][info ][gc            ] GC(80) Pause Young (Normal) (G1 Evacuation Pause) 348M->177M(398M) 16.728ms
[2024-05-14T11:41:45.246+0000][288.219s][info ][gc,cpu        ] GC(80) User=0.05s Sys=0.01s Real=0.02s
[2024-05-14T11:41:45.246+0000][288.220s][debug][safepoint     ] ... found polling page return exception at pc = 0x00007f320ca20556, stub =0x00007f3204824b00
[2024-05-14T11:41:45.246+0000][288.220s][info ][safepoint     ] Leaving safepoint region
[2024-05-14T11:41:45.246+0000][288.220s][info ][safepoint     ] Total time for which application threads were stopped: 0.0179964 seconds, Stopping threads took: 0.0001597 seconds
[2024-05-14T11:41:45.246+0000][288.220s][info ][gc,stringdedup] Concurrent String Deduplication (288.220s)
[2024-05-14T11:41:45.246+0000][288.220s][info ][gc,stringdedup] Concurrent String Deduplication 0.0B->0.0B(0.0B) avg 54.4% (288.220s, 288.220s) 0.038ms
[2024-05-14T11:41:46.246+0000][289.220s][debug][safepoint     ] Safepoint synchronization initiated. (373 threads)
[2024-05-14T11:41:46.246+0000][289.220s][info ][safepoint     ] Application time: 1.0002624 seconds
[2024-05-14T11:41:46.247+0000][289.220s][info ][safepoint     ] Entering safepoint region: Cleanup
[2024-05-14T11:41:46.247+0000][289.221s][info ][safepoint     ] Leaving safepoint region
[2024-05-14T11:41:46.247+0000][289.221s][info ][safepoint     ] Total time for which application threads were stopped: 0.0009862 seconds, Stopping threads took: 0.0002619 seconds
[2024-05-14T11:41:47.247+0000][290.221s][debug][safepoint     ] Safepoint synchronization initiated. (373 threads)
[2024-05-14T11:41:47.248+0000][290.221s][info ][safepoint     ] Application time: 1.0002435 seconds
[2024-05-14T11:41:47.248+0000][290.222s][info ][safepoint     ] Entering safepoint region: Cleanup
[2024-05-14T11:41:47.249+0000][290.222s][info ][safepoint     ] Leaving safepoint region
[2024-05-14T11:41:47.249+0000][290.222s][info ][safepoint     ] Total time for which application threads were stopped: 0.0010352 seconds, Stopping threads took: 0.0002490 seconds
[2024-05-14T11:41:48.249+0000][291.222s][debug][safepoint     ] Safepoint synchronization initiated. (373 threads)
[2024-05-14T11:41:48.249+0000][291.223s][info ][safepoint     ] Application time: 1.0002020 seconds
[2024-05-14T11:41:48.249+0000][291.223s][info ][safepoint     ] Entering safepoint region: Cleanup
[2024-05-14T11:41:48.250+0000][291.224s][info ][safepoint     ] Leaving safepoint region
[2024-05-14T11:41:48.250+0000][291.224s][info ][safepoint     ] Total time for which application threads were stopped: 0.0014222 seconds, Stopping threads took: 0.0002962 seconds
[2024-05-14T11:41:49.251+0000][292.224s][debug][safepoint     ] Safepoint synchronization initiated. (373 threads)
[2024-05-14T11:41:49.251+0000][292.224s][info ][safepoint     ] Application time: 1.0003115 seconds
[2024-05-14T11:41:49.251+0000][292.225s][info ][safepoint     ] Entering safepoint region: Cleanup
[2024-05-14T11:41:49.252+0000][292.225s][info ][safepoint     ] Leaving safepoint region
[2024-05-14T11:41:49.252+0000][292.225s][info ][safepoint     ] Total time for which application threads were stopped: 0.0008837 seconds, Stopping threads took: 0.0002843 seconds
[2024-05-14T11:41:50.252+0000][293.225s][debug][safepoint     ] Safepoint synchronization initiated. (373 threads)
[2024-05-14T11:41:50.252+0000][293.226s][info ][safepoint     ] Application time: 1.0001974 seconds
[2024-05-14T11:41:50.252+0000][293.226s][info ][safepoint     ] Entering safepoint region: Cleanup
[2024-05-14T11:41:50.253+0000][293.227s][info ][safepoint     ] Leaving safepoint region
[2024-05-14T11:41:50.253+0000][293.227s][info ][safepoint     ] Total time for which application threads were stopped: 0.0013647 seconds, Stopping threads took: 0.0004979 seconds
[2024-05-14T11:41:51.253+0000][294.227s][debug][safepoint     ] Safepoint synchronization initiated. (372 threads)
[2024-05-14T11:41:51.253+0000][294.227s][info ][safepoint     ] Application time: 1.0002594 seconds
[2024-05-14T11:41:51.254+0000][294.227s][debug][safepoint     ] ... found polling page return exception at pc = 0x00007f320cbf20f6, stub =0x00007f3204824b00
[2024-05-14T11:41:51.254+0000][294.228s][debug][safepoint     ] Waiting for 1 thread(s) to block
[2024-05-14T11:41:51.254+0000][294.228s][info ][safepoint     ] Entering safepoint region: Cleanup
[2024-05-14T11:41:51.255+0000][294.228s][debug][safepoint     ] ... found polling page return exception at pc = 0x00007f320ca20556, stub =0x00007f3204824b00
[2024-05-14T11:41:51.255+0000][294.228s][info ][safepoint     ] Leaving safepoint region
[2024-05-14T11:41:51.255+0000][294.228s][info ][safepoint     ] Total time for which application threads were stopped: 0.0011563 seconds, Stopping threads took: 0.0004985 seconds
[2024-05-14T11:41:52.255+0000][295.229s][debug][safepoint     ] Safepoint synchronization initiated. (372 threads)
[2024-05-14T11:41:52.255+0000][295.229s][info ][safepoint     ] Application time: 1.0003461 seconds
[2024-05-14T11:41:52.256+0000][295.230s][info ][safepoint     ] Entering safepoint region: Cleanup
[2024-05-14T11:41:52.257+0000][295.231s][info ][safepoint     ] Leaving safepoint region
[2024-05-14T11:41:52.257+0000][295.231s][info ][safepoint     ] Total time for which application threads were stopped: 0.0018879 seconds, Stopping threads took: 0.0008255 seconds
[2024-05-14T11:41:53.257+0000][296.231s][debug][safepoint     ] Safepoint synchronization initiated. (372 threads)
[2024-05-14T11:41:53.257+0000][296.231s][info ][safepoint     ] Application time: 1.0002346 seconds
[2024-05-14T11:41:53.257+0000][296.231s][info ][safepoint     ] Entering safepoint region: Cleanup
[2024-05-14T11:41:53.258+0000][296.232s][info ][safepoint     ] Leaving safepoint region
[2024-05-14T11:41:53.258+0000][296.232s][debug][safepoint     ] ... found polling page return exception at pc = 0x00007f320ca20556, stub =0x00007f3204824b00
[2024-05-14T11:41:53.258+0000][296.232s][info ][safepoint     ] Total time for which application threads were stopped: 0.0009879 seconds, Stopping threads took: 0.0002498 seconds
[2024-05-14T11:41:54.258+0000][297.232s][debug][safepoint     ] Safepoint synchronization initiated. (372 threads)
[2024-05-14T11:41:54.258+0000][297.232s][info ][safepoint     ] Application time: 1.0001670 seconds
[2024-05-14T11:41:54.259+0000][297.232s][info ][safepoint     ] Entering safepoint region: Cleanup
[2024-05-14T11:41:54.260+0000][297.233s][info ][safepoint     ] Leaving safepoint region
[2024-05-14T11:41:54.260+0000][297.234s][info ][safepoint     ] Total time for which application threads were stopped: 0.0012973 seconds, Stopping threads took: 0.0002858 seconds
[2024-05-14T11:41:55.260+0000][298.234s][debug][safepoint     ] Safepoint synchronization initiated. (372 threads)
[2024-05-14T11:41:55.260+0000][298.234s][info ][safepoint     ] Application time: 1.0002826 seconds
[2024-05-14T11:41:55.260+0000][298.234s][debug][safepoint     ] ... found polling page return exception at pc = 0x00007f320c841ce8, stub =0x00007f3204824b00
[2024-05-14T11:41:55.260+0000][298.234s][debug][safepoint     ] Waiting for 1 thread(s) to block
[2024-05-14T11:41:55.260+0000][298.234s][info ][safepoint     ] Entering safepoint region: Cleanup
[2024-05-14T11:41:55.261+0000][298.235s][info ][safepoint     ] Leaving safepoint region
[2024-05-14T11:41:55.261+0000][298.235s][info ][safepoint     ] Total time for which application threads were stopped: 0.0011964 seconds, Stopping threads took: 0.0003941 seconds
[2024-05-14T11:41:56.261+0000][299.235s][debug][safepoint     ] Safepoint synchronization initiated. (372 threads)
[2024-05-14T11:41:56.262+0000][299.235s][info ][safepoint     ] Application time: 1.0001782 seconds
[2024-05-14T11:41:56.262+0000][299.236s][info ][safepoint     ] Entering safepoint region: Cleanup
[2024-05-14T11:41:56.263+0000][299.237s][info ][safepoint     ] Leaving safepoint region
[2024-05-14T11:41:56.263+0000][299.237s][info ][safepoint     ] Total time for which application threads were stopped: 0.0013738 seconds, Stopping threads took: 0.0005028 seconds
[2024-05-14T11:41:57.263+0000][300.237s][debug][safepoint     ] Safepoint synchronization initiated. (371 threads)
[2024-05-14T11:41:57.263+0000][300.237s][info ][safepoint     ] Application time: 1.0002375 seconds
[2024-05-14T11:41:57.263+0000][300.237s][info ][safepoint     ] Entering safepoint region: Cleanup
[2024-05-14T11:41:57.264+0000][300.238s][info ][safepoint     ] Leaving safepoint region
[2024-05-14T11:41:57.264+0000][300.238s][info ][safepoint     ] Total time for which application threads were stopped: 0.0010889 seconds, Stopping threads took: 0.0003288 seconds
[2024-05-14T11:41:58.264+0000][301.238s][debug][safepoint     ] Safepoint synchronization initiated. (370 threads)
[2024-05-14T11:41:58.265+0000][301.238s][info ][safepoint     ] Application time: 1.0003259 seconds
[2024-05-14T11:41:58.265+0000][301.239s][info ][safepoint     ] Entering safepoint region: Cleanup
[2024-05-14T11:41:58.265+0000][301.239s][info ][safepoint     ] Leaving safepoint region
[2024-05-14T11:41:58.266+0000][301.239s][info ][safepoint     ] Total time for which application threads were stopped: 0.0008730 seconds, Stopping threads took: 0.0002920 seconds
[2024-05-14T11:41:59.266+0000][302.239s][debug][safepoint     ] Safepoint synchronization initiated. (370 threads)
[2024-05-14T11:41:59.266+0000][302.240s][info ][safepoint     ] Application time: 1.0002764 seconds
[2024-05-14T11:41:59.266+0000][302.240s][info ][safepoint     ] Entering safepoint region: Cleanup
[2024-05-14T11:41:59.267+0000][302.241s][info ][safepoint     ] Leaving safepoint region
[2024-05-14T11:41:59.267+0000][302.241s][info ][safepoint     ] Total time for which application threads were stopped: 0.0010706 seconds, Stopping threads took: 0.0002843 seconds
[2024-05-14T11:42:00.267+0000][303.241s][debug][safepoint     ] Safepoint synchronization initiated. (370 threads)
[2024-05-14T11:42:00.267+0000][303.241s][info ][safepoint     ] Application time: 1.0002310 seconds
[2024-05-14T11:42:00.267+0000][303.241s][info ][safepoint     ] Entering safepoint region: Cleanup
[2024-05-14T11:42:00.268+0000][303.242s][info ][safepoint     ] Leaving safepoint region
[2024-05-14T11:42:00.268+0000][303.242s][info ][safepoint     ] Total time for which application threads were stopped: 0.0011507 seconds, Stopping threads took: 0.0002804 seconds
[2024-05-14T11:42:01.269+0000][304.242s][debug][safepoint     ] Safepoint synchronization initiated. (370 threads)
[2024-05-14T11:42:01.269+0000][304.242s][info ][safepoint     ] Application time: 1.0002211 seconds
[2024-05-14T11:42:01.269+0000][304.243s][debug][safepoint     ] ... found polling page return exception at pc = 0x00007f320c3b4df8, stub =0x00007f3204824b00
[2024-05-14T11:42:01.269+0000][304.243s][debug][safepoint     ] Waiting for 1 thread(s) to block
[2024-05-14T11:42:01.269+0000][304.243s][info ][safepoint     ] Entering safepoint region: Cleanup
[2024-05-14T11:42:01.270+0000][304.244s][info ][safepoint     ] Leaving safepoint region
[2024-05-14T11:42:01.270+0000][304.244s][info ][safepoint     ] Total time for which application threads were stopped: 0.0013019 seconds, Stopping threads took: 0.0005055 seconds
[2024-05-14T11:42:02.270+0000][305.244s][debug][safepoint     ] Safepoint synchronization initiated. (370 threads)
[2024-05-14T11:42:02.270+0000][305.244s][info ][safepoint     ] Application time: 1.0002050 seconds
[2024-05-14T11:42:02.270+0000][305.244s][info ][safepoint     ] Entering safepoint region: Cleanup
[2024-05-14T11:42:02.271+0000][305.245s][info ][safepoint     ] Leaving safepoint region
[2024-05-14T11:42:02.271+0000][305.245s][info ][safepoint     ] Total time for which application threads were stopped: 0.0009777 seconds, Stopping threads took: 0.0002256 seconds
[2024-05-14T11:42:03.271+0000][306.245s][debug][safepoint     ] Safepoint synchronization initiated. (370 threads)
[2024-05-14T11:42:03.271+0000][306.245s][info ][safepoint     ] Application time: 1.0001225 seconds
[2024-05-14T11:42:03.272+0000][306.245s][info ][safepoint     ] Entering safepoint region: Cleanup
[2024-05-14T11:42:03.272+0000][306.246s][info ][safepoint     ] Leaving safepoint region
[2024-05-14T11:42:03.272+0000][306.246s][info ][safepoint     ] Total time for which application threads were stopped: 0.0007699 seconds, Stopping threads took: 0.0002908 seconds
[2024-05-14T11:42:04.272+0000][307.246s][debug][safepoint     ] Safepoint synchronization initiated. (370 threads)
[2024-05-14T11:42:04.272+0000][307.246s][info ][safepoint     ] Application time: 1.0002372 seconds
[2024-05-14T11:42:04.273+0000][307.246s][info ][safepoint     ] Entering safepoint region: Cleanup
[2024-05-14T11:42:04.273+0000][307.247s][info ][safepoint     ] Leaving safepoint region
[2024-05-14T11:42:04.273+0000][307.247s][info ][safepoint     ] Total time for which application threads were stopped: 0.0009905 seconds, Stopping threads took: 0.0003078 seconds
[2024-05-14T11:42:05.274+0000][308.247s][debug][safepoint     ] Safepoint synchronization initiated. (370 threads)
[2024-05-14T11:42:05.274+0000][308.247s][info ][safepoint     ] Application time: 1.0001791 seconds
[2024-05-14T11:42:05.274+0000][308.248s][debug][safepoint     ] ... found polling page return exception at pc = 0x00007f320cf94add, stub =0x00007f3204824b00
[2024-05-14T11:42:05.274+0000][308.248s][debug][safepoint     ] Waiting for 1 thread(s) to block
[2024-05-14T11:42:05.274+0000][308.248s][info ][safepoint     ] Entering safepoint region: Cleanup
[2024-05-14T11:42:05.275+0000][308.248s][info ][safepoint     ] Leaving safepoint region
[2024-05-14T11:42:05.275+0000][308.248s][info ][safepoint     ] Total time for which application threads were stopped: 0.0010525 seconds, Stopping threads took: 0.0004875 seconds
[2024-05-14T11:42:06.275+0000][309.249s][debug][safepoint     ] Safepoint synchronization initiated. (370 threads)
[2024-05-14T11:42:06.275+0000][309.249s][info ][safepoint     ] Application time: 1.0002925 seconds
[2024-05-14T11:42:06.276+0000][309.249s][info ][safepoint     ] Entering safepoint region: Cleanup
[2024-05-14T11:42:06.276+0000][309.250s][info ][safepoint     ] Leaving safepoint region
[2024-05-14T11:42:06.276+0000][309.250s][info ][safepoint     ] Total time for which application threads were stopped: 0.0013940 seconds, Stopping threads took: 0.0006125 seconds
[2024-05-14T11:42:07.277+0000][310.250s][debug][safepoint     ] Safepoint synchronization initiated. (370 threads)
[2024-05-14T11:42:07.277+0000][310.250s][info ][safepoint     ] Application time: 1.0002715 seconds
[2024-05-14T11:42:07.277+0000][310.251s][debug][safepoint     ] ... found polling page return exception at pc = 0x00007f320cd41b72, stub =0x00007f3204824b00
[2024-05-14T11:42:07.277+0000][310.251s][debug][safepoint     ] Waiting for 1 thread(s) to block
[2024-05-14T11:42:07.277+0000][310.251s][info ][safepoint     ] Entering safepoint region: Cleanup
[2024-05-14T11:42:07.278+0000][310.252s][debug][safepoint     ] ... found polling page return exception at pc = 0x00007f320ca20556, stub =0x00007f3204824b00
[2024-05-14T11:42:07.278+0000][310.252s][info ][safepoint     ] Leaving safepoint region
[2024-05-14T11:42:07.278+0000][310.252s][info ][safepoint     ] Total time for which application threads were stopped: 0.0015049 seconds, Stopping threads took: 0.0007141 seconds
[2024-05-14T11:42:07.278+0000][310.252s][debug][safepoint     ] ... found polling page return exception at pc = 0x00007f320ca20556, stub =0x00007f3204824b00
[2024-05-14T11:42:07.278+0000][310.252s][debug][safepoint     ] ... found polling page return exception at pc = 0x00007f320ca20556, stub =0x00007f3204824b00
[2024-05-14T11:42:08.279+0000][311.252s][debug][safepoint     ] Safepoint synchronization initiated. (370 threads)
[2024-05-14T11:42:08.279+0000][311.252s][info ][safepoint     ] Application time: 1.0003820 seconds
[2024-05-14T11:42:08.279+0000][311.253s][info ][safepoint     ] Entering safepoint region: Cleanup
[2024-05-14T11:42:08.280+0000][311.253s][info ][safepoint     ] Leaving safepoint region
[2024-05-14T11:42:08.280+0000][311.254s][info ][safepoint     ] Total time for which application threads were stopped: 0.0011106 seconds, Stopping threads took: 0.0004022 seconds
[2024-05-14T11:42:08.408+0000][311.382s][debug][safepoint     ] Safepoint synchronization initiated. (370 threads)
[2024-05-14T11:42:08.408+0000][311.382s][info ][safepoint     ] Application time: 0.1281807 seconds
[2024-05-14T11:42:08.408+0000][311.382s][info ][safepoint     ] Entering safepoint region: G1CollectForAllocation
[2024-05-14T11:42:08.410+0000][311.384s][info ][gc,start      ] GC(81) Pause Young (Normal) (G1 Evacuation Pause)
[2024-05-14T11:42:08.410+0000][311.384s][info ][gc,task       ] GC(81) Using 4 workers of 4 for evacuation
[2024-05-14T11:42:08.447+0000][311.421s][info ][gc,phases     ] GC(81)   Pre Evacuate Collection Set: 0.3ms
[2024-05-14T11:42:08.447+0000][311.421s][info ][gc,phases     ] GC(81)   Evacuate Collection Set: 22.2ms
[2024-05-14T11:42:08.447+0000][311.421s][info ][gc,phases     ] GC(81)   Post Evacuate Collection Set: 13.3ms
[2024-05-14T11:42:08.447+0000][311.421s][info ][gc,phases     ] GC(81)   Other: 2.5ms
[2024-05-14T11:42:08.447+0000][311.421s][info ][gc,heap       ] GC(81) Eden regions: 172->0(172)
[2024-05-14T11:42:08.447+0000][311.421s][info ][gc,heap       ] GC(81) Survivor regions: 2->2(22)
[2024-05-14T11:42:08.447+0000][311.421s][info ][gc,heap       ] GC(81) Old regions: 177->178
[2024-05-14T11:42:08.447+0000][311.421s][info ][gc,heap       ] GC(81) Humongous regions: 0->0
[2024-05-14T11:42:08.447+0000][311.421s][info ][gc,metaspace  ] GC(81) Metaspace: 184997K(191216K)->184997K(191216K) NonClass: 163972K(167716K)->163972K(167716K) Class: 21024K(23500K)->21024K(23500K)
[2024-05-14T11:42:08.447+0000][311.421s][info ][gc            ] GC(81) Pause Young (Normal) (G1 Evacuation Pause) 349M->177M(398M) 37.305ms
[2024-05-14T11:42:08.447+0000][311.421s][info ][gc,cpu        ] GC(81) User=0.12s Sys=0.00s Real=0.03s
[2024-05-14T11:42:08.448+0000][311.421s][info ][safepoint     ] Leaving safepoint region
[2024-05-14T11:42:08.448+0000][311.421s][info ][safepoint     ] Total time for which application threads were stopped: 0.0395263 seconds, Stopping threads took: 0.0001931 seconds
[2024-05-14T11:42:08.448+0000][311.421s][info ][gc,stringdedup] Concurrent String Deduplication (311.421s)
[2024-05-14T11:42:08.448+0000][311.421s][info ][gc,stringdedup] Concurrent String Deduplication 176.0B->88.0B(88.0B) avg 54.4% (311.421s, 311.421s) 0.091ms
[2024-05-14T11:42:09.448+0000][312.422s][debug][safepoint     ] Safepoint synchronization initiated. (370 threads)
[2024-05-14T11:42:09.448+0000][312.422s][info ][safepoint     ] Application time: 1.0003421 seconds
[2024-05-14T11:42:09.448+0000][312.422s][info ][safepoint     ] Entering safepoint region: Cleanup
[2024-05-14T11:42:09.449+0000][312.423s][info ][safepoint     ] Leaving safepoint region
[2024-05-14T11:42:09.449+0000][312.423s][info ][safepoint     ] Total time for which application threads were stopped: 0.0011546 seconds, Stopping threads took: 0.0003516 seconds
[2024-05-14T11:42:10.449+0000][313.423s][debug][safepoint     ] Safepoint synchronization initiated. (370 threads)
[2024-05-14T11:42:10.449+0000][313.423s][info ][safepoint     ] Application time: 1.0002653 seconds
[2024-05-14T11:42:10.450+0000][313.424s][info ][safepoint     ] Entering safepoint region: Cleanup
[2024-05-14T11:42:10.451+0000][313.425s][debug][safepoint     ] ... found polling page return exception at pc = 0x00007f320ca20556, stub =0x00007f3204824b00
[2024-05-14T11:42:10.451+0000][313.425s][info ][safepoint     ] Leaving safepoint region
[2024-05-14T11:42:10.451+0000][313.425s][info ][safepoint     ] Total time for which application threads were stopped: 0.0018817 seconds, Stopping threads took: 0.0005704 seconds
[2024-05-14T11:42:11.452+0000][314.425s][debug][safepoint     ] Safepoint synchronization initiated. (370 threads)
[2024-05-14T11:42:11.452+0000][314.425s][info ][safepoint     ] Application time: 1.0003316 seconds
[2024-05-14T11:42:11.452+0000][314.426s][info ][safepoint     ] Entering safepoint region: Cleanup
[2024-05-14T11:42:11.453+0000][314.426s][info ][safepoint     ] Leaving safepoint region
[2024-05-14T11:42:11.453+0000][314.426s][info ][safepoint     ] Total time for which application threads were stopped: 0.0009975 seconds, Stopping threads took: 0.0002592 seconds
[2024-05-14T11:42:12.453+0000][315.427s][debug][safepoint     ] Safepoint synchronization initiated. (370 threads)
[2024-05-14T11:42:12.453+0000][315.427s][info ][safepoint     ] Application time: 1.0001898 seconds
[2024-05-14T11:42:12.453+0000][315.427s][info ][safepoint     ] Entering safepoint region: Cleanup
[2024-05-14T11:42:12.454+0000][315.428s][info ][safepoint     ] Leaving safepoint region
[2024-05-14T11:42:12.454+0000][315.428s][info ][safepoint     ] Total time for which application threads were stopped: 0.0009977 seconds, Stopping threads took: 0.0002732 seconds
[2024-05-14T11:42:13.454+0000][316.428s][debug][safepoint     ] Safepoint synchronization initiated. (370 threads)
[2024-05-14T11:42:13.454+0000][316.428s][info ][safepoint     ] Application time: 1.0002816 seconds
[2024-05-14T11:42:13.455+0000][316.428s][info ][safepoint     ] Entering safepoint region: Cleanup
[2024-05-14T11:42:13.455+0000][316.429s][debug][safepoint     ] ... found polling page return exception at pc = 0x00007f320ca20556, stub =0x00007f3204824b00
[2024-05-14T11:42:13.455+0000][316.429s][debug][safepoint     ] ... found polling page return exception at pc = 0x00007f320ca20556, stub =0x00007f3204824b00
[2024-05-14T11:42:13.455+0000][316.429s][info ][safepoint     ] Leaving safepoint region
[2024-05-14T11:42:13.456+0000][316.429s][info ][safepoint     ] Total time for which application threads were stopped: 0.0012494 seconds, Stopping threads took: 0.0003224 seconds
[2024-05-14T11:42:14.456+0000][317.430s][debug][safepoint     ] Safepoint synchronization initiated. (370 threads)
[2024-05-14T11:42:14.456+0000][317.430s][info ][safepoint     ] Application time: 1.0002772 seconds
[2024-05-14T11:42:14.456+0000][317.430s][info ][safepoint     ] Entering safepoint region: Cleanup
[2024-05-14T11:42:14.457+0000][317.431s][info ][safepoint     ] Leaving safepoint region
[2024-05-14T11:42:14.457+0000][317.431s][info ][safepoint     ] Total time for which application threads were stopped: 0.0011193 seconds, Stopping threads took: 0.0002508 seconds
[2024-05-14T11:42:15.457+0000][318.431s][debug][safepoint     ] Safepoint synchronization initiated. (370 threads)
[2024-05-14T11:42:15.457+0000][318.431s][info ][safepoint     ] Application time: 1.0003872 seconds
[2024-05-14T11:42:15.458+0000][318.432s][info ][safepoint     ] Entering safepoint region: Cleanup
[2024-05-14T11:42:15.459+0000][318.433s][debug][safepoint     ] ... found polling page return exception at pc = 0x00007f320ca20556, stub =0x00007f3204824b00
[2024-05-14T11:42:15.459+0000][318.433s][info ][safepoint     ] Leaving safepoint region
[2024-05-14T11:42:15.459+0000][318.433s][info ][safepoint     ] Total time for which application threads were stopped: 0.0012337 seconds, Stopping threads took: 0.0003790 seconds
[2024-05-14T11:42:16.459+0000][319.433s][debug][safepoint     ] Safepoint synchronization initiated. (370 threads)
[2024-05-14T11:42:16.459+0000][319.433s][info ][safepoint     ] Application time: 1.0002037 seconds
[2024-05-14T11:42:16.459+0000][319.433s][info ][safepoint     ] Entering safepoint region: Cleanup
[2024-05-14T11:42:16.460+0000][319.434s][info ][safepoint     ] Leaving safepoint region
[2024-05-14T11:42:16.460+0000][319.434s][info ][safepoint     ] Total time for which application threads were stopped: 0.0008378 seconds, Stopping threads took: 0.0002623 seconds
[2024-05-14T11:42:17.460+0000][320.434s][debug][safepoint     ] Safepoint synchronization initiated. (370 threads)
[2024-05-14T11:42:17.460+0000][320.434s][info ][safepoint     ] Application time: 1.0003459 seconds
[2024-05-14T11:42:17.461+0000][320.435s][info ][safepoint     ] Entering safepoint region: Cleanup
[2024-05-14T11:42:17.462+0000][320.435s][info ][safepoint     ] Leaving safepoint region
[2024-05-14T11:42:17.462+0000][320.435s][info ][safepoint     ] Total time for which application threads were stopped: 0.0012253 seconds, Stopping threads took: 0.0003685 seconds
[2024-05-14T11:42:18.462+0000][321.436s][debug][safepoint     ] Safepoint synchronization initiated. (370 threads)
[2024-05-14T11:42:18.462+0000][321.436s][info ][safepoint     ] Application time: 1.0004913 seconds
[2024-05-14T11:42:18.463+0000][321.436s][debug][safepoint     ] Waiting for 1 thread(s) to block
[2024-05-14T11:42:18.463+0000][321.436s][info ][safepoint     ] Entering safepoint region: Cleanup
[2024-05-14T11:42:18.464+0000][321.437s][info ][safepoint     ] Leaving safepoint region
[2024-05-14T11:42:18.464+0000][321.437s][info ][safepoint     ] Total time for which application threads were stopped: 0.0012985 seconds, Stopping threads took: 0.0004787 seconds
[2024-05-14T11:42:19.464+0000][322.437s][debug][safepoint     ] Safepoint synchronization initiated. (370 threads)
[2024-05-14T11:42:19.464+0000][322.438s][info ][safepoint     ] Application time: 1.0002744 seconds
[2024-05-14T11:42:19.464+0000][322.438s][info ][safepoint     ] Entering safepoint region: Cleanup
[2024-05-14T11:42:19.465+0000][322.439s][info ][safepoint     ] Leaving safepoint region
[2024-05-14T11:42:19.465+0000][322.439s][info ][safepoint     ] Total time for which application threads were stopped: 0.0010408 seconds, Stopping threads took: 0.0003312 seconds
[2024-05-14T11:42:20.465+0000][323.439s][debug][safepoint     ] Safepoint synchronization initiated. (370 threads)
[2024-05-14T11:42:20.465+0000][323.439s][info ][safepoint     ] Application time: 1.0003434 seconds
[2024-05-14T11:42:20.466+0000][323.439s][info ][safepoint     ] Entering safepoint region: Cleanup
[2024-05-14T11:42:20.466+0000][323.440s][info ][safepoint     ] Leaving safepoint region
[2024-05-14T11:42:20.466+0000][323.440s][info ][safepoint     ] Total time for which application threads were stopped: 0.0010841 seconds, Stopping threads took: 0.0002166 seconds
[2024-05-14T11:42:21.467+0000][324.441s][debug][safepoint     ] Safepoint synchronization initiated. (370 threads)
[2024-05-14T11:42:21.467+0000][324.441s][info ][safepoint     ] Application time: 1.0010415 seconds
[2024-05-14T11:42:21.468+0000][324.441s][debug][safepoint     ] ... found polling page return exception at pc = 0x00007f320c53192a, stub =0x00007f3204824b00
[2024-05-14T11:42:21.468+0000][324.442s][debug][safepoint     ] Waiting for 2 thread(s) to block
[2024-05-14T11:42:21.469+0000][324.442s][info ][safepoint     ] Entering safepoint region: Cleanup
[2024-05-14T11:42:21.470+0000][324.443s][info ][safepoint     ] Leaving safepoint region
[2024-05-14T11:42:21.470+0000][324.444s][info ][safepoint     ] Total time for which application threads were stopped: 0.0023288 seconds, Stopping threads took: 0.0011324 seconds
[2024-05-14T11:42:22.470+0000][325.444s][debug][safepoint     ] Safepoint synchronization initiated. (370 threads)
[2024-05-14T11:42:22.470+0000][325.444s][info ][safepoint     ] Application time: 1.0002732 seconds
[2024-05-14T11:42:22.471+0000][325.444s][info ][safepoint     ] Entering safepoint region: Cleanup
[2024-05-14T11:42:22.471+0000][325.445s][info ][safepoint     ] Leaving safepoint region
[2024-05-14T11:42:22.471+0000][325.445s][info ][safepoint     ] Total time for which application threads were stopped: 0.0009463 seconds, Stopping threads took: 0.0002692 seconds
[2024-05-14T11:42:23.471+0000][326.445s][debug][safepoint     ] Safepoint synchronization initiated. (370 threads)
[2024-05-14T11:42:23.472+0000][326.445s][info ][safepoint     ] Application time: 1.0002092 seconds
[2024-05-14T11:42:23.472+0000][326.445s][info ][safepoint     ] Entering safepoint region: Cleanup
[2024-05-14T11:42:23.472+0000][326.446s][info ][safepoint     ] Leaving safepoint region
[2024-05-14T11:42:23.472+0000][326.446s][info ][safepoint     ] Total time for which application threads were stopped: 0.0008584 seconds, Stopping threads took: 0.0002536 seconds
[2024-05-14T11:42:24.473+0000][327.446s][debug][safepoint     ] Safepoint synchronization initiated. (370 threads)
[2024-05-14T11:42:24.473+0000][327.447s][info ][safepoint     ] Application time: 1.0004636 seconds
[2024-05-14T11:42:24.473+0000][327.447s][info ][safepoint     ] Entering safepoint region: Cleanup
[2024-05-14T11:42:24.474+0000][327.448s][info ][safepoint     ] Leaving safepoint region
[2024-05-14T11:42:24.474+0000][327.448s][info ][safepoint     ] Total time for which application threads were stopped: 0.0010526 seconds, Stopping threads took: 0.0002753 seconds
[2024-05-14T11:42:25.474+0000][328.448s][debug][safepoint     ] Safepoint synchronization initiated. (370 threads)
[2024-05-14T11:42:25.474+0000][328.448s][info ][safepoint     ] Application time: 1.0002953 seconds
[2024-05-14T11:42:25.475+0000][328.448s][info ][safepoint     ] Entering safepoint region: Cleanup
[2024-05-14T11:42:25.475+0000][328.449s][info ][safepoint     ] Leaving safepoint region
[2024-05-14T11:42:25.475+0000][328.449s][info ][safepoint     ] Total time for which application threads were stopped: 0.0010049 seconds, Stopping threads took: 0.0002577 seconds
[2024-05-14T11:42:26.476+0000][329.449s][debug][safepoint     ] Safepoint synchronization initiated. (370 threads)
[2024-05-14T11:42:26.476+0000][329.449s][info ][safepoint     ] Application time: 1.0003352 seconds
[2024-05-14T11:42:26.476+0000][329.450s][info ][safepoint     ] Entering safepoint region: Cleanup
[2024-05-14T11:42:26.477+0000][329.451s][info ][safepoint     ] Leaving safepoint region
[2024-05-14T11:42:26.477+0000][329.451s][info ][safepoint     ] Total time for which application threads were stopped: 0.0010917 seconds, Stopping threads took: 0.0002802 seconds
[2024-05-14T11:42:27.019+0000][329.993s][debug][safepoint     ] Safepoint synchronization initiated. (370 threads)
[2024-05-14T11:42:27.019+0000][329.993s][info ][safepoint     ] Application time: 0.5424282 seconds
[2024-05-14T11:42:27.020+0000][329.993s][info ][safepoint     ] Entering safepoint region: Deoptimize
[2024-05-14T11:42:27.050+0000][330.024s][info ][safepoint     ] Leaving safepoint region
[2024-05-14T11:42:27.051+0000][330.024s][info ][safepoint     ] Total time for which application threads were stopped: 0.0312451 seconds, Stopping threads took: 0.0002162 seconds
[2024-05-14T11:42:28.051+0000][331.025s][debug][safepoint     ] Safepoint synchronization initiated. (370 threads)
[2024-05-14T11:42:28.051+0000][331.025s][info ][safepoint     ] Application time: 1.0002974 seconds
[2024-05-14T11:42:28.051+0000][331.025s][info ][safepoint     ] Entering safepoint region: Cleanup
[2024-05-14T11:42:28.052+0000][331.026s][info ][safepoint     ] Leaving safepoint region
[2024-05-14T11:42:28.052+0000][331.026s][info ][safepoint     ] Total time for which application threads were stopped: 0.0010642 seconds, Stopping threads took: 0.0003162 seconds
[2024-05-14T11:42:29.052+0000][332.026s][debug][safepoint     ] Safepoint synchronization initiated. (370 threads)
[2024-05-14T11:42:29.052+0000][332.026s][info ][safepoint     ] Application time: 1.0003226 seconds
[2024-05-14T11:42:29.053+0000][332.026s][info ][safepoint     ] Entering safepoint region: Cleanup
[2024-05-14T11:42:29.053+0000][332.027s][debug][safepoint     ] ... found polling page return exception at pc = 0x00007f320ca20556, stub =0x00007f3204824b00
[2024-05-14T11:42:29.053+0000][332.027s][info ][safepoint     ] Leaving safepoint region
[2024-05-14T11:42:29.054+0000][332.027s][info ][safepoint     ] Total time for which application threads were stopped: 0.0012191 seconds, Stopping threads took: 0.0003847 seconds
[2024-05-14T11:42:29.587+0000][332.560s][debug][safepoint     ] Safepoint synchronization initiated. (370 threads)
[2024-05-14T11:42:29.587+0000][332.560s][info ][safepoint     ] Application time: 0.5330079 seconds
[2024-05-14T11:42:29.587+0000][332.560s][debug][safepoint     ] ... found polling page return exception at pc = 0x00007f320cd43d69, stub =0x00007f3204824b00
[2024-05-14T11:42:29.587+0000][332.561s][debug][safepoint     ] Waiting for 1 thread(s) to block
[2024-05-14T11:42:29.587+0000][332.561s][info ][safepoint     ] Entering safepoint region: G1CollectForAllocation
[2024-05-14T11:42:29.588+0000][332.562s][info ][gc,start      ] GC(82) Pause Young (Normal) (G1 Evacuation Pause)
[2024-05-14T11:42:29.588+0000][332.562s][info ][gc,task       ] GC(82) Using 4 workers of 4 for evacuation
[2024-05-14T11:42:29.603+0000][332.577s][info ][gc,phases     ] GC(82)   Pre Evacuate Collection Set: 0.4ms
[2024-05-14T11:42:29.603+0000][332.577s][info ][gc,phases     ] GC(82)   Evacuate Collection Set: 8.6ms
[2024-05-14T11:42:29.603+0000][332.577s][info ][gc,phases     ] GC(82)   Post Evacuate Collection Set: 5.2ms
[2024-05-14T11:42:29.603+0000][332.577s][info ][gc,phases     ] GC(82)   Other: 1.1ms
[2024-05-14T11:42:29.603+0000][332.577s][info ][gc,heap       ] GC(82) Eden regions: 172->0(172)
[2024-05-14T11:42:29.603+0000][332.577s][info ][gc,heap       ] GC(82) Survivor regions: 2->2(22)
[2024-05-14T11:42:29.603+0000][332.577s][info ][gc,heap       ] GC(82) Old regions: 178->178
[2024-05-14T11:42:29.603+0000][332.577s][info ][gc,heap       ] GC(82) Humongous regions: 0->0
[2024-05-14T11:42:29.603+0000][332.577s][info ][gc,metaspace  ] GC(82) Metaspace: 185235K(191472K)->185235K(191472K) NonClass: 164181K(167972K)->164181K(167972K) Class: 21053K(23500K)->21053K(23500K)
[2024-05-14T11:42:29.603+0000][332.577s][info ][gc            ] GC(82) Pause Young (Normal) (G1 Evacuation Pause) 349M->177M(398M) 15.254ms
[2024-05-14T11:42:29.603+0000][332.577s][info ][gc,cpu        ] GC(82) User=0.05s Sys=0.00s Real=0.02s
[2024-05-14T11:42:29.603+0000][332.577s][info ][safepoint     ] Leaving safepoint region
[2024-05-14T11:42:29.603+0000][332.577s][info ][safepoint     ] Total time for which application threads were stopped: 0.0167648 seconds, Stopping threads took: 0.0004627 seconds
[2024-05-14T11:42:29.604+0000][332.577s][info ][gc,stringdedup] Concurrent String Deduplication (332.577s)
[2024-05-14T11:42:29.604+0000][332.577s][info ][gc,stringdedup] Concurrent String Deduplication 32.0B->0.0B(32.0B) avg 54.4% (332.577s, 332.577s) 0.067ms
[2024-05-14T11:42:30.604+0000][333.577s][debug][safepoint     ] Safepoint synchronization initiated. (370 threads)
[2024-05-14T11:42:30.604+0000][333.577s][info ][safepoint     ] Application time: 1.0001873 seconds
[2024-05-14T11:42:30.604+0000][333.578s][info ][safepoint     ] Entering safepoint region: Cleanup
[2024-05-14T11:42:30.604+0000][333.578s][info ][safepoint     ] Leaving safepoint region
[2024-05-14T11:42:30.604+0000][333.578s][info ][safepoint     ] Total time for which application threads were stopped: 0.0007539 seconds, Stopping threads took: 0.0002054 seconds
[2024-05-14T11:42:31.605+0000][334.578s][debug][safepoint     ] Safepoint synchronization initiated. (370 threads)
[2024-05-14T11:42:31.605+0000][334.578s][info ][safepoint     ] Application time: 1.0003162 seconds
[2024-05-14T11:42:31.605+0000][334.579s][info ][safepoint     ] Entering safepoint region: Cleanup
[2024-05-14T11:42:31.606+0000][334.579s][info ][safepoint     ] Leaving safepoint region
[2024-05-14T11:42:31.606+0000][334.579s][debug][safepoint     ] ... found polling page return exception at pc = 0x00007f320ca20556, stub =0x00007f3204824b00
[2024-05-14T11:42:31.606+0000][334.579s][debug][safepoint     ] ... found polling page return exception at pc = 0x00007f320ca20556, stub =0x00007f3204824b00
[2024-05-14T11:42:31.606+0000][334.580s][info ][safepoint     ] Total time for which application threads were stopped: 0.0010856 seconds, Stopping threads took: 0.0002712 seconds
[2024-05-14T11:42:32.606+0000][335.580s][debug][safepoint     ] Safepoint synchronization initiated. (370 threads)
[2024-05-14T11:42:32.606+0000][335.580s][info ][safepoint     ] Application time: 1.0002552 seconds
[2024-05-14T11:42:32.606+0000][335.580s][info ][safepoint     ] Entering safepoint region: Cleanup
[2024-05-14T11:42:32.607+0000][335.581s][info ][safepoint     ] Leaving safepoint region
[2024-05-14T11:42:32.608+0000][335.581s][info ][safepoint     ] Total time for which application threads were stopped: 0.0013177 seconds, Stopping threads took: 0.0002971 seconds
[2024-05-14T11:42:33.608+0000][336.581s][debug][safepoint     ] Safepoint synchronization initiated. (370 threads)
[2024-05-14T11:42:33.608+0000][336.581s][info ][safepoint     ] Application time: 1.0001976 seconds
[2024-05-14T11:42:33.608+0000][336.582s][info ][safepoint     ] Entering safepoint region: Cleanup
[2024-05-14T11:42:33.609+0000][336.582s][info ][safepoint     ] Leaving safepoint region
[2024-05-14T11:42:33.609+0000][336.582s][debug][safepoint     ] ... found polling page return exception at pc = 0x00007f320ca20556, stub =0x00007f3204824b00
[2024-05-14T11:42:33.609+0000][336.582s][info ][safepoint     ] Total time for which application threads were stopped: 0.0009223 seconds, Stopping threads took: 0.0002744 seconds
[2024-05-14T11:42:34.609+0000][337.583s][debug][safepoint     ] Safepoint synchronization initiated. (370 threads)
[2024-05-14T11:42:34.609+0000][337.583s][info ][safepoint     ] Application time: 1.0002189 seconds
[2024-05-14T11:42:34.609+0000][337.583s][debug][safepoint     ] Waiting for 1 thread(s) to block
[2024-05-14T11:42:34.609+0000][337.583s][info ][safepoint     ] Entering safepoint region: Cleanup
[2024-05-14T11:42:34.610+0000][337.584s][info ][safepoint     ] Leaving safepoint region
[2024-05-14T11:42:34.610+0000][337.584s][info ][safepoint     ] Total time for which application threads were stopped: 0.0009097 seconds, Stopping threads took: 0.0003186 seconds
[2024-05-14T11:42:35.610+0000][338.584s][debug][safepoint     ] Safepoint synchronization initiated. (370 threads)
[2024-05-14T11:42:35.610+0000][338.584s][info ][safepoint     ] Application time: 1.0002496 seconds
[2024-05-14T11:42:35.611+0000][338.585s][info ][safepoint     ] Entering safepoint region: Cleanup
[2024-05-14T11:42:35.613+0000][338.587s][info ][safepoint     ] Leaving safepoint region
[2024-05-14T11:42:35.613+0000][338.587s][info ][safepoint     ] Total time for which application threads were stopped: 0.0028724 seconds, Stopping threads took: 0.0010224 seconds
[2024-05-14T11:42:36.614+0000][339.587s][debug][safepoint     ] Safepoint synchronization initiated. (370 threads)
[2024-05-14T11:42:36.614+0000][339.587s][info ][safepoint     ] Application time: 1.0005452 seconds
[2024-05-14T11:42:36.615+0000][339.588s][debug][safepoint     ] ... found polling page loop exception at pc = 0x00007f320d1f6415, stub =0x00007f3204826680
[2024-05-14T11:42:36.615+0000][339.588s][debug][safepoint     ] Waiting for 1 thread(s) to block
[2024-05-14T11:42:36.615+0000][339.589s][info ][safepoint     ] Entering safepoint region: Cleanup
[2024-05-14T11:42:36.615+0000][339.589s][info ][safepoint     ] Leaving safepoint region
[2024-05-14T11:42:36.615+0000][339.589s][info ][safepoint     ] Total time for which application threads were stopped: 0.0016483 seconds, Stopping threads took: 0.0010918 seconds
[2024-05-14T11:42:37.616+0000][340.589s][debug][safepoint     ] Safepoint synchronization initiated. (370 threads)
[2024-05-14T11:42:37.616+0000][340.589s][info ][safepoint     ] Application time: 1.0003308 seconds
[2024-05-14T11:42:37.616+0000][340.590s][info ][safepoint     ] Entering safepoint region: Cleanup
[2024-05-14T11:42:37.617+0000][340.591s][info ][safepoint     ] Leaving safepoint region
[2024-05-14T11:42:37.617+0000][340.591s][info ][safepoint     ] Total time for which application threads were stopped: 0.0014585 seconds, Stopping threads took: 0.0005562 seconds
[2024-05-14T11:42:38.617+0000][341.591s][debug][safepoint     ] Safepoint synchronization initiated. (370 threads)
[2024-05-14T11:42:38.618+0000][341.591s][info ][safepoint     ] Application time: 1.0003069 seconds
[2024-05-14T11:42:38.618+0000][341.592s][debug][safepoint     ] ... found polling page return exception at pc = 0x00007f320d200289, stub =0x00007f3204824b00
[2024-05-14T11:42:38.618+0000][341.592s][debug][safepoint     ] Waiting for 1 thread(s) to block
[2024-05-14T11:42:38.618+0000][341.592s][info ][safepoint     ] Entering safepoint region: Cleanup
[2024-05-14T11:42:38.619+0000][341.593s][info ][safepoint     ] Leaving safepoint region
[2024-05-14T11:42:38.619+0000][341.593s][info ][safepoint     ] Total time for which application threads were stopped: 0.0012433 seconds, Stopping threads took: 0.0005031 seconds
[2024-05-14T11:42:39.619+0000][342.593s][debug][safepoint     ] Safepoint synchronization initiated. (370 threads)
[2024-05-14T11:42:39.619+0000][342.593s][info ][safepoint     ] Application time: 1.0001736 seconds
[2024-05-14T11:42:39.619+0000][342.593s][info ][safepoint     ] Entering safepoint region: Cleanup
[2024-05-14T11:42:39.620+0000][342.593s][info ][safepoint     ] Leaving safepoint region
[2024-05-14T11:42:39.620+0000][342.593s][info ][safepoint     ] Total time for which application threads were stopped: 0.0006946 seconds, Stopping threads took: 0.0002060 seconds
[2024-05-14T11:42:40.620+0000][343.594s][debug][safepoint     ] Safepoint synchronization initiated. (370 threads)
[2024-05-14T11:42:40.620+0000][343.594s][info ][safepoint     ] Application time: 1.0002258 seconds
[2024-05-14T11:42:40.620+0000][343.594s][info ][safepoint     ] Entering safepoint region: Cleanup
[2024-05-14T11:42:40.621+0000][343.595s][info ][safepoint     ] Leaving safepoint region
[2024-05-14T11:42:40.621+0000][343.595s][info ][safepoint     ] Total time for which application threads were stopped: 0.0011300 seconds, Stopping threads took: 0.0002443 seconds
[2024-05-14T11:42:41.621+0000][344.595s][debug][safepoint     ] Safepoint synchronization initiated. (370 threads)
[2024-05-14T11:42:41.622+0000][344.595s][info ][safepoint     ] Application time: 1.0004539 seconds
[2024-05-14T11:42:41.622+0000][344.596s][info ][safepoint     ] Entering safepoint region: Cleanup
[2024-05-14T11:42:41.623+0000][344.597s][info ][safepoint     ] Leaving safepoint region
[2024-05-14T11:42:41.623+0000][344.597s][info ][safepoint     ] Total time for which application threads were stopped: 0.0011334 seconds, Stopping threads took: 0.0004287 seconds
[2024-05-14T11:42:42.623+0000][345.597s][debug][safepoint     ] Safepoint synchronization initiated. (370 threads)
[2024-05-14T11:42:42.623+0000][345.597s][info ][safepoint     ] Application time: 1.0003156 seconds
[2024-05-14T11:42:42.624+0000][345.597s][info ][safepoint     ] Entering safepoint region: Cleanup
[2024-05-14T11:42:42.624+0000][345.598s][info ][safepoint     ] Leaving safepoint region
[2024-05-14T11:42:42.624+0000][345.598s][info ][safepoint     ] Total time for which application threads were stopped: 0.0010245 seconds, Stopping threads took: 0.0003314 seconds
[2024-05-14T11:42:43.624+0000][346.598s][debug][safepoint     ] Safepoint synchronization initiated. (370 threads)
[2024-05-14T11:42:43.624+0000][346.598s][info ][safepoint     ] Application time: 1.0001734 seconds
[2024-05-14T11:42:43.625+0000][346.598s][debug][safepoint     ] Waiting for 1 thread(s) to block
[2024-05-14T11:42:43.625+0000][346.598s][info ][safepoint     ] Entering safepoint region: Cleanup
[2024-05-14T11:42:43.626+0000][346.599s][info ][safepoint     ] Leaving safepoint region
[2024-05-14T11:42:43.626+0000][346.599s][info ][safepoint     ] Total time for which application threads were stopped: 0.0011203 seconds, Stopping threads took: 0.0002984 seconds
[2024-05-14T11:42:44.626+0000][347.600s][debug][safepoint     ] Safepoint synchronization initiated. (370 threads)
[2024-05-14T11:42:44.626+0000][347.600s][info ][safepoint     ] Application time: 1.0002697 seconds
[2024-05-14T11:42:44.626+0000][347.600s][info ][safepoint     ] Entering safepoint region: Cleanup
[2024-05-14T11:42:44.627+0000][347.601s][info ][safepoint     ] Leaving safepoint region
[2024-05-14T11:42:44.627+0000][347.601s][info ][safepoint     ] Total time for which application threads were stopped: 0.0010633 seconds, Stopping threads took: 0.0002888 seconds
[2024-05-14T11:42:45.627+0000][348.601s][debug][safepoint     ] Safepoint synchronization initiated. (370 threads)
[2024-05-14T11:42:45.627+0000][348.601s][info ][safepoint     ] Application time: 1.0002124 seconds
[2024-05-14T11:42:45.627+0000][348.601s][info ][safepoint     ] Entering safepoint region: Cleanup
[2024-05-14T11:42:45.628+0000][348.602s][info ][safepoint     ] Leaving safepoint region
[2024-05-14T11:42:45.628+0000][348.602s][info ][safepoint     ] Total time for which application threads were stopped: 0.0010042 seconds, Stopping threads took: 0.0002954 seconds
[2024-05-14T11:42:46.628+0000][349.602s][debug][safepoint     ] Safepoint synchronization initiated. (370 threads)
[2024-05-14T11:42:46.629+0000][349.602s][info ][safepoint     ] Application time: 1.0002558 seconds
[2024-05-14T11:42:46.629+0000][349.602s][info ][safepoint     ] Entering safepoint region: Cleanup
[2024-05-14T11:42:46.630+0000][349.603s][info ][safepoint     ] Leaving safepoint region
[2024-05-14T11:42:46.630+0000][349.603s][info ][safepoint     ] Total time for which application threads were stopped: 0.0011501 seconds, Stopping threads took: 0.0002472 seconds
[2024-05-14T11:42:47.630+0000][350.604s][debug][safepoint     ] Safepoint synchronization initiated. (370 threads)
[2024-05-14T11:42:47.630+0000][350.604s][info ][safepoint     ] Application time: 1.0002668 seconds
[2024-05-14T11:42:47.630+0000][350.604s][debug][safepoint     ] ... found polling page return exception at pc = 0x00007f320c33159b, stub =0x00007f3204824b00
[2024-05-14T11:42:47.630+0000][350.604s][debug][safepoint     ] Waiting for 1 thread(s) to block
[2024-05-14T11:42:47.631+0000][350.604s][info ][safepoint     ] Entering safepoint region: Cleanup
[2024-05-14T11:42:47.631+0000][350.605s][info ][safepoint     ] Leaving safepoint region
[2024-05-14T11:42:47.631+0000][350.605s][info ][safepoint     ] Total time for which application threads were stopped: 0.0013376 seconds, Stopping threads took: 0.0005235 seconds
[2024-05-14T11:42:48.632+0000][351.605s][debug][safepoint     ] Safepoint synchronization initiated. (370 threads)
[2024-05-14T11:42:48.632+0000][351.605s][info ][safepoint     ] Application time: 1.0001641 seconds
[2024-05-14T11:42:48.632+0000][351.605s][info ][safepoint     ] Entering safepoint region: Cleanup
[2024-05-14T11:42:48.632+0000][351.606s][info ][safepoint     ] Leaving safepoint region
[2024-05-14T11:42:48.632+0000][351.606s][info ][safepoint     ] Total time for which application threads were stopped: 0.0005960 seconds, Stopping threads took: 0.0001781 seconds
[2024-05-14T11:42:49.632+0000][352.606s][debug][safepoint     ] Safepoint synchronization initiated. (370 threads)
[2024-05-14T11:42:49.632+0000][352.606s][info ][safepoint     ] Application time: 1.0002761 seconds
[2024-05-14T11:42:49.633+0000][352.607s][info ][safepoint     ] Entering safepoint region: Cleanup
[2024-05-14T11:42:49.634+0000][352.608s][debug][safepoint     ] ... found polling page return exception at pc = 0x00007f320ca20556, stub =0x00007f3204824b00
[2024-05-14T11:42:49.634+0000][352.608s][info ][safepoint     ] Leaving safepoint region
[2024-05-14T11:42:49.634+0000][352.608s][info ][safepoint     ] Total time for which application threads were stopped: 0.0019488 seconds, Stopping threads took: 0.0009101 seconds
[2024-05-14T11:42:50.635+0000][353.608s][debug][safepoint     ] Safepoint synchronization initiated. (370 threads)
[2024-05-14T11:42:50.635+0000][353.608s][info ][safepoint     ] Application time: 1.0002372 seconds
[2024-05-14T11:42:50.635+0000][353.609s][info ][safepoint     ] Entering safepoint region: Cleanup
[2024-05-14T11:42:50.636+0000][353.610s][info ][safepoint     ] Leaving safepoint region
[2024-05-14T11:42:50.636+0000][353.610s][info ][safepoint     ] Total time for which application threads were stopped: 0.0015122 seconds, Stopping threads took: 0.0006999 seconds
[2024-05-14T11:42:51.477+0000][354.450s][debug][safepoint     ] Safepoint synchronization initiated. (369 threads)
[2024-05-14T11:42:51.477+0000][354.450s][info ][safepoint     ] Application time: 0.8404096 seconds
[2024-05-14T11:42:51.477+0000][354.451s][info ][safepoint     ] Entering safepoint region: G1CollectForAllocation
[2024-05-14T11:42:51.478+0000][354.452s][info ][gc,start      ] GC(83) Pause Young (Normal) (G1 Evacuation Pause)
[2024-05-14T11:42:51.478+0000][354.452s][info ][gc,task       ] GC(83) Using 4 workers of 4 for evacuation
[2024-05-14T11:42:51.511+0000][354.485s][info ][gc,phases     ] GC(83)   Pre Evacuate Collection Set: 0.3ms
[2024-05-14T11:42:51.511+0000][354.485s][info ][gc,phases     ] GC(83)   Evacuate Collection Set: 21.8ms
[2024-05-14T11:42:51.511+0000][354.485s][info ][gc,phases     ] GC(83)   Post Evacuate Collection Set: 9.6ms
[2024-05-14T11:42:51.511+0000][354.485s][info ][gc,phases     ] GC(83)   Other: 1.6ms
[2024-05-14T11:42:51.511+0000][354.485s][info ][gc,heap       ] GC(83) Eden regions: 172->0(172)
[2024-05-14T11:42:51.511+0000][354.485s][info ][gc,heap       ] GC(83) Survivor regions: 2->2(22)
[2024-05-14T11:42:51.511+0000][354.485s][info ][gc,heap       ] GC(83) Old regions: 178->178
[2024-05-14T11:42:51.511+0000][354.485s][info ][gc,heap       ] GC(83) Humongous regions: 0->0
[2024-05-14T11:42:51.511+0000][354.485s][info ][gc,metaspace  ] GC(83) Metaspace: 185289K(191472K)->185289K(191472K) NonClass: 164234K(167972K)->164234K(167972K) Class: 21055K(23500K)->21055K(23500K)
[2024-05-14T11:42:51.511+0000][354.485s][info ][gc            ] GC(83) Pause Young (Normal) (G1 Evacuation Pause) 349M->178M(398M) 33.286ms
[2024-05-14T11:42:51.512+0000][354.485s][info ][gc,cpu        ] GC(83) User=0.11s Sys=0.01s Real=0.03s
[2024-05-14T11:42:51.512+0000][354.485s][info ][safepoint     ] Leaving safepoint region
[2024-05-14T11:42:51.512+0000][354.485s][info ][safepoint     ] Total time for which application threads were stopped: 0.0350564 seconds, Stopping threads took: 0.0002307 seconds
[2024-05-14T11:42:51.512+0000][354.486s][info ][gc,stringdedup] Concurrent String Deduplication (354.486s)
[2024-05-14T11:42:51.512+0000][354.486s][info ][gc,stringdedup] Concurrent String Deduplication 0.0B->0.0B(0.0B) avg 54.4% (354.486s, 354.486s) 0.111ms
[2024-05-14T11:42:52.512+0000][355.486s][debug][safepoint     ] Safepoint synchronization initiated. (369 threads)
[2024-05-14T11:42:52.512+0000][355.486s][info ][safepoint     ] Application time: 1.0003597 seconds
[2024-05-14T11:42:52.512+0000][355.486s][info ][safepoint     ] Entering safepoint region: Cleanup
[2024-05-14T11:42:52.513+0000][355.487s][info ][safepoint     ] Leaving safepoint region
[2024-05-14T11:42:52.513+0000][355.487s][info ][safepoint     ] Total time for which application threads were stopped: 0.0012602 seconds, Stopping threads took: 0.0003071 seconds
[2024-05-14T11:42:53.514+0000][356.487s][debug][safepoint     ] Safepoint synchronization initiated. (369 threads)
[2024-05-14T11:42:53.514+0000][356.487s][info ][safepoint     ] Application time: 1.0003328 seconds
[2024-05-14T11:42:53.514+0000][356.488s][info ][safepoint     ] Entering safepoint region: Cleanup
[2024-05-14T11:42:53.515+0000][356.489s][info ][safepoint     ] Leaving safepoint region
[2024-05-14T11:42:53.515+0000][356.489s][info ][safepoint     ] Total time for which application threads were stopped: 0.0010282 seconds, Stopping threads took: 0.0002450 seconds
[2024-05-14T11:42:54.515+0000][357.489s][debug][safepoint     ] Safepoint synchronization initiated. (369 threads)
[2024-05-14T11:42:54.515+0000][357.489s][info ][safepoint     ] Application time: 1.0001836 seconds
[2024-05-14T11:42:54.515+0000][357.489s][info ][safepoint     ] Entering safepoint region: Cleanup
[2024-05-14T11:42:54.516+0000][357.490s][info ][safepoint     ] Leaving safepoint region
[2024-05-14T11:42:54.516+0000][357.490s][info ][safepoint     ] Total time for which application threads were stopped: 0.0010682 seconds, Stopping threads took: 0.0003014 seconds
[2024-05-14T11:42:55.516+0000][358.490s][debug][safepoint     ] Safepoint synchronization initiated. (369 threads)
[2024-05-14T11:42:55.516+0000][358.490s][info ][safepoint     ] Application time: 1.0002522 seconds
[2024-05-14T11:42:55.517+0000][358.491s][info ][safepoint     ] Entering safepoint region: Cleanup
[2024-05-14T11:42:55.518+0000][358.491s][info ][safepoint     ] Leaving safepoint region
[2024-05-14T11:42:55.518+0000][358.491s][info ][safepoint     ] Total time for which application threads were stopped: 0.0012253 seconds, Stopping threads took: 0.0005104 seconds
[2024-05-14T11:42:56.518+0000][359.492s][debug][safepoint     ] Safepoint synchronization initiated. (368 threads)
[2024-05-14T11:42:56.518+0000][359.492s][info ][safepoint     ] Application time: 1.0001683 seconds
[2024-05-14T11:42:56.518+0000][359.492s][info ][safepoint     ] Entering safepoint region: Cleanup
[2024-05-14T11:42:56.519+0000][359.493s][info ][safepoint     ] Leaving safepoint region
[2024-05-14T11:42:56.519+0000][359.493s][info ][safepoint     ] Total time for which application threads were stopped: 0.0010890 seconds, Stopping threads took: 0.0005124 seconds
[2024-05-14T11:42:57.519+0000][360.493s][debug][safepoint     ] Safepoint synchronization initiated. (368 threads)
[2024-05-14T11:42:57.519+0000][360.493s][info ][safepoint     ] Application time: 1.0002403 seconds
[2024-05-14T11:42:57.519+0000][360.493s][info ][safepoint     ] Entering safepoint region: Cleanup
[2024-05-14T11:42:57.520+0000][360.494s][info ][safepoint     ] Leaving safepoint region
[2024-05-14T11:42:57.520+0000][360.494s][info ][safepoint     ] Total time for which application threads were stopped: 0.0010532 seconds, Stopping threads took: 0.0002656 seconds
[2024-05-14T11:42:58.520+0000][361.494s][debug][safepoint     ] Safepoint synchronization initiated. (368 threads)
[2024-05-14T11:42:58.521+0000][361.494s][info ][safepoint     ] Application time: 1.0001688 seconds
[2024-05-14T11:42:58.521+0000][361.494s][debug][safepoint     ] ... found polling page loop exception at pc = 0x00007f320cfe2476, stub =0x00007f3204826680
[2024-05-14T11:42:58.521+0000][361.495s][debug][safepoint     ] Waiting for 1 thread(s) to block
[2024-05-14T11:42:58.521+0000][361.495s][info ][safepoint     ] Entering safepoint region: Cleanup
[2024-05-14T11:42:58.522+0000][361.496s][info ][safepoint     ] Leaving safepoint region
[2024-05-14T11:42:58.522+0000][361.496s][info ][safepoint     ] Total time for which application threads were stopped: 0.0017952 seconds, Stopping threads took: 0.0007548 seconds
[2024-05-14T11:42:59.523+0000][362.496s][debug][safepoint     ] Safepoint synchronization initiated. (368 threads)
[2024-05-14T11:42:59.523+0000][362.496s][info ][safepoint     ] Application time: 1.0002823 seconds
[2024-05-14T11:42:59.523+0000][362.497s][info ][safepoint     ] Entering safepoint region: Cleanup
[2024-05-14T11:42:59.524+0000][362.498s][info ][safepoint     ] Leaving safepoint region
[2024-05-14T11:42:59.524+0000][362.498s][info ][safepoint     ] Total time for which application threads were stopped: 0.0011788 seconds, Stopping threads took: 0.0003444 seconds
[2024-05-14T11:43:00.524+0000][363.498s][debug][safepoint     ] Safepoint synchronization initiated. (368 threads)
[2024-05-14T11:43:00.524+0000][363.498s][info ][safepoint     ] Application time: 1.0002856 seconds
[2024-05-14T11:43:00.524+0000][363.498s][info ][safepoint     ] Entering safepoint region: Cleanup
[2024-05-14T11:43:00.525+0000][363.499s][info ][safepoint     ] Leaving safepoint region
[2024-05-14T11:43:00.525+0000][363.499s][info ][safepoint     ] Total time for which application threads were stopped: 0.0010443 seconds, Stopping threads took: 0.0002303 seconds
[2024-05-14T11:43:01.525+0000][364.499s][debug][safepoint     ] Safepoint synchronization initiated. (368 threads)
[2024-05-14T11:43:01.526+0000][364.499s][info ][safepoint     ] Application time: 1.0002997 seconds
[2024-05-14T11:43:01.526+0000][364.500s][debug][safepoint     ] Waiting for 1 thread(s) to block
[2024-05-14T11:43:01.526+0000][364.500s][info ][safepoint     ] Entering safepoint region: Cleanup
[2024-05-14T11:43:01.527+0000][364.501s][info ][safepoint     ] Leaving safepoint region
[2024-05-14T11:43:01.527+0000][364.501s][info ][safepoint     ] Total time for which application threads were stopped: 0.0013426 seconds, Stopping threads took: 0.0005990 seconds
[2024-05-14T11:43:02.527+0000][365.501s][debug][safepoint     ] Safepoint synchronization initiated. (368 threads)
[2024-05-14T11:43:02.527+0000][365.501s][info ][safepoint     ] Application time: 1.0003066 seconds
[2024-05-14T11:43:02.528+0000][365.502s][info ][safepoint     ] Entering safepoint region: Cleanup
[2024-05-14T11:43:02.529+0000][365.502s][info ][safepoint     ] Leaving safepoint region
[2024-05-14T11:43:02.529+0000][365.502s][info ][safepoint     ] Total time for which application threads were stopped: 0.0012865 seconds, Stopping threads took: 0.0004322 seconds
[2024-05-14T11:43:03.529+0000][366.503s][debug][safepoint     ] Safepoint synchronization initiated. (368 threads)
[2024-05-14T11:43:03.529+0000][366.503s][info ][safepoint     ] Application time: 1.0003222 seconds
[2024-05-14T11:43:03.530+0000][366.503s][info ][safepoint     ] Entering safepoint region: Cleanup
[2024-05-14T11:43:03.531+0000][366.504s][info ][safepoint     ] Leaving safepoint region
[2024-05-14T11:43:03.531+0000][366.504s][info ][safepoint     ] Total time for which application threads were stopped: 0.0014454 seconds, Stopping threads took: 0.0005139 seconds
[2024-05-14T11:43:04.531+0000][367.504s][debug][safepoint     ] Safepoint synchronization initiated. (368 threads)
[2024-05-14T11:43:04.531+0000][367.505s][info ][safepoint     ] Application time: 1.0002482 seconds
[2024-05-14T11:43:04.531+0000][367.505s][info ][safepoint     ] Entering safepoint region: Cleanup
[2024-05-14T11:43:04.532+0000][367.506s][info ][safepoint     ] Leaving safepoint region
[2024-05-14T11:43:04.532+0000][367.506s][info ][safepoint     ] Total time for which application threads were stopped: 0.0011186 seconds, Stopping threads took: 0.0002673 seconds
[2024-05-14T11:43:05.532+0000][368.506s][debug][safepoint     ] Safepoint synchronization initiated. (368 threads)
[2024-05-14T11:43:05.532+0000][368.506s][info ][safepoint     ] Application time: 1.0003225 seconds
[2024-05-14T11:43:05.533+0000][368.506s][info ][safepoint     ] Entering safepoint region: Cleanup
[2024-05-14T11:43:05.533+0000][368.507s][info ][safepoint     ] Leaving safepoint region
[2024-05-14T11:43:05.533+0000][368.507s][info ][safepoint     ] Total time for which application threads were stopped: 0.0008804 seconds, Stopping threads took: 0.0002630 seconds
[2024-05-14T11:43:06.533+0000][369.507s][debug][safepoint     ] Safepoint synchronization initiated. (368 threads)
[2024-05-14T11:43:06.534+0000][369.507s][info ][safepoint     ] Application time: 1.0002873 seconds
[2024-05-14T11:43:06.534+0000][369.507s][debug][safepoint     ] ... found polling page return exception at pc = 0x00007f320d39eb01, stub =0x00007f3204824b00
[2024-05-14T11:43:06.534+0000][369.508s][debug][safepoint     ] Waiting for 1 thread(s) to block
[2024-05-14T11:43:06.534+0000][369.508s][info ][safepoint     ] Entering safepoint region: Cleanup
[2024-05-14T11:43:06.535+0000][369.508s][info ][safepoint     ] Leaving safepoint region
[2024-05-14T11:43:06.535+0000][369.508s][info ][safepoint     ] Total time for which application threads were stopped: 0.0010096 seconds, Stopping threads took: 0.0004145 seconds
[2024-05-14T11:43:07.535+0000][370.509s][debug][safepoint     ] Safepoint synchronization initiated. (368 threads)
[2024-05-14T11:43:07.535+0000][370.509s][info ][safepoint     ] Application time: 1.0002840 seconds
[2024-05-14T11:43:07.535+0000][370.509s][info ][safepoint     ] Entering safepoint region: Cleanup
[2024-05-14T11:43:07.536+0000][370.509s][info ][safepoint     ] Leaving safepoint region
[2024-05-14T11:43:07.536+0000][370.510s][info ][safepoint     ] Total time for which application threads were stopped: 0.0009015 seconds, Stopping threads took: 0.0001703 seconds
[2024-05-14T11:43:08.536+0000][371.510s][debug][safepoint     ] Safepoint synchronization initiated. (368 threads)
[2024-05-14T11:43:08.536+0000][371.510s][info ][safepoint     ] Application time: 1.0003356 seconds
[2024-05-14T11:43:08.536+0000][371.510s][debug][safepoint     ] Waiting for 1 thread(s) to block
[2024-05-14T11:43:08.537+0000][371.510s][info ][safepoint     ] Entering safepoint region: Cleanup
[2024-05-14T11:43:08.537+0000][371.511s][info ][safepoint     ] Leaving safepoint region
[2024-05-14T11:43:08.538+0000][371.511s][info ][safepoint     ] Total time for which application threads were stopped: 0.0013521 seconds, Stopping threads took: 0.0004178 seconds
[2024-05-14T11:43:09.538+0000][372.511s][debug][safepoint     ] Safepoint synchronization initiated. (368 threads)
[2024-05-14T11:43:09.538+0000][372.512s][info ][safepoint     ] Application time: 1.0002087 seconds
[2024-05-14T11:43:09.538+0000][372.512s][info ][safepoint     ] Entering safepoint region: Cleanup
[2024-05-14T11:43:09.539+0000][372.512s][info ][safepoint     ] Leaving safepoint region
[2024-05-14T11:43:09.539+0000][372.512s][info ][safepoint     ] Total time for which application threads were stopped: 0.0008827 seconds, Stopping threads took: 0.0002929 seconds
[2024-05-14T11:43:10.539+0000][373.513s][debug][safepoint     ] Safepoint synchronization initiated. (368 threads)
[2024-05-14T11:43:10.539+0000][373.513s][info ][safepoint     ] Application time: 1.0002741 seconds
[2024-05-14T11:43:10.539+0000][373.513s][info ][safepoint     ] Entering safepoint region: Cleanup
[2024-05-14T11:43:10.540+0000][373.514s][info ][safepoint     ] Leaving safepoint region
[2024-05-14T11:43:10.540+0000][373.514s][info ][safepoint     ] Total time for which application threads were stopped: 0.0008507 seconds, Stopping threads took: 0.0002883 seconds
[2024-05-14T11:43:11.540+0000][374.514s][debug][safepoint     ] Safepoint synchronization initiated. (368 threads)
[2024-05-14T11:43:11.540+0000][374.514s][info ][safepoint     ] Application time: 1.0002778 seconds
[2024-05-14T11:43:11.540+0000][374.514s][info ][safepoint     ] Entering safepoint region: Cleanup
[2024-05-14T11:43:11.541+0000][374.515s][info ][safepoint     ] Leaving safepoint region
[2024-05-14T11:43:11.541+0000][374.515s][info ][safepoint     ] Total time for which application threads were stopped: 0.0010337 seconds, Stopping threads took: 0.0002603 seconds
[2024-05-14T11:43:12.541+0000][375.515s][debug][safepoint     ] Safepoint synchronization initiated. (368 threads)
[2024-05-14T11:43:12.542+0000][375.515s][info ][safepoint     ] Application time: 1.0002922 seconds
[2024-05-14T11:43:12.542+0000][375.516s][info ][safepoint     ] Entering safepoint region: Cleanup
[2024-05-14T11:43:12.542+0000][375.516s][info ][safepoint     ] Leaving safepoint region
[2024-05-14T11:43:12.543+0000][375.516s][info ][safepoint     ] Total time for which application threads were stopped: 0.0009137 seconds, Stopping threads took: 0.0002768 seconds
[2024-05-14T11:43:13.543+0000][376.516s][debug][safepoint     ] Safepoint synchronization initiated. (368 threads)
[2024-05-14T11:43:13.543+0000][376.516s][info ][safepoint     ] Application time: 1.0002328 seconds
[2024-05-14T11:43:13.543+0000][376.517s][info ][safepoint     ] Entering safepoint region: Cleanup
[2024-05-14T11:43:13.544+0000][376.518s][info ][safepoint     ] Leaving safepoint region
[2024-05-14T11:43:13.544+0000][376.518s][info ][safepoint     ] Total time for which application threads were stopped: 0.0011740 seconds, Stopping threads took: 0.0002945 seconds
[2024-05-14T11:43:13.788+0000][376.762s][debug][safepoint     ] Safepoint synchronization initiated. (368 threads)
[2024-05-14T11:43:13.788+0000][376.762s][info ][safepoint     ] Application time: 0.2443181 seconds
[2024-05-14T11:43:13.789+0000][376.762s][info ][safepoint     ] Entering safepoint region: G1CollectForAllocation
[2024-05-14T11:43:13.790+0000][376.764s][info ][gc,start      ] GC(84) Pause Young (Normal) (G1 Evacuation Pause)
[2024-05-14T11:43:13.790+0000][376.764s][info ][gc,task       ] GC(84) Using 4 workers of 4 for evacuation
[2024-05-14T11:43:13.813+0000][376.786s][info ][gc,phases     ] GC(84)   Pre Evacuate Collection Set: 0.2ms
[2024-05-14T11:43:13.813+0000][376.786s][info ][gc,phases     ] GC(84)   Evacuate Collection Set: 12.5ms
[2024-05-14T11:43:13.813+0000][376.786s][info ][gc,phases     ] GC(84)   Post Evacuate Collection Set: 8.4ms
[2024-05-14T11:43:13.813+0000][376.786s][info ][gc,phases     ] GC(84)   Other: 2.3ms
[2024-05-14T11:43:13.813+0000][376.786s][info ][gc,heap       ] GC(84) Eden regions: 172->0(172)
[2024-05-14T11:43:13.813+0000][376.786s][info ][gc,heap       ] GC(84) Survivor regions: 2->2(22)
[2024-05-14T11:43:13.813+0000][376.786s][info ][gc,heap       ] GC(84) Old regions: 178->178
[2024-05-14T11:43:13.813+0000][376.786s][info ][gc,heap       ] GC(84) Humongous regions: 0->0
[2024-05-14T11:43:13.813+0000][376.786s][info ][gc,metaspace  ] GC(84) Metaspace: 185381K(191472K)->185381K(191472K) NonClass: 164326K(167972K)->164326K(167972K) Class: 21055K(23500K)->21055K(23500K)
[2024-05-14T11:43:13.813+0000][376.787s][info ][gc            ] GC(84) Pause Young (Normal) (G1 Evacuation Pause) 350M->178M(398M) 22.472ms
[2024-05-14T11:43:13.813+0000][376.787s][info ][gc,cpu        ] GC(84) User=0.07s Sys=0.00s Real=0.02s
[2024-05-14T11:43:13.813+0000][376.787s][info ][safepoint     ] Leaving safepoint region
[2024-05-14T11:43:13.813+0000][376.787s][info ][safepoint     ] Total time for which application threads were stopped: 0.0246877 seconds, Stopping threads took: 0.0002146 seconds
[2024-05-14T11:43:13.813+0000][376.787s][info ][gc,stringdedup] Concurrent String Deduplication (376.787s)
[2024-05-14T11:43:13.813+0000][376.787s][info ][gc,stringdedup] Concurrent String Deduplication 8920.0B->2576.0B(6344.0B) avg 54.4% (376.787s, 376.787s) 0.199ms
[2024-05-14T11:43:14.813+0000][377.787s][debug][safepoint     ] Safepoint synchronization initiated. (368 threads)
[2024-05-14T11:43:14.813+0000][377.787s][info ][safepoint     ] Application time: 1.0002386 seconds
[2024-05-14T11:43:14.814+0000][377.787s][info ][safepoint     ] Entering safepoint region: Cleanup
[2024-05-14T11:43:14.814+0000][377.788s][info ][safepoint     ] Leaving safepoint region
[2024-05-14T11:43:14.814+0000][377.788s][info ][safepoint     ] Total time for which application threads were stopped: 0.0008158 seconds, Stopping threads took: 0.0002182 seconds
[2024-05-14T11:43:15.814+0000][378.788s][debug][safepoint     ] Safepoint synchronization initiated. (368 threads)
[2024-05-14T11:43:15.814+0000][378.788s][info ][safepoint     ] Application time: 1.0002901 seconds
[2024-05-14T11:43:15.815+0000][378.789s][info ][safepoint     ] Entering safepoint region: Cleanup
[2024-05-14T11:43:15.816+0000][378.790s][info ][safepoint     ] Leaving safepoint region
[2024-05-14T11:43:15.816+0000][378.790s][info ][safepoint     ] Total time for which application threads were stopped: 0.0015442 seconds, Stopping threads took: 0.0008429 seconds
[2024-05-14T11:43:16.816+0000][379.790s][debug][safepoint     ] Safepoint synchronization initiated. (368 threads)
[2024-05-14T11:43:16.816+0000][379.790s][info ][safepoint     ] Application time: 1.0002608 seconds
[2024-05-14T11:43:16.817+0000][379.790s][debug][safepoint     ] Waiting for 1 thread(s) to block
[2024-05-14T11:43:16.817+0000][379.790s][info ][safepoint     ] Entering safepoint region: Cleanup
[2024-05-14T11:43:16.817+0000][379.791s][info ][safepoint     ] Leaving safepoint region
[2024-05-14T11:43:16.818+0000][379.791s][info ][safepoint     ] Total time for which application threads were stopped: 0.0012116 seconds, Stopping threads took: 0.0003855 seconds
[2024-05-14T11:43:17.818+0000][380.792s][debug][safepoint     ] Safepoint synchronization initiated. (368 threads)
[2024-05-14T11:43:17.818+0000][380.792s][info ][safepoint     ] Application time: 1.0003751 seconds
[2024-05-14T11:43:17.818+0000][380.792s][info ][safepoint     ] Entering safepoint region: Cleanup
[2024-05-14T11:43:17.819+0000][380.793s][info ][safepoint     ] Leaving safepoint region
[2024-05-14T11:43:17.819+0000][380.793s][info ][safepoint     ] Total time for which application threads were stopped: 0.0011082 seconds, Stopping threads took: 0.0004187 seconds
[2024-05-14T11:43:18.819+0000][381.793s][debug][safepoint     ] Safepoint synchronization initiated. (368 threads)
[2024-05-14T11:43:18.819+0000][381.793s][info ][safepoint     ] Application time: 1.0003565 seconds
[2024-05-14T11:43:18.820+0000][381.794s][info ][safepoint     ] Entering safepoint region: Cleanup
[2024-05-14T11:43:18.821+0000][381.794s][info ][safepoint     ] Leaving safepoint region
[2024-05-14T11:43:18.821+0000][381.794s][info ][safepoint     ] Total time for which application threads were stopped: 0.0010704 seconds, Stopping threads took: 0.0003324 seconds
[2024-05-14T11:43:19.821+0000][382.795s][debug][safepoint     ] Safepoint synchronization initiated. (368 threads)
[2024-05-14T11:43:19.821+0000][382.795s][info ][safepoint     ] Application time: 1.0003437 seconds
[2024-05-14T11:43:19.821+0000][382.795s][debug][safepoint     ] Waiting for 1 thread(s) to block
[2024-05-14T11:43:19.822+0000][382.795s][info ][safepoint     ] Entering safepoint region: Cleanup
[2024-05-14T11:43:19.822+0000][382.796s][debug][safepoint     ] ... found polling page return exception at pc = 0x00007f320ca20556, stub =0x00007f3204824b00
[2024-05-14T11:43:19.822+0000][382.796s][info ][safepoint     ] Leaving safepoint region
[2024-05-14T11:43:19.823+0000][382.796s][info ][safepoint     ] Total time for which application threads were stopped: 0.0016456 seconds, Stopping threads took: 0.0007417 seconds
[2024-05-14T11:43:20.823+0000][383.797s][debug][safepoint     ] Safepoint synchronization initiated. (368 threads)
[2024-05-14T11:43:20.823+0000][383.797s][info ][safepoint     ] Application time: 1.0003963 seconds
[2024-05-14T11:43:20.823+0000][383.797s][info ][safepoint     ] Entering safepoint region: Cleanup
[2024-05-14T11:43:20.824+0000][383.798s][info ][safepoint     ] Leaving safepoint region
[2024-05-14T11:43:20.824+0000][383.798s][info ][safepoint     ] Total time for which application threads were stopped: 0.0012227 seconds, Stopping threads took: 0.0003556 seconds
[2024-05-14T11:43:21.825+0000][384.798s][debug][safepoint     ] Safepoint synchronization initiated. (368 threads)
[2024-05-14T11:43:21.825+0000][384.798s][info ][safepoint     ] Application time: 1.0002827 seconds
[2024-05-14T11:43:21.825+0000][384.799s][info ][safepoint     ] Entering safepoint region: Cleanup
[2024-05-14T11:43:21.826+0000][384.799s][info ][safepoint     ] Leaving safepoint region
[2024-05-14T11:43:21.826+0000][384.799s][info ][safepoint     ] Total time for which application threads were stopped: 0.0010135 seconds, Stopping threads took: 0.0003045 seconds
[2024-05-14T11:43:22.826+0000][385.800s][debug][safepoint     ] Safepoint synchronization initiated. (368 threads)
[2024-05-14T11:43:22.826+0000][385.800s][info ][safepoint     ] Application time: 1.0003977 seconds
[2024-05-14T11:43:22.826+0000][385.800s][info ][safepoint     ] Entering safepoint region: Cleanup
[2024-05-14T11:43:22.827+0000][385.801s][info ][safepoint     ] Leaving safepoint region
[2024-05-14T11:43:22.827+0000][385.801s][info ][safepoint     ] Total time for which application threads were stopped: 0.0012411 seconds, Stopping threads took: 0.0003806 seconds
[2024-05-14T11:43:23.828+0000][386.801s][debug][safepoint     ] Safepoint synchronization initiated. (368 threads)
[2024-05-14T11:43:23.828+0000][386.801s][info ][safepoint     ] Application time: 1.0002553 seconds
[2024-05-14T11:43:23.828+0000][386.802s][info ][safepoint     ] Entering safepoint region: Cleanup
[2024-05-14T11:43:23.829+0000][386.803s][info ][safepoint     ] Leaving safepoint region
[2024-05-14T11:43:23.829+0000][386.803s][info ][safepoint     ] Total time for which application threads were stopped: 0.0014528 seconds, Stopping threads took: 0.0007723 seconds
[2024-05-14T11:43:24.829+0000][387.803s][debug][safepoint     ] Safepoint synchronization initiated. (368 threads)
[2024-05-14T11:43:24.829+0000][387.803s][info ][safepoint     ] Application time: 1.0002336 seconds
[2024-05-14T11:43:24.830+0000][387.804s][debug][safepoint     ] ... found polling page return exception at pc = 0x00007f320cbf4ce9, stub =0x00007f3204824b00
[2024-05-14T11:43:24.830+0000][387.804s][debug][safepoint     ] ... found polling page return exception at pc = 0x00007f320c3db29f, stub =0x00007f3204824b00
[2024-05-14T11:43:24.831+0000][387.804s][debug][safepoint     ] Waiting for 2 thread(s) to block
[2024-05-14T11:43:24.831+0000][387.805s][info ][safepoint     ] Entering safepoint region: Cleanup
[2024-05-14T11:43:24.831+0000][387.805s][debug][safepoint     ] ... found polling page return exception at pc = 0x00007f320ca20556, stub =0x00007f3204824b00
[2024-05-14T11:43:24.831+0000][387.805s][info ][safepoint     ] Leaving safepoint region
[2024-05-14T11:43:24.832+0000][387.805s][info ][safepoint     ] Total time for which application threads were stopped: 0.0020966 seconds, Stopping threads took: 0.0015107 seconds
[2024-05-14T11:43:25.832+0000][388.805s][debug][safepoint     ] Safepoint synchronization initiated. (368 threads)
[2024-05-14T11:43:25.832+0000][388.805s][info ][safepoint     ] Application time: 1.0001962 seconds
[2024-05-14T11:43:25.832+0000][388.806s][info ][safepoint     ] Entering safepoint region: Cleanup
[2024-05-14T11:43:25.833+0000][388.806s][info ][safepoint     ] Leaving safepoint region
[2024-05-14T11:43:25.833+0000][388.806s][info ][safepoint     ] Total time for which application threads were stopped: 0.0008373 seconds, Stopping threads took: 0.0002544 seconds
[2024-05-14T11:43:26.834+0000][389.807s][debug][safepoint     ] Safepoint synchronization initiated. (368 threads)
[2024-05-14T11:43:26.834+0000][389.808s][info ][safepoint     ] Application time: 1.0011908 seconds
[2024-05-14T11:43:26.834+0000][389.808s][debug][safepoint     ] Waiting for 1 thread(s) to block
[2024-05-14T11:43:26.834+0000][389.808s][info ][safepoint     ] Entering safepoint region: Cleanup
[2024-05-14T11:43:26.835+0000][389.809s][info ][safepoint     ] Leaving safepoint region
[2024-05-14T11:43:26.835+0000][389.809s][info ][safepoint     ] Total time for which application threads were stopped: 0.0010265 seconds, Stopping threads took: 0.0004215 seconds
[2024-05-14T11:43:27.835+0000][390.809s][debug][safepoint     ] Safepoint synchronization initiated. (368 threads)
[2024-05-14T11:43:27.835+0000][390.809s][info ][safepoint     ] Application time: 1.0003772 seconds
[2024-05-14T11:43:27.836+0000][390.809s][info ][safepoint     ] Entering safepoint region: Cleanup
[2024-05-14T11:43:27.837+0000][390.811s][info ][safepoint     ] Leaving safepoint region
[2024-05-14T11:43:27.837+0000][390.811s][info ][safepoint     ] Total time for which application threads were stopped: 0.0015861 seconds, Stopping threads took: 0.0004918 seconds
[2024-05-14T11:43:28.837+0000][391.811s][debug][safepoint     ] Safepoint synchronization initiated. (368 threads)
[2024-05-14T11:43:28.837+0000][391.811s][info ][safepoint     ] Application time: 1.0002609 seconds
[2024-05-14T11:43:28.838+0000][391.812s][info ][safepoint     ] Entering safepoint region: Cleanup
[2024-05-14T11:43:28.839+0000][391.813s][info ][safepoint     ] Leaving safepoint region
[2024-05-14T11:43:28.839+0000][391.813s][info ][safepoint     ] Total time for which application threads were stopped: 0.0017293 seconds, Stopping threads took: 0.0007179 seconds
[2024-05-14T11:43:29.839+0000][392.813s][debug][safepoint     ] Safepoint synchronization initiated. (369 threads)
[2024-05-14T11:43:29.839+0000][392.813s][info ][safepoint     ] Application time: 1.0003196 seconds
[2024-05-14T11:43:29.840+0000][392.813s][info ][safepoint     ] Entering safepoint region: Cleanup
[2024-05-14T11:43:29.841+0000][392.814s][info ][safepoint     ] Leaving safepoint region
[2024-05-14T11:43:29.841+0000][392.814s][info ][safepoint     ] Total time for which application threads were stopped: 0.0013098 seconds, Stopping threads took: 0.0003843 seconds
[2024-05-14T11:43:30.841+0000][393.815s][debug][safepoint     ] Safepoint synchronization initiated. (369 threads)
[2024-05-14T11:43:30.841+0000][393.815s][info ][safepoint     ] Application time: 1.0002108 seconds
[2024-05-14T11:43:30.841+0000][393.815s][debug][safepoint     ] ... found polling page return exception at pc = 0x00007f320779d4b1, stub =0x00007f3204824b00
[2024-05-14T11:43:30.841+0000][393.815s][debug][safepoint     ] Waiting for 1 thread(s) to block
[2024-05-14T11:43:30.841+0000][393.815s][info ][safepoint     ] Entering safepoint region: Cleanup
[2024-05-14T11:43:30.842+0000][393.816s][info ][safepoint     ] Leaving safepoint region
[2024-05-14T11:43:30.842+0000][393.816s][info ][safepoint     ] Total time for which application threads were stopped: 0.0014582 seconds, Stopping threads took: 0.0005242 seconds
[2024-05-14T11:43:31.843+0000][394.816s][debug][safepoint     ] Safepoint synchronization initiated. (369 threads)
[2024-05-14T11:43:31.843+0000][394.816s][info ][safepoint     ] Application time: 1.0002979 seconds
[2024-05-14T11:43:31.843+0000][394.817s][info ][safepoint     ] Entering safepoint region: Cleanup
[2024-05-14T11:43:31.844+0000][394.818s][info ][safepoint     ] Leaving safepoint region
[2024-05-14T11:43:31.844+0000][394.818s][info ][safepoint     ] Total time for which application threads were stopped: 0.0013647 seconds, Stopping threads took: 0.0004860 seconds
[2024-05-14T11:43:32.844+0000][395.818s][debug][safepoint     ] Safepoint synchronization initiated. (369 threads)
[2024-05-14T11:43:32.844+0000][395.818s][info ][safepoint     ] Application time: 1.0002800 seconds
[2024-05-14T11:43:32.846+0000][395.819s][info ][safepoint     ] Entering safepoint region: Cleanup
[2024-05-14T11:43:32.847+0000][395.821s][info ][safepoint     ] Leaving safepoint region
[2024-05-14T11:43:32.847+0000][395.821s][info ][safepoint     ] Total time for which application threads were stopped: 0.0025008 seconds, Stopping threads took: 0.0012546 seconds
[2024-05-14T11:43:32.847+0000][395.821s][debug][safepoint     ] ... found polling page return exception at pc = 0x00007f320ca20556, stub =0x00007f3204824b00
[2024-05-14T11:43:33.847+0000][396.821s][debug][safepoint     ] Safepoint synchronization initiated. (369 threads)
[2024-05-14T11:43:33.847+0000][396.821s][info ][safepoint     ] Application time: 1.0003528 seconds
[2024-05-14T11:43:33.848+0000][396.822s][info ][safepoint     ] Entering safepoint region: Cleanup
[2024-05-14T11:43:33.849+0000][396.823s][info ][safepoint     ] Leaving safepoint region
[2024-05-14T11:43:33.849+0000][396.823s][info ][safepoint     ] Total time for which application threads were stopped: 0.0017496 seconds, Stopping threads took: 0.0008426 seconds
[2024-05-14T11:43:34.849+0000][397.823s][debug][safepoint     ] Safepoint synchronization initiated. (369 threads)
[2024-05-14T11:43:34.849+0000][397.823s][info ][safepoint     ] Application time: 1.0001591 seconds
[2024-05-14T11:43:34.849+0000][397.823s][info ][safepoint     ] Entering safepoint region: Cleanup
[2024-05-14T11:43:34.850+0000][397.824s][info ][safepoint     ] Leaving safepoint region
[2024-05-14T11:43:34.850+0000][397.824s][info ][safepoint     ] Total time for which application threads were stopped: 0.0008098 seconds, Stopping threads took: 0.0002345 seconds
[2024-05-14T11:43:35.851+0000][398.824s][debug][safepoint     ] Safepoint synchronization initiated. (369 threads)
[2024-05-14T11:43:35.851+0000][398.824s][info ][safepoint     ] Application time: 1.0005661 seconds
[2024-05-14T11:43:35.851+0000][398.825s][info ][safepoint     ] Entering safepoint region: Cleanup
[2024-05-14T11:43:35.851+0000][398.825s][info ][safepoint     ] Leaving safepoint region
[2024-05-14T11:43:35.851+0000][398.825s][info ][safepoint     ] Total time for which application threads were stopped: 0.0007985 seconds, Stopping threads took: 0.0002559 seconds
[2024-05-14T11:43:36.460+0000][399.433s][debug][safepoint     ] Safepoint synchronization initiated. (369 threads)
[2024-05-14T11:43:36.460+0000][399.433s][info ][safepoint     ] Application time: 0.6082191 seconds
[2024-05-14T11:43:36.460+0000][399.434s][debug][safepoint     ] ... found polling page return exception at pc = 0x00007f320c8b8f86, stub =0x00007f3204824b00
[2024-05-14T11:43:36.460+0000][399.434s][debug][safepoint     ] Waiting for 1 thread(s) to block
[2024-05-14T11:43:36.460+0000][399.434s][info ][safepoint     ] Entering safepoint region: G1CollectForAllocation
[2024-05-14T11:43:36.462+0000][399.436s][info ][gc,start      ] GC(85) Pause Young (Normal) (G1 Evacuation Pause)
[2024-05-14T11:43:36.462+0000][399.436s][info ][gc,task       ] GC(85) Using 4 workers of 4 for evacuation
[2024-05-14T11:43:36.492+0000][399.466s][info ][gc,phases     ] GC(85)   Pre Evacuate Collection Set: 0.2ms
[2024-05-14T11:43:36.492+0000][399.466s][info ][gc,phases     ] GC(85)   Evacuate Collection Set: 17.3ms
[2024-05-14T11:43:36.492+0000][399.466s][info ][gc,phases     ] GC(85)   Post Evacuate Collection Set: 11.2ms
[2024-05-14T11:43:36.492+0000][399.466s][info ][gc,phases     ] GC(85)   Other: 2.3ms
[2024-05-14T11:43:36.492+0000][399.466s][info ][gc,heap       ] GC(85) Eden regions: 172->0(173)
[2024-05-14T11:43:36.492+0000][399.466s][info ][gc,heap       ] GC(85) Survivor regions: 2->2(22)
[2024-05-14T11:43:36.492+0000][399.466s][info ][gc,heap       ] GC(85) Old regions: 178->178
[2024-05-14T11:43:36.492+0000][399.466s][info ][gc,heap       ] GC(85) Humongous regions: 0->0
[2024-05-14T11:43:36.492+0000][399.466s][info ][gc,metaspace  ] GC(85) Metaspace: 185978K(192240K)->185978K(192240K) NonClass: 164922K(168740K)->164922K(168740K) Class: 21056K(23500K)->21056K(23500K)
[2024-05-14T11:43:36.492+0000][399.466s][info ][gc            ] GC(85) Pause Young (Normal) (G1 Evacuation Pause) 350M->178M(398M) 30.065ms
[2024-05-14T11:43:36.492+0000][399.466s][info ][gc,cpu        ] GC(85) User=0.11s Sys=0.00s Real=0.03s
[2024-05-14T11:43:36.493+0000][399.466s][info ][safepoint     ] Leaving safepoint region
[2024-05-14T11:43:36.493+0000][399.466s][info ][safepoint     ] Total time for which application threads were stopped: 0.0327640 seconds, Stopping threads took: 0.0006467 seconds
[2024-05-14T11:43:36.493+0000][399.466s][info ][gc,stringdedup] Concurrent String Deduplication (399.466s)
[2024-05-14T11:43:36.494+0000][399.467s][info ][gc,stringdedup] Concurrent String Deduplication 91992.0B->456.0B(91536.0B) avg 54.6% (399.466s, 399.467s) 1.094ms
[2024-05-14T11:43:37.493+0000][400.467s][debug][safepoint     ] Safepoint synchronization initiated. (369 threads)
[2024-05-14T11:43:37.493+0000][400.467s][info ][safepoint     ] Application time: 1.0003383 seconds
[2024-05-14T11:43:37.493+0000][400.467s][info ][safepoint     ] Entering safepoint region: Cleanup
[2024-05-14T11:43:37.494+0000][400.468s][info ][safepoint     ] Leaving safepoint region
[2024-05-14T11:43:37.494+0000][400.468s][info ][safepoint     ] Total time for which application threads were stopped: 0.0011842 seconds, Stopping threads took: 0.0003360 seconds
[2024-05-14T11:43:38.494+0000][401.468s][debug][safepoint     ] Safepoint synchronization initiated. (369 threads)
[2024-05-14T11:43:38.494+0000][401.468s][info ][safepoint     ] Application time: 1.0002895 seconds
[2024-05-14T11:43:38.495+0000][401.469s][info ][safepoint     ] Entering safepoint region: Cleanup
[2024-05-14T11:43:38.496+0000][401.469s][info ][safepoint     ] Leaving safepoint region
[2024-05-14T11:43:38.496+0000][401.469s][info ][safepoint     ] Total time for which application threads were stopped: 0.0012687 seconds, Stopping threads took: 0.0004031 seconds
[2024-05-14T11:43:39.496+0000][402.470s][debug][safepoint     ] Safepoint synchronization initiated. (369 threads)
[2024-05-14T11:43:39.496+0000][402.470s][info ][safepoint     ] Application time: 1.0001989 seconds
[2024-05-14T11:43:39.497+0000][402.470s][debug][safepoint     ] ... found polling page return exception at pc = 0x00007f320c3ab45f, stub =0x00007f3204824b00
[2024-05-14T11:43:39.497+0000][402.471s][debug][safepoint     ] Waiting for 1 thread(s) to block
[2024-05-14T11:43:39.497+0000][402.471s][info ][safepoint     ] Entering safepoint region: Cleanup
[2024-05-14T11:43:39.498+0000][402.471s][info ][safepoint     ] Leaving safepoint region
[2024-05-14T11:43:39.498+0000][402.471s][info ][safepoint     ] Total time for which application threads were stopped: 0.0015704 seconds, Stopping threads took: 0.0010239 seconds
[2024-05-14T11:43:40.498+0000][403.471s][debug][safepoint     ] Safepoint synchronization initiated. (369 threads)
[2024-05-14T11:43:40.498+0000][403.472s][info ][safepoint     ] Application time: 1.0002942 seconds
[2024-05-14T11:43:40.498+0000][403.472s][info ][safepoint     ] Entering safepoint region: Cleanup
[2024-05-14T11:43:40.499+0000][403.473s][info ][safepoint     ] Leaving safepoint region
[2024-05-14T11:43:40.499+0000][403.473s][info ][safepoint     ] Total time for which application threads were stopped: 0.0011530 seconds, Stopping threads took: 0.0003479 seconds
[2024-05-14T11:43:41.499+0000][404.473s][debug][safepoint     ] Safepoint synchronization initiated. (369 threads)
[2024-05-14T11:43:41.499+0000][404.473s][info ][safepoint     ] Application time: 1.0001972 seconds
[2024-05-14T11:43:41.500+0000][404.473s][info ][safepoint     ] Entering safepoint region: Cleanup
[2024-05-14T11:43:41.500+0000][404.474s][info ][safepoint     ] Leaving safepoint region
[2024-05-14T11:43:41.500+0000][404.474s][info ][safepoint     ] Total time for which application threads were stopped: 0.0008936 seconds, Stopping threads took: 0.0003114 seconds
[2024-05-14T11:43:42.500+0000][405.474s][debug][safepoint     ] Safepoint synchronization initiated. (369 threads)
[2024-05-14T11:43:42.500+0000][405.474s][info ][safepoint     ] Application time: 1.0003097 seconds
[2024-05-14T11:43:42.501+0000][405.474s][info ][safepoint     ] Entering safepoint region: Cleanup
[2024-05-14T11:43:42.501+0000][405.475s][info ][safepoint     ] Leaving safepoint region
[2024-05-14T11:43:42.501+0000][405.475s][info ][safepoint     ] Total time for which application threads were stopped: 0.0008688 seconds, Stopping threads took: 0.0002660 seconds
[2024-05-14T11:43:43.502+0000][406.475s][debug][safepoint     ] Safepoint synchronization initiated. (369 threads)
[2024-05-14T11:43:43.502+0000][406.475s][info ][safepoint     ] Application time: 1.0002670 seconds
[2024-05-14T11:43:43.502+0000][406.476s][info ][safepoint     ] Entering safepoint region: Cleanup
[2024-05-14T11:43:43.503+0000][406.476s][info ][safepoint     ] Leaving safepoint region
[2024-05-14T11:43:43.503+0000][406.477s][info ][safepoint     ] Total time for which application threads were stopped: 0.0010589 seconds, Stopping threads took: 0.0003002 seconds
[2024-05-14T11:43:44.503+0000][407.477s][debug][safepoint     ] Safepoint synchronization initiated. (369 threads)
[2024-05-14T11:43:44.503+0000][407.477s][info ][safepoint     ] Application time: 1.0003681 seconds
[2024-05-14T11:43:44.504+0000][407.477s][info ][safepoint     ] Entering safepoint region: Cleanup
[2024-05-14T11:43:44.504+0000][407.478s][info ][safepoint     ] Leaving safepoint region
[2024-05-14T11:43:44.504+0000][407.478s][info ][safepoint     ] Total time for which application threads were stopped: 0.0010966 seconds, Stopping threads took: 0.0004178 seconds
[2024-05-14T11:43:45.505+0000][408.478s][debug][safepoint     ] Safepoint synchronization initiated. (369 threads)
[2024-05-14T11:43:45.505+0000][408.478s][info ][safepoint     ] Application time: 1.0003581 seconds
[2024-05-14T11:43:45.505+0000][408.479s][info ][safepoint     ] Entering safepoint region: Cleanup
[2024-05-14T11:43:45.506+0000][408.480s][info ][safepoint     ] Leaving safepoint region
[2024-05-14T11:43:45.506+0000][408.480s][info ][safepoint     ] Total time for which application threads were stopped: 0.0012744 seconds, Stopping threads took: 0.0004010 seconds
[2024-05-14T11:43:46.506+0000][409.480s][debug][safepoint     ] Safepoint synchronization initiated. (369 threads)
[2024-05-14T11:43:46.506+0000][409.480s][info ][safepoint     ] Application time: 1.0003003 seconds
[2024-05-14T11:43:46.507+0000][409.480s][info ][safepoint     ] Entering safepoint region: Cleanup
[2024-05-14T11:43:46.507+0000][409.481s][info ][safepoint     ] Leaving safepoint region
[2024-05-14T11:43:46.508+0000][409.481s][info ][safepoint     ] Total time for which application threads were stopped: 0.0011423 seconds, Stopping threads took: 0.0003851 seconds
[2024-05-14T11:43:47.508+0000][410.482s][debug][safepoint     ] Safepoint synchronization initiated. (369 threads)
[2024-05-14T11:43:47.508+0000][410.482s][info ][safepoint     ] Application time: 1.0003105 seconds
[2024-05-14T11:43:47.508+0000][410.482s][info ][safepoint     ] Entering safepoint region: Cleanup
[2024-05-14T11:43:47.509+0000][410.482s][info ][safepoint     ] Leaving safepoint region
[2024-05-14T11:43:47.509+0000][410.482s][info ][safepoint     ] Total time for which application threads were stopped: 0.0008416 seconds, Stopping threads took: 0.0002741 seconds
[2024-05-14T11:43:48.509+0000][411.483s][debug][safepoint     ] Safepoint synchronization initiated. (369 threads)
[2024-05-14T11:43:48.509+0000][411.483s][info ][safepoint     ] Application time: 1.0003605 seconds
[2024-05-14T11:43:48.509+0000][411.483s][info ][safepoint     ] Entering safepoint region: Cleanup
[2024-05-14T11:43:48.510+0000][411.484s][info ][safepoint     ] Leaving safepoint region
[2024-05-14T11:43:48.510+0000][411.484s][info ][safepoint     ] Total time for which application threads were stopped: 0.0010781 seconds, Stopping threads took: 0.0003140 seconds
[2024-05-14T11:43:49.511+0000][412.484s][debug][safepoint     ] Safepoint synchronization initiated. (369 threads)
[2024-05-14T11:43:49.511+0000][412.484s][info ][safepoint     ] Application time: 1.0003458 seconds
[2024-05-14T11:43:49.511+0000][412.485s][info ][safepoint     ] Entering safepoint region: Cleanup
[2024-05-14T11:43:49.512+0000][412.485s][info ][safepoint     ] Leaving safepoint region
[2024-05-14T11:43:49.512+0000][412.485s][info ][safepoint     ] Total time for which application threads were stopped: 0.0009808 seconds, Stopping threads took: 0.0003429 seconds
[2024-05-14T11:43:50.512+0000][413.486s][debug][safepoint     ] Safepoint synchronization initiated. (369 threads)
[2024-05-14T11:43:50.512+0000][413.486s][info ][safepoint     ] Application time: 1.0002159 seconds
[2024-05-14T11:43:50.512+0000][413.486s][info ][safepoint     ] Entering safepoint region: Cleanup
[2024-05-14T11:43:50.513+0000][413.486s][info ][safepoint     ] Leaving safepoint region
[2024-05-14T11:43:50.513+0000][413.486s][info ][safepoint     ] Total time for which application threads were stopped: 0.0006735 seconds, Stopping threads took: 0.0002552 seconds
[2024-05-14T11:43:51.513+0000][414.487s][debug][safepoint     ] Safepoint synchronization initiated. (368 threads)
[2024-05-14T11:43:51.513+0000][414.487s][info ][safepoint     ] Application time: 1.0002495 seconds
[2024-05-14T11:43:51.513+0000][414.487s][info ][safepoint     ] Entering safepoint region: Cleanup
[2024-05-14T11:43:51.514+0000][414.487s][info ][safepoint     ] Leaving safepoint region
[2024-05-14T11:43:51.514+0000][414.488s][info ][safepoint     ] Total time for which application threads were stopped: 0.0008760 seconds, Stopping threads took: 0.0003288 seconds
[2024-05-14T11:43:52.514+0000][415.488s][debug][safepoint     ] Safepoint synchronization initiated. (368 threads)
[2024-05-14T11:43:52.514+0000][415.488s][info ][safepoint     ] Application time: 1.0001793 seconds
[2024-05-14T11:43:52.514+0000][415.488s][info ][safepoint     ] Entering safepoint region: Cleanup
[2024-05-14T11:43:52.515+0000][415.488s][info ][safepoint     ] Leaving safepoint region
[2024-05-14T11:43:52.515+0000][415.488s][info ][safepoint     ] Total time for which application threads were stopped: 0.0005661 seconds, Stopping threads took: 0.0001924 seconds
[2024-05-14T11:43:53.515+0000][416.488s][debug][safepoint     ] Safepoint synchronization initiated. (368 threads)
[2024-05-14T11:43:53.515+0000][416.489s][info ][safepoint     ] Application time: 1.0002432 seconds
[2024-05-14T11:43:53.515+0000][416.489s][debug][safepoint     ] ... found polling page return exception at pc = 0x00007f320cbe669f, stub =0x00007f3204824b00
[2024-05-14T11:43:53.515+0000][416.489s][debug][safepoint     ] Waiting for 2 thread(s) to block
[2024-05-14T11:43:53.515+0000][416.489s][info ][safepoint     ] Entering safepoint region: Cleanup
[2024-05-14T11:43:53.516+0000][416.489s][info ][safepoint     ] Leaving safepoint region
[2024-05-14T11:43:53.516+0000][416.489s][info ][safepoint     ] Total time for which application threads were stopped: 0.0008951 seconds, Stopping threads took: 0.0004403 seconds
[2024-05-14T11:43:54.516+0000][417.490s][debug][safepoint     ] Safepoint synchronization initiated. (368 threads)
[2024-05-14T11:43:54.516+0000][417.490s][info ][safepoint     ] Application time: 1.0002988 seconds
[2024-05-14T11:43:54.517+0000][417.490s][info ][safepoint     ] Entering safepoint region: Cleanup
[2024-05-14T11:43:54.517+0000][417.491s][info ][safepoint     ] Leaving safepoint region
[2024-05-14T11:43:54.517+0000][417.491s][debug][safepoint     ] ... found polling page return exception at pc = 0x00007f320ca20556, stub =0x00007f3204824b00
[2024-05-14T11:43:54.517+0000][417.491s][debug][safepoint     ] ... found polling page return exception at pc = 0x00007f320ca20556, stub =0x00007f3204824b00
[2024-05-14T11:43:54.518+0000][417.491s][info ][safepoint     ] Total time for which application threads were stopped: 0.0014081 seconds, Stopping threads took: 0.0004834 seconds
[2024-05-14T11:43:55.518+0000][418.492s][debug][safepoint     ] Safepoint synchronization initiated. (368 threads)
[2024-05-14T11:43:55.518+0000][418.492s][info ][safepoint     ] Application time: 1.0002539 seconds
[2024-05-14T11:43:55.518+0000][418.492s][info ][safepoint     ] Entering safepoint region: Cleanup
[2024-05-14T11:43:55.519+0000][418.493s][info ][safepoint     ] Leaving safepoint region
[2024-05-14T11:43:55.519+0000][418.493s][info ][safepoint     ] Total time for which application threads were stopped: 0.0007308 seconds, Stopping threads took: 0.0002521 seconds
[2024-05-14T11:43:55.519+0000][418.493s][debug][safepoint     ] ... found polling page return exception at pc = 0x00007f320ca20556, stub =0x00007f3204824b00
[2024-05-14T11:43:56.519+0000][419.493s][debug][safepoint     ] Safepoint synchronization initiated. (367 threads)
[2024-05-14T11:43:56.519+0000][419.493s][info ][safepoint     ] Application time: 1.0003185 seconds
[2024-05-14T11:43:56.520+0000][419.493s][info ][safepoint     ] Entering safepoint region: Cleanup
[2024-05-14T11:43:56.520+0000][419.494s][info ][safepoint     ] Leaving safepoint region
[2024-05-14T11:43:56.520+0000][419.494s][info ][safepoint     ] Total time for which application threads were stopped: 0.0011571 seconds, Stopping threads took: 0.0005069 seconds
[2024-05-14T11:43:57.521+0000][420.494s][debug][safepoint     ] Safepoint synchronization initiated. (367 threads)
[2024-05-14T11:43:57.521+0000][420.494s][info ][safepoint     ] Application time: 1.0002067 seconds
[2024-05-14T11:43:57.521+0000][420.495s][info ][safepoint     ] Entering safepoint region: Cleanup
[2024-05-14T11:43:57.522+0000][420.495s][info ][safepoint     ] Leaving safepoint region
[2024-05-14T11:43:57.522+0000][420.495s][info ][safepoint     ] Total time for which application threads were stopped: 0.0009585 seconds, Stopping threads took: 0.0002312 seconds
[2024-05-14T11:43:58.522+0000][421.496s][debug][safepoint     ] Safepoint synchronization initiated. (367 threads)
[2024-05-14T11:43:58.522+0000][421.496s][info ][safepoint     ] Application time: 1.0003648 seconds
[2024-05-14T11:43:58.522+0000][421.496s][debug][safepoint     ] Waiting for 1 thread(s) to block
[2024-05-14T11:43:58.523+0000][421.496s][info ][safepoint     ] Entering safepoint region: Cleanup
[2024-05-14T11:43:58.523+0000][421.497s][info ][safepoint     ] Leaving safepoint region
[2024-05-14T11:43:58.523+0000][421.497s][info ][safepoint     ] Total time for which application threads were stopped: 0.0012251 seconds, Stopping threads took: 0.0005551 seconds
[2024-05-14T11:43:59.248+0000][422.222s][debug][safepoint     ] Safepoint synchronization initiated. (367 threads)
[2024-05-14T11:43:59.248+0000][422.222s][info ][safepoint     ] Application time: 0.7249308 seconds
[2024-05-14T11:43:59.249+0000][422.223s][info ][safepoint     ] Entering safepoint region: G1CollectForAllocation
[2024-05-14T11:43:59.250+0000][422.224s][info ][gc,start      ] GC(86) Pause Young (Normal) (G1 Evacuation Pause)
[2024-05-14T11:43:59.250+0000][422.224s][info ][gc,task       ] GC(86) Using 4 workers of 4 for evacuation
[2024-05-14T11:43:59.272+0000][422.245s][info ][gc,phases     ] GC(86)   Pre Evacuate Collection Set: 0.1ms
[2024-05-14T11:43:59.272+0000][422.246s][info ][gc,phases     ] GC(86)   Evacuate Collection Set: 13.1ms
[2024-05-14T11:43:59.272+0000][422.246s][info ][gc,phases     ] GC(86)   Post Evacuate Collection Set: 7.1ms
[2024-05-14T11:43:59.272+0000][422.246s][info ][gc,phases     ] GC(86)   Other: 1.7ms
[2024-05-14T11:43:59.272+0000][422.246s][info ][gc,heap       ] GC(86) Eden regions: 173->0(172)
[2024-05-14T11:43:59.272+0000][422.246s][info ][gc,heap       ] GC(86) Survivor regions: 2->2(22)
[2024-05-14T11:43:59.272+0000][422.246s][info ][gc,heap       ] GC(86) Old regions: 178->179
[2024-05-14T11:43:59.272+0000][422.246s][info ][gc,heap       ] GC(86) Humongous regions: 0->0
[2024-05-14T11:43:59.272+0000][422.246s][info ][gc,metaspace  ] GC(86) Metaspace: 185990K(192240K)->185990K(192240K) NonClass: 164934K(168740K)->164934K(168740K) Class: 21056K(23500K)->21056K(23500K)
[2024-05-14T11:43:59.272+0000][422.246s][info ][gc            ] GC(86) Pause Young (Normal) (G1 Evacuation Pause) 351M->178M(398M) 21.701ms
[2024-05-14T11:43:59.272+0000][422.246s][info ][gc,cpu        ] GC(86) User=0.06s Sys=0.01s Real=0.02s
[2024-05-14T11:43:59.272+0000][422.246s][info ][safepoint     ] Leaving safepoint region
[2024-05-14T11:43:59.272+0000][422.246s][info ][safepoint     ] Total time for which application threads were stopped: 0.0239973 seconds, Stopping threads took: 0.0007899 seconds
[2024-05-14T11:43:59.272+0000][422.246s][info ][gc,stringdedup] Concurrent String Deduplication (422.246s)
[2024-05-14T11:43:59.272+0000][422.246s][info ][gc,stringdedup] Concurrent String Deduplication 7304.0B->96.0B(7208.0B) avg 54.6% (422.246s, 422.246s) 0.090ms
[2024-05-14T11:44:00.272+0000][423.246s][debug][safepoint     ] Safepoint synchronization initiated. (367 threads)
[2024-05-14T11:44:00.273+0000][423.246s][info ][safepoint     ] Application time: 1.0002329 seconds
[2024-05-14T11:44:00.273+0000][423.247s][info ][safepoint     ] Entering safepoint region: Cleanup
[2024-05-14T11:44:00.274+0000][423.248s][info ][safepoint     ] Leaving safepoint region
[2024-05-14T11:44:00.274+0000][423.248s][info ][safepoint     ] Total time for which application threads were stopped: 0.0015424 seconds, Stopping threads took: 0.0008451 seconds
[2024-05-14T11:44:01.274+0000][424.248s][debug][safepoint     ] Safepoint synchronization initiated. (367 threads)
[2024-05-14T11:44:01.274+0000][424.248s][info ][safepoint     ] Application time: 1.0002687 seconds
[2024-05-14T11:44:01.275+0000][424.248s][info ][safepoint     ] Entering safepoint region: Cleanup
[2024-05-14T11:44:01.275+0000][424.249s][info ][safepoint     ] Leaving safepoint region
[2024-05-14T11:44:01.275+0000][424.249s][info ][safepoint     ] Total time for which application threads were stopped: 0.0009465 seconds, Stopping threads took: 0.0002436 seconds
[2024-05-14T11:44:02.275+0000][425.249s][debug][safepoint     ] Safepoint synchronization initiated. (367 threads)
[2024-05-14T11:44:02.276+0000][425.249s][info ][safepoint     ] Application time: 1.0001605 seconds
[2024-05-14T11:44:02.276+0000][425.249s][info ][safepoint     ] Entering safepoint region: Cleanup
[2024-05-14T11:44:02.276+0000][425.250s][info ][safepoint     ] Leaving safepoint region
[2024-05-14T11:44:02.276+0000][425.250s][info ][safepoint     ] Total time for which application threads were stopped: 0.0006026 seconds, Stopping threads took: 0.0001831 seconds
[2024-05-14T11:44:03.276+0000][426.250s][debug][safepoint     ] Safepoint synchronization initiated. (367 threads)
[2024-05-14T11:44:03.276+0000][426.250s][info ][safepoint     ] Application time: 1.0003191 seconds
[2024-05-14T11:44:03.277+0000][426.250s][info ][safepoint     ] Entering safepoint region: Cleanup
[2024-05-14T11:44:03.278+0000][426.251s][info ][safepoint     ] Leaving safepoint region
[2024-05-14T11:44:03.278+0000][426.251s][info ][safepoint     ] Total time for which application threads were stopped: 0.0011165 seconds, Stopping threads took: 0.0002556 seconds
[2024-05-14T11:44:04.278+0000][427.251s][debug][safepoint     ] Safepoint synchronization initiated. (367 threads)
[2024-05-14T11:44:04.278+0000][427.252s][info ][safepoint     ] Application time: 1.0001795 seconds
[2024-05-14T11:44:04.278+0000][427.252s][info ][safepoint     ] Entering safepoint region: Cleanup
[2024-05-14T11:44:04.279+0000][427.253s][info ][safepoint     ] Leaving safepoint region
[2024-05-14T11:44:04.279+0000][427.253s][info ][safepoint     ] Total time for which application threads were stopped: 0.0010696 seconds, Stopping threads took: 0.0003726 seconds
[2024-05-14T11:44:05.279+0000][428.253s][debug][safepoint     ] Safepoint synchronization initiated. (367 threads)
[2024-05-14T11:44:05.279+0000][428.253s][info ][safepoint     ] Application time: 1.0002822 seconds
[2024-05-14T11:44:05.279+0000][428.253s][debug][safepoint     ] ... found polling page return exception at pc = 0x00007f320cd41b72, stub =0x00007f3204824b00
[2024-05-14T11:44:05.279+0000][428.253s][debug][safepoint     ] Waiting for 1 thread(s) to block
[2024-05-14T11:44:05.280+0000][428.253s][info ][safepoint     ] Entering safepoint region: Cleanup
[2024-05-14T11:44:05.280+0000][428.254s][info ][safepoint     ] Leaving safepoint region
[2024-05-14T11:44:05.281+0000][428.254s][info ][safepoint     ] Total time for which application threads were stopped: 0.0012570 seconds, Stopping threads took: 0.0004693 seconds
[2024-05-14T11:44:06.281+0000][429.254s][debug][safepoint     ] Safepoint synchronization initiated. (367 threads)
[2024-05-14T11:44:06.281+0000][429.255s][info ][safepoint     ] Application time: 1.0002752 seconds
[2024-05-14T11:44:06.281+0000][429.255s][info ][safepoint     ] Entering safepoint region: Cleanup
[2024-05-14T11:44:06.282+0000][429.256s][info ][safepoint     ] Leaving safepoint region
[2024-05-14T11:44:06.282+0000][429.256s][info ][safepoint     ] Total time for which application threads were stopped: 0.0011119 seconds, Stopping threads took: 0.0004429 seconds
[2024-05-14T11:44:07.282+0000][430.256s][debug][safepoint     ] Safepoint synchronization initiated. (367 threads)
[2024-05-14T11:44:07.282+0000][430.256s][info ][safepoint     ] Application time: 1.0001323 seconds
[2024-05-14T11:44:07.282+0000][430.256s][info ][safepoint     ] Entering safepoint region: Cleanup
[2024-05-14T11:44:07.283+0000][430.256s][info ][safepoint     ] Leaving safepoint region
[2024-05-14T11:44:07.283+0000][430.256s][info ][safepoint     ] Total time for which application threads were stopped: 0.0005140 seconds, Stopping threads took: 0.0001995 seconds
[2024-05-14T11:44:08.283+0000][431.257s][debug][safepoint     ] Safepoint synchronization initiated. (367 threads)
[2024-05-14T11:44:08.283+0000][431.257s][info ][safepoint     ] Application time: 1.0002419 seconds
[2024-05-14T11:44:08.283+0000][431.257s][info ][safepoint     ] Entering safepoint region: Cleanup
[2024-05-14T11:44:08.284+0000][431.258s][debug][safepoint     ] ... found polling page return exception at pc = 0x00007f320ca20556, stub =0x00007f3204824b00
[2024-05-14T11:44:08.284+0000][431.258s][info ][safepoint     ] Leaving safepoint region
[2024-05-14T11:44:08.284+0000][431.258s][info ][safepoint     ] Total time for which application threads were stopped: 0.0012857 seconds, Stopping threads took: 0.0004417 seconds
[2024-05-14T11:44:09.284+0000][432.258s][debug][safepoint     ] Safepoint synchronization initiated. (367 threads)
[2024-05-14T11:44:09.285+0000][432.258s][info ][safepoint     ] Application time: 1.0003333 seconds
[2024-05-14T11:44:09.285+0000][432.259s][debug][safepoint     ] ... found polling page return exception at pc = 0x00007f320d1197f6, stub =0x00007f3204824b00
[2024-05-14T11:44:09.286+0000][432.260s][debug][safepoint     ] Waiting for 1 thread(s) to block
[2024-05-14T11:44:09.286+0000][432.260s][info ][safepoint     ] Entering safepoint region: Cleanup
[2024-05-14T11:44:09.287+0000][432.261s][info ][safepoint     ] Leaving safepoint region
[2024-05-14T11:44:09.287+0000][432.261s][info ][safepoint     ] Total time for which application threads were stopped: 0.0024578 seconds, Stopping threads took: 0.0014358 seconds
[2024-05-14T11:44:10.287+0000][433.261s][debug][safepoint     ] Safepoint synchronization initiated. (367 threads)
[2024-05-14T11:44:10.287+0000][433.261s][info ][safepoint     ] Application time: 1.0002958 seconds
[2024-05-14T11:44:10.288+0000][433.261s][info ][safepoint     ] Entering safepoint region: Cleanup
[2024-05-14T11:44:10.288+0000][433.262s][info ][safepoint     ] Leaving safepoint region
[2024-05-14T11:44:10.288+0000][433.262s][info ][safepoint     ] Total time for which application threads were stopped: 0.0011116 seconds, Stopping threads took: 0.0003051 seconds
[2024-05-14T11:44:11.289+0000][434.262s][debug][safepoint     ] Safepoint synchronization initiated. (367 threads)
[2024-05-14T11:44:11.289+0000][434.262s][info ][safepoint     ] Application time: 1.0001531 seconds
[2024-05-14T11:44:11.289+0000][434.263s][info ][safepoint     ] Entering safepoint region: Cleanup
[2024-05-14T11:44:11.289+0000][434.263s][info ][safepoint     ] Leaving safepoint region
[2024-05-14T11:44:11.289+0000][434.263s][info ][safepoint     ] Total time for which application threads were stopped: 0.0006955 seconds, Stopping threads took: 0.0001935 seconds
[2024-05-14T11:44:12.290+0000][435.263s][debug][safepoint     ] Safepoint synchronization initiated. (367 threads)
[2024-05-14T11:44:12.290+0000][435.263s][info ][safepoint     ] Application time: 1.0003392 seconds
[2024-05-14T11:44:12.290+0000][435.264s][info ][safepoint     ] Entering safepoint region: Cleanup
[2024-05-14T11:44:12.291+0000][435.265s][info ][safepoint     ] Leaving safepoint region
[2024-05-14T11:44:12.291+0000][435.265s][info ][safepoint     ] Total time for which application threads were stopped: 0.0014412 seconds, Stopping threads took: 0.0006271 seconds
[2024-05-14T11:44:13.291+0000][436.265s][debug][safepoint     ] Safepoint synchronization initiated. (367 threads)
[2024-05-14T11:44:13.292+0000][436.265s][info ][safepoint     ] Application time: 1.0002883 seconds
[2024-05-14T11:44:13.292+0000][436.265s][info ][safepoint     ] Entering safepoint region: Cleanup
[2024-05-14T11:44:13.293+0000][436.266s][info ][safepoint     ] Leaving safepoint region
[2024-05-14T11:44:13.293+0000][436.266s][info ][safepoint     ] Total time for which application threads were stopped: 0.0010628 seconds, Stopping threads took: 0.0002428 seconds
[2024-05-14T11:44:14.293+0000][437.267s][debug][safepoint     ] Safepoint synchronization initiated. (367 threads)
[2024-05-14T11:44:14.293+0000][437.267s][info ][safepoint     ] Application time: 1.0002354 seconds
[2024-05-14T11:44:14.293+0000][437.267s][info ][safepoint     ] Entering safepoint region: Cleanup
[2024-05-14T11:44:14.294+0000][437.268s][info ][safepoint     ] Leaving safepoint region
[2024-05-14T11:44:14.294+0000][437.268s][info ][safepoint     ] Total time for which application threads were stopped: 0.0011509 seconds, Stopping threads took: 0.0002514 seconds
[2024-05-14T11:44:15.294+0000][438.268s][debug][safepoint     ] Safepoint synchronization initiated. (367 threads)
[2024-05-14T11:44:15.294+0000][438.268s][info ][safepoint     ] Application time: 1.0002765 seconds
[2024-05-14T11:44:15.295+0000][438.268s][info ][safepoint     ] Entering safepoint region: Cleanup
[2024-05-14T11:44:15.296+0000][438.269s][info ][safepoint     ] Leaving safepoint region
[2024-05-14T11:44:15.296+0000][438.269s][info ][safepoint     ] Total time for which application threads were stopped: 0.0011852 seconds, Stopping threads took: 0.0002716 seconds
[2024-05-14T11:44:16.296+0000][439.269s][debug][safepoint     ] Safepoint synchronization initiated. (367 threads)
[2024-05-14T11:44:16.296+0000][439.270s][info ][safepoint     ] Application time: 1.0002162 seconds
[2024-05-14T11:44:16.296+0000][439.270s][info ][safepoint     ] Entering safepoint region: Cleanup
[2024-05-14T11:44:16.297+0000][439.271s][info ][safepoint     ] Leaving safepoint region
[2024-05-14T11:44:16.297+0000][439.271s][info ][safepoint     ] Total time for which application threads were stopped: 0.0010390 seconds, Stopping threads took: 0.0002036 seconds
[2024-05-14T11:44:17.297+0000][440.271s][debug][safepoint     ] Safepoint synchronization initiated. (367 threads)
[2024-05-14T11:44:17.297+0000][440.271s][info ][safepoint     ] Application time: 1.0002789 seconds
[2024-05-14T11:44:17.297+0000][440.271s][info ][safepoint     ] Entering safepoint region: Cleanup
[2024-05-14T11:44:17.298+0000][440.272s][debug][safepoint     ] ... found polling page loop exception at pc = 0x00007f320805cdfe, stub =0x00007f3204826680
[2024-05-14T11:44:17.298+0000][440.272s][info ][safepoint     ] Leaving safepoint region
[2024-05-14T11:44:17.298+0000][440.272s][info ][safepoint     ] Total time for which application threads were stopped: 0.0010777 seconds, Stopping threads took: 0.0002673 seconds
[2024-05-14T11:44:18.298+0000][441.272s][debug][safepoint     ] Safepoint synchronization initiated. (367 threads)
[2024-05-14T11:44:18.299+0000][441.272s][info ][safepoint     ] Application time: 1.0002639 seconds
[2024-05-14T11:44:18.299+0000][441.273s][info ][safepoint     ] Entering safepoint region: Cleanup
[2024-05-14T11:44:18.300+0000][441.273s][info ][safepoint     ] Leaving safepoint region
[2024-05-14T11:44:18.300+0000][441.274s][info ][safepoint     ] Total time for which application threads were stopped: 0.0012148 seconds, Stopping threads took: 0.0003079 seconds
[2024-05-14T11:44:19.300+0000][442.274s][debug][safepoint     ] Safepoint synchronization initiated. (367 threads)
[2024-05-14T11:44:19.300+0000][442.274s][info ][safepoint     ] Application time: 1.0002027 seconds
[2024-05-14T11:44:19.300+0000][442.274s][debug][safepoint     ] Waiting for 1 thread(s) to block
[2024-05-14T11:44:19.300+0000][442.274s][info ][safepoint     ] Entering safepoint region: Cleanup
[2024-05-14T11:44:19.301+0000][442.275s][debug][safepoint     ] ... found polling page return exception at pc = 0x00007f320ca20556, stub =0x00007f3204824b00
[2024-05-14T11:44:19.301+0000][442.275s][debug][safepoint     ] ... found polling page return exception at pc = 0x00007f320ca20556, stub =0x00007f3204824b00
[2024-05-14T11:44:19.301+0000][442.275s][info ][safepoint     ] Leaving safepoint region
[2024-05-14T11:44:19.302+0000][442.275s][info ][safepoint     ] Total time for which application threads were stopped: 0.0015631 seconds, Stopping threads took: 0.0004368 seconds
[2024-05-14T11:44:20.302+0000][443.276s][debug][safepoint     ] Safepoint synchronization initiated. (367 threads)
[2024-05-14T11:44:20.302+0000][443.276s][info ][safepoint     ] Application time: 1.0003665 seconds
[2024-05-14T11:44:20.302+0000][443.276s][info ][safepoint     ] Entering safepoint region: Cleanup
[2024-05-14T11:44:20.303+0000][443.277s][info ][safepoint     ] Leaving safepoint region
[2024-05-14T11:44:20.303+0000][443.277s][info ][safepoint     ] Total time for which application threads were stopped: 0.0010595 seconds, Stopping threads took: 0.0003235 seconds
[2024-05-14T11:44:21.303+0000][444.277s][debug][safepoint     ] Safepoint synchronization initiated. (367 threads)
[2024-05-14T11:44:21.303+0000][444.277s][info ][safepoint     ] Application time: 1.0002161 seconds
[2024-05-14T11:44:21.303+0000][444.277s][debug][safepoint     ] ... found polling page return exception at pc = 0x00007f320d0fc9fd, stub =0x00007f3204824b00
[2024-05-14T11:44:21.304+0000][444.277s][debug][safepoint     ] Waiting for 1 thread(s) to block
[2024-05-14T11:44:21.304+0000][444.278s][info ][safepoint     ] Entering safepoint region: Cleanup
[2024-05-14T11:44:21.304+0000][444.278s][info ][safepoint     ] Leaving safepoint region
[2024-05-14T11:44:21.304+0000][444.278s][info ][safepoint     ] Total time for which application threads were stopped: 0.0010451 seconds, Stopping threads took: 0.0005290 seconds
[2024-05-14T11:44:22.294+0000][445.268s][debug][safepoint     ] Safepoint synchronization initiated. (367 threads)
[2024-05-14T11:44:22.294+0000][445.268s][info ][safepoint     ] Application time: 0.9895977 seconds
[2024-05-14T11:44:22.294+0000][445.268s][debug][safepoint     ] ... found polling page return exception at pc = 0x00007f320c3b4df8, stub =0x00007f3204824b00
[2024-05-14T11:44:22.294+0000][445.268s][debug][safepoint     ] ... found polling page return exception at pc = 0x00007f320c8c9588, stub =0x00007f3204824b00
[2024-05-14T11:44:22.294+0000][445.268s][debug][safepoint     ] Waiting for 2 thread(s) to block
[2024-05-14T11:44:22.295+0000][445.268s][info ][safepoint     ] Entering safepoint region: G1CollectForAllocation
[2024-05-14T11:44:22.296+0000][445.269s][info ][gc,start      ] GC(87) Pause Young (Normal) (G1 Evacuation Pause)
[2024-05-14T11:44:22.296+0000][445.269s][info ][gc,task       ] GC(87) Using 4 workers of 4 for evacuation
[2024-05-14T11:44:22.318+0000][445.292s][info ][gc,phases     ] GC(87)   Pre Evacuate Collection Set: 0.3ms
[2024-05-14T11:44:22.318+0000][445.292s][info ][gc,phases     ] GC(87)   Evacuate Collection Set: 12.3ms
[2024-05-14T11:44:22.318+0000][445.292s][info ][gc,phases     ] GC(87)   Post Evacuate Collection Set: 9.3ms
[2024-05-14T11:44:22.319+0000][445.292s][info ][gc,phases     ] GC(87)   Other: 1.3ms
[2024-05-14T11:44:22.319+0000][445.292s][info ][gc,heap       ] GC(87) Eden regions: 172->0(173)
[2024-05-14T11:44:22.319+0000][445.292s][info ][gc,heap       ] GC(87) Survivor regions: 2->2(22)
[2024-05-14T11:44:22.319+0000][445.292s][info ][gc,heap       ] GC(87) Old regions: 179->179
[2024-05-14T11:44:22.319+0000][445.292s][info ][gc,heap       ] GC(87) Humongous regions: 0->0
[2024-05-14T11:44:22.319+0000][445.292s][info ][gc,metaspace  ] GC(87) Metaspace: 186030K(192240K)->186030K(192240K) NonClass: 164974K(168740K)->164974K(168740K) Class: 21056K(23500K)->21056K(23500K)
[2024-05-14T11:44:22.319+0000][445.292s][info ][gc            ] GC(87) Pause Young (Normal) (G1 Evacuation Pause) 350M->178M(398M) 22.977ms
[2024-05-14T11:44:22.319+0000][445.293s][info ][gc,cpu        ] GC(87) User=0.08s Sys=0.00s Real=0.03s
[2024-05-14T11:44:22.319+0000][445.293s][info ][safepoint     ] Leaving safepoint region
[2024-05-14T11:44:22.319+0000][445.293s][info ][safepoint     ] Total time for which application threads were stopped: 0.0249353 seconds, Stopping threads took: 0.0006628 seconds
[2024-05-14T11:44:22.319+0000][445.293s][info ][gc,stringdedup] Concurrent String Deduplication (445.293s)
[2024-05-14T11:44:22.319+0000][445.293s][info ][gc,stringdedup] Concurrent String Deduplication 344.0B->128.0B(216.0B) avg 54.6% (445.293s, 445.293s) 0.074ms
[2024-05-14T11:44:23.319+0000][446.293s][debug][safepoint     ] Safepoint synchronization initiated. (367 threads)
[2024-05-14T11:44:23.319+0000][446.293s][info ][safepoint     ] Application time: 1.0002790 seconds
[2024-05-14T11:44:23.320+0000][446.293s][info ][safepoint     ] Entering safepoint region: Cleanup
[2024-05-14T11:44:23.320+0000][446.294s][info ][safepoint     ] Leaving safepoint region
[2024-05-14T11:44:23.320+0000][446.294s][info ][safepoint     ] Total time for which application threads were stopped: 0.0011427 seconds, Stopping threads took: 0.0002482 seconds
[2024-05-14T11:44:24.321+0000][447.294s][debug][safepoint     ] Safepoint synchronization initiated. (367 threads)
[2024-05-14T11:44:24.321+0000][447.294s][info ][safepoint     ] Application time: 1.0002621 seconds
[2024-05-14T11:44:24.321+0000][447.295s][info ][safepoint     ] Entering safepoint region: Cleanup
[2024-05-14T11:44:24.322+0000][447.296s][info ][safepoint     ] Leaving safepoint region
[2024-05-14T11:44:24.322+0000][447.296s][info ][safepoint     ] Total time for which application threads were stopped: 0.0011201 seconds, Stopping threads took: 0.0002298 seconds
[2024-05-14T11:44:25.322+0000][448.296s][debug][safepoint     ] Safepoint synchronization initiated. (367 threads)
[2024-05-14T11:44:25.322+0000][448.296s][info ][safepoint     ] Application time: 1.0004561 seconds
[2024-05-14T11:44:25.323+0000][448.296s][info ][safepoint     ] Entering safepoint region: Cleanup
[2024-05-14T11:44:25.324+0000][448.297s][info ][safepoint     ] Leaving safepoint region
[2024-05-14T11:44:25.324+0000][448.297s][info ][safepoint     ] Total time for which application threads were stopped: 0.0012384 seconds, Stopping threads took: 0.0002907 seconds
[2024-05-14T11:44:26.324+0000][449.298s][debug][safepoint     ] Safepoint synchronization initiated. (367 threads)
[2024-05-14T11:44:26.324+0000][449.298s][info ][safepoint     ] Application time: 1.0002401 seconds
[2024-05-14T11:44:26.324+0000][449.298s][info ][safepoint     ] Entering safepoint region: Cleanup
[2024-05-14T11:44:26.325+0000][449.299s][info ][safepoint     ] Leaving safepoint region
[2024-05-14T11:44:26.325+0000][449.299s][info ][safepoint     ] Total time for which application threads were stopped: 0.0009191 seconds, Stopping threads took: 0.0002184 seconds
[2024-05-14T11:44:27.325+0000][450.299s][debug][safepoint     ] Safepoint synchronization initiated. (367 threads)
[2024-05-14T11:44:27.325+0000][450.299s][info ][safepoint     ] Application time: 1.0002365 seconds
[2024-05-14T11:44:27.325+0000][450.299s][info ][safepoint     ] Entering safepoint region: Cleanup
[2024-05-14T11:44:27.326+0000][450.300s][info ][safepoint     ] Leaving safepoint region
[2024-05-14T11:44:27.326+0000][450.300s][info ][safepoint     ] Total time for which application threads were stopped: 0.0010305 seconds, Stopping threads took: 0.0002901 seconds
[2024-05-14T11:44:28.326+0000][451.300s][debug][safepoint     ] Safepoint synchronization initiated. (367 threads)
[2024-05-14T11:44:28.326+0000][451.300s][info ][safepoint     ] Application time: 1.0002885 seconds
[2024-05-14T11:44:28.327+0000][451.300s][info ][safepoint     ] Entering safepoint region: Cleanup
[2024-05-14T11:44:28.328+0000][451.301s][info ][safepoint     ] Leaving safepoint region
[2024-05-14T11:44:28.328+0000][451.302s][info ][safepoint     ] Total time for which application threads were stopped: 0.0012555 seconds, Stopping threads took: 0.0002670 seconds
[2024-05-14T11:44:29.328+0000][452.302s][debug][safepoint     ] Safepoint synchronization initiated. (367 threads)
[2024-05-14T11:44:29.328+0000][452.302s][info ][safepoint     ] Application time: 1.0002648 seconds
[2024-05-14T11:44:29.328+0000][452.302s][info ][safepoint     ] Entering safepoint region: Cleanup
[2024-05-14T11:44:29.329+0000][452.303s][info ][safepoint     ] Leaving safepoint region
[2024-05-14T11:44:29.329+0000][452.303s][info ][safepoint     ] Total time for which application threads were stopped: 0.0009650 seconds, Stopping threads took: 0.0002326 seconds
[2024-05-14T11:44:30.329+0000][453.303s][debug][safepoint     ] Safepoint synchronization initiated. (367 threads)
[2024-05-14T11:44:30.329+0000][453.303s][info ][safepoint     ] Application time: 1.0002165 seconds
[2024-05-14T11:44:30.330+0000][453.303s][info ][safepoint     ] Entering safepoint region: Cleanup
[2024-05-14T11:44:30.330+0000][453.304s][info ][safepoint     ] Leaving safepoint region
[2024-05-14T11:44:30.330+0000][453.304s][info ][safepoint     ] Total time for which application threads were stopped: 0.0010473 seconds, Stopping threads took: 0.0002570 seconds
[2024-05-14T11:44:31.331+0000][454.304s][debug][safepoint     ] Safepoint synchronization initiated. (367 threads)
[2024-05-14T11:44:31.331+0000][454.305s][info ][safepoint     ] Application time: 1.0004028 seconds
[2024-05-14T11:44:31.331+0000][454.305s][info ][safepoint     ] Entering safepoint region: Cleanup
[2024-05-14T11:44:31.332+0000][454.306s][info ][safepoint     ] Leaving safepoint region
[2024-05-14T11:44:31.332+0000][454.306s][info ][safepoint     ] Total time for which application threads were stopped: 0.0013059 seconds, Stopping threads took: 0.0003673 seconds
[2024-05-14T11:44:32.332+0000][455.306s][debug][safepoint     ] Safepoint synchronization initiated. (367 threads)
[2024-05-14T11:44:32.332+0000][455.306s][info ][safepoint     ] Application time: 1.0001828 seconds
[2024-05-14T11:44:32.333+0000][455.306s][debug][safepoint     ] Waiting for 1 thread(s) to block
[2024-05-14T11:44:32.333+0000][455.306s][info ][safepoint     ] Entering safepoint region: Cleanup
[2024-05-14T11:44:32.333+0000][455.307s][info ][safepoint     ] Leaving safepoint region
[2024-05-14T11:44:32.333+0000][455.307s][info ][safepoint     ] Total time for which application threads were stopped: 0.0009928 seconds, Stopping threads took: 0.0003563 seconds
[2024-05-14T11:44:33.334+0000][456.307s][debug][safepoint     ] Safepoint synchronization initiated. (367 threads)
[2024-05-14T11:44:33.334+0000][456.308s][info ][safepoint     ] Application time: 1.0004185 seconds
[2024-05-14T11:44:33.334+0000][456.308s][debug][safepoint     ] ... found polling page return exception at pc = 0x00007f320c358d9c, stub =0x00007f3204824b00
[2024-05-14T11:44:33.334+0000][456.308s][debug][safepoint     ] Waiting for 1 thread(s) to block
[2024-05-14T11:44:33.334+0000][456.308s][info ][safepoint     ] Entering safepoint region: Cleanup
[2024-05-14T11:44:33.335+0000][456.309s][info ][safepoint     ] Leaving safepoint region
[2024-05-14T11:44:33.336+0000][456.309s][info ][safepoint     ] Total time for which application threads were stopped: 0.0016607 seconds, Stopping threads took: 0.0006279 seconds
[2024-05-14T11:44:34.336+0000][457.309s][debug][safepoint     ] Safepoint synchronization initiated. (367 threads)
[2024-05-14T11:44:34.336+0000][457.310s][info ][safepoint     ] Application time: 1.0002345 seconds
[2024-05-14T11:44:34.336+0000][457.310s][info ][safepoint     ] Entering safepoint region: Cleanup
[2024-05-14T11:44:34.337+0000][457.310s][info ][safepoint     ] Leaving safepoint region
[2024-05-14T11:44:34.337+0000][457.310s][info ][safepoint     ] Total time for which application threads were stopped: 0.0008950 seconds, Stopping threads took: 0.0002666 seconds
[2024-05-14T11:44:35.337+0000][458.311s][debug][safepoint     ] Safepoint synchronization initiated. (367 threads)
[2024-05-14T11:44:35.337+0000][458.311s][info ][safepoint     ] Application time: 1.0002613 seconds
[2024-05-14T11:44:35.337+0000][458.311s][info ][safepoint     ] Entering safepoint region: Cleanup
[2024-05-14T11:44:35.338+0000][458.312s][info ][safepoint     ] Leaving safepoint region
[2024-05-14T11:44:35.338+0000][458.312s][info ][safepoint     ] Total time for which application threads were stopped: 0.0009066 seconds, Stopping threads took: 0.0002488 seconds
[2024-05-14T11:44:35.338+0000][458.312s][debug][safepoint     ] ... found polling page loop exception at pc = 0x00007f320805cdfe, stub =0x00007f3204826680
[2024-05-14T11:44:36.338+0000][459.312s][debug][safepoint     ] Safepoint synchronization initiated. (367 threads)
[2024-05-14T11:44:36.338+0000][459.312s][info ][safepoint     ] Application time: 1.0004222 seconds
[2024-05-14T11:44:36.339+0000][459.313s][info ][safepoint     ] Entering safepoint region: Cleanup
[2024-05-14T11:44:36.340+0000][459.314s][info ][safepoint     ] Leaving safepoint region
[2024-05-14T11:44:36.340+0000][459.314s][info ][safepoint     ] Total time for which application threads were stopped: 0.0013662 seconds, Stopping threads took: 0.0009192 seconds
[2024-05-14T11:44:37.340+0000][460.314s][debug][safepoint     ] Safepoint synchronization initiated. (367 threads)
[2024-05-14T11:44:37.340+0000][460.314s][info ][safepoint     ] Application time: 1.0003033 seconds
[2024-05-14T11:44:37.340+0000][460.314s][debug][safepoint     ] ... found polling page return exception at pc = 0x00007f320d0fb981, stub =0x00007f3204824b00
[2024-05-14T11:44:37.340+0000][460.314s][debug][safepoint     ] Waiting for 1 thread(s) to block
[2024-05-14T11:44:37.341+0000][460.314s][info ][safepoint     ] Entering safepoint region: Cleanup
[2024-05-14T11:44:37.341+0000][460.315s][info ][safepoint     ] Leaving safepoint region
[2024-05-14T11:44:37.341+0000][460.315s][info ][safepoint     ] Total time for which application threads were stopped: 0.0009871 seconds, Stopping threads took: 0.0003991 seconds
[2024-05-14T11:44:38.341+0000][461.315s][debug][safepoint     ] Safepoint synchronization initiated. (367 threads)
[2024-05-14T11:44:38.341+0000][461.315s][info ][safepoint     ] Application time: 1.0001196 seconds
[2024-05-14T11:44:38.342+0000][461.315s][info ][safepoint     ] Entering safepoint region: Cleanup
[2024-05-14T11:44:38.342+0000][461.316s][info ][safepoint     ] Leaving safepoint region
[2024-05-14T11:44:38.342+0000][461.316s][info ][safepoint     ] Total time for which application threads were stopped: 0.0009300 seconds, Stopping threads took: 0.0002447 seconds
[2024-05-14T11:44:39.342+0000][462.316s][debug][safepoint     ] Safepoint synchronization initiated. (367 threads)
[2024-05-14T11:44:39.343+0000][462.316s][info ][safepoint     ] Application time: 1.0002732 seconds
[2024-05-14T11:44:39.343+0000][462.317s][info ][safepoint     ] Entering safepoint region: Cleanup
[2024-05-14T11:44:39.344+0000][462.318s][info ][safepoint     ] Leaving safepoint region
[2024-05-14T11:44:39.344+0000][462.318s][info ][safepoint     ] Total time for which application threads were stopped: 0.0017483 seconds, Stopping threads took: 0.0006192 seconds
[2024-05-14T11:44:40.345+0000][463.318s][debug][safepoint     ] Safepoint synchronization initiated. (367 threads)
[2024-05-14T11:44:40.345+0000][463.318s][info ][safepoint     ] Application time: 1.0003428 seconds
[2024-05-14T11:44:40.345+0000][463.319s][info ][safepoint     ] Entering safepoint region: Cleanup
[2024-05-14T11:44:40.346+0000][463.320s][info ][safepoint     ] Leaving safepoint region
[2024-05-14T11:44:40.346+0000][463.320s][info ][safepoint     ] Total time for which application threads were stopped: 0.0012404 seconds, Stopping threads took: 0.0003383 seconds
[2024-05-14T11:44:41.346+0000][464.320s][debug][safepoint     ] Safepoint synchronization initiated. (367 threads)
[2024-05-14T11:44:41.346+0000][464.320s][info ][safepoint     ] Application time: 1.0002357 seconds
[2024-05-14T11:44:41.347+0000][464.320s][debug][safepoint     ] Waiting for 1 thread(s) to block
[2024-05-14T11:44:41.347+0000][464.321s][info ][safepoint     ] Entering safepoint region: Cleanup
[2024-05-14T11:44:41.348+0000][464.321s][info ][safepoint     ] Leaving safepoint region
[2024-05-14T11:44:41.348+0000][464.321s][info ][safepoint     ] Total time for which application threads were stopped: 0.0012708 seconds, Stopping threads took: 0.0005213 seconds
[2024-05-14T11:44:42.348+0000][465.322s][debug][safepoint     ] Safepoint synchronization initiated. (367 threads)
[2024-05-14T11:44:42.348+0000][465.322s][info ][safepoint     ] Application time: 1.0002679 seconds
[2024-05-14T11:44:42.349+0000][465.322s][info ][safepoint     ] Entering safepoint region: Cleanup
[2024-05-14T11:44:42.350+0000][465.324s][info ][safepoint     ] Leaving safepoint region
[2024-05-14T11:44:42.350+0000][465.324s][info ][safepoint     ] Total time for which application threads were stopped: 0.0019626 seconds, Stopping threads took: 0.0007533 seconds
[2024-05-14T11:44:43.350+0000][466.324s][debug][safepoint     ] Safepoint synchronization initiated. (367 threads)
[2024-05-14T11:44:43.350+0000][466.324s][info ][safepoint     ] Application time: 1.0001973 seconds
[2024-05-14T11:44:43.350+0000][466.324s][info ][safepoint     ] Entering safepoint region: Cleanup
[2024-05-14T11:44:43.351+0000][466.325s][info ][safepoint     ] Leaving safepoint region
[2024-05-14T11:44:43.351+0000][466.325s][info ][safepoint     ] Total time for which application threads were stopped: 0.0010303 seconds, Stopping threads took: 0.0002380 seconds
[2024-05-14T11:44:44.351+0000][467.325s][debug][safepoint     ] Safepoint synchronization initiated. (367 threads)
[2024-05-14T11:44:44.352+0000][467.326s][info ][safepoint     ] Application time: 1.0006182 seconds
[2024-05-14T11:44:44.353+0000][467.326s][info ][safepoint     ] Entering safepoint region: Cleanup
[2024-05-14T11:44:44.354+0000][467.328s][info ][safepoint     ] Leaving safepoint region
[2024-05-14T11:44:44.354+0000][467.328s][info ][safepoint     ] Total time for which application threads were stopped: 0.0020142 seconds, Stopping threads took: 0.0008710 seconds
[2024-05-14T11:44:44.452+0000][467.426s][debug][safepoint     ] Safepoint synchronization initiated. (367 threads)
[2024-05-14T11:44:44.452+0000][467.426s][info ][safepoint     ] Application time: 0.0986282 seconds
[2024-05-14T11:44:44.453+0000][467.426s][info ][safepoint     ] Entering safepoint region: G1CollectForAllocation
[2024-05-14T11:44:44.454+0000][467.428s][info ][gc,start      ] GC(88) Pause Young (Normal) (G1 Evacuation Pause)
[2024-05-14T11:44:44.454+0000][467.428s][info ][gc,task       ] GC(88) Using 4 workers of 4 for evacuation
[2024-05-14T11:44:44.480+0000][467.454s][info ][gc,phases     ] GC(88)   Pre Evacuate Collection Set: 0.2ms
[2024-05-14T11:44:44.480+0000][467.454s][info ][gc,phases     ] GC(88)   Evacuate Collection Set: 13.8ms
[2024-05-14T11:44:44.480+0000][467.454s][info ][gc,phases     ] GC(88)   Post Evacuate Collection Set: 8.8ms
[2024-05-14T11:44:44.480+0000][467.454s][info ][gc,phases     ] GC(88)   Other: 3.4ms
[2024-05-14T11:44:44.480+0000][467.454s][info ][gc,heap       ] GC(88) Eden regions: 173->0(173)
[2024-05-14T11:44:44.480+0000][467.454s][info ][gc,heap       ] GC(88) Survivor regions: 2->2(22)
[2024-05-14T11:44:44.480+0000][467.454s][info ][gc,heap       ] GC(88) Old regions: 179->179
[2024-05-14T11:44:44.480+0000][467.454s][info ][gc,heap       ] GC(88) Humongous regions: 0->0
[2024-05-14T11:44:44.480+0000][467.454s][info ][gc,metaspace  ] GC(88) Metaspace: 186099K(192240K)->186099K(192240K) NonClass: 165042K(168740K)->165042K(168740K) Class: 21056K(23500K)->21056K(23500K)
[2024-05-14T11:44:44.480+0000][467.454s][info ][gc            ] GC(88) Pause Young (Normal) (G1 Evacuation Pause) 351M->178M(398M) 25.797ms
[2024-05-14T11:44:44.480+0000][467.454s][info ][gc,cpu        ] GC(88) User=0.08s Sys=0.00s Real=0.03s
[2024-05-14T11:44:44.480+0000][467.454s][debug][safepoint     ] ... found polling page return exception at pc = 0x00007f320d12ac8f, stub =0x00007f3204824b00
[2024-05-14T11:44:44.480+0000][467.454s][info ][safepoint     ] Leaving safepoint region
[2024-05-14T11:44:44.480+0000][467.454s][info ][safepoint     ] Total time for which application threads were stopped: 0.0279709 seconds, Stopping threads took: 0.0003245 seconds
[2024-05-14T11:44:44.481+0000][467.454s][info ][gc,stringdedup] Concurrent String Deduplication (467.454s)
[2024-05-14T11:44:44.481+0000][467.454s][info ][gc,stringdedup] Concurrent String Deduplication 0.0B->0.0B(0.0B) avg 54.6% (467.454s, 467.454s) 0.050ms
[2024-05-14T11:44:45.481+0000][468.454s][debug][safepoint     ] Safepoint synchronization initiated. (367 threads)
[2024-05-14T11:44:45.481+0000][468.454s][info ][safepoint     ] Application time: 1.0001732 seconds
[2024-05-14T11:44:45.481+0000][468.454s][debug][safepoint     ] ... found polling page return exception at pc = 0x00007f320d11299b, stub =0x00007f3204824b00
[2024-05-14T11:44:45.481+0000][468.455s][debug][safepoint     ] Waiting for 1 thread(s) to block
[2024-05-14T11:44:45.481+0000][468.455s][info ][safepoint     ] Entering safepoint region: Cleanup
[2024-05-14T11:44:45.482+0000][468.456s][info ][safepoint     ] Leaving safepoint region
[2024-05-14T11:44:45.482+0000][468.456s][info ][safepoint     ] Total time for which application threads were stopped: 0.0013088 seconds, Stopping threads took: 0.0004813 seconds
[2024-05-14T11:44:46.482+0000][469.456s][debug][safepoint     ] Safepoint synchronization initiated. (367 threads)
[2024-05-14T11:44:46.482+0000][469.456s][info ][safepoint     ] Application time: 1.0002760 seconds
[2024-05-14T11:44:46.483+0000][469.456s][info ][safepoint     ] Entering safepoint region: Cleanup
[2024-05-14T11:44:46.483+0000][469.457s][info ][safepoint     ] Leaving safepoint region
[2024-05-14T11:44:46.483+0000][469.457s][info ][safepoint     ] Total time for which application threads were stopped: 0.0008568 seconds, Stopping threads took: 0.0002697 seconds
[2024-05-14T11:44:47.483+0000][470.457s][debug][safepoint     ] Safepoint synchronization initiated. (367 threads)
[2024-05-14T11:44:47.483+0000][470.457s][info ][safepoint     ] Application time: 1.0003237 seconds
[2024-05-14T11:44:47.484+0000][470.457s][info ][safepoint     ] Entering safepoint region: Cleanup
[2024-05-14T11:44:47.485+0000][470.458s][info ][safepoint     ] Leaving safepoint region
[2024-05-14T11:44:47.485+0000][470.458s][info ][safepoint     ] Total time for which application threads were stopped: 0.0010709 seconds, Stopping threads took: 0.0002859 seconds
[2024-05-14T11:44:48.485+0000][471.459s][debug][safepoint     ] Safepoint synchronization initiated. (367 threads)
[2024-05-14T11:44:48.485+0000][471.459s][info ][safepoint     ] Application time: 1.0002472 seconds
[2024-05-14T11:44:48.485+0000][471.459s][info ][safepoint     ] Entering safepoint region: Cleanup
[2024-05-14T11:44:48.486+0000][471.460s][info ][safepoint     ] Leaving safepoint region
[2024-05-14T11:44:48.486+0000][471.460s][info ][safepoint     ] Total time for which application threads were stopped: 0.0014539 seconds, Stopping threads took: 0.0006062 seconds
[2024-05-14T11:44:49.487+0000][472.460s][debug][safepoint     ] Safepoint synchronization initiated. (367 threads)
[2024-05-14T11:44:49.487+0000][472.460s][info ][safepoint     ] Application time: 1.0003516 seconds
[2024-05-14T11:44:49.487+0000][472.461s][info ][safepoint     ] Entering safepoint region: Cleanup
[2024-05-14T11:44:49.488+0000][472.462s][info ][safepoint     ] Leaving safepoint region
[2024-05-14T11:44:49.488+0000][472.462s][info ][safepoint     ] Total time for which application threads were stopped: 0.0011050 seconds, Stopping threads took: 0.0003973 seconds
[2024-05-14T11:44:50.488+0000][473.462s][debug][safepoint     ] Safepoint synchronization initiated. (367 threads)
[2024-05-14T11:44:50.489+0000][473.463s][info ][safepoint     ] Application time: 1.0009156 seconds
[2024-05-14T11:44:50.489+0000][473.463s][info ][safepoint     ] Entering safepoint region: Cleanup
[2024-05-14T11:44:50.490+0000][473.464s][info ][safepoint     ] Leaving safepoint region
[2024-05-14T11:44:50.491+0000][473.464s][info ][safepoint     ] Total time for which application threads were stopped: 0.0016455 seconds, Stopping threads took: 0.0002851 seconds
[2024-05-14T11:44:51.491+0000][474.464s][debug][safepoint     ] Safepoint synchronization initiated. (366 threads)
[2024-05-14T11:44:51.491+0000][474.464s][info ][safepoint     ] Application time: 1.0002219 seconds
[2024-05-14T11:44:51.491+0000][474.465s][info ][safepoint     ] Entering safepoint region: Cleanup
[2024-05-14T11:44:51.492+0000][474.466s][info ][safepoint     ] Leaving safepoint region
[2024-05-14T11:44:51.493+0000][474.466s][info ][safepoint     ] Total time for which application threads were stopped: 0.0017462 seconds, Stopping threads took: 0.0003003 seconds
[2024-05-14T11:44:52.493+0000][475.466s][debug][safepoint     ] Safepoint synchronization initiated. (366 threads)
[2024-05-14T11:44:52.493+0000][475.467s][info ][safepoint     ] Application time: 1.0002663 seconds
[2024-05-14T11:44:52.493+0000][475.467s][info ][safepoint     ] Entering safepoint region: Cleanup
[2024-05-14T11:44:52.494+0000][475.467s][info ][safepoint     ] Leaving safepoint region
[2024-05-14T11:44:52.494+0000][475.467s][info ][safepoint     ] Total time for which application threads were stopped: 0.0008749 seconds, Stopping threads took: 0.0001982 seconds
[2024-05-14T11:44:53.494+0000][476.468s][debug][safepoint     ] Safepoint synchronization initiated. (366 threads)
[2024-05-14T11:44:53.494+0000][476.468s][info ][safepoint     ] Application time: 1.0001536 seconds
[2024-05-14T11:44:53.494+0000][476.468s][info ][safepoint     ] Entering safepoint region: Cleanup
[2024-05-14T11:44:53.495+0000][476.469s][info ][safepoint     ] Leaving safepoint region
[2024-05-14T11:44:53.495+0000][476.469s][info ][safepoint     ] Total time for which application threads were stopped: 0.0011587 seconds, Stopping threads took: 0.0003075 seconds
[2024-05-14T11:44:54.495+0000][477.469s][debug][safepoint     ] Safepoint synchronization initiated. (366 threads)
[2024-05-14T11:44:54.495+0000][477.469s][info ][safepoint     ] Application time: 1.0002147 seconds
[2024-05-14T11:44:54.496+0000][477.469s][info ][safepoint     ] Entering safepoint region: Cleanup
[2024-05-14T11:44:54.496+0000][477.470s][info ][safepoint     ] Leaving safepoint region
[2024-05-14T11:44:54.496+0000][477.470s][info ][safepoint     ] Total time for which application threads were stopped: 0.0006916 seconds, Stopping threads took: 0.0002171 seconds
[2024-05-14T11:44:55.496+0000][478.470s][debug][safepoint     ] Safepoint synchronization initiated. (366 threads)
[2024-05-14T11:44:55.496+0000][478.470s][info ][safepoint     ] Application time: 1.0001600 seconds
[2024-05-14T11:44:55.497+0000][478.471s][info ][safepoint     ] Entering safepoint region: Cleanup
[2024-05-14T11:44:55.498+0000][478.472s][info ][safepoint     ] Leaving safepoint region
[2024-05-14T11:44:55.498+0000][478.472s][info ][safepoint     ] Total time for which application threads were stopped: 0.0017077 seconds, Stopping threads took: 0.0007341 seconds
[2024-05-14T11:44:56.498+0000][479.472s][debug][safepoint     ] Safepoint synchronization initiated. (365 threads)
[2024-05-14T11:44:56.498+0000][479.472s][info ][safepoint     ] Application time: 1.0002090 seconds
[2024-05-14T11:44:56.499+0000][479.472s][info ][safepoint     ] Entering safepoint region: Cleanup
[2024-05-14T11:44:56.500+0000][479.474s][info ][safepoint     ] Leaving safepoint region
[2024-05-14T11:44:56.500+0000][479.474s][info ][safepoint     ] Total time for which application threads were stopped: 0.0020341 seconds, Stopping threads took: 0.0005504 seconds
[2024-05-14T11:44:57.500+0000][480.474s][debug][safepoint     ] Safepoint synchronization initiated. (365 threads)
[2024-05-14T11:44:57.500+0000][480.474s][info ][safepoint     ] Application time: 1.0002743 seconds
[2024-05-14T11:44:57.501+0000][480.475s][debug][safepoint     ] Waiting for 1 thread(s) to block
[2024-05-14T11:44:57.501+0000][480.475s][info ][safepoint     ] Entering safepoint region: Cleanup
[2024-05-14T11:44:57.511+0000][480.485s][info ][safepoint     ] Leaving safepoint region
[2024-05-14T11:44:57.511+0000][480.485s][info ][safepoint     ] Total time for which application threads were stopped: 0.0109625 seconds, Stopping threads took: 0.0006332 seconds
[2024-05-14T11:44:58.512+0000][481.485s][debug][safepoint     ] Safepoint synchronization initiated. (365 threads)
[2024-05-14T11:44:58.512+0000][481.486s][info ][safepoint     ] Application time: 1.0002763 seconds
[2024-05-14T11:44:58.512+0000][481.486s][info ][safepoint     ] Entering safepoint region: Cleanup
[2024-05-14T11:44:58.513+0000][481.487s][info ][safepoint     ] Leaving safepoint region
[2024-05-14T11:44:58.513+0000][481.487s][info ][safepoint     ] Total time for which application threads were stopped: 0.0012737 seconds, Stopping threads took: 0.0003988 seconds
[2024-05-14T11:44:59.513+0000][482.487s][debug][safepoint     ] Safepoint synchronization initiated. (365 threads)
[2024-05-14T11:44:59.513+0000][482.487s][info ][safepoint     ] Application time: 1.0003429 seconds
[2024-05-14T11:44:59.514+0000][482.488s][info ][safepoint     ] Entering safepoint region: Cleanup
[2024-05-14T11:44:59.515+0000][482.489s][info ][safepoint     ] Leaving safepoint region
[2024-05-14T11:44:59.515+0000][482.489s][info ][safepoint     ] Total time for which application threads were stopped: 0.0015532 seconds, Stopping threads took: 0.0005553 seconds
[2024-05-14T11:45:00.515+0000][483.489s][debug][safepoint     ] Safepoint synchronization initiated. (365 threads)
[2024-05-14T11:45:00.515+0000][483.489s][info ][safepoint     ] Application time: 1.0003309 seconds
[2024-05-14T11:45:00.516+0000][483.489s][info ][safepoint     ] Entering safepoint region: Cleanup
[2024-05-14T11:45:00.517+0000][483.490s][info ][safepoint     ] Leaving safepoint region
[2024-05-14T11:45:00.517+0000][483.490s][info ][safepoint     ] Total time for which application threads were stopped: 0.0011693 seconds, Stopping threads took: 0.0003575 seconds
[2024-05-14T11:45:01.517+0000][484.490s][debug][safepoint     ] Safepoint synchronization initiated. (365 threads)
[2024-05-14T11:45:01.517+0000][484.491s][info ][safepoint     ] Application time: 1.0002093 seconds
[2024-05-14T11:45:01.517+0000][484.491s][info ][safepoint     ] Entering safepoint region: Cleanup
[2024-05-14T11:45:01.518+0000][484.492s][info ][safepoint     ] Leaving safepoint region
[2024-05-14T11:45:01.518+0000][484.492s][info ][safepoint     ] Total time for which application threads were stopped: 0.0009552 seconds, Stopping threads took: 0.0002561 seconds
[2024-05-14T11:45:02.519+0000][485.492s][debug][safepoint     ] Safepoint synchronization initiated. (365 threads)
[2024-05-14T11:45:02.519+0000][485.492s][info ][safepoint     ] Application time: 1.0006829 seconds
[2024-05-14T11:45:02.519+0000][485.493s][info ][safepoint     ] Entering safepoint region: Cleanup
[2024-05-14T11:45:02.520+0000][485.494s][info ][safepoint     ] Leaving safepoint region
[2024-05-14T11:45:02.520+0000][485.494s][info ][safepoint     ] Total time for which application threads were stopped: 0.0018273 seconds, Stopping threads took: 0.0007543 seconds
[2024-05-14T11:45:03.521+0000][486.494s][debug][safepoint     ] Safepoint synchronization initiated. (365 threads)
[2024-05-14T11:45:03.521+0000][486.494s][info ][safepoint     ] Application time: 1.0002299 seconds
[2024-05-14T11:45:03.521+0000][486.495s][info ][safepoint     ] Entering safepoint region: Cleanup
[2024-05-14T11:45:03.521+0000][486.495s][info ][safepoint     ] Leaving safepoint region
[2024-05-14T11:45:03.521+0000][486.495s][info ][safepoint     ] Total time for which application threads were stopped: 0.0007888 seconds, Stopping threads took: 0.0002797 seconds
[2024-05-14T11:45:04.522+0000][487.495s][debug][safepoint     ] Safepoint synchronization initiated. (365 threads)
[2024-05-14T11:45:04.522+0000][487.496s][info ][safepoint     ] Application time: 1.0002753 seconds
[2024-05-14T11:45:04.522+0000][487.496s][info ][safepoint     ] Entering safepoint region: Cleanup
[2024-05-14T11:45:04.523+0000][487.496s][info ][safepoint     ] Leaving safepoint region
[2024-05-14T11:45:04.523+0000][487.496s][info ][safepoint     ] Total time for which application threads were stopped: 0.0008494 seconds, Stopping threads took: 0.0002949 seconds
[2024-05-14T11:45:04.523+0000][487.496s][debug][safepoint     ] ... found polling page loop exception at pc = 0x00007f320805cdfe, stub =0x00007f3204826680
[2024-05-14T11:45:05.523+0000][488.497s][debug][safepoint     ] Safepoint synchronization initiated. (365 threads)
[2024-05-14T11:45:05.523+0000][488.497s][info ][safepoint     ] Application time: 1.0002244 seconds
[2024-05-14T11:45:05.523+0000][488.497s][info ][safepoint     ] Entering safepoint region: Cleanup
[2024-05-14T11:45:05.524+0000][488.498s][info ][safepoint     ] Leaving safepoint region
[2024-05-14T11:45:05.524+0000][488.498s][info ][safepoint     ] Total time for which application threads were stopped: 0.0009991 seconds, Stopping threads took: 0.0003132 seconds
[2024-05-14T11:45:06.524+0000][489.498s][debug][safepoint     ] Safepoint synchronization initiated. (365 threads)
[2024-05-14T11:45:06.524+0000][489.498s][info ][safepoint     ] Application time: 1.0001916 seconds
[2024-05-14T11:45:06.524+0000][489.498s][info ][safepoint     ] Entering safepoint region: Cleanup
[2024-05-14T11:45:06.525+0000][489.499s][info ][safepoint     ] Leaving safepoint region
[2024-05-14T11:45:06.525+0000][489.499s][info ][safepoint     ] Total time for which application threads were stopped: 0.0009083 seconds, Stopping threads took: 0.0002804 seconds
[2024-05-14T11:45:06.618+0000][489.592s][debug][safepoint     ] Safepoint synchronization initiated. (365 threads)
[2024-05-14T11:45:06.618+0000][489.592s][info ][safepoint     ] Application time: 0.0930123 seconds
[2024-05-14T11:45:06.618+0000][489.592s][debug][safepoint     ] ... found polling page return exception at pc = 0x00007f320c6483ef, stub =0x00007f3204824b00
[2024-05-14T11:45:06.618+0000][489.592s][debug][safepoint     ] Waiting for 1 thread(s) to block
[2024-05-14T11:45:06.618+0000][489.592s][info ][safepoint     ] Entering safepoint region: G1CollectForAllocation
[2024-05-14T11:45:06.619+0000][489.593s][info ][gc,start      ] GC(89) Pause Young (Normal) (G1 Evacuation Pause)
[2024-05-14T11:45:06.619+0000][489.593s][info ][gc,task       ] GC(89) Using 4 workers of 4 for evacuation
[2024-05-14T11:45:06.641+0000][489.614s][info ][gc,phases     ] GC(89)   Pre Evacuate Collection Set: 0.2ms
[2024-05-14T11:45:06.641+0000][489.614s][info ][gc,phases     ] GC(89)   Evacuate Collection Set: 12.0ms
[2024-05-14T11:45:06.641+0000][489.614s][info ][gc,phases     ] GC(89)   Post Evacuate Collection Set: 8.3ms
[2024-05-14T11:45:06.641+0000][489.614s][info ][gc,phases     ] GC(89)   Other: 1.2ms
[2024-05-14T11:45:06.641+0000][489.614s][info ][gc,heap       ] GC(89) Eden regions: 173->0(173)
[2024-05-14T11:45:06.641+0000][489.614s][info ][gc,heap       ] GC(89) Survivor regions: 2->2(22)
[2024-05-14T11:45:06.641+0000][489.614s][info ][gc,heap       ] GC(89) Old regions: 179->179
[2024-05-14T11:45:06.641+0000][489.614s][info ][gc,heap       ] GC(89) Humongous regions: 0->0
[2024-05-14T11:45:06.641+0000][489.614s][info ][gc,metaspace  ] GC(89) Metaspace: 186119K(192240K)->186119K(192240K) NonClass: 165062K(168740K)->165062K(168740K) Class: 21057K(23500K)->21057K(23500K)
[2024-05-14T11:45:06.641+0000][489.614s][info ][gc            ] GC(89) Pause Young (Normal) (G1 Evacuation Pause) 351M->178M(398M) 21.446ms
[2024-05-14T11:45:06.641+0000][489.615s][info ][gc,cpu        ] GC(89) User=0.07s Sys=0.00s Real=0.02s
[2024-05-14T11:45:06.641+0000][489.615s][info ][safepoint     ] Leaving safepoint region
[2024-05-14T11:45:06.641+0000][489.615s][info ][safepoint     ] Total time for which application threads were stopped: 0.0228396 seconds, Stopping threads took: 0.0003725 seconds
[2024-05-14T11:45:06.641+0000][489.615s][info ][gc,stringdedup] Concurrent String Deduplication (489.615s)
[2024-05-14T11:45:06.641+0000][489.615s][info ][gc,stringdedup] Concurrent String Deduplication 0.0B->0.0B(0.0B) avg 54.6% (489.615s, 489.615s) 0.085ms
[2024-05-14T11:45:07.641+0000][490.615s][debug][safepoint     ] Safepoint synchronization initiated. (365 threads)
[2024-05-14T11:45:07.641+0000][490.615s][info ][safepoint     ] Application time: 1.0003572 seconds
[2024-05-14T11:45:07.642+0000][490.616s][info ][safepoint     ] Entering safepoint region: Cleanup
[2024-05-14T11:45:07.643+0000][490.617s][info ][safepoint     ] Leaving safepoint region
[2024-05-14T11:45:07.644+0000][490.617s][info ][safepoint     ] Total time for which application threads were stopped: 0.0021729 seconds, Stopping threads took: 0.0009938 seconds
[2024-05-14T11:45:08.644+0000][491.617s][debug][safepoint     ] Safepoint synchronization initiated. (365 threads)
[2024-05-14T11:45:08.644+0000][491.618s][info ][safepoint     ] Application time: 1.0003110 seconds
[2024-05-14T11:45:08.644+0000][491.618s][info ][safepoint     ] Entering safepoint region: Cleanup
[2024-05-14T11:45:08.645+0000][491.618s][info ][safepoint     ] Leaving safepoint region
[2024-05-14T11:45:08.645+0000][491.618s][info ][safepoint     ] Total time for which application threads were stopped: 0.0008517 seconds, Stopping threads took: 0.0002694 seconds
[2024-05-14T11:45:09.645+0000][492.619s][debug][safepoint     ] Safepoint synchronization initiated. (365 threads)
[2024-05-14T11:45:09.645+0000][492.619s][info ][safepoint     ] Application time: 1.0002386 seconds
[2024-05-14T11:45:09.646+0000][492.620s][info ][safepoint     ] Entering safepoint region: Cleanup
[2024-05-14T11:45:09.647+0000][492.621s][info ][safepoint     ] Leaving safepoint region
[2024-05-14T11:45:09.647+0000][492.621s][info ][safepoint     ] Total time for which application threads were stopped: 0.0019169 seconds, Stopping threads took: 0.0008466 seconds
[2024-05-14T11:45:10.647+0000][493.621s][debug][safepoint     ] Safepoint synchronization initiated. (365 threads)
[2024-05-14T11:45:10.647+0000][493.621s][info ][safepoint     ] Application time: 1.0002740 seconds
[2024-05-14T11:45:10.647+0000][493.621s][info ][safepoint     ] Entering safepoint region: Cleanup
[2024-05-14T11:45:10.648+0000][493.622s][info ][safepoint     ] Leaving safepoint region
[2024-05-14T11:45:10.648+0000][493.622s][info ][safepoint     ] Total time for which application threads were stopped: 0.0008713 seconds, Stopping threads took: 0.0002634 seconds
[2024-05-14T11:45:11.648+0000][494.622s][debug][safepoint     ] Safepoint synchronization initiated. (365 threads)
[2024-05-14T11:45:11.648+0000][494.622s][info ][safepoint     ] Application time: 1.0001475 seconds
[2024-05-14T11:45:11.648+0000][494.622s][debug][safepoint     ] ... found polling page return exception at pc = 0x00007f320cef639b, stub =0x00007f3204824b00
[2024-05-14T11:45:11.649+0000][494.623s][debug][safepoint     ] Waiting for 1 thread(s) to block
[2024-05-14T11:45:11.649+0000][494.623s][info ][safepoint     ] Entering safepoint region: Cleanup
[2024-05-14T11:45:11.650+0000][494.624s][debug][safepoint     ] ... found polling page return exception at pc = 0x00007f320ca20556, stub =0x00007f3204824b00
[2024-05-14T11:45:11.650+0000][494.624s][info ][safepoint     ] Leaving safepoint region
[2024-05-14T11:45:11.650+0000][494.624s][info ][safepoint     ] Total time for which application threads were stopped: 0.0017557 seconds, Stopping threads took: 0.0010230 seconds
[2024-05-14T11:45:12.650+0000][495.624s][debug][safepoint     ] Safepoint synchronization initiated. (365 threads)
[2024-05-14T11:45:12.650+0000][495.624s][info ][safepoint     ] Application time: 1.0002192 seconds
[2024-05-14T11:45:12.651+0000][495.624s][info ][safepoint     ] Entering safepoint region: Cleanup
[2024-05-14T11:45:12.651+0000][495.625s][info ][safepoint     ] Leaving safepoint region
[2024-05-14T11:45:12.651+0000][495.625s][info ][safepoint     ] Total time for which application threads were stopped: 0.0010285 seconds, Stopping threads took: 0.0003735 seconds
[2024-05-14T11:45:13.652+0000][496.625s][debug][safepoint     ] Safepoint synchronization initiated. (365 threads)
[2024-05-14T11:45:13.652+0000][496.625s][info ][safepoint     ] Application time: 1.0003767 seconds
[2024-05-14T11:45:13.652+0000][496.626s][info ][safepoint     ] Entering safepoint region: Cleanup
[2024-05-14T11:45:13.654+0000][496.628s][info ][safepoint     ] Leaving safepoint region
[2024-05-14T11:45:13.654+0000][496.628s][info ][safepoint     ] Total time for which application threads were stopped: 0.0021121 seconds, Stopping threads took: 0.0007258 seconds
[2024-05-14T11:45:13.654+0000][496.628s][debug][safepoint     ] ... found polling page loop exception at pc = 0x00007f320805cdfe, stub =0x00007f3204826680
[2024-05-14T11:45:14.654+0000][497.628s][debug][safepoint     ] Safepoint synchronization initiated. (365 threads)
[2024-05-14T11:45:14.654+0000][497.628s][info ][safepoint     ] Application time: 1.0002512 seconds
[2024-05-14T11:45:14.654+0000][497.628s][info ][safepoint     ] Entering safepoint region: Cleanup
[2024-05-14T11:45:14.655+0000][497.629s][info ][safepoint     ] Leaving safepoint region
[2024-05-14T11:45:14.656+0000][497.629s][info ][safepoint     ] Total time for which application threads were stopped: 0.0013221 seconds, Stopping threads took: 0.0002635 seconds
[2024-05-14T11:45:15.656+0000][498.629s][debug][safepoint     ] Safepoint synchronization initiated. (365 threads)
[2024-05-14T11:45:15.656+0000][498.630s][info ][safepoint     ] Application time: 1.0002536 seconds
[2024-05-14T11:45:15.656+0000][498.630s][info ][safepoint     ] Entering safepoint region: Cleanup
[2024-05-14T11:45:15.657+0000][498.630s][debug][safepoint     ] ... found polling page return exception at pc = 0x00007f320ca20556, stub =0x00007f3204824b00
[2024-05-14T11:45:15.657+0000][498.630s][info ][safepoint     ] Leaving safepoint region
[2024-05-14T11:45:15.657+0000][498.630s][info ][safepoint     ] Total time for which application threads were stopped: 0.0009047 seconds, Stopping threads took: 0.0002207 seconds
[2024-05-14T11:45:16.657+0000][499.631s][debug][safepoint     ] Safepoint synchronization initiated. (365 threads)
[2024-05-14T11:45:16.657+0000][499.631s][info ][safepoint     ] Application time: 1.0002921 seconds
[2024-05-14T11:45:16.657+0000][499.631s][info ][safepoint     ] Entering safepoint region: Cleanup
[2024-05-14T11:45:16.658+0000][499.632s][info ][safepoint     ] Leaving safepoint region
[2024-05-14T11:45:16.658+0000][499.632s][info ][safepoint     ] Total time for which application threads were stopped: 0.0011334 seconds, Stopping threads took: 0.0002737 seconds
[2024-05-14T11:45:17.658+0000][500.632s][debug][safepoint     ] Safepoint synchronization initiated. (365 threads)
[2024-05-14T11:45:17.659+0000][500.632s][info ][safepoint     ] Application time: 1.0002962 seconds
[2024-05-14T11:45:17.659+0000][500.633s][info ][safepoint     ] Entering safepoint region: Cleanup
[2024-05-14T11:45:17.660+0000][500.633s][info ][safepoint     ] Leaving safepoint region
[2024-05-14T11:45:17.660+0000][500.633s][info ][safepoint     ] Total time for which application threads were stopped: 0.0011197 seconds, Stopping threads took: 0.0002670 seconds
[2024-05-14T11:45:18.660+0000][501.634s][debug][safepoint     ] Safepoint synchronization initiated. (365 threads)
[2024-05-14T11:45:18.660+0000][501.634s][info ][safepoint     ] Application time: 1.0001735 seconds
[2024-05-14T11:45:18.660+0000][501.634s][debug][safepoint     ] Waiting for 1 thread(s) to block
[2024-05-14T11:45:18.660+0000][501.634s][info ][safepoint     ] Entering safepoint region: Cleanup
[2024-05-14T11:45:18.661+0000][501.634s][info ][safepoint     ] Leaving safepoint region
[2024-05-14T11:45:18.661+0000][501.634s][info ][safepoint     ] Total time for which application threads were stopped: 0.0007693 seconds, Stopping threads took: 0.0002465 seconds
[2024-05-14T11:45:19.661+0000][502.634s][debug][safepoint     ] Safepoint synchronization initiated. (365 threads)
[2024-05-14T11:45:19.661+0000][502.635s][info ][safepoint     ] Application time: 1.0001237 seconds
[2024-05-14T11:45:19.661+0000][502.635s][info ][safepoint     ] Entering safepoint region: Cleanup
[2024-05-14T11:45:19.662+0000][502.636s][info ][safepoint     ] Leaving safepoint region
[2024-05-14T11:45:19.662+0000][502.636s][info ][safepoint     ] Total time for which application threads were stopped: 0.0012271 seconds, Stopping threads took: 0.0004508 seconds
[2024-05-14T11:45:20.662+0000][503.636s][debug][safepoint     ] Safepoint synchronization initiated. (365 threads)
[2024-05-14T11:45:20.662+0000][503.636s][info ][safepoint     ] Application time: 1.0001697 seconds
[2024-05-14T11:45:20.663+0000][503.636s][info ][safepoint     ] Entering safepoint region: Cleanup
[2024-05-14T11:45:20.663+0000][503.637s][info ][safepoint     ] Leaving safepoint region
[2024-05-14T11:45:20.663+0000][503.637s][info ][safepoint     ] Total time for which application threads were stopped: 0.0009883 seconds, Stopping threads took: 0.0002835 seconds
[2024-05-14T11:45:21.663+0000][504.637s][debug][safepoint     ] Safepoint synchronization initiated. (365 threads)
[2024-05-14T11:45:21.664+0000][504.637s][info ][safepoint     ] Application time: 1.0002593 seconds
[2024-05-14T11:45:21.664+0000][504.637s][debug][safepoint     ] ... found polling page loop exception at pc = 0x00007f320ccc91a7, stub =0x00007f3204826680
[2024-05-14T11:45:21.664+0000][504.638s][debug][safepoint     ] Waiting for 1 thread(s) to block
[2024-05-14T11:45:21.664+0000][504.638s][info ][safepoint     ] Entering safepoint region: Cleanup
[2024-05-14T11:45:21.665+0000][504.639s][info ][safepoint     ] Leaving safepoint region
[2024-05-14T11:45:21.665+0000][504.639s][info ][safepoint     ] Total time for which application threads were stopped: 0.0012743 seconds, Stopping threads took: 0.0005366 seconds
[2024-05-14T11:45:22.665+0000][505.639s][debug][safepoint     ] Safepoint synchronization initiated. (365 threads)
[2024-05-14T11:45:22.665+0000][505.639s][info ][safepoint     ] Application time: 1.0002646 seconds
[2024-05-14T11:45:22.666+0000][505.640s][info ][safepoint     ] Entering safepoint region: Cleanup
[2024-05-14T11:45:22.667+0000][505.641s][info ][safepoint     ] Leaving safepoint region
[2024-05-14T11:45:22.667+0000][505.641s][info ][safepoint     ] Total time for which application threads were stopped: 0.0020678 seconds, Stopping threads took: 0.0010076 seconds
[2024-05-14T11:45:23.667+0000][506.641s][debug][safepoint     ] Safepoint synchronization initiated. (365 threads)
[2024-05-14T11:45:23.667+0000][506.641s][info ][safepoint     ] Application time: 1.0002213 seconds
[2024-05-14T11:45:23.668+0000][506.642s][info ][safepoint     ] Entering safepoint region: Cleanup
[2024-05-14T11:45:23.669+0000][506.642s][info ][safepoint     ] Leaving safepoint region
[2024-05-14T11:45:23.669+0000][506.642s][info ][safepoint     ] Total time for which application threads were stopped: 0.0011562 seconds, Stopping threads took: 0.0003638 seconds
[2024-05-14T11:45:24.669+0000][507.643s][debug][safepoint     ] Safepoint synchronization initiated. (365 threads)
[2024-05-14T11:45:24.669+0000][507.643s][info ][safepoint     ] Application time: 1.0002431 seconds
[2024-05-14T11:45:24.669+0000][507.643s][info ][safepoint     ] Entering safepoint region: Cleanup
[2024-05-14T11:45:24.670+0000][507.644s][info ][safepoint     ] Leaving safepoint region
[2024-05-14T11:45:24.670+0000][507.644s][info ][safepoint     ] Total time for which application threads were stopped: 0.0009701 seconds, Stopping threads took: 0.0002562 seconds
[2024-05-14T11:45:25.670+0000][508.644s][debug][safepoint     ] Safepoint synchronization initiated. (365 threads)
[2024-05-14T11:45:25.670+0000][508.644s][info ][safepoint     ] Application time: 1.0002597 seconds
[2024-05-14T11:45:25.670+0000][508.644s][info ][safepoint     ] Entering safepoint region: Cleanup
[2024-05-14T11:45:25.671+0000][508.645s][info ][safepoint     ] Leaving safepoint region
[2024-05-14T11:45:25.671+0000][508.645s][info ][safepoint     ] Total time for which application threads were stopped: 0.0009016 seconds, Stopping threads took: 0.0002719 seconds
[2024-05-14T11:45:26.671+0000][509.645s][debug][safepoint     ] Safepoint synchronization initiated. (365 threads)
[2024-05-14T11:45:26.671+0000][509.645s][info ][safepoint     ] Application time: 1.0002374 seconds
[2024-05-14T11:45:26.672+0000][509.645s][info ][safepoint     ] Entering safepoint region: Cleanup
[2024-05-14T11:45:26.672+0000][509.646s][info ][safepoint     ] Leaving safepoint region
[2024-05-14T11:45:26.672+0000][509.646s][info ][safepoint     ] Total time for which application threads were stopped: 0.0010049 seconds, Stopping threads took: 0.0002501 seconds
[2024-05-14T11:45:27.673+0000][510.646s][debug][safepoint     ] Safepoint synchronization initiated. (365 threads)
[2024-05-14T11:45:27.673+0000][510.646s][info ][safepoint     ] Application time: 1.0002553 seconds
[2024-05-14T11:45:27.673+0000][510.647s][info ][safepoint     ] Entering safepoint region: Cleanup
[2024-05-14T11:45:27.674+0000][510.647s][info ][safepoint     ] Leaving safepoint region
[2024-05-14T11:45:27.674+0000][510.647s][info ][safepoint     ] Total time for which application threads were stopped: 0.0009918 seconds, Stopping threads took: 0.0002306 seconds
[2024-05-14T11:45:28.674+0000][511.648s][debug][safepoint     ] Safepoint synchronization initiated. (365 threads)
[2024-05-14T11:45:28.674+0000][511.648s][info ][safepoint     ] Application time: 1.0001688 seconds
[2024-05-14T11:45:28.674+0000][511.648s][info ][safepoint     ] Entering safepoint region: Cleanup
[2024-05-14T11:45:28.675+0000][511.648s][info ][safepoint     ] Leaving safepoint region
[2024-05-14T11:45:28.675+0000][511.648s][info ][safepoint     ] Total time for which application threads were stopped: 0.0006373 seconds, Stopping threads took: 0.0002066 seconds
[2024-05-14T11:45:29.675+0000][512.648s][debug][safepoint     ] Safepoint synchronization initiated. (365 threads)
[2024-05-14T11:45:29.675+0000][512.649s][info ][safepoint     ] Application time: 1.0001892 seconds
[2024-05-14T11:45:29.675+0000][512.649s][info ][safepoint     ] Entering safepoint region: Cleanup
[2024-05-14T11:45:29.676+0000][512.649s][debug][safepoint     ] ... found polling page return exception at pc = 0x00007f320ca20556, stub =0x00007f3204824b00
[2024-05-14T11:45:29.676+0000][512.649s][info ][safepoint     ] Leaving safepoint region
[2024-05-14T11:45:29.676+0000][512.649s][info ][safepoint     ] Total time for which application threads were stopped: 0.0009552 seconds, Stopping threads took: 0.0002258 seconds
[2024-05-14T11:45:29.818+0000][512.792s][debug][safepoint     ] Safepoint synchronization initiated. (365 threads)
[2024-05-14T11:45:29.818+0000][512.792s][info ][safepoint     ] Application time: 0.1421170 seconds
[2024-05-14T11:45:29.818+0000][512.792s][info ][safepoint     ] Entering safepoint region: G1CollectForAllocation
[2024-05-14T11:45:29.819+0000][512.792s][info ][gc,start      ] GC(90) Pause Young (Normal) (G1 Evacuation Pause)
[2024-05-14T11:45:29.819+0000][512.793s][info ][gc,task       ] GC(90) Using 4 workers of 4 for evacuation
[2024-05-14T11:45:29.848+0000][512.822s][info ][gc,phases     ] GC(90)   Pre Evacuate Collection Set: 0.1ms
[2024-05-14T11:45:29.848+0000][512.822s][info ][gc,phases     ] GC(90)   Evacuate Collection Set: 14.8ms
[2024-05-14T11:45:29.848+0000][512.822s][info ][gc,phases     ] GC(90)   Post Evacuate Collection Set: 13.6ms
[2024-05-14T11:45:29.848+0000][512.822s][info ][gc,phases     ] GC(90)   Other: 1.3ms
[2024-05-14T11:45:29.848+0000][512.822s][info ][gc,heap       ] GC(90) Eden regions: 173->0(173)
[2024-05-14T11:45:29.848+0000][512.822s][info ][gc,heap       ] GC(90) Survivor regions: 2->2(22)
[2024-05-14T11:45:29.848+0000][512.822s][info ][gc,heap       ] GC(90) Old regions: 179->179
[2024-05-14T11:45:29.848+0000][512.822s][info ][gc,heap       ] GC(90) Humongous regions: 0->0
[2024-05-14T11:45:29.848+0000][512.822s][info ][gc,metaspace  ] GC(90) Metaspace: 186134K(192240K)->186134K(192240K) NonClass: 165076K(168740K)->165076K(168740K) Class: 21058K(23500K)->21058K(23500K)
[2024-05-14T11:45:29.848+0000][512.822s][info ][gc            ] GC(90) Pause Young (Normal) (G1 Evacuation Pause) 351M->178M(398M) 29.670ms
[2024-05-14T11:45:29.849+0000][512.822s][info ][gc,cpu        ] GC(90) User=0.05s Sys=0.00s Real=0.02s
[2024-05-14T11:45:29.849+0000][512.822s][info ][safepoint     ] Leaving safepoint region
[2024-05-14T11:45:29.849+0000][512.822s][info ][safepoint     ] Total time for which application threads were stopped: 0.0307550 seconds, Stopping threads took: 0.0001164 seconds
[2024-05-14T11:45:29.849+0000][512.823s][info ][gc,stringdedup] Concurrent String Deduplication (512.822s)
[2024-05-14T11:45:29.849+0000][512.823s][info ][gc,stringdedup] Concurrent String Deduplication 168.0B->88.0B(80.0B) avg 54.6% (512.822s, 512.823s) 0.194ms
[2024-05-14T11:45:30.849+0000][513.823s][debug][safepoint     ] Safepoint synchronization initiated. (365 threads)
[2024-05-14T11:45:30.849+0000][513.823s][info ][safepoint     ] Application time: 1.0003352 seconds
[2024-05-14T11:45:30.849+0000][513.823s][info ][safepoint     ] Entering safepoint region: Cleanup
[2024-05-14T11:45:30.850+0000][513.824s][info ][safepoint     ] Leaving safepoint region
[2024-05-14T11:45:30.850+0000][513.824s][info ][safepoint     ] Total time for which application threads were stopped: 0.0012421 seconds, Stopping threads took: 0.0003449 seconds
[2024-05-14T11:45:31.850+0000][514.824s][debug][safepoint     ] Safepoint synchronization initiated. (365 threads)
[2024-05-14T11:45:31.851+0000][514.824s][info ][safepoint     ] Application time: 1.0002350 seconds
[2024-05-14T11:45:31.851+0000][514.824s][debug][safepoint     ] ... found polling page return exception at pc = 0x00007f320c4f07e8, stub =0x00007f3204824b00
[2024-05-14T11:45:31.851+0000][514.825s][debug][safepoint     ] Waiting for 1 thread(s) to block
[2024-05-14T11:45:31.851+0000][514.825s][info ][safepoint     ] Entering safepoint region: Cleanup
[2024-05-14T11:45:31.851+0000][514.825s][info ][safepoint     ] Leaving safepoint region
[2024-05-14T11:45:31.851+0000][514.825s][info ][safepoint     ] Total time for which application threads were stopped: 0.0008445 seconds, Stopping threads took: 0.0003676 seconds
[2024-05-14T11:45:32.852+0000][515.826s][debug][safepoint     ] Safepoint synchronization initiated. (365 threads)
[2024-05-14T11:45:32.852+0000][515.826s][info ][safepoint     ] Application time: 1.0004334 seconds
[2024-05-14T11:45:32.853+0000][515.827s][info ][safepoint     ] Entering safepoint region: Cleanup
[2024-05-14T11:45:32.854+0000][515.827s][debug][safepoint     ] ... found polling page loop exception at pc = 0x00007f320805cdfe, stub =0x00007f3204826680
[2024-05-14T11:45:32.854+0000][515.827s][info ][safepoint     ] Leaving safepoint region
[2024-05-14T11:45:32.854+0000][515.827s][info ][safepoint     ] Total time for which application threads were stopped: 0.0017616 seconds, Stopping threads took: 0.0009002 seconds
[2024-05-14T11:45:33.854+0000][516.828s][debug][safepoint     ] Safepoint synchronization initiated. (365 threads)
[2024-05-14T11:45:33.854+0000][516.828s][info ][safepoint     ] Application time: 1.0002245 seconds
[2024-05-14T11:45:33.854+0000][516.828s][info ][safepoint     ] Entering safepoint region: Cleanup
[2024-05-14T11:45:33.855+0000][516.828s][info ][safepoint     ] Leaving safepoint region
[2024-05-14T11:45:33.855+0000][516.828s][info ][safepoint     ] Total time for which application threads were stopped: 0.0006903 seconds, Stopping threads took: 0.0002249 seconds
[2024-05-14T11:45:34.855+0000][517.829s][debug][safepoint     ] Safepoint synchronization initiated. (365 threads)
[2024-05-14T11:45:34.855+0000][517.829s][info ][safepoint     ] Application time: 1.0002760 seconds
[2024-05-14T11:45:34.855+0000][517.829s][info ][safepoint     ] Entering safepoint region: Cleanup
[2024-05-14T11:45:34.856+0000][517.829s][info ][safepoint     ] Leaving safepoint region
[2024-05-14T11:45:34.856+0000][517.830s][info ][safepoint     ] Total time for which application threads were stopped: 0.0008627 seconds, Stopping threads took: 0.0002364 seconds
[2024-05-14T11:45:35.856+0000][518.830s][debug][safepoint     ] Safepoint synchronization initiated. (365 threads)
[2024-05-14T11:45:35.856+0000][518.830s][info ][safepoint     ] Application time: 1.0002356 seconds
[2024-05-14T11:45:35.856+0000][518.830s][info ][safepoint     ] Entering safepoint region: Cleanup
[2024-05-14T11:45:35.857+0000][518.831s][info ][safepoint     ] Leaving safepoint region
[2024-05-14T11:45:35.857+0000][518.831s][info ][safepoint     ] Total time for which application threads were stopped: 0.0008353 seconds, Stopping threads took: 0.0002820 seconds
[2024-05-14T11:45:36.857+0000][519.831s][debug][safepoint     ] Safepoint synchronization initiated. (365 threads)
[2024-05-14T11:45:36.857+0000][519.831s][info ][safepoint     ] Application time: 1.0002375 seconds
[2024-05-14T11:45:36.858+0000][519.831s][info ][safepoint     ] Entering safepoint region: Cleanup
[2024-05-14T11:45:36.858+0000][519.832s][info ][safepoint     ] Leaving safepoint region
[2024-05-14T11:45:36.858+0000][519.832s][info ][safepoint     ] Total time for which application threads were stopped: 0.0008858 seconds, Stopping threads took: 0.0002778 seconds
[2024-05-14T11:45:37.858+0000][520.832s][debug][safepoint     ] Safepoint synchronization initiated. (365 threads)
[2024-05-14T11:45:37.858+0000][520.832s][info ][safepoint     ] Application time: 1.0001564 seconds
[2024-05-14T11:45:37.858+0000][520.832s][info ][safepoint     ] Entering safepoint region: Cleanup
[2024-05-14T11:45:37.859+0000][520.833s][info ][safepoint     ] Leaving safepoint region
[2024-05-14T11:45:37.859+0000][520.833s][info ][safepoint     ] Total time for which application threads were stopped: 0.0005359 seconds, Stopping threads took: 0.0001664 seconds
[2024-05-14T11:45:38.859+0000][521.833s][debug][safepoint     ] Safepoint synchronization initiated. (365 threads)
[2024-05-14T11:45:38.859+0000][521.833s][info ][safepoint     ] Application time: 1.0003199 seconds
[2024-05-14T11:45:38.859+0000][521.833s][debug][safepoint     ] ... found polling page return exception at pc = 0x00007f320cbe669f, stub =0x00007f3204824b00
[2024-05-14T11:45:38.859+0000][521.833s][debug][safepoint     ] Waiting for 1 thread(s) to block
[2024-05-14T11:45:38.860+0000][521.833s][info ][safepoint     ] Entering safepoint region: Cleanup
[2024-05-14T11:45:38.860+0000][521.834s][info ][safepoint     ] Leaving safepoint region
[2024-05-14T11:45:38.860+0000][521.834s][info ][safepoint     ] Total time for which application threads were stopped: 0.0011083 seconds, Stopping threads took: 0.0003939 seconds
[2024-05-14T11:45:39.861+0000][522.834s][debug][safepoint     ] Safepoint synchronization initiated. (365 threads)
[2024-05-14T11:45:39.861+0000][522.834s][info ][safepoint     ] Application time: 1.0002786 seconds
[2024-05-14T11:45:39.861+0000][522.835s][info ][safepoint     ] Entering safepoint region: Cleanup
[2024-05-14T11:45:39.862+0000][522.835s][info ][safepoint     ] Leaving safepoint region
[2024-05-14T11:45:39.862+0000][522.835s][info ][safepoint     ] Total time for which application threads were stopped: 0.0009855 seconds, Stopping threads took: 0.0002567 seconds
[2024-05-14T11:45:40.862+0000][523.836s][debug][safepoint     ] Safepoint synchronization initiated. (365 threads)
[2024-05-14T11:45:40.862+0000][523.836s][info ][safepoint     ] Application time: 1.0002223 seconds
[2024-05-14T11:45:40.863+0000][523.836s][info ][safepoint     ] Entering safepoint region: Cleanup
[2024-05-14T11:45:40.863+0000][523.837s][info ][safepoint     ] Leaving safepoint region
[2024-05-14T11:45:40.863+0000][523.837s][info ][safepoint     ] Total time for which application threads were stopped: 0.0013406 seconds, Stopping threads took: 0.0005831 seconds
[2024-05-14T11:45:41.864+0000][524.837s][debug][safepoint     ] Safepoint synchronization initiated. (365 threads)
[2024-05-14T11:45:41.864+0000][524.837s][info ][safepoint     ] Application time: 1.0003532 seconds
[2024-05-14T11:45:41.864+0000][524.838s][info ][safepoint     ] Entering safepoint region: Cleanup
[2024-05-14T11:45:41.865+0000][524.838s][info ][safepoint     ] Leaving safepoint region
[2024-05-14T11:45:41.865+0000][524.838s][info ][safepoint     ] Total time for which application threads were stopped: 0.0008181 seconds, Stopping threads took: 0.0002571 seconds
[2024-05-14T11:45:42.865+0000][525.838s][debug][safepoint     ] Safepoint synchronization initiated. (365 threads)
[2024-05-14T11:45:42.865+0000][525.839s][info ][safepoint     ] Application time: 1.0002579 seconds
[2024-05-14T11:45:42.865+0000][525.839s][info ][safepoint     ] Entering safepoint region: Cleanup
[2024-05-14T11:45:42.866+0000][525.839s][info ][safepoint     ] Leaving safepoint region
[2024-05-14T11:45:42.866+0000][525.839s][info ][safepoint     ] Total time for which application threads were stopped: 0.0008480 seconds, Stopping threads took: 0.0002487 seconds
[2024-05-14T11:45:43.866+0000][526.840s][debug][safepoint     ] Safepoint synchronization initiated. (365 threads)
[2024-05-14T11:45:43.866+0000][526.840s][info ][safepoint     ] Application time: 1.0002943 seconds
[2024-05-14T11:45:43.867+0000][526.840s][info ][safepoint     ] Entering safepoint region: Cleanup
[2024-05-14T11:45:43.867+0000][526.841s][info ][safepoint     ] Leaving safepoint region
[2024-05-14T11:45:43.867+0000][526.841s][info ][safepoint     ] Total time for which application threads were stopped: 0.0013336 seconds, Stopping threads took: 0.0007331 seconds
[2024-05-14T11:45:44.868+0000][527.841s][debug][safepoint     ] Safepoint synchronization initiated. (365 threads)
[2024-05-14T11:45:44.868+0000][527.841s][info ][safepoint     ] Application time: 1.0002962 seconds
[2024-05-14T11:45:44.868+0000][527.842s][info ][safepoint     ] Entering safepoint region: Cleanup
[2024-05-14T11:45:44.868+0000][527.842s][info ][safepoint     ] Leaving safepoint region
[2024-05-14T11:45:44.868+0000][527.842s][info ][safepoint     ] Total time for which application threads were stopped: 0.0006593 seconds, Stopping threads took: 0.0002099 seconds
[2024-05-14T11:45:45.869+0000][528.842s][debug][safepoint     ] Safepoint synchronization initiated. (365 threads)
[2024-05-14T11:45:45.869+0000][528.842s][info ][safepoint     ] Application time: 1.0002337 seconds
[2024-05-14T11:45:45.869+0000][528.843s][info ][safepoint     ] Entering safepoint region: Cleanup
[2024-05-14T11:45:45.869+0000][528.843s][info ][safepoint     ] Leaving safepoint region
[2024-05-14T11:45:45.869+0000][528.843s][info ][safepoint     ] Total time for which application threads were stopped: 0.0006645 seconds, Stopping threads took: 0.0002158 seconds
[2024-05-14T11:45:46.870+0000][529.843s][debug][safepoint     ] Safepoint synchronization initiated. (365 threads)
[2024-05-14T11:45:46.870+0000][529.843s][info ][safepoint     ] Application time: 1.0002290 seconds
[2024-05-14T11:45:46.870+0000][529.844s][info ][safepoint     ] Entering safepoint region: Cleanup
[2024-05-14T11:45:46.870+0000][529.844s][info ][safepoint     ] Leaving safepoint region
[2024-05-14T11:45:46.870+0000][529.844s][info ][safepoint     ] Total time for which application threads were stopped: 0.0007364 seconds, Stopping threads took: 0.0002306 seconds
[2024-05-14T11:45:47.870+0000][530.844s][debug][safepoint     ] Safepoint synchronization initiated. (365 threads)
[2024-05-14T11:45:47.871+0000][530.844s][info ][safepoint     ] Application time: 1.0002038 seconds
[2024-05-14T11:45:47.871+0000][530.845s][info ][safepoint     ] Entering safepoint region: Cleanup
[2024-05-14T11:45:47.871+0000][530.845s][info ][safepoint     ] Leaving safepoint region
[2024-05-14T11:45:47.872+0000][530.845s][info ][safepoint     ] Total time for which application threads were stopped: 0.0009549 seconds, Stopping threads took: 0.0003179 seconds
[2024-05-14T11:45:48.872+0000][531.845s][debug][safepoint     ] Safepoint synchronization initiated. (365 threads)
[2024-05-14T11:45:48.872+0000][531.846s][info ][safepoint     ] Application time: 1.0002440 seconds
[2024-05-14T11:45:48.872+0000][531.846s][debug][safepoint     ] ... found polling page loop exception at pc = 0x00007f320c9fc99f, stub =0x00007f3204826680
[2024-05-14T11:45:48.872+0000][531.846s][debug][safepoint     ] Waiting for 1 thread(s) to block
[2024-05-14T11:45:48.872+0000][531.846s][info ][safepoint     ] Entering safepoint region: Cleanup
[2024-05-14T11:45:48.873+0000][531.846s][info ][safepoint     ] Leaving safepoint region
[2024-05-14T11:45:48.873+0000][531.846s][info ][safepoint     ] Total time for which application threads were stopped: 0.0009067 seconds, Stopping threads took: 0.0003695 seconds
[2024-05-14T11:45:49.873+0000][532.847s][debug][safepoint     ] Safepoint synchronization initiated. (365 threads)
[2024-05-14T11:45:49.873+0000][532.847s][info ][safepoint     ] Application time: 1.0003221 seconds
[2024-05-14T11:45:49.873+0000][532.847s][info ][safepoint     ] Entering safepoint region: Cleanup
[2024-05-14T11:45:49.874+0000][532.848s][info ][safepoint     ] Leaving safepoint region
[2024-05-14T11:45:49.874+0000][532.848s][info ][safepoint     ] Total time for which application threads were stopped: 0.0011171 seconds, Stopping threads took: 0.0002370 seconds
[2024-05-14T11:45:50.874+0000][533.848s][debug][safepoint     ] Safepoint synchronization initiated. (365 threads)
[2024-05-14T11:45:50.874+0000][533.848s][info ][safepoint     ] Application time: 1.0002369 seconds
[2024-05-14T11:45:50.875+0000][533.849s][info ][safepoint     ] Entering safepoint region: Cleanup
[2024-05-14T11:45:50.876+0000][533.849s][info ][safepoint     ] Leaving safepoint region
[2024-05-14T11:45:50.876+0000][533.849s][info ][safepoint     ] Total time for which application threads were stopped: 0.0010687 seconds, Stopping threads took: 0.0003899 seconds
[2024-05-14T11:45:51.876+0000][534.849s][debug][safepoint     ] Safepoint synchronization initiated. (364 threads)
[2024-05-14T11:45:51.876+0000][534.849s][info ][safepoint     ] Application time: 1.0001716 seconds
[2024-05-14T11:45:51.876+0000][534.850s][info ][safepoint     ] Entering safepoint region: Cleanup
[2024-05-14T11:45:51.877+0000][534.850s][info ][safepoint     ] Leaving safepoint region
[2024-05-14T11:45:51.877+0000][534.850s][info ][safepoint     ] Total time for which application threads were stopped: 0.0007781 seconds, Stopping threads took: 0.0002341 seconds
[2024-05-14T11:45:52.830+0000][535.804s][debug][safepoint     ] Safepoint synchronization initiated. (364 threads)
[2024-05-14T11:45:52.830+0000][535.804s][info ][safepoint     ] Application time: 0.9538105 seconds
[2024-05-14T11:45:52.831+0000][535.804s][debug][safepoint     ] ... found polling page return exception at pc = 0x00007f320c81bf56, stub =0x00007f3204824b00
[2024-05-14T11:45:52.831+0000][535.804s][debug][safepoint     ] ... found polling page return exception at pc = 0x00007f320cbe669f, stub =0x00007f3204824b00
[2024-05-14T11:45:52.831+0000][535.804s][debug][safepoint     ] Waiting for 2 thread(s) to block
[2024-05-14T11:45:52.831+0000][535.805s][info ][safepoint     ] Entering safepoint region: G1CollectForAllocation
[2024-05-14T11:45:52.832+0000][535.806s][info ][gc,start      ] GC(91) Pause Young (Normal) (G1 Evacuation Pause)
[2024-05-14T11:45:52.832+0000][535.806s][info ][gc,task       ] GC(91) Using 4 workers of 4 for evacuation
[2024-05-14T11:45:52.854+0000][535.827s][info ][gc,phases     ] GC(91)   Pre Evacuate Collection Set: 0.3ms
[2024-05-14T11:45:52.854+0000][535.827s][info ][gc,phases     ] GC(91)   Evacuate Collection Set: 11.6ms
[2024-05-14T11:45:52.854+0000][535.827s][info ][gc,phases     ] GC(91)   Post Evacuate Collection Set: 8.7ms
[2024-05-14T11:45:52.854+0000][535.827s][info ][gc,phases     ] GC(91)   Other: 1.6ms
[2024-05-14T11:45:52.854+0000][535.827s][info ][gc,heap       ] GC(91) Eden regions: 173->0(174)
[2024-05-14T11:45:52.854+0000][535.827s][info ][gc,heap       ] GC(91) Survivor regions: 2->2(22)
[2024-05-14T11:45:52.854+0000][535.828s][info ][gc,heap       ] GC(91) Old regions: 179->179
[2024-05-14T11:45:52.854+0000][535.828s][info ][gc,heap       ] GC(91) Humongous regions: 0->0
[2024-05-14T11:45:52.854+0000][535.828s][info ][gc,metaspace  ] GC(91) Metaspace: 186175K(192240K)->186175K(192240K) NonClass: 165117K(168740K)->165117K(168740K) Class: 21058K(23500K)->21058K(23500K)
[2024-05-14T11:45:52.854+0000][535.828s][info ][gc            ] GC(91) Pause Young (Normal) (G1 Evacuation Pause) 351M->178M(398M) 21.839ms
[2024-05-14T11:45:52.854+0000][535.828s][info ][gc,cpu        ] GC(91) User=0.08s Sys=0.00s Real=0.02s
[2024-05-14T11:45:52.854+0000][535.828s][info ][safepoint     ] Leaving safepoint region
[2024-05-14T11:45:52.854+0000][535.828s][info ][safepoint     ] Total time for which application threads were stopped: 0.0237054 seconds, Stopping threads took: 0.0006216 seconds
[2024-05-14T11:45:52.854+0000][535.828s][info ][gc,stringdedup] Concurrent String Deduplication (535.828s)
[2024-05-14T11:45:52.854+0000][535.828s][info ][gc,stringdedup] Concurrent String Deduplication 152.0B->80.0B(72.0B) avg 54.6% (535.828s, 535.828s) 0.075ms
[2024-05-14T11:45:53.854+0000][536.828s][debug][safepoint     ] Safepoint synchronization initiated. (364 threads)
[2024-05-14T11:45:53.855+0000][536.828s][info ][safepoint     ] Application time: 1.0003716 seconds
[2024-05-14T11:45:53.855+0000][536.829s][info ][safepoint     ] Entering safepoint region: Cleanup
[2024-05-14T11:45:53.856+0000][536.829s][info ][safepoint     ] Leaving safepoint region
[2024-05-14T11:45:53.856+0000][536.829s][info ][safepoint     ] Total time for which application threads were stopped: 0.0011760 seconds, Stopping threads took: 0.0003620 seconds
[2024-05-14T11:45:54.856+0000][537.830s][debug][safepoint     ] Safepoint synchronization initiated. (364 threads)
[2024-05-14T11:45:54.856+0000][537.830s][info ][safepoint     ] Application time: 1.0002815 seconds
[2024-05-14T11:45:54.856+0000][537.830s][info ][safepoint     ] Entering safepoint region: Cleanup
[2024-05-14T11:45:54.857+0000][537.831s][info ][safepoint     ] Leaving safepoint region
[2024-05-14T11:45:54.857+0000][537.831s][info ][safepoint     ] Total time for which application threads were stopped: 0.0009163 seconds, Stopping threads took: 0.0002886 seconds
[2024-05-14T11:45:55.857+0000][538.831s][debug][safepoint     ] Safepoint synchronization initiated. (364 threads)
[2024-05-14T11:45:55.857+0000][538.831s][info ][safepoint     ] Application time: 1.0001995 seconds
[2024-05-14T11:45:55.858+0000][538.831s][info ][safepoint     ] Entering safepoint region: Cleanup
[2024-05-14T11:45:55.859+0000][538.832s][info ][safepoint     ] Leaving safepoint region
[2024-05-14T11:45:55.859+0000][538.832s][debug][safepoint     ] ... found polling page return exception at pc = 0x00007f320ca20556, stub =0x00007f3204824b00
[2024-05-14T11:45:55.859+0000][538.832s][info ][safepoint     ] Total time for which application threads were stopped: 0.0013984 seconds, Stopping threads took: 0.0004137 seconds
[2024-05-14T11:45:56.859+0000][539.833s][debug][safepoint     ] Safepoint synchronization initiated. (363 threads)
[2024-05-14T11:45:56.859+0000][539.833s][info ][safepoint     ] Application time: 1.0002255 seconds
[2024-05-14T11:45:56.859+0000][539.833s][info ][safepoint     ] Entering safepoint region: Cleanup
[2024-05-14T11:45:56.860+0000][539.833s][info ][safepoint     ] Leaving safepoint region
[2024-05-14T11:45:56.860+0000][539.834s][info ][safepoint     ] Total time for which application threads were stopped: 0.0008276 seconds, Stopping threads took: 0.0002315 seconds
[2024-05-14T11:45:57.860+0000][540.834s][debug][safepoint     ] Safepoint synchronization initiated. (363 threads)
[2024-05-14T11:45:57.860+0000][540.834s][info ][safepoint     ] Application time: 1.0002046 seconds
[2024-05-14T11:45:57.861+0000][540.834s][info ][safepoint     ] Entering safepoint region: Cleanup
[2024-05-14T11:45:57.862+0000][540.835s][info ][safepoint     ] Leaving safepoint region
[2024-05-14T11:45:57.862+0000][540.836s][info ][safepoint     ] Total time for which application threads were stopped: 0.0017045 seconds, Stopping threads took: 0.0006291 seconds
[2024-05-14T11:45:58.862+0000][541.836s][debug][safepoint     ] Safepoint synchronization initiated. (363 threads)
[2024-05-14T11:45:58.862+0000][541.836s][info ][safepoint     ] Application time: 1.0003237 seconds
[2024-05-14T11:45:58.862+0000][541.836s][info ][safepoint     ] Entering safepoint region: Cleanup
[2024-05-14T11:45:58.863+0000][541.837s][info ][safepoint     ] Leaving safepoint region
[2024-05-14T11:45:58.863+0000][541.837s][info ][safepoint     ] Total time for which application threads were stopped: 0.0008097 seconds, Stopping threads took: 0.0002449 seconds
[2024-05-14T11:45:59.863+0000][542.837s][debug][safepoint     ] Safepoint synchronization initiated. (363 threads)
[2024-05-14T11:45:59.863+0000][542.837s][info ][safepoint     ] Application time: 1.0001789 seconds
[2024-05-14T11:45:59.863+0000][542.837s][info ][safepoint     ] Entering safepoint region: Cleanup
[2024-05-14T11:45:59.864+0000][542.838s][info ][safepoint     ] Leaving safepoint region
[2024-05-14T11:45:59.864+0000][542.838s][info ][safepoint     ] Total time for which application threads were stopped: 0.0010683 seconds, Stopping threads took: 0.0002798 seconds
[2024-05-14T11:46:00.864+0000][543.838s][debug][safepoint     ] Safepoint synchronization initiated. (363 threads)
[2024-05-14T11:46:00.865+0000][543.838s][info ][safepoint     ] Application time: 1.0002655 seconds
[2024-05-14T11:46:00.865+0000][543.839s][info ][safepoint     ] Entering safepoint region: Cleanup
[2024-05-14T11:46:00.866+0000][543.839s][info ][safepoint     ] Leaving safepoint region
[2024-05-14T11:46:00.866+0000][543.839s][info ][safepoint     ] Total time for which application threads were stopped: 0.0011225 seconds, Stopping threads took: 0.0003148 seconds
[2024-05-14T11:46:01.866+0000][544.840s][debug][safepoint     ] Safepoint synchronization initiated. (363 threads)
[2024-05-14T11:46:01.866+0000][544.840s][info ][safepoint     ] Application time: 1.0002351 seconds
[2024-05-14T11:46:01.866+0000][544.840s][debug][safepoint     ] Waiting for 1 thread(s) to block
[2024-05-14T11:46:01.866+0000][544.840s][info ][safepoint     ] Entering safepoint region: Cleanup
[2024-05-14T11:46:01.867+0000][544.841s][info ][safepoint     ] Leaving safepoint region
[2024-05-14T11:46:01.867+0000][544.841s][info ][safepoint     ] Total time for which application threads were stopped: 0.0012110 seconds, Stopping threads took: 0.0004165 seconds
[2024-05-14T11:46:02.867+0000][545.841s][debug][safepoint     ] Safepoint synchronization initiated. (363 threads)
[2024-05-14T11:46:02.868+0000][545.841s][info ][safepoint     ] Application time: 1.0002992 seconds
[2024-05-14T11:46:02.868+0000][545.841s][info ][safepoint     ] Entering safepoint region: Cleanup
[2024-05-14T11:46:02.869+0000][545.842s][info ][safepoint     ] Leaving safepoint region
[2024-05-14T11:46:02.869+0000][545.842s][info ][safepoint     ] Total time for which application threads were stopped: 0.0010397 seconds, Stopping threads took: 0.0002344 seconds
[2024-05-14T11:46:03.869+0000][546.842s][debug][safepoint     ] Safepoint synchronization initiated. (363 threads)
[2024-05-14T11:46:03.869+0000][546.842s][info ][safepoint     ] Application time: 1.0001655 seconds
[2024-05-14T11:46:03.869+0000][546.843s][info ][safepoint     ] Entering safepoint region: Cleanup
[2024-05-14T11:46:03.869+0000][546.843s][info ][safepoint     ] Leaving safepoint region
[2024-05-14T11:46:03.870+0000][546.843s][info ][safepoint     ] Total time for which application threads were stopped: 0.0007218 seconds, Stopping threads took: 0.0001791 seconds
[2024-05-14T11:46:04.870+0000][547.843s][debug][safepoint     ] Safepoint synchronization initiated. (363 threads)
[2024-05-14T11:46:04.870+0000][547.844s][info ][safepoint     ] Application time: 1.0002379 seconds
[2024-05-14T11:46:04.870+0000][547.844s][debug][safepoint     ] ... found polling page return exception at pc = 0x00007f320d39eb01, stub =0x00007f3204824b00
[2024-05-14T11:46:04.870+0000][547.844s][debug][safepoint     ] Waiting for 1 thread(s) to block
[2024-05-14T11:46:04.870+0000][547.844s][info ][safepoint     ] Entering safepoint region: Cleanup
[2024-05-14T11:46:04.871+0000][547.845s][info ][safepoint     ] Leaving safepoint region
[2024-05-14T11:46:04.871+0000][547.845s][info ][safepoint     ] Total time for which application threads were stopped: 0.0009975 seconds, Stopping threads took: 0.0004781 seconds
[2024-05-14T11:46:05.871+0000][548.845s][debug][safepoint     ] Safepoint synchronization initiated. (363 threads)
[2024-05-14T11:46:05.871+0000][548.845s][info ][safepoint     ] Application time: 1.0002463 seconds
[2024-05-14T11:46:05.871+0000][548.845s][info ][safepoint     ] Entering safepoint region: Cleanup
[2024-05-14T11:46:05.872+0000][548.846s][info ][safepoint     ] Leaving safepoint region
[2024-05-14T11:46:05.872+0000][548.846s][debug][safepoint     ] ... found polling page return exception at pc = 0x00007f320ca20556, stub =0x00007f3204824b00
[2024-05-14T11:46:05.872+0000][548.846s][info ][safepoint     ] Total time for which application threads were stopped: 0.0007807 seconds, Stopping threads took: 0.0002185 seconds
[2024-05-14T11:46:06.872+0000][549.846s][debug][safepoint     ] Safepoint synchronization initiated. (363 threads)
[2024-05-14T11:46:06.872+0000][549.846s][info ][safepoint     ] Application time: 1.0002894 seconds
[2024-05-14T11:46:06.872+0000][549.846s][info ][safepoint     ] Entering safepoint region: Cleanup
[2024-05-14T11:46:06.873+0000][549.847s][info ][safepoint     ] Leaving safepoint region
[2024-05-14T11:46:06.873+0000][549.847s][info ][safepoint     ] Total time for which application threads were stopped: 0.0009982 seconds, Stopping threads took: 0.0002576 seconds
[2024-05-14T11:46:07.873+0000][550.847s][debug][safepoint     ] Safepoint synchronization initiated. (363 threads)
[2024-05-14T11:46:07.873+0000][550.847s][info ][safepoint     ] Application time: 1.0002240 seconds
[2024-05-14T11:46:07.874+0000][550.848s][info ][safepoint     ] Entering safepoint region: Cleanup
[2024-05-14T11:46:07.874+0000][550.848s][info ][safepoint     ] Leaving safepoint region
[2024-05-14T11:46:07.875+0000][550.848s][info ][safepoint     ] Total time for which application threads were stopped: 0.0010083 seconds, Stopping threads took: 0.0003373 seconds
[2024-05-14T11:46:08.875+0000][551.848s][debug][safepoint     ] Safepoint synchronization initiated. (363 threads)
[2024-05-14T11:46:08.875+0000][551.849s][info ][safepoint     ] Application time: 1.0002885 seconds
[2024-05-14T11:46:08.875+0000][551.849s][debug][safepoint     ] ... found polling page return exception at pc = 0x00007f320c8cad74, stub =0x00007f3204824b00
[2024-05-14T11:46:08.875+0000][551.849s][debug][safepoint     ] ... found polling page loop exception at pc = 0x00007f320d29c0bc, stub =0x00007f3204826680
[2024-05-14T11:46:08.875+0000][551.849s][debug][safepoint     ] Waiting for 2 thread(s) to block
[2024-05-14T11:46:08.875+0000][551.849s][info ][safepoint     ] Entering safepoint region: Cleanup
[2024-05-14T11:46:08.876+0000][551.850s][info ][safepoint     ] Leaving safepoint region
[2024-05-14T11:46:08.876+0000][551.850s][info ][safepoint     ] Total time for which application threads were stopped: 0.0011344 seconds, Stopping threads took: 0.0005894 seconds
[2024-05-14T11:46:09.876+0000][552.850s][debug][safepoint     ] Safepoint synchronization initiated. (363 threads)
[2024-05-14T11:46:09.876+0000][552.850s][info ][safepoint     ] Application time: 1.0003002 seconds
[2024-05-14T11:46:09.877+0000][552.850s][info ][safepoint     ] Entering safepoint region: Cleanup
[2024-05-14T11:46:09.878+0000][552.851s][info ][safepoint     ] Leaving safepoint region
[2024-05-14T11:46:09.878+0000][552.851s][info ][safepoint     ] Total time for which application threads were stopped: 0.0012803 seconds, Stopping threads took: 0.0003516 seconds
[2024-05-14T11:46:10.878+0000][553.852s][debug][safepoint     ] Safepoint synchronization initiated. (363 threads)
[2024-05-14T11:46:10.878+0000][553.852s][info ][safepoint     ] Application time: 1.0002117 seconds
[2024-05-14T11:46:10.878+0000][553.852s][info ][safepoint     ] Entering safepoint region: Cleanup
[2024-05-14T11:46:10.879+0000][553.853s][info ][safepoint     ] Leaving safepoint region
[2024-05-14T11:46:10.879+0000][553.853s][info ][safepoint     ] Total time for which application threads were stopped: 0.0010555 seconds, Stopping threads took: 0.0003072 seconds
[2024-05-14T11:46:11.879+0000][554.853s][debug][safepoint     ] Safepoint synchronization initiated. (363 threads)
[2024-05-14T11:46:11.879+0000][554.853s][info ][safepoint     ] Application time: 1.0004150 seconds
[2024-05-14T11:46:11.880+0000][554.853s][info ][safepoint     ] Entering safepoint region: Cleanup
[2024-05-14T11:46:11.880+0000][554.854s][info ][safepoint     ] Leaving safepoint region
[2024-05-14T11:46:11.881+0000][554.854s][info ][safepoint     ] Total time for which application threads were stopped: 0.0010166 seconds, Stopping threads took: 0.0002870 seconds
[2024-05-14T11:46:11.880+0000][554.854s][debug][safepoint     ] ... found polling page return exception at pc = 0x00007f320ca20556, stub =0x00007f3204824b00
[2024-05-14T11:46:12.881+0000][555.854s][debug][safepoint     ] Safepoint synchronization initiated. (363 threads)
[2024-05-14T11:46:12.881+0000][555.854s][info ][safepoint     ] Application time: 1.0001619 seconds
[2024-05-14T11:46:12.881+0000][555.854s][debug][safepoint     ] ... found polling page return exception at pc = 0x00007f320d13c6b3, stub =0x00007f3204824b00
[2024-05-14T11:46:12.881+0000][555.855s][debug][safepoint     ] Waiting for 1 thread(s) to block
[2024-05-14T11:46:12.881+0000][555.855s][info ][safepoint     ] Entering safepoint region: Cleanup
[2024-05-14T11:46:12.882+0000][555.856s][info ][safepoint     ] Leaving safepoint region
[2024-05-14T11:46:12.882+0000][555.856s][info ][safepoint     ] Total time for which application threads were stopped: 0.0011995 seconds, Stopping threads took: 0.0002861 seconds
[2024-05-14T11:46:13.882+0000][556.856s][debug][safepoint     ] Safepoint synchronization initiated. (363 threads)
[2024-05-14T11:46:13.882+0000][556.856s][info ][safepoint     ] Application time: 1.0004587 seconds
[2024-05-14T11:46:13.883+0000][556.857s][info ][safepoint     ] Entering safepoint region: Cleanup
[2024-05-14T11:46:13.884+0000][556.858s][info ][safepoint     ] Leaving safepoint region
[2024-05-14T11:46:13.884+0000][556.858s][info ][safepoint     ] Total time for which application threads were stopped: 0.0016630 seconds, Stopping threads took: 0.0004462 seconds
[2024-05-14T11:46:14.884+0000][557.858s][debug][safepoint     ] Safepoint synchronization initiated. (363 threads)
[2024-05-14T11:46:14.884+0000][557.858s][info ][safepoint     ] Application time: 1.0002455 seconds
[2024-05-14T11:46:14.885+0000][557.858s][info ][safepoint     ] Entering safepoint region: Cleanup
[2024-05-14T11:46:14.885+0000][557.859s][info ][safepoint     ] Leaving safepoint region
[2024-05-14T11:46:14.886+0000][557.859s][info ][safepoint     ] Total time for which application threads were stopped: 0.0011179 seconds, Stopping threads took: 0.0002732 seconds
[2024-05-14T11:46:15.763+0000][558.737s][debug][safepoint     ] Safepoint synchronization initiated. (363 threads)
[2024-05-14T11:46:15.763+0000][558.737s][info ][safepoint     ] Application time: 0.8772537 seconds
[2024-05-14T11:46:15.767+0000][558.741s][debug][safepoint     ] ... found polling page return exception at pc = 0x00007f320cd41b72, stub =0x00007f3204824b00
[2024-05-14T11:46:15.768+0000][558.741s][debug][safepoint     ] Waiting for 2 thread(s) to block
[2024-05-14T11:46:15.768+0000][558.741s][info ][safepoint     ] Entering safepoint region: G1CollectForAllocation
[2024-05-14T11:46:15.769+0000][558.743s][info ][gc,start      ] GC(92) Pause Young (Normal) (G1 Evacuation Pause)
[2024-05-14T11:46:15.769+0000][558.743s][info ][gc,task       ] GC(92) Using 4 workers of 4 for evacuation
[2024-05-14T11:46:15.795+0000][558.768s][info ][gc,phases     ] GC(92)   Pre Evacuate Collection Set: 0.1ms
[2024-05-14T11:46:15.795+0000][558.768s][info ][gc,phases     ] GC(92)   Evacuate Collection Set: 15.8ms
[2024-05-14T11:46:15.795+0000][558.768s][info ][gc,phases     ] GC(92)   Post Evacuate Collection Set: 8.7ms
[2024-05-14T11:46:15.795+0000][558.769s][info ][gc,phases     ] GC(92)   Other: 1.7ms
[2024-05-14T11:46:15.795+0000][558.769s][info ][gc,heap       ] GC(92) Eden regions: 174->0(174)
[2024-05-14T11:46:15.795+0000][558.769s][info ][gc,heap       ] GC(92) Survivor regions: 2->2(22)
[2024-05-14T11:46:15.795+0000][558.769s][info ][gc,heap       ] GC(92) Old regions: 179->179
[2024-05-14T11:46:15.795+0000][558.769s][info ][gc,heap       ] GC(92) Humongous regions: 0->0
[2024-05-14T11:46:15.795+0000][558.769s][info ][gc,metaspace  ] GC(92) Metaspace: 186182K(192240K)->186182K(192240K) NonClass: 165124K(168740K)->165124K(168740K) Class: 21058K(23500K)->21058K(23500K)
[2024-05-14T11:46:15.795+0000][558.769s][info ][gc            ] GC(92) Pause Young (Normal) (G1 Evacuation Pause) 352M->178M(398M) 25.999ms
[2024-05-14T11:46:15.795+0000][558.769s][info ][gc,cpu        ] GC(92) User=0.05s Sys=0.00s Real=0.03s
[2024-05-14T11:46:15.795+0000][558.769s][info ][safepoint     ] Leaving safepoint region
[2024-05-14T11:46:15.795+0000][558.769s][info ][safepoint     ] Total time for which application threads were stopped: 0.0323990 seconds, Stopping threads took: 0.0047310 seconds
[2024-05-14T11:46:15.795+0000][558.769s][info ][gc,stringdedup] Concurrent String Deduplication (558.769s)
[2024-05-14T11:46:15.795+0000][558.769s][info ][gc,stringdedup] Concurrent String Deduplication 392.0B->160.0B(232.0B) avg 54.6% (558.769s, 558.769s) 0.046ms
[2024-05-14T11:46:16.800+0000][559.774s][debug][safepoint     ] Safepoint synchronization initiated. (363 threads)
[2024-05-14T11:46:16.800+0000][559.774s][info ][safepoint     ] Application time: 1.0050754 seconds
[2024-05-14T11:46:16.801+0000][559.774s][info ][safepoint     ] Entering safepoint region: Cleanup
[2024-05-14T11:46:16.802+0000][559.775s][info ][safepoint     ] Leaving safepoint region
[2024-05-14T11:46:16.802+0000][559.775s][debug][safepoint     ] ... found polling page return exception at pc = 0x00007f320ca20556, stub =0x00007f3204824b00
[2024-05-14T11:46:16.802+0000][559.775s][info ][safepoint     ] Total time for which application threads were stopped: 0.0013290 seconds, Stopping threads took: 0.0003347 seconds
[2024-05-14T11:46:17.802+0000][560.776s][debug][safepoint     ] Safepoint synchronization initiated. (363 threads)
[2024-05-14T11:46:17.802+0000][560.776s][info ][safepoint     ] Application time: 1.0003969 seconds
[2024-05-14T11:46:17.803+0000][560.776s][info ][safepoint     ] Entering safepoint region: Cleanup
[2024-05-14T11:46:17.805+0000][560.778s][info ][safepoint     ] Leaving safepoint region
[2024-05-14T11:46:17.805+0000][560.778s][info ][safepoint     ] Total time for which application threads were stopped: 0.0023275 seconds, Stopping threads took: 0.0003965 seconds
[2024-05-14T11:46:18.806+0000][561.780s][debug][safepoint     ] Safepoint synchronization initiated. (363 threads)
[2024-05-14T11:46:18.807+0000][561.780s][info ][safepoint     ] Application time: 1.0017967 seconds
[2024-05-14T11:46:18.807+0000][561.780s][debug][safepoint     ] ... found polling page return exception at pc = 0x00007f320c64e531, stub =0x00007f3204824b00
[2024-05-14T11:46:18.810+0000][561.783s][debug][safepoint     ] ... found polling page return exception at pc = 0x00007f320c8b8f86, stub =0x00007f3204824b00
[2024-05-14T11:46:18.815+0000][561.789s][debug][safepoint     ] ... found polling page return exception at pc = 0x00007f320c841ce8, stub =0x00007f3204824b00
[2024-05-14T11:46:18.816+0000][561.789s][debug][safepoint     ] Waiting for 3 thread(s) to block
[2024-05-14T11:46:18.816+0000][561.789s][info ][safepoint     ] Entering safepoint region: Cleanup
[2024-05-14T11:46:18.817+0000][561.790s][info ][safepoint     ] Leaving safepoint region
[2024-05-14T11:46:18.817+0000][561.790s][info ][safepoint     ] Total time for which application threads were stopped: 0.0100506 seconds, Stopping threads took: 0.0091714 seconds
[2024-05-14T11:46:19.817+0000][562.791s][debug][safepoint     ] Safepoint synchronization initiated. (363 threads)
[2024-05-14T11:46:19.817+0000][562.791s][info ][safepoint     ] Application time: 1.0003037 seconds
[2024-05-14T11:46:19.817+0000][562.791s][info ][safepoint     ] Entering safepoint region: Cleanup
[2024-05-14T11:46:19.818+0000][562.792s][info ][safepoint     ] Leaving safepoint region
[2024-05-14T11:46:19.818+0000][562.792s][info ][safepoint     ] Total time for which application threads were stopped: 0.0011116 seconds, Stopping threads took: 0.0003992 seconds
[2024-05-14T11:46:20.818+0000][563.792s][debug][safepoint     ] Safepoint synchronization initiated. (363 threads)
[2024-05-14T11:46:20.818+0000][563.792s][info ][safepoint     ] Application time: 1.0002909 seconds
[2024-05-14T11:46:20.819+0000][563.793s][info ][safepoint     ] Entering safepoint region: Cleanup
[2024-05-14T11:46:20.820+0000][563.793s][info ][safepoint     ] Leaving safepoint region
[2024-05-14T11:46:20.820+0000][563.794s][info ][safepoint     ] Total time for which application threads were stopped: 0.0013053 seconds, Stopping threads took: 0.0003927 seconds
[2024-05-14T11:46:21.820+0000][564.794s][debug][safepoint     ] Safepoint synchronization initiated. (363 threads)
[2024-05-14T11:46:21.820+0000][564.794s][info ][safepoint     ] Application time: 1.0003068 seconds
[2024-05-14T11:46:21.820+0000][564.794s][debug][safepoint     ] ... found polling page return exception at pc = 0x00007f320cd573a2, stub =0x00007f3204824b00
[2024-05-14T11:46:21.820+0000][564.794s][debug][safepoint     ] Waiting for 1 thread(s) to block
[2024-05-14T11:46:21.821+0000][564.794s][info ][safepoint     ] Entering safepoint region: Cleanup
[2024-05-14T11:46:21.821+0000][564.795s][info ][safepoint     ] Leaving safepoint region
[2024-05-14T11:46:21.821+0000][564.795s][info ][safepoint     ] Total time for which application threads were stopped: 0.0008721 seconds, Stopping threads took: 0.0003682 seconds
[2024-05-14T11:46:22.821+0000][565.795s][debug][safepoint     ] Safepoint synchronization initiated. (363 threads)
[2024-05-14T11:46:22.821+0000][565.795s][info ][safepoint     ] Application time: 1.0002484 seconds
[2024-05-14T11:46:22.822+0000][565.795s][info ][safepoint     ] Entering safepoint region: Cleanup
[2024-05-14T11:46:22.822+0000][565.796s][info ][safepoint     ] Leaving safepoint region
[2024-05-14T11:46:22.822+0000][565.796s][info ][safepoint     ] Total time for which application threads were stopped: 0.0011514 seconds, Stopping threads took: 0.0002864 seconds
[2024-05-14T11:46:23.823+0000][566.796s][debug][safepoint     ] Safepoint synchronization initiated. (363 threads)
[2024-05-14T11:46:23.823+0000][566.796s][info ][safepoint     ] Application time: 1.0001570 seconds
[2024-05-14T11:46:23.823+0000][566.797s][info ][safepoint     ] Entering safepoint region: Cleanup
[2024-05-14T11:46:23.824+0000][566.797s][info ][safepoint     ] Leaving safepoint region
[2024-05-14T11:46:23.824+0000][566.797s][info ][safepoint     ] Total time for which application threads were stopped: 0.0009329 seconds, Stopping threads took: 0.0001999 seconds
[2024-05-14T11:46:24.824+0000][567.798s][debug][safepoint     ] Safepoint synchronization initiated. (363 threads)
[2024-05-14T11:46:24.824+0000][567.798s][info ][safepoint     ] Application time: 1.0002102 seconds
[2024-05-14T11:46:24.824+0000][567.798s][debug][safepoint     ] ... found polling page loop exception at pc = 0x00007f320d29c0bc, stub =0x00007f3204826680
[2024-05-14T11:46:24.824+0000][567.798s][debug][safepoint     ] Waiting for 1 thread(s) to block
[2024-05-14T11:46:24.824+0000][567.798s][info ][safepoint     ] Entering safepoint region: Cleanup
[2024-05-14T11:46:24.825+0000][567.799s][info ][safepoint     ] Leaving safepoint region
[2024-05-14T11:46:24.825+0000][567.799s][info ][safepoint     ] Total time for which application threads were stopped: 0.0011822 seconds, Stopping threads took: 0.0003610 seconds
[2024-05-14T11:46:25.825+0000][568.799s][debug][safepoint     ] Safepoint synchronization initiated. (363 threads)
[2024-05-14T11:46:25.825+0000][568.799s][info ][safepoint     ] Application time: 1.0002322 seconds
[2024-05-14T11:46:25.826+0000][568.799s][info ][safepoint     ] Entering safepoint region: Cleanup
[2024-05-14T11:46:25.826+0000][568.800s][info ][safepoint     ] Leaving safepoint region
[2024-05-14T11:46:25.826+0000][568.800s][info ][safepoint     ] Total time for which application threads were stopped: 0.0011497 seconds, Stopping threads took: 0.0003541 seconds
[2024-05-14T11:46:26.827+0000][569.800s][debug][safepoint     ] Safepoint synchronization initiated. (363 threads)
[2024-05-14T11:46:26.827+0000][569.801s][info ][safepoint     ] Application time: 1.0002830 seconds
[2024-05-14T11:46:26.827+0000][569.801s][info ][safepoint     ] Entering safepoint region: Cleanup
[2024-05-14T11:46:26.828+0000][569.802s][info ][safepoint     ] Leaving safepoint region
[2024-05-14T11:46:26.828+0000][569.802s][info ][safepoint     ] Total time for which application threads were stopped: 0.0013080 seconds, Stopping threads took: 0.0003075 seconds
[2024-05-14T11:46:27.828+0000][570.802s][debug][safepoint     ] Safepoint synchronization initiated. (363 threads)
[2024-05-14T11:46:27.828+0000][570.802s][info ][safepoint     ] Application time: 1.0001840 seconds
[2024-05-14T11:46:27.828+0000][570.802s][debug][safepoint     ] ... found polling page return exception at pc = 0x00007f320c6d048a, stub =0x00007f3204824b00
[2024-05-14T11:46:27.829+0000][570.802s][debug][safepoint     ] Waiting for 1 thread(s) to block
[2024-05-14T11:46:27.829+0000][570.802s][info ][safepoint     ] Entering safepoint region: Cleanup
[2024-05-14T11:46:27.829+0000][570.803s][info ][safepoint     ] Leaving safepoint region
[2024-05-14T11:46:27.829+0000][570.803s][info ][safepoint     ] Total time for which application threads were stopped: 0.0009749 seconds, Stopping threads took: 0.0003054 seconds
[2024-05-14T11:46:28.829+0000][571.803s][debug][safepoint     ] Safepoint synchronization initiated. (363 threads)
[2024-05-14T11:46:28.830+0000][571.803s][info ][safepoint     ] Application time: 1.0001640 seconds
[2024-05-14T11:46:28.830+0000][571.803s][info ][safepoint     ] Entering safepoint region: Cleanup
[2024-05-14T11:46:28.831+0000][571.804s][info ][safepoint     ] Leaving safepoint region
[2024-05-14T11:46:28.831+0000][571.804s][info ][safepoint     ] Total time for which application threads were stopped: 0.0010752 seconds, Stopping threads took: 0.0002533 seconds
[2024-05-14T11:46:29.831+0000][572.805s][debug][safepoint     ] Safepoint synchronization initiated. (363 threads)
[2024-05-14T11:46:29.831+0000][572.805s][info ][safepoint     ] Application time: 1.0002780 seconds
[2024-05-14T11:46:29.831+0000][572.805s][info ][safepoint     ] Entering safepoint region: Cleanup
[2024-05-14T11:46:29.832+0000][572.806s][info ][safepoint     ] Leaving safepoint region
[2024-05-14T11:46:29.832+0000][572.806s][info ][safepoint     ] Total time for which application threads were stopped: 0.0012557 seconds, Stopping threads took: 0.0003584 seconds
[2024-05-14T11:46:30.832+0000][573.806s][debug][safepoint     ] Safepoint synchronization initiated. (363 threads)
[2024-05-14T11:46:30.833+0000][573.806s][info ][safepoint     ] Application time: 1.0003014 seconds
[2024-05-14T11:46:30.833+0000][573.807s][info ][safepoint     ] Entering safepoint region: Cleanup
[2024-05-14T11:46:30.834+0000][573.808s][info ][safepoint     ] Leaving safepoint region
[2024-05-14T11:46:30.834+0000][573.808s][info ][safepoint     ] Total time for which application threads were stopped: 0.0012962 seconds, Stopping threads took: 0.0002960 seconds
[2024-05-14T11:46:31.834+0000][574.808s][debug][safepoint     ] Safepoint synchronization initiated. (363 threads)
[2024-05-14T11:46:31.834+0000][574.808s][info ][safepoint     ] Application time: 1.0002512 seconds
[2024-05-14T11:46:31.834+0000][574.808s][info ][safepoint     ] Entering safepoint region: Cleanup
[2024-05-14T11:46:31.835+0000][574.809s][info ][safepoint     ] Leaving safepoint region
[2024-05-14T11:46:31.835+0000][574.809s][info ][safepoint     ] Total time for which application threads were stopped: 0.0009253 seconds, Stopping threads took: 0.0002947 seconds
[2024-05-14T11:46:32.835+0000][575.809s][debug][safepoint     ] Safepoint synchronization initiated. (363 threads)
[2024-05-14T11:46:32.835+0000][575.809s][info ][safepoint     ] Application time: 1.0002829 seconds
[2024-05-14T11:46:32.836+0000][575.809s][info ][safepoint     ] Entering safepoint region: Cleanup
[2024-05-14T11:46:32.836+0000][575.810s][info ][safepoint     ] Leaving safepoint region
[2024-05-14T11:46:32.836+0000][575.810s][info ][safepoint     ] Total time for which application threads were stopped: 0.0009879 seconds, Stopping threads took: 0.0003037 seconds
[2024-05-14T11:46:33.837+0000][576.810s][debug][safepoint     ] Safepoint synchronization initiated. (363 threads)
[2024-05-14T11:46:33.837+0000][576.810s][info ][safepoint     ] Application time: 1.0001653 seconds
[2024-05-14T11:46:33.837+0000][576.811s][info ][safepoint     ] Entering safepoint region: Cleanup
[2024-05-14T11:46:33.837+0000][576.811s][info ][safepoint     ] Leaving safepoint region
[2024-05-14T11:46:33.837+0000][576.811s][info ][safepoint     ] Total time for which application threads were stopped: 0.0007981 seconds, Stopping threads took: 0.0002984 seconds
[2024-05-14T11:46:34.838+0000][577.811s][debug][safepoint     ] Safepoint synchronization initiated. (363 threads)
[2024-05-14T11:46:34.838+0000][577.811s][info ][safepoint     ] Application time: 1.0002925 seconds
[2024-05-14T11:46:34.838+0000][577.812s][info ][safepoint     ] Entering safepoint region: Cleanup
[2024-05-14T11:46:34.839+0000][577.812s][info ][safepoint     ] Leaving safepoint region
[2024-05-14T11:46:34.839+0000][577.812s][info ][safepoint     ] Total time for which application threads were stopped: 0.0009295 seconds, Stopping threads took: 0.0002650 seconds
[2024-05-14T11:46:35.839+0000][578.813s][debug][safepoint     ] Safepoint synchronization initiated. (363 threads)
[2024-05-14T11:46:35.839+0000][578.813s][info ][safepoint     ] Application time: 1.0003487 seconds
[2024-05-14T11:46:35.839+0000][578.813s][info ][safepoint     ] Entering safepoint region: Cleanup
[2024-05-14T11:46:35.840+0000][578.814s][info ][safepoint     ] Leaving safepoint region
[2024-05-14T11:46:35.840+0000][578.814s][info ][safepoint     ] Total time for which application threads were stopped: 0.0012701 seconds, Stopping threads took: 0.0004021 seconds
[2024-05-14T11:46:36.841+0000][579.814s][debug][safepoint     ] Safepoint synchronization initiated. (363 threads)
[2024-05-14T11:46:36.841+0000][579.814s][info ][safepoint     ] Application time: 1.0002990 seconds
[2024-05-14T11:46:36.841+0000][579.815s][debug][safepoint     ] ... found polling page return exception at pc = 0x00007f320c3b6fe4, stub =0x00007f3204824b00
[2024-05-14T11:46:36.841+0000][579.815s][debug][safepoint     ] Waiting for 1 thread(s) to block
[2024-05-14T11:46:36.842+0000][579.815s][info ][safepoint     ] Entering safepoint region: Cleanup
[2024-05-14T11:46:36.842+0000][579.816s][info ][safepoint     ] Leaving safepoint region
[2024-05-14T11:46:36.842+0000][579.816s][info ][safepoint     ] Total time for which application threads were stopped: 0.0013960 seconds, Stopping threads took: 0.0008402 seconds
[2024-05-14T11:46:37.830+0000][580.804s][debug][safepoint     ] Safepoint synchronization initiated. (363 threads)
[2024-05-14T11:46:37.830+0000][580.804s][info ][safepoint     ] Application time: 0.9879487 seconds
[2024-05-14T11:46:37.830+0000][580.804s][info ][safepoint     ] Entering safepoint region: G1CollectForAllocation
[2024-05-14T11:46:37.832+0000][580.805s][info ][gc,start      ] GC(93) Pause Young (Normal) (G1 Evacuation Pause)
[2024-05-14T11:46:37.832+0000][580.805s][info ][gc,task       ] GC(93) Using 4 workers of 4 for evacuation
[2024-05-14T11:46:37.845+0000][580.819s][info ][gc,phases     ] GC(93)   Pre Evacuate Collection Set: 0.5ms
[2024-05-14T11:46:37.845+0000][580.819s][info ][gc,phases     ] GC(93)   Evacuate Collection Set: 6.7ms
[2024-05-14T11:46:37.845+0000][580.819s][info ][gc,phases     ] GC(93)   Post Evacuate Collection Set: 5.0ms
[2024-05-14T11:46:37.845+0000][580.819s][info ][gc,phases     ] GC(93)   Other: 1.3ms
[2024-05-14T11:46:37.845+0000][580.819s][info ][gc,heap       ] GC(93) Eden regions: 174->0(175)
[2024-05-14T11:46:37.845+0000][580.819s][info ][gc,heap       ] GC(93) Survivor regions: 2->1(22)
[2024-05-14T11:46:37.845+0000][580.819s][info ][gc,heap       ] GC(93) Old regions: 179->179
[2024-05-14T11:46:37.845+0000][580.819s][info ][gc,heap       ] GC(93) Humongous regions: 0->0
[2024-05-14T11:46:37.845+0000][580.819s][info ][gc,metaspace  ] GC(93) Metaspace: 186201K(192240K)->186201K(192240K) NonClass: 165142K(168740K)->165142K(168740K) Class: 21058K(23500K)->21058K(23500K)
[2024-05-14T11:46:37.845+0000][580.819s][info ][gc            ] GC(93) Pause Young (Normal) (G1 Evacuation Pause) 352M->178M(398M) 13.443ms
[2024-05-14T11:46:37.845+0000][580.819s][info ][gc,cpu        ] GC(93) User=0.04s Sys=0.00s Real=0.01s
[2024-05-14T11:46:37.845+0000][580.819s][info ][safepoint     ] Leaving safepoint region
[2024-05-14T11:46:37.845+0000][580.819s][info ][safepoint     ] Total time for which application threads were stopped: 0.0151924 seconds, Stopping threads took: 0.0002163 seconds
[2024-05-14T11:46:37.845+0000][580.819s][info ][gc,stringdedup] Concurrent String Deduplication (580.819s)
[2024-05-14T11:46:37.846+0000][580.819s][info ][gc,stringdedup] Concurrent String Deduplication 0.0B->0.0B(0.0B) avg 54.6% (580.819s, 580.819s) 0.086ms
[2024-05-14T11:46:38.846+0000][581.819s][debug][safepoint     ] Safepoint synchronization initiated. (363 threads)
[2024-05-14T11:46:38.846+0000][581.819s][info ][safepoint     ] Application time: 1.0004382 seconds
[2024-05-14T11:46:38.846+0000][581.820s][info ][safepoint     ] Entering safepoint region: Cleanup
[2024-05-14T11:46:38.847+0000][581.821s][info ][safepoint     ] Leaving safepoint region
[2024-05-14T11:46:38.847+0000][581.821s][info ][safepoint     ] Total time for which application threads were stopped: 0.0010857 seconds, Stopping threads took: 0.0003139 seconds
[2024-05-14T11:46:39.847+0000][582.821s][debug][safepoint     ] Safepoint synchronization initiated. (363 threads)
[2024-05-14T11:46:39.847+0000][582.821s][info ][safepoint     ] Application time: 1.0002908 seconds
[2024-05-14T11:46:39.848+0000][582.821s][info ][safepoint     ] Entering safepoint region: Cleanup
[2024-05-14T11:46:39.848+0000][582.822s][info ][safepoint     ] Leaving safepoint region
[2024-05-14T11:46:39.848+0000][582.822s][info ][safepoint     ] Total time for which application threads were stopped: 0.0010266 seconds, Stopping threads took: 0.0003777 seconds
[2024-05-14T11:46:40.849+0000][583.822s][debug][safepoint     ] Safepoint synchronization initiated. (363 threads)
[2024-05-14T11:46:40.849+0000][583.822s][info ][safepoint     ] Application time: 1.0003805 seconds
[2024-05-14T11:46:40.849+0000][583.823s][info ][safepoint     ] Entering safepoint region: Cleanup
[2024-05-14T11:46:40.850+0000][583.824s][info ][safepoint     ] Leaving safepoint region
[2024-05-14T11:46:40.850+0000][583.824s][info ][safepoint     ] Total time for which application threads were stopped: 0.0014597 seconds, Stopping threads took: 0.0004933 seconds
[2024-05-14T11:46:40.850+0000][583.824s][debug][safepoint     ] ... found polling page return exception at pc = 0x00007f320ca20556, stub =0x00007f3204824b00
[2024-05-14T11:46:40.850+0000][583.824s][debug][safepoint     ] ... found polling page return exception at pc = 0x00007f320ca20556, stub =0x00007f3204824b00
[2024-05-14T11:46:41.850+0000][584.824s][debug][safepoint     ] Safepoint synchronization initiated. (363 threads)
[2024-05-14T11:46:41.851+0000][584.824s][info ][safepoint     ] Application time: 1.0002923 seconds
[2024-05-14T11:46:41.851+0000][584.824s][debug][safepoint     ] ... found polling page return exception at pc = 0x00007f320c64e531, stub =0x00007f3204824b00
[2024-05-14T11:46:41.851+0000][584.825s][debug][safepoint     ] Waiting for 1 thread(s) to block
[2024-05-14T11:46:41.851+0000][584.825s][info ][safepoint     ] Entering safepoint region: Cleanup
[2024-05-14T11:46:41.852+0000][584.826s][info ][safepoint     ] Leaving safepoint region
[2024-05-14T11:46:41.852+0000][584.826s][info ][safepoint     ] Total time for which application threads were stopped: 0.0013004 seconds, Stopping threads took: 0.0005271 seconds
[2024-05-14T11:46:42.852+0000][585.826s][debug][safepoint     ] Safepoint synchronization initiated. (363 threads)
[2024-05-14T11:46:42.852+0000][585.826s][info ][safepoint     ] Application time: 1.0002149 seconds
[2024-05-14T11:46:42.852+0000][585.826s][info ][safepoint     ] Entering safepoint region: Cleanup
[2024-05-14T11:46:42.853+0000][585.827s][info ][safepoint     ] Leaving safepoint region
[2024-05-14T11:46:42.853+0000][585.827s][info ][safepoint     ] Total time for which application threads were stopped: 0.0009373 seconds, Stopping threads took: 0.0003165 seconds
[2024-05-14T11:46:43.853+0000][586.827s][debug][safepoint     ] Safepoint synchronization initiated. (363 threads)
[2024-05-14T11:46:43.853+0000][586.827s][info ][safepoint     ] Application time: 1.0003212 seconds
[2024-05-14T11:46:43.854+0000][586.828s][info ][safepoint     ] Entering safepoint region: Cleanup
[2024-05-14T11:46:43.855+0000][586.828s][info ][safepoint     ] Leaving safepoint region
[2024-05-14T11:46:43.855+0000][586.828s][info ][safepoint     ] Total time for which application threads were stopped: 0.0013128 seconds, Stopping threads took: 0.0004763 seconds
[2024-05-14T11:46:44.855+0000][587.829s][debug][safepoint     ] Safepoint synchronization initiated. (363 threads)
[2024-05-14T11:46:44.855+0000][587.829s][info ][safepoint     ] Application time: 1.0001870 seconds
[2024-05-14T11:46:44.855+0000][587.829s][debug][safepoint     ] ... found polling page loop exception at pc = 0x00007f320d29c0bc, stub =0x00007f3204826680
[2024-05-14T11:46:44.855+0000][587.829s][debug][safepoint     ] Waiting for 1 thread(s) to block
[2024-05-14T11:46:44.855+0000][587.829s][info ][safepoint     ] Entering safepoint region: Cleanup
[2024-05-14T11:46:44.856+0000][587.830s][info ][safepoint     ] Leaving safepoint region
[2024-05-14T11:46:44.856+0000][587.830s][info ][safepoint     ] Total time for which application threads were stopped: 0.0010514 seconds, Stopping threads took: 0.0003708 seconds
[2024-05-14T11:46:45.856+0000][588.830s][debug][safepoint     ] Safepoint synchronization initiated. (363 threads)
[2024-05-14T11:46:45.856+0000][588.830s][info ][safepoint     ] Application time: 1.0002941 seconds
[2024-05-14T11:46:45.857+0000][588.830s][info ][safepoint     ] Entering safepoint region: Cleanup
[2024-05-14T11:46:45.857+0000][588.831s][info ][safepoint     ] Leaving safepoint region
[2024-05-14T11:46:45.857+0000][588.831s][info ][safepoint     ] Total time for which application threads were stopped: 0.0009994 seconds, Stopping threads took: 0.0002867 seconds
[2024-05-14T11:46:46.858+0000][589.831s][debug][safepoint     ] Safepoint synchronization initiated. (363 threads)
[2024-05-14T11:46:46.858+0000][589.832s][info ][safepoint     ] Application time: 1.0003556 seconds
[2024-05-14T11:46:46.858+0000][589.832s][info ][safepoint     ] Entering safepoint region: Cleanup
[2024-05-14T11:46:46.858+0000][589.832s][info ][safepoint     ] Leaving safepoint region
[2024-05-14T11:46:46.859+0000][589.832s][info ][safepoint     ] Total time for which application threads were stopped: 0.0007101 seconds, Stopping threads took: 0.0002394 seconds
[2024-05-14T11:46:47.859+0000][590.832s][debug][safepoint     ] Safepoint synchronization initiated. (363 threads)
[2024-05-14T11:46:47.859+0000][590.833s][info ][safepoint     ] Application time: 1.0002421 seconds
[2024-05-14T11:46:47.859+0000][590.833s][info ][safepoint     ] Entering safepoint region: Cleanup
[2024-05-14T11:46:47.860+0000][590.833s][info ][safepoint     ] Leaving safepoint region
[2024-05-14T11:46:47.860+0000][590.833s][info ][safepoint     ] Total time for which application threads were stopped: 0.0007395 seconds, Stopping threads took: 0.0002102 seconds
[2024-05-14T11:46:48.860+0000][591.834s][debug][safepoint     ] Safepoint synchronization initiated. (363 threads)
[2024-05-14T11:46:48.860+0000][591.834s][info ][safepoint     ] Application time: 1.0003260 seconds
[2024-05-14T11:46:48.860+0000][591.834s][info ][safepoint     ] Entering safepoint region: Cleanup
[2024-05-14T11:46:48.861+0000][591.834s][info ][safepoint     ] Leaving safepoint region
[2024-05-14T11:46:48.861+0000][591.834s][info ][safepoint     ] Total time for which application threads were stopped: 0.0007967 seconds, Stopping threads took: 0.0002149 seconds
[2024-05-14T11:46:49.861+0000][592.835s][debug][safepoint     ] Safepoint synchronization initiated. (363 threads)
[2024-05-14T11:46:49.861+0000][592.835s][info ][safepoint     ] Application time: 1.0002619 seconds
[2024-05-14T11:46:49.862+0000][592.836s][info ][safepoint     ] Entering safepoint region: Cleanup
[2024-05-14T11:46:49.863+0000][592.837s][info ][safepoint     ] Leaving safepoint region
[2024-05-14T11:46:49.863+0000][592.837s][info ][safepoint     ] Total time for which application threads were stopped: 0.0021030 seconds, Stopping threads took: 0.0010629 seconds
[2024-05-14T11:46:50.863+0000][593.837s][debug][safepoint     ] Safepoint synchronization initiated. (363 threads)
[2024-05-14T11:46:50.863+0000][593.837s][info ][safepoint     ] Application time: 1.0002068 seconds
[2024-05-14T11:46:50.864+0000][593.837s][info ][safepoint     ] Entering safepoint region: Cleanup
[2024-05-14T11:46:50.864+0000][593.838s][info ][safepoint     ] Leaving safepoint region
[2024-05-14T11:46:50.864+0000][593.838s][info ][safepoint     ] Total time for which application threads were stopped: 0.0007095 seconds, Stopping threads took: 0.0002026 seconds
[2024-05-14T11:46:51.864+0000][594.838s][debug][safepoint     ] Safepoint synchronization initiated. (362 threads)
[2024-05-14T11:46:51.864+0000][594.838s][info ][safepoint     ] Application time: 1.0002156 seconds
[2024-05-14T11:46:51.865+0000][594.838s][info ][safepoint     ] Entering safepoint region: Cleanup
[2024-05-14T11:46:51.865+0000][594.839s][info ][safepoint     ] Leaving safepoint region
[2024-05-14T11:46:51.865+0000][594.839s][info ][safepoint     ] Total time for which application threads were stopped: 0.0007557 seconds, Stopping threads took: 0.0002506 seconds
[2024-05-14T11:46:52.865+0000][595.839s][debug][safepoint     ] Safepoint synchronization initiated. (362 threads)
[2024-05-14T11:46:52.865+0000][595.839s][info ][safepoint     ] Application time: 1.0002211 seconds
[2024-05-14T11:46:52.866+0000][595.839s][info ][safepoint     ] Entering safepoint region: Cleanup
[2024-05-14T11:46:52.873+0000][595.847s][debug][safepoint     ] ... found polling page return exception at pc = 0x00007f320ca20556, stub =0x00007f3204824b00
[2024-05-14T11:46:52.873+0000][595.847s][debug][safepoint     ] ... found polling page loop exception at pc = 0x00007f320cc711d0, stub =0x00007f3204826680
[2024-05-14T11:46:52.873+0000][595.847s][debug][safepoint     ] ... found polling page return exception at pc = 0x00007f320c64e531, stub =0x00007f3204824b00
[2024-05-14T11:46:52.873+0000][595.847s][debug][safepoint     ] ... found polling page loop exception at pc = 0x00007f320cc711d0, stub =0x00007f3204826680
[2024-05-14T11:46:52.873+0000][595.847s][info ][safepoint     ] Leaving safepoint region
[2024-05-14T11:46:52.874+0000][595.847s][info ][safepoint     ] Total time for which application threads were stopped: 0.0081329 seconds, Stopping threads took: 0.0003396 seconds
[2024-05-14T11:46:53.874+0000][596.847s][debug][safepoint     ] Safepoint synchronization initiated. (362 threads)
[2024-05-14T11:46:53.874+0000][596.847s][info ][safepoint     ] Application time: 1.0002179 seconds
[2024-05-14T11:46:53.874+0000][596.848s][debug][safepoint     ] ... found polling page return exception at pc = 0x00007f320cbf70ad, stub =0x00007f3204824b00
[2024-05-14T11:46:53.874+0000][596.848s][debug][safepoint     ] Waiting for 1 thread(s) to block
[2024-05-14T11:46:53.874+0000][596.848s][info ][safepoint     ] Entering safepoint region: Cleanup
[2024-05-14T11:46:53.875+0000][596.849s][info ][safepoint     ] Leaving safepoint region
[2024-05-14T11:46:53.875+0000][596.849s][info ][safepoint     ] Total time for which application threads were stopped: 0.0011842 seconds, Stopping threads took: 0.0005206 seconds
[2024-05-14T11:46:54.875+0000][597.849s][debug][safepoint     ] Safepoint synchronization initiated. (362 threads)
[2024-05-14T11:46:54.875+0000][597.849s][info ][safepoint     ] Application time: 1.0002537 seconds
[2024-05-14T11:46:54.875+0000][597.849s][info ][safepoint     ] Entering safepoint region: Cleanup
[2024-05-14T11:46:54.876+0000][597.850s][info ][safepoint     ] Leaving safepoint region
[2024-05-14T11:46:54.876+0000][597.850s][info ][safepoint     ] Total time for which application threads were stopped: 0.0009010 seconds, Stopping threads took: 0.0002302 seconds
[2024-05-14T11:46:55.876+0000][598.850s][debug][safepoint     ] Safepoint synchronization initiated. (362 threads)
[2024-05-14T11:46:55.876+0000][598.850s][info ][safepoint     ] Application time: 1.0002645 seconds
[2024-05-14T11:46:55.877+0000][598.850s][info ][safepoint     ] Entering safepoint region: Cleanup
[2024-05-14T11:46:55.877+0000][598.851s][info ][safepoint     ] Leaving safepoint region
[2024-05-14T11:46:55.878+0000][598.851s][info ][safepoint     ] Total time for which application threads were stopped: 0.0010233 seconds, Stopping threads took: 0.0002587 seconds
[2024-05-14T11:46:56.878+0000][599.851s][debug][safepoint     ] Safepoint synchronization initiated. (362 threads)
[2024-05-14T11:46:56.878+0000][599.851s][info ][safepoint     ] Application time: 1.0002463 seconds
[2024-05-14T11:46:56.878+0000][599.852s][info ][safepoint     ] Entering safepoint region: Cleanup
[2024-05-14T11:46:56.879+0000][599.852s][info ][safepoint     ] Leaving safepoint region
[2024-05-14T11:46:56.879+0000][599.852s][info ][safepoint     ] Total time for which application threads were stopped: 0.0008227 seconds, Stopping threads took: 0.0002360 seconds
[2024-05-14T11:46:57.879+0000][600.852s][debug][safepoint     ] Safepoint synchronization initiated. (362 threads)
[2024-05-14T11:46:57.879+0000][600.853s][info ][safepoint     ] Application time: 1.0001798 seconds
[2024-05-14T11:46:57.879+0000][600.853s][debug][safepoint     ] Waiting for 1 thread(s) to block
[2024-05-14T11:46:57.879+0000][600.853s][info ][safepoint     ] Entering safepoint region: Cleanup
[2024-05-14T11:46:57.880+0000][600.854s][debug][safepoint     ] ... found polling page return exception at pc = 0x00007f320ca20556, stub =0x00007f3204824b00
[2024-05-14T11:46:57.880+0000][600.854s][info ][safepoint     ] Leaving safepoint region
[2024-05-14T11:46:57.880+0000][600.854s][info ][safepoint     ] Total time for which application threads were stopped: 0.0010603 seconds, Stopping threads took: 0.0003783 seconds
[2024-05-14T11:46:58.880+0000][601.854s][debug][safepoint     ] Safepoint synchronization initiated. (362 threads)
[2024-05-14T11:46:58.880+0000][601.854s][info ][safepoint     ] Application time: 1.0003324 seconds
[2024-05-14T11:46:58.881+0000][601.854s][info ][safepoint     ] Entering safepoint region: Cleanup
[2024-05-14T11:46:58.881+0000][601.855s][info ][safepoint     ] Leaving safepoint region
[2024-05-14T11:46:58.881+0000][601.855s][info ][safepoint     ] Total time for which application threads were stopped: 0.0011652 seconds, Stopping threads took: 0.0002341 seconds
[2024-05-14T11:46:59.882+0000][602.855s][debug][safepoint     ] Safepoint synchronization initiated. (362 threads)
[2024-05-14T11:46:59.882+0000][602.855s][info ][safepoint     ] Application time: 1.0002238 seconds
[2024-05-14T11:46:59.882+0000][602.856s][info ][safepoint     ] Entering safepoint region: Cleanup
[2024-05-14T11:46:59.882+0000][602.856s][debug][safepoint     ] ... found polling page return exception at pc = 0x00007f320ca20556, stub =0x00007f3204824b00
[2024-05-14T11:46:59.883+0000][602.856s][info ][safepoint     ] Leaving safepoint region
[2024-05-14T11:46:59.883+0000][602.856s][info ][safepoint     ] Total time for which application threads were stopped: 0.0008665 seconds, Stopping threads took: 0.0002026 seconds
[2024-05-14T11:47:00.429+0000][603.403s][debug][safepoint     ] Safepoint synchronization initiated. (362 threads)
[2024-05-14T11:47:00.429+0000][603.403s][info ][safepoint     ] Application time: 0.5467085 seconds
[2024-05-14T11:47:00.430+0000][603.403s][info ][safepoint     ] Entering safepoint region: G1CollectForAllocation
[2024-05-14T11:47:00.431+0000][603.405s][info ][gc,start      ] GC(94) Pause Young (Normal) (G1 Evacuation Pause)
[2024-05-14T11:47:00.431+0000][603.405s][info ][gc,task       ] GC(94) Using 4 workers of 4 for evacuation
[2024-05-14T11:47:00.447+0000][603.420s][info ][gc,phases     ] GC(94)   Pre Evacuate Collection Set: 0.2ms
[2024-05-14T11:47:00.447+0000][603.420s][info ][gc,phases     ] GC(94)   Evacuate Collection Set: 7.7ms
[2024-05-14T11:47:00.447+0000][603.420s][info ][gc,phases     ] GC(94)   Post Evacuate Collection Set: 6.9ms
[2024-05-14T11:47:00.447+0000][603.420s][info ][gc,phases     ] GC(94)   Other: 1.5ms
[2024-05-14T11:47:00.447+0000][603.421s][info ][gc,heap       ] GC(94) Eden regions: 175->0(175)
[2024-05-14T11:47:00.447+0000][603.421s][info ][gc,heap       ] GC(94) Survivor regions: 1->1(22)
[2024-05-14T11:47:00.447+0000][603.421s][info ][gc,heap       ] GC(94) Old regions: 179->179
[2024-05-14T11:47:00.447+0000][603.421s][info ][gc,heap       ] GC(94) Humongous regions: 0->0
[2024-05-14T11:47:00.447+0000][603.421s][info ][gc,metaspace  ] GC(94) Metaspace: 186213K(192496K)->186213K(192496K) NonClass: 165155K(168996K)->165155K(168996K) Class: 21058K(23500K)->21058K(23500K)
[2024-05-14T11:47:00.447+0000][603.421s][info ][gc            ] GC(94) Pause Young (Normal) (G1 Evacuation Pause) 353M->178M(398M) 15.939ms
[2024-05-14T11:47:00.447+0000][603.421s][info ][gc,cpu        ] GC(94) User=0.06s Sys=0.00s Real=0.01s
[2024-05-14T11:47:00.447+0000][603.421s][info ][safepoint     ] Leaving safepoint region
[2024-05-14T11:47:00.447+0000][603.421s][info ][safepoint     ] Total time for which application threads were stopped: 0.0177081 seconds, Stopping threads took: 0.0004542 seconds
[2024-05-14T11:47:00.447+0000][603.421s][info ][gc,stringdedup] Concurrent String Deduplication (603.421s)
[2024-05-14T11:47:00.447+0000][603.421s][info ][gc,stringdedup] Concurrent String Deduplication 0.0B->0.0B(0.0B) avg 54.6% (603.421s, 603.421s) 0.044ms
[2024-05-14T11:47:01.447+0000][604.421s][debug][safepoint     ] Safepoint synchronization initiated. (362 threads)
[2024-05-14T11:47:01.447+0000][604.421s][info ][safepoint     ] Application time: 1.0003257 seconds
[2024-05-14T11:47:01.448+0000][604.421s][info ][safepoint     ] Entering safepoint region: Cleanup
[2024-05-14T11:47:01.448+0000][604.422s][info ][safepoint     ] Leaving safepoint region
[2024-05-14T11:47:01.448+0000][604.422s][info ][safepoint     ] Total time for which application threads were stopped: 0.0007971 seconds, Stopping threads took: 0.0002090 seconds
[2024-05-14T11:47:02.448+0000][605.422s][debug][safepoint     ] Safepoint synchronization initiated. (362 threads)
[2024-05-14T11:47:02.448+0000][605.422s][info ][safepoint     ] Application time: 1.0001959 seconds
[2024-05-14T11:47:02.449+0000][605.422s][info ][safepoint     ] Entering safepoint region: Cleanup
[2024-05-14T11:47:02.449+0000][605.423s][info ][safepoint     ] Leaving safepoint region
[2024-05-14T11:47:02.449+0000][605.423s][info ][safepoint     ] Total time for which application threads were stopped: 0.0008411 seconds, Stopping threads took: 0.0002055 seconds
[2024-05-14T11:47:03.449+0000][606.423s][debug][safepoint     ] Safepoint synchronization initiated. (362 threads)
[2024-05-14T11:47:03.450+0000][606.423s][info ][safepoint     ] Application time: 1.0001690 seconds
[2024-05-14T11:47:03.450+0000][606.424s][info ][safepoint     ] Entering safepoint region: Cleanup
[2024-05-14T11:47:03.451+0000][606.424s][debug][safepoint     ] ... found polling page return exception at pc = 0x00007f320ca20556, stub =0x00007f3204824b00
[2024-05-14T11:47:03.451+0000][606.424s][info ][safepoint     ] Leaving safepoint region
[2024-05-14T11:47:03.451+0000][606.424s][info ][safepoint     ] Total time for which application threads were stopped: 0.0010315 seconds, Stopping threads took: 0.0004485 seconds
[2024-05-14T11:47:04.451+0000][607.425s][debug][safepoint     ] Safepoint synchronization initiated. (362 threads)
[2024-05-14T11:47:04.451+0000][607.425s][info ][safepoint     ] Application time: 1.0002284 seconds
[2024-05-14T11:47:04.451+0000][607.425s][info ][safepoint     ] Entering safepoint region: Cleanup
[2024-05-14T11:47:04.452+0000][607.425s][info ][safepoint     ] Leaving safepoint region
[2024-05-14T11:47:04.452+0000][607.425s][info ][safepoint     ] Total time for which application threads were stopped: 0.0008984 seconds, Stopping threads took: 0.0002090 seconds
[2024-05-14T11:47:05.452+0000][608.426s][debug][safepoint     ] Safepoint synchronization initiated. (362 threads)
[2024-05-14T11:47:05.452+0000][608.426s][info ][safepoint     ] Application time: 1.0002309 seconds
[2024-05-14T11:47:05.452+0000][608.426s][info ][safepoint     ] Entering safepoint region: Cleanup
[2024-05-14T11:47:05.453+0000][608.427s][info ][safepoint     ] Leaving safepoint region
[2024-05-14T11:47:05.453+0000][608.427s][info ][safepoint     ] Total time for which application threads were stopped: 0.0008860 seconds, Stopping threads took: 0.0002335 seconds
[2024-05-14T11:47:06.453+0000][609.427s][debug][safepoint     ] Safepoint synchronization initiated. (362 threads)
[2024-05-14T11:47:06.453+0000][609.427s][info ][safepoint     ] Application time: 1.0002488 seconds
[2024-05-14T11:47:06.453+0000][609.427s][info ][safepoint     ] Entering safepoint region: Cleanup
[2024-05-14T11:47:06.454+0000][609.428s][info ][safepoint     ] Leaving safepoint region
[2024-05-14T11:47:06.454+0000][609.428s][info ][safepoint     ] Total time for which application threads were stopped: 0.0009156 seconds, Stopping threads took: 0.0002626 seconds
[2024-05-14T11:47:07.454+0000][610.428s][debug][safepoint     ] Safepoint synchronization initiated. (362 threads)
[2024-05-14T11:47:07.454+0000][610.428s][info ][safepoint     ] Application time: 1.0001917 seconds
[2024-05-14T11:47:07.455+0000][610.428s][info ][safepoint     ] Entering safepoint region: Cleanup
[2024-05-14T11:47:07.455+0000][610.429s][info ][safepoint     ] Leaving safepoint region
[2024-05-14T11:47:07.455+0000][610.429s][info ][safepoint     ] Total time for which application threads were stopped: 0.0005262 seconds, Stopping threads took: 0.0001677 seconds
[2024-05-14T11:47:08.455+0000][611.429s][debug][safepoint     ] Safepoint synchronization initiated. (363 threads)
[2024-05-14T11:47:08.455+0000][611.429s][info ][safepoint     ] Application time: 1.0001919 seconds
[2024-05-14T11:47:08.455+0000][611.429s][info ][safepoint     ] Entering safepoint region: Cleanup
[2024-05-14T11:47:08.456+0000][611.430s][info ][safepoint     ] Leaving safepoint region
[2024-05-14T11:47:08.456+0000][611.430s][info ][safepoint     ] Total time for which application threads were stopped: 0.0008278 seconds, Stopping threads took: 0.0002293 seconds
[2024-05-14T11:47:09.456+0000][612.430s][debug][safepoint     ] Safepoint synchronization initiated. (363 threads)
[2024-05-14T11:47:09.456+0000][612.430s][info ][safepoint     ] Application time: 1.0002564 seconds
[2024-05-14T11:47:09.456+0000][612.430s][info ][safepoint     ] Entering safepoint region: Cleanup
[2024-05-14T11:47:09.457+0000][612.431s][info ][safepoint     ] Leaving safepoint region
[2024-05-14T11:47:09.457+0000][612.431s][info ][safepoint     ] Total time for which application threads were stopped: 0.0008472 seconds, Stopping threads took: 0.0002349 seconds
[2024-05-14T11:47:10.457+0000][613.431s][debug][safepoint     ] Safepoint synchronization initiated. (363 threads)
[2024-05-14T11:47:10.457+0000][613.431s][info ][safepoint     ] Application time: 1.0002393 seconds
[2024-05-14T11:47:10.458+0000][613.431s][info ][safepoint     ] Entering safepoint region: Cleanup
[2024-05-14T11:47:10.458+0000][613.432s][info ][safepoint     ] Leaving safepoint region
[2024-05-14T11:47:10.458+0000][613.432s][info ][safepoint     ] Total time for which application threads were stopped: 0.0008463 seconds, Stopping threads took: 0.0003075 seconds
[2024-05-14T11:47:11.459+0000][614.432s][debug][safepoint     ] Safepoint synchronization initiated. (363 threads)
[2024-05-14T11:47:11.459+0000][614.432s][info ][safepoint     ] Application time: 1.0002706 seconds
[2024-05-14T11:47:11.459+0000][614.432s][debug][safepoint     ] ... found polling page return exception at pc = 0x00007f320c81bf56, stub =0x00007f3204824b00
[2024-05-14T11:47:11.459+0000][614.433s][debug][safepoint     ] Waiting for 1 thread(s) to block
[2024-05-14T11:47:11.459+0000][614.433s][info ][safepoint     ] Entering safepoint region: Cleanup
[2024-05-14T11:47:11.460+0000][614.433s][info ][safepoint     ] Leaving safepoint region
[2024-05-14T11:47:11.460+0000][614.433s][info ][safepoint     ] Total time for which application threads were stopped: 0.0009451 seconds, Stopping threads took: 0.0003552 seconds
[2024-05-14T11:47:12.460+0000][615.433s][debug][safepoint     ] Safepoint synchronization initiated. (363 threads)
[2024-05-14T11:47:12.460+0000][615.433s][info ][safepoint     ] Application time: 1.0001689 seconds
[2024-05-14T11:47:12.460+0000][615.434s][debug][safepoint     ] ... found polling page return exception at pc = 0x00007f320d1a569b, stub =0x00007f3204824b00
[2024-05-14T11:47:12.460+0000][615.434s][debug][safepoint     ] Waiting for 1 thread(s) to block
[2024-05-14T11:47:12.460+0000][615.434s][info ][safepoint     ] Entering safepoint region: Cleanup
[2024-05-14T11:47:12.461+0000][615.435s][info ][safepoint     ] Leaving safepoint region
[2024-05-14T11:47:12.461+0000][615.435s][info ][safepoint     ] Total time for which application threads were stopped: 0.0011788 seconds, Stopping threads took: 0.0004653 seconds
[2024-05-14T11:47:13.461+0000][616.435s][debug][safepoint     ] Safepoint synchronization initiated. (363 threads)
[2024-05-14T11:47:13.461+0000][616.435s][info ][safepoint     ] Application time: 1.0003313 seconds
[2024-05-14T11:47:13.462+0000][616.436s][info ][safepoint     ] Entering safepoint region: Cleanup
[2024-05-14T11:47:13.463+0000][616.436s][info ][safepoint     ] Leaving safepoint region
[2024-05-14T11:47:13.463+0000][616.436s][info ][safepoint     ] Total time for which application threads were stopped: 0.0011746 seconds, Stopping threads took: 0.0004460 seconds
[2024-05-14T11:47:14.463+0000][617.437s][debug][safepoint     ] Safepoint synchronization initiated. (363 threads)
[2024-05-14T11:47:14.463+0000][617.437s][info ][safepoint     ] Application time: 1.0002340 seconds
[2024-05-14T11:47:14.463+0000][617.437s][info ][safepoint     ] Entering safepoint region: Cleanup
[2024-05-14T11:47:14.464+0000][617.438s][info ][safepoint     ] Leaving safepoint region
[2024-05-14T11:47:14.464+0000][617.438s][info ][safepoint     ] Total time for which application threads were stopped: 0.0010170 seconds, Stopping threads took: 0.0003461 seconds
[2024-05-14T11:47:15.464+0000][618.438s][debug][safepoint     ] Safepoint synchronization initiated. (363 threads)
[2024-05-14T11:47:15.464+0000][618.438s][info ][safepoint     ] Application time: 1.0003109 seconds
[2024-05-14T11:47:15.464+0000][618.438s][info ][safepoint     ] Entering safepoint region: Cleanup
[2024-05-14T11:47:15.465+0000][618.439s][info ][safepoint     ] Leaving safepoint region
[2024-05-14T11:47:15.465+0000][618.439s][info ][safepoint     ] Total time for which application threads were stopped: 0.0008386 seconds, Stopping threads took: 0.0002380 seconds
[2024-05-14T11:47:16.465+0000][619.439s][debug][safepoint     ] Safepoint synchronization initiated. (363 threads)
[2024-05-14T11:47:16.465+0000][619.439s][info ][safepoint     ] Application time: 1.0002304 seconds
[2024-05-14T11:47:16.466+0000][619.439s][info ][safepoint     ] Entering safepoint region: Cleanup
[2024-05-14T11:47:16.466+0000][619.440s][info ][safepoint     ] Leaving safepoint region
[2024-05-14T11:47:16.466+0000][619.440s][info ][safepoint     ] Total time for which application threads were stopped: 0.0009442 seconds, Stopping threads took: 0.0003715 seconds
[2024-05-14T11:47:17.466+0000][620.440s][debug][safepoint     ] Safepoint synchronization initiated. (363 threads)
[2024-05-14T11:47:17.467+0000][620.440s][info ][safepoint     ] Application time: 1.0002256 seconds
[2024-05-14T11:47:17.467+0000][620.440s][info ][safepoint     ] Entering safepoint region: Cleanup
[2024-05-14T11:47:17.468+0000][620.441s][info ][safepoint     ] Leaving safepoint region
[2024-05-14T11:47:17.468+0000][620.441s][info ][safepoint     ] Total time for which application threads were stopped: 0.0009899 seconds, Stopping threads took: 0.0002165 seconds
[2024-05-14T11:47:18.468+0000][621.442s][debug][safepoint     ] Safepoint synchronization initiated. (363 threads)
[2024-05-14T11:47:18.468+0000][621.442s][info ][safepoint     ] Application time: 1.0002967 seconds
[2024-05-14T11:47:18.468+0000][621.442s][debug][safepoint     ] Waiting for 1 thread(s) to block
[2024-05-14T11:47:18.468+0000][621.442s][info ][safepoint     ] Entering safepoint region: Cleanup
[2024-05-14T11:47:18.469+0000][621.443s][info ][safepoint     ] Leaving safepoint region
[2024-05-14T11:47:18.469+0000][621.443s][info ][safepoint     ] Total time for which application threads were stopped: 0.0010099 seconds, Stopping threads took: 0.0004132 seconds
[2024-05-14T11:47:19.469+0000][622.443s][debug][safepoint     ] Safepoint synchronization initiated. (363 threads)
[2024-05-14T11:47:19.469+0000][622.443s][info ][safepoint     ] Application time: 1.0002782 seconds
[2024-05-14T11:47:19.469+0000][622.443s][info ][safepoint     ] Entering safepoint region: Cleanup
[2024-05-14T11:47:19.470+0000][622.444s][info ][safepoint     ] Leaving safepoint region
[2024-05-14T11:47:19.470+0000][622.444s][info ][safepoint     ] Total time for which application threads were stopped: 0.0008637 seconds, Stopping threads took: 0.0002126 seconds
[2024-05-14T11:47:20.470+0000][623.444s][debug][safepoint     ] Safepoint synchronization initiated. (363 threads)
[2024-05-14T11:47:20.470+0000][623.444s][info ][safepoint     ] Application time: 1.0002085 seconds
[2024-05-14T11:47:20.471+0000][623.444s][info ][safepoint     ] Entering safepoint region: Cleanup
[2024-05-14T11:47:20.471+0000][623.445s][info ][safepoint     ] Leaving safepoint region
[2024-05-14T11:47:20.471+0000][623.445s][info ][safepoint     ] Total time for which application threads were stopped: 0.0010982 seconds, Stopping threads took: 0.0002577 seconds
[2024-05-14T11:47:21.472+0000][624.445s][debug][safepoint     ] Safepoint synchronization initiated. (363 threads)
[2024-05-14T11:47:21.472+0000][624.445s][info ][safepoint     ] Application time: 1.0002335 seconds
[2024-05-14T11:47:21.472+0000][624.446s][info ][safepoint     ] Entering safepoint region: Cleanup
[2024-05-14T11:47:21.473+0000][624.446s][info ][safepoint     ] Leaving safepoint region
[2024-05-14T11:47:21.473+0000][624.447s][info ][safepoint     ] Total time for which application threads were stopped: 0.0010730 seconds, Stopping threads took: 0.0002569 seconds
[2024-05-14T11:47:22.473+0000][625.447s][debug][safepoint     ] Safepoint synchronization initiated. (363 threads)
[2024-05-14T11:47:22.473+0000][625.447s][info ][safepoint     ] Application time: 1.0002851 seconds
[2024-05-14T11:47:22.473+0000][625.447s][debug][safepoint     ] ... found polling page return exception at pc = 0x00007f320cc1daaf, stub =0x00007f3204824b00
[2024-05-14T11:47:22.473+0000][625.447s][debug][safepoint     ] Waiting for 1 thread(s) to block
[2024-05-14T11:47:22.474+0000][625.447s][info ][safepoint     ] Entering safepoint region: Cleanup
[2024-05-14T11:47:22.474+0000][625.448s][info ][safepoint     ] Leaving safepoint region
[2024-05-14T11:47:22.474+0000][625.448s][info ][safepoint     ] Total time for which application threads were stopped: 0.0010247 seconds, Stopping threads took: 0.0004159 seconds
[2024-05-14T11:47:22.619+0000][625.593s][debug][safepoint     ] Safepoint synchronization initiated. (363 threads)
[2024-05-14T11:47:22.619+0000][625.593s][info ][safepoint     ] Application time: 0.1449791 seconds
[2024-05-14T11:47:22.619+0000][625.593s][info ][safepoint     ] Entering safepoint region: G1CollectForAllocation
[2024-05-14T11:47:22.620+0000][625.594s][info ][gc,start      ] GC(95) Pause Young (Normal) (G1 Evacuation Pause)
[2024-05-14T11:47:22.620+0000][625.594s][info ][gc,task       ] GC(95) Using 4 workers of 4 for evacuation
[2024-05-14T11:47:22.633+0000][625.607s][info ][gc,phases     ] GC(95)   Pre Evacuate Collection Set: 0.0ms
[2024-05-14T11:47:22.633+0000][625.607s][info ][gc,phases     ] GC(95)   Evacuate Collection Set: 5.6ms
[2024-05-14T11:47:22.633+0000][625.607s][info ][gc,phases     ] GC(95)   Post Evacuate Collection Set: 7.0ms
[2024-05-14T11:47:22.633+0000][625.607s][info ][gc,phases     ] GC(95)   Other: 0.9ms
[2024-05-14T11:47:22.633+0000][625.607s][info ][gc,heap       ] GC(95) Eden regions: 175->0(175)
[2024-05-14T11:47:22.633+0000][625.607s][info ][gc,heap       ] GC(95) Survivor regions: 1->1(22)
[2024-05-14T11:47:22.633+0000][625.607s][info ][gc,heap       ] GC(95) Old regions: 179->179
[2024-05-14T11:47:22.633+0000][625.607s][info ][gc,heap       ] GC(95) Humongous regions: 0->0
[2024-05-14T11:47:22.633+0000][625.607s][info ][gc,metaspace  ] GC(95) Metaspace: 186237K(192496K)->186237K(192496K) NonClass: 165178K(168996K)->165178K(168996K) Class: 21058K(23500K)->21058K(23500K)
[2024-05-14T11:47:22.634+0000][625.607s][info ][gc            ] GC(95) Pause Young (Normal) (G1 Evacuation Pause) 353M->178M(398M) 13.512ms
[2024-05-14T11:47:22.634+0000][625.607s][info ][gc,cpu        ] GC(95) User=0.04s Sys=0.00s Real=0.01s
[2024-05-14T11:47:22.634+0000][625.607s][info ][safepoint     ] Leaving safepoint region
[2024-05-14T11:47:22.634+0000][625.608s][info ][safepoint     ] Total time for which application threads were stopped: 0.0146147 seconds, Stopping threads took: 0.0001303 seconds
[2024-05-14T11:47:22.634+0000][625.608s][info ][gc,stringdedup] Concurrent String Deduplication (625.608s)
[2024-05-14T11:47:22.634+0000][625.608s][info ][gc,stringdedup] Concurrent String Deduplication 1952.0B->184.0B(1768.0B) avg 54.6% (625.608s, 625.608s) 0.088ms
[2024-05-14T11:47:23.634+0000][626.608s][debug][safepoint     ] Safepoint synchronization initiated. (363 threads)
[2024-05-14T11:47:23.634+0000][626.608s][info ][safepoint     ] Application time: 1.0002589 seconds
[2024-05-14T11:47:23.634+0000][626.608s][info ][safepoint     ] Entering safepoint region: Cleanup
[2024-05-14T11:47:23.635+0000][626.609s][info ][safepoint     ] Leaving safepoint region
[2024-05-14T11:47:23.635+0000][626.609s][info ][safepoint     ] Total time for which application threads were stopped: 0.0011227 seconds, Stopping threads took: 0.0002666 seconds
[2024-05-14T11:47:24.635+0000][627.609s][debug][safepoint     ] Safepoint synchronization initiated. (363 threads)
[2024-05-14T11:47:24.635+0000][627.609s][info ][safepoint     ] Application time: 1.0002204 seconds
[2024-05-14T11:47:24.636+0000][627.609s][info ][safepoint     ] Entering safepoint region: Cleanup
[2024-05-14T11:47:24.637+0000][627.610s][info ][safepoint     ] Leaving safepoint region
[2024-05-14T11:47:24.637+0000][627.610s][info ][safepoint     ] Total time for which application threads were stopped: 0.0010978 seconds, Stopping threads took: 0.0002341 seconds
[2024-05-14T11:47:25.637+0000][628.611s][debug][safepoint     ] Safepoint synchronization initiated. (363 threads)
[2024-05-14T11:47:25.637+0000][628.611s][info ][safepoint     ] Application time: 1.0003124 seconds
[2024-05-14T11:47:25.638+0000][628.611s][info ][safepoint     ] Entering safepoint region: Cleanup
[2024-05-14T11:47:25.639+0000][628.613s][info ][safepoint     ] Leaving safepoint region
[2024-05-14T11:47:25.639+0000][628.613s][info ][safepoint     ] Total time for which application threads were stopped: 0.0021908 seconds, Stopping threads took: 0.0008282 seconds
[2024-05-14T11:47:26.639+0000][629.613s][debug][safepoint     ] Safepoint synchronization initiated. (363 threads)
[2024-05-14T11:47:26.639+0000][629.613s][info ][safepoint     ] Application time: 1.0003375 seconds
[2024-05-14T11:47:26.641+0000][629.614s][info ][safepoint     ] Entering safepoint region: Cleanup
[2024-05-14T11:47:26.642+0000][629.616s][info ][safepoint     ] Leaving safepoint region
[2024-05-14T11:47:26.642+0000][629.616s][info ][safepoint     ] Total time for which application threads were stopped: 0.0025777 seconds, Stopping threads took: 0.0013005 seconds
[2024-05-14T11:47:27.642+0000][630.616s][debug][safepoint     ] Safepoint synchronization initiated. (363 threads)
[2024-05-14T11:47:27.642+0000][630.616s][info ][safepoint     ] Application time: 1.0001730 seconds
[2024-05-14T11:47:27.642+0000][630.616s][info ][safepoint     ] Entering safepoint region: Cleanup
[2024-05-14T11:47:27.643+0000][630.617s][info ][safepoint     ] Leaving safepoint region
[2024-05-14T11:47:27.643+0000][630.617s][info ][safepoint     ] Total time for which application threads were stopped: 0.0008323 seconds, Stopping threads took: 0.0001977 seconds
[2024-05-14T11:47:28.643+0000][631.617s][debug][safepoint     ] Safepoint synchronization initiated. (363 threads)
[2024-05-14T11:47:28.643+0000][631.617s][info ][safepoint     ] Application time: 1.0002668 seconds
[2024-05-14T11:47:28.644+0000][631.617s][info ][safepoint     ] Entering safepoint region: Cleanup
[2024-05-14T11:47:28.645+0000][631.618s][info ][safepoint     ] Leaving safepoint region
[2024-05-14T11:47:28.645+0000][631.618s][info ][safepoint     ] Total time for which application threads were stopped: 0.0012144 seconds, Stopping threads took: 0.0002587 seconds
[2024-05-14T11:47:29.645+0000][632.619s][debug][safepoint     ] Safepoint synchronization initiated. (363 threads)
[2024-05-14T11:47:29.645+0000][632.619s][info ][safepoint     ] Application time: 1.0003353 seconds
[2024-05-14T11:47:29.645+0000][632.619s][info ][safepoint     ] Entering safepoint region: Cleanup
[2024-05-14T11:47:29.646+0000][632.620s][info ][safepoint     ] Leaving safepoint region
[2024-05-14T11:47:29.646+0000][632.620s][info ][safepoint     ] Total time for which application threads were stopped: 0.0008443 seconds, Stopping threads took: 0.0002420 seconds
[2024-05-14T11:47:29.646+0000][632.620s][debug][safepoint     ] ... found polling page return exception at pc = 0x00007f320ca20556, stub =0x00007f3204824b00
[2024-05-14T11:47:30.646+0000][633.620s][debug][safepoint     ] Safepoint synchronization initiated. (363 threads)
[2024-05-14T11:47:30.646+0000][633.620s][info ][safepoint     ] Application time: 1.0002426 seconds
[2024-05-14T11:47:30.647+0000][633.620s][info ][safepoint     ] Entering safepoint region: Cleanup
[2024-05-14T11:47:30.647+0000][633.621s][info ][safepoint     ] Leaving safepoint region
[2024-05-14T11:47:30.647+0000][633.621s][debug][safepoint     ] ... found polling page loop exception at pc = 0x00007f320805cdfe, stub =0x00007f3204826680
[2024-05-14T11:47:30.647+0000][633.621s][info ][safepoint     ] Total time for which application threads were stopped: 0.0012504 seconds, Stopping threads took: 0.0005692 seconds
[2024-05-14T11:47:31.648+0000][634.622s][debug][safepoint     ] Safepoint synchronization initiated. (363 threads)
[2024-05-14T11:47:31.648+0000][634.622s][info ][safepoint     ] Application time: 1.0002586 seconds
[2024-05-14T11:47:31.648+0000][634.622s][info ][safepoint     ] Entering safepoint region: Cleanup
[2024-05-14T11:47:31.649+0000][634.622s][info ][safepoint     ] Leaving safepoint region
[2024-05-14T11:47:31.649+0000][634.622s][info ][safepoint     ] Total time for which application threads were stopped: 0.0006154 seconds, Stopping threads took: 0.0002149 seconds
[2024-05-14T11:47:32.649+0000][635.622s][debug][safepoint     ] Safepoint synchronization initiated. (363 threads)
[2024-05-14T11:47:32.649+0000][635.623s][info ][safepoint     ] Application time: 1.0002491 seconds
[2024-05-14T11:47:32.649+0000][635.623s][info ][safepoint     ] Entering safepoint region: Cleanup
[2024-05-14T11:47:32.650+0000][635.624s][info ][safepoint     ] Leaving safepoint region
[2024-05-14T11:47:32.650+0000][635.624s][info ][safepoint     ] Total time for which application threads were stopped: 0.0010819 seconds, Stopping threads took: 0.0004143 seconds
[2024-05-14T11:47:33.650+0000][636.624s][debug][safepoint     ] Safepoint synchronization initiated. (363 threads)
[2024-05-14T11:47:33.650+0000][636.624s][info ][safepoint     ] Application time: 1.0002896 seconds
[2024-05-14T11:47:33.651+0000][636.624s][info ][safepoint     ] Entering safepoint region: Cleanup
[2024-05-14T11:47:33.651+0000][636.625s][info ][safepoint     ] Leaving safepoint region
[2024-05-14T11:47:33.651+0000][636.625s][info ][safepoint     ] Total time for which application threads were stopped: 0.0007359 seconds, Stopping threads took: 0.0002376 seconds
[2024-05-14T11:47:34.651+0000][637.625s][debug][safepoint     ] Safepoint synchronization initiated. (363 threads)
[2024-05-14T11:47:34.651+0000][637.625s][info ][safepoint     ] Application time: 1.0002728 seconds
[2024-05-14T11:47:34.652+0000][637.625s][info ][safepoint     ] Entering safepoint region: Cleanup
[2024-05-14T11:47:34.652+0000][637.626s][info ][safepoint     ] Leaving safepoint region
[2024-05-14T11:47:34.652+0000][637.626s][info ][safepoint     ] Total time for which application threads were stopped: 0.0010311 seconds, Stopping threads took: 0.0003692 seconds
[2024-05-14T11:47:35.653+0000][638.626s][debug][safepoint     ] Safepoint synchronization initiated. (363 threads)
[2024-05-14T11:47:35.653+0000][638.626s][info ][safepoint     ] Application time: 1.0003046 seconds
[2024-05-14T11:47:35.653+0000][638.627s][info ][safepoint     ] Entering safepoint region: Cleanup
[2024-05-14T11:47:35.654+0000][638.627s][info ][safepoint     ] Leaving safepoint region
[2024-05-14T11:47:35.654+0000][638.627s][info ][safepoint     ] Total time for which application threads were stopped: 0.0009257 seconds, Stopping threads took: 0.0002423 seconds
[2024-05-14T11:47:36.654+0000][639.628s][debug][safepoint     ] Safepoint synchronization initiated. (363 threads)
[2024-05-14T11:47:36.654+0000][639.628s][info ][safepoint     ] Application time: 1.0001717 seconds
[2024-05-14T11:47:36.654+0000][639.628s][info ][safepoint     ] Entering safepoint region: Cleanup
[2024-05-14T11:47:36.655+0000][639.628s][info ][safepoint     ] Leaving safepoint region
[2024-05-14T11:47:36.655+0000][639.629s][info ][safepoint     ] Total time for which application threads were stopped: 0.0008828 seconds, Stopping threads took: 0.0002536 seconds
[2024-05-14T11:47:37.655+0000][640.629s][debug][safepoint     ] Safepoint synchronization initiated. (363 threads)
[2024-05-14T11:47:37.655+0000][640.629s][info ][safepoint     ] Application time: 1.0001808 seconds
[2024-05-14T11:47:37.655+0000][640.629s][info ][safepoint     ] Entering safepoint region: Cleanup
[2024-05-14T11:47:37.656+0000][640.630s][info ][safepoint     ] Leaving safepoint region
[2024-05-14T11:47:37.656+0000][640.630s][info ][safepoint     ] Total time for which application threads were stopped: 0.0008424 seconds, Stopping threads took: 0.0002117 seconds
[2024-05-14T11:47:38.656+0000][641.630s][debug][safepoint     ] Safepoint synchronization initiated. (363 threads)
[2024-05-14T11:47:38.656+0000][641.630s][info ][safepoint     ] Application time: 1.0003582 seconds
[2024-05-14T11:47:38.657+0000][641.631s][debug][safepoint     ] Waiting for 1 thread(s) to block
[2024-05-14T11:47:38.657+0000][641.631s][info ][safepoint     ] Entering safepoint region: Cleanup
[2024-05-14T11:47:38.659+0000][641.632s][info ][safepoint     ] Leaving safepoint region
[2024-05-14T11:47:38.659+0000][641.632s][info ][safepoint     ] Total time for which application threads were stopped: 0.0023596 seconds, Stopping threads took: 0.0012728 seconds
[2024-05-14T11:47:39.659+0000][642.633s][debug][safepoint     ] Safepoint synchronization initiated. (363 threads)
[2024-05-14T11:47:39.659+0000][642.633s][info ][safepoint     ] Application time: 1.0003005 seconds
[2024-05-14T11:47:39.659+0000][642.633s][info ][safepoint     ] Entering safepoint region: Cleanup
[2024-05-14T11:47:39.660+0000][642.634s][info ][safepoint     ] Leaving safepoint region
[2024-05-14T11:47:39.660+0000][642.634s][info ][safepoint     ] Total time for which application threads were stopped: 0.0010602 seconds, Stopping threads took: 0.0002493 seconds
[2024-05-14T11:47:40.660+0000][643.634s][debug][safepoint     ] Safepoint synchronization initiated. (363 threads)
[2024-05-14T11:47:40.660+0000][643.634s][info ][safepoint     ] Application time: 1.0002879 seconds
[2024-05-14T11:47:40.661+0000][643.635s][info ][safepoint     ] Entering safepoint region: Cleanup
[2024-05-14T11:47:40.662+0000][643.636s][info ][safepoint     ] Leaving safepoint region
[2024-05-14T11:47:40.662+0000][643.636s][info ][safepoint     ] Total time for which application threads were stopped: 0.0018508 seconds, Stopping threads took: 0.0006394 seconds
[2024-05-14T11:47:41.663+0000][644.636s][debug][safepoint     ] Safepoint synchronization initiated. (363 threads)
[2024-05-14T11:47:41.663+0000][644.636s][info ][safepoint     ] Application time: 1.0003363 seconds
[2024-05-14T11:47:41.663+0000][644.637s][info ][safepoint     ] Entering safepoint region: Cleanup
[2024-05-14T11:47:41.664+0000][644.637s][info ][safepoint     ] Leaving safepoint region
[2024-05-14T11:47:41.664+0000][644.637s][info ][safepoint     ] Total time for which application threads were stopped: 0.0008800 seconds, Stopping threads took: 0.0002220 seconds
[2024-05-14T11:47:41.664+0000][644.637s][debug][safepoint     ] ... found polling page return exception at pc = 0x00007f320ca20556, stub =0x00007f3204824b00
[2024-05-14T11:47:42.664+0000][645.637s][debug][safepoint     ] Safepoint synchronization initiated. (363 threads)
[2024-05-14T11:47:42.664+0000][645.638s][info ][safepoint     ] Application time: 1.0002699 seconds
[2024-05-14T11:47:42.664+0000][645.638s][info ][safepoint     ] Entering safepoint region: Cleanup
[2024-05-14T11:47:42.665+0000][645.638s][info ][safepoint     ] Leaving safepoint region
[2024-05-14T11:47:42.665+0000][645.638s][info ][safepoint     ] Total time for which application threads were stopped: 0.0008977 seconds, Stopping threads took: 0.0002359 seconds
[2024-05-14T11:47:43.665+0000][646.639s][debug][safepoint     ] Safepoint synchronization initiated. (363 threads)
[2024-05-14T11:47:43.665+0000][646.639s][info ][safepoint     ] Application time: 1.0002877 seconds
[2024-05-14T11:47:43.665+0000][646.639s][info ][safepoint     ] Entering safepoint region: Cleanup
[2024-05-14T11:47:43.666+0000][646.640s][info ][safepoint     ] Leaving safepoint region
[2024-05-14T11:47:43.666+0000][646.640s][info ][safepoint     ] Total time for which application threads were stopped: 0.0008256 seconds, Stopping threads took: 0.0002277 seconds
[2024-05-14T11:47:44.666+0000][647.640s][debug][safepoint     ] Safepoint synchronization initiated. (363 threads)
[2024-05-14T11:47:44.666+0000][647.640s][info ][safepoint     ] Application time: 1.0002331 seconds
[2024-05-14T11:47:44.668+0000][647.642s][info ][safepoint     ] Entering safepoint region: Cleanup
[2024-05-14T11:47:44.668+0000][647.642s][info ][safepoint     ] Leaving safepoint region
[2024-05-14T11:47:44.669+0000][647.642s][info ][safepoint     ] Total time for which application threads were stopped: 0.0023366 seconds, Stopping threads took: 0.0017044 seconds
[2024-05-14T11:47:44.947+0000][647.921s][debug][safepoint     ] Safepoint synchronization initiated. (363 threads)
[2024-05-14T11:47:44.947+0000][647.921s][info ][safepoint     ] Application time: 0.2783160 seconds
[2024-05-14T11:47:44.947+0000][647.921s][info ][safepoint     ] Entering safepoint region: G1CollectForAllocation
[2024-05-14T11:47:44.949+0000][647.922s][info ][gc,start      ] GC(96) Pause Young (Normal) (G1 Evacuation Pause)
[2024-05-14T11:47:44.949+0000][647.922s][info ][gc,task       ] GC(96) Using 4 workers of 4 for evacuation
[2024-05-14T11:47:44.975+0000][647.948s][info ][gc,phases     ] GC(96)   Pre Evacuate Collection Set: 0.3ms
[2024-05-14T11:47:44.975+0000][647.948s][info ][gc,phases     ] GC(96)   Evacuate Collection Set: 11.4ms
[2024-05-14T11:47:44.975+0000][647.948s][info ][gc,phases     ] GC(96)   Post Evacuate Collection Set: 12.9ms
[2024-05-14T11:47:44.975+0000][647.948s][info ][gc,phases     ] GC(96)   Other: 2.4ms
[2024-05-14T11:47:44.975+0000][647.948s][info ][gc,heap       ] GC(96) Eden regions: 175->0(174)
[2024-05-14T11:47:44.975+0000][647.949s][info ][gc,heap       ] GC(96) Survivor regions: 1->2(22)
[2024-05-14T11:47:44.975+0000][647.949s][info ][gc,heap       ] GC(96) Old regions: 179->179
[2024-05-14T11:47:44.975+0000][647.949s][info ][gc,heap       ] GC(96) Humongous regions: 0->0
[2024-05-14T11:47:44.975+0000][647.949s][info ][gc,metaspace  ] GC(96) Metaspace: 186258K(192496K)->186258K(192496K) NonClass: 165199K(168996K)->165199K(168996K) Class: 21058K(23500K)->21058K(23500K)
[2024-05-14T11:47:44.975+0000][647.949s][info ][gc            ] GC(96) Pause Young (Normal) (G1 Evacuation Pause) 353M->178M(398M) 26.292ms
[2024-05-14T11:47:44.975+0000][647.949s][info ][gc,cpu        ] GC(96) User=0.07s Sys=0.01s Real=0.03s
[2024-05-14T11:47:44.975+0000][647.949s][info ][safepoint     ] Leaving safepoint region
[2024-05-14T11:47:44.975+0000][647.949s][info ][safepoint     ] Total time for which application threads were stopped: 0.0282704 seconds, Stopping threads took: 0.0001675 seconds
[2024-05-14T11:47:44.975+0000][647.949s][info ][gc,stringdedup] Concurrent String Deduplication (647.949s)
[2024-05-14T11:47:44.975+0000][647.949s][info ][gc,stringdedup] Concurrent String Deduplication 7152.0B->0.0B(7152.0B) avg 54.6% (647.949s, 647.949s) 0.100ms
[2024-05-14T11:47:45.975+0000][648.949s][debug][safepoint     ] Safepoint synchronization initiated. (363 threads)
[2024-05-14T11:47:45.975+0000][648.949s][info ][safepoint     ] Application time: 1.0003424 seconds
[2024-05-14T11:47:45.976+0000][648.949s][info ][safepoint     ] Entering safepoint region: Cleanup
[2024-05-14T11:47:45.976+0000][648.950s][info ][safepoint     ] Leaving safepoint region
[2024-05-14T11:47:45.976+0000][648.950s][info ][safepoint     ] Total time for which application threads were stopped: 0.0009659 seconds, Stopping threads took: 0.0002512 seconds
[2024-05-14T11:47:46.977+0000][649.950s][debug][safepoint     ] Safepoint synchronization initiated. (363 threads)
[2024-05-14T11:47:46.977+0000][649.951s][info ][safepoint     ] Application time: 1.0003230 seconds
[2024-05-14T11:47:46.977+0000][649.951s][info ][safepoint     ] Entering safepoint region: Cleanup
[2024-05-14T11:47:46.978+0000][649.951s][info ][safepoint     ] Leaving safepoint region
[2024-05-14T11:47:46.978+0000][649.951s][info ][safepoint     ] Total time for which application threads were stopped: 0.0007461 seconds, Stopping threads took: 0.0002216 seconds
[2024-05-14T11:47:47.978+0000][650.952s][debug][safepoint     ] Safepoint synchronization initiated. (363 threads)
[2024-05-14T11:47:47.978+0000][650.952s][info ][safepoint     ] Application time: 1.0002375 seconds
[2024-05-14T11:47:47.978+0000][650.952s][debug][safepoint     ] ... found polling page loop exception at pc = 0x00007f320805cdfe, stub =0x00007f3204826680
[2024-05-14T11:47:47.978+0000][650.952s][debug][safepoint     ] Waiting for 1 thread(s) to block
[2024-05-14T11:47:47.978+0000][650.952s][info ][safepoint     ] Entering safepoint region: Cleanup
[2024-05-14T11:47:47.979+0000][650.953s][info ][safepoint     ] Leaving safepoint region
[2024-05-14T11:47:47.979+0000][650.953s][info ][safepoint     ] Total time for which application threads were stopped: 0.0010967 seconds, Stopping threads took: 0.0005471 seconds
[2024-05-14T11:47:48.979+0000][651.953s][debug][safepoint     ] Safepoint synchronization initiated. (363 threads)
[2024-05-14T11:47:48.979+0000][651.953s][info ][safepoint     ] Application time: 1.0002849 seconds
[2024-05-14T11:47:48.980+0000][651.953s][info ][safepoint     ] Entering safepoint region: Cleanup
[2024-05-14T11:47:48.980+0000][651.954s][info ][safepoint     ] Leaving safepoint region
[2024-05-14T11:47:48.980+0000][651.954s][info ][safepoint     ] Total time for which application threads were stopped: 0.0007245 seconds, Stopping threads took: 0.0002436 seconds
[2024-05-14T11:47:49.980+0000][652.954s][debug][safepoint     ] Safepoint synchronization initiated. (363 threads)
[2024-05-14T11:47:49.981+0000][652.954s][info ][safepoint     ] Application time: 1.0005445 seconds
[2024-05-14T11:47:49.981+0000][652.955s][info ][safepoint     ] Entering safepoint region: Cleanup
[2024-05-14T11:47:49.981+0000][652.955s][info ][safepoint     ] Leaving safepoint region
[2024-05-14T11:47:49.982+0000][652.955s][info ][safepoint     ] Total time for which application threads were stopped: 0.0008281 seconds, Stopping threads took: 0.0002395 seconds
[2024-05-14T11:47:50.982+0000][653.955s][debug][safepoint     ] Safepoint synchronization initiated. (363 threads)
[2024-05-14T11:47:50.982+0000][653.956s][info ][safepoint     ] Application time: 1.0002902 seconds
[2024-05-14T11:47:50.982+0000][653.956s][info ][safepoint     ] Entering safepoint region: Cleanup
[2024-05-14T11:47:50.983+0000][653.956s][info ][safepoint     ] Leaving safepoint region
[2024-05-14T11:47:50.983+0000][653.956s][info ][safepoint     ] Total time for which application threads were stopped: 0.0008281 seconds, Stopping threads took: 0.0003021 seconds
[2024-05-14T11:47:51.983+0000][654.957s][debug][safepoint     ] Safepoint synchronization initiated. (362 threads)
[2024-05-14T11:47:51.983+0000][654.957s][info ][safepoint     ] Application time: 1.0002530 seconds
[2024-05-14T11:47:51.983+0000][654.957s][info ][safepoint     ] Entering safepoint region: Cleanup
[2024-05-14T11:47:51.984+0000][654.957s][info ][safepoint     ] Leaving safepoint region
[2024-05-14T11:47:51.984+0000][654.958s][info ][safepoint     ] Total time for which application threads were stopped: 0.0008052 seconds, Stopping threads took: 0.0002292 seconds
[2024-05-14T11:47:52.984+0000][655.958s][debug][safepoint     ] Safepoint synchronization initiated. (362 threads)
[2024-05-14T11:47:52.984+0000][655.958s][info ][safepoint     ] Application time: 1.0003285 seconds
[2024-05-14T11:47:52.984+0000][655.958s][debug][safepoint     ] ... found polling page loop exception at pc = 0x00007f320d1e695d, stub =0x00007f3204826680
[2024-05-14T11:47:52.984+0000][655.958s][debug][safepoint     ] Waiting for 2 thread(s) to block
[2024-05-14T11:47:52.984+0000][655.958s][info ][safepoint     ] Entering safepoint region: Cleanup
[2024-05-14T11:47:52.985+0000][655.959s][info ][safepoint     ] Leaving safepoint region
[2024-05-14T11:47:52.985+0000][655.959s][info ][safepoint     ] Total time for which application threads were stopped: 0.0007965 seconds, Stopping threads took: 0.0002909 seconds
[2024-05-14T11:47:53.985+0000][656.959s][debug][safepoint     ] Safepoint synchronization initiated. (363 threads)
[2024-05-14T11:47:53.985+0000][656.959s][info ][safepoint     ] Application time: 1.0003287 seconds
[2024-05-14T11:47:53.985+0000][656.959s][debug][safepoint     ] ... found polling page return exception at pc = 0x00007f320d2c3597, stub =0x00007f3204824b00
[2024-05-14T11:47:53.986+0000][656.959s][debug][safepoint     ] Waiting for 1 thread(s) to block
[2024-05-14T11:47:53.986+0000][656.959s][info ][safepoint     ] Entering safepoint region: Cleanup
[2024-05-14T11:47:53.986+0000][656.960s][info ][safepoint     ] Leaving safepoint region
[2024-05-14T11:47:53.987+0000][656.960s][info ][safepoint     ] Total time for which application threads were stopped: 0.0011945 seconds, Stopping threads took: 0.0004479 seconds
[2024-05-14T11:47:54.987+0000][657.960s][debug][safepoint     ] Safepoint synchronization initiated. (363 threads)
[2024-05-14T11:47:54.987+0000][657.961s][info ][safepoint     ] Application time: 1.0002739 seconds
[2024-05-14T11:47:54.987+0000][657.961s][info ][safepoint     ] Entering safepoint region: Cleanup
[2024-05-14T11:47:54.988+0000][657.962s][info ][safepoint     ] Leaving safepoint region
[2024-05-14T11:47:54.988+0000][657.962s][info ][safepoint     ] Total time for which application threads were stopped: 0.0012186 seconds, Stopping threads took: 0.0004064 seconds
[2024-05-14T11:47:55.988+0000][658.962s][debug][safepoint     ] Safepoint synchronization initiated. (363 threads)
[2024-05-14T11:47:55.988+0000][658.962s][info ][safepoint     ] Application time: 1.0003827 seconds
[2024-05-14T11:47:55.989+0000][658.963s][info ][safepoint     ] Entering safepoint region: Cleanup
[2024-05-14T11:47:55.990+0000][658.964s][debug][safepoint     ] ... found polling page return exception at pc = 0x00007f320ca20556, stub =0x00007f3204824b00
[2024-05-14T11:47:55.990+0000][658.964s][info ][safepoint     ] Leaving safepoint region
[2024-05-14T11:47:55.990+0000][658.964s][info ][safepoint     ] Total time for which application threads were stopped: 0.0015873 seconds, Stopping threads took: 0.0005112 seconds
[2024-05-14T11:47:56.990+0000][659.964s][debug][safepoint     ] Safepoint synchronization initiated. (363 threads)
[2024-05-14T11:47:56.990+0000][659.964s][info ][safepoint     ] Application time: 1.0002575 seconds
[2024-05-14T11:47:56.991+0000][659.964s][info ][safepoint     ] Entering safepoint region: Cleanup
[2024-05-14T11:47:56.991+0000][659.965s][info ][safepoint     ] Leaving safepoint region
[2024-05-14T11:47:56.991+0000][659.965s][info ][safepoint     ] Total time for which application threads were stopped: 0.0009638 seconds, Stopping threads took: 0.0002171 seconds
[2024-05-14T11:47:57.992+0000][660.965s][debug][safepoint     ] Safepoint synchronization initiated. (363 threads)
[2024-05-14T11:47:57.992+0000][660.965s][info ][safepoint     ] Application time: 1.0003098 seconds
[2024-05-14T11:47:57.992+0000][660.966s][info ][safepoint     ] Entering safepoint region: Cleanup
[2024-05-14T11:47:57.993+0000][660.967s][info ][safepoint     ] Leaving safepoint region
[2024-05-14T11:47:57.993+0000][660.967s][info ][safepoint     ] Total time for which application threads were stopped: 0.0012590 seconds, Stopping threads took: 0.0003155 seconds
[2024-05-14T11:47:58.993+0000][661.967s][debug][safepoint     ] Safepoint synchronization initiated. (363 threads)
[2024-05-14T11:47:58.993+0000][661.967s][info ][safepoint     ] Application time: 1.0002025 seconds
[2024-05-14T11:47:58.994+0000][661.967s][info ][safepoint     ] Entering safepoint region: Cleanup
[2024-05-14T11:47:58.994+0000][661.968s][debug][safepoint     ] ... found polling page return exception at pc = 0x00007f320ca20556, stub =0x00007f3204824b00
[2024-05-14T11:47:58.994+0000][661.968s][info ][safepoint     ] Leaving safepoint region
[2024-05-14T11:47:58.994+0000][661.968s][info ][safepoint     ] Total time for which application threads were stopped: 0.0009847 seconds, Stopping threads took: 0.0002602 seconds
[2024-05-14T11:47:58.994+0000][661.968s][debug][safepoint     ] ... found polling page return exception at pc = 0x00007f320ca20556, stub =0x00007f3204824b00
[2024-05-14T11:47:59.995+0000][662.968s][debug][safepoint     ] Safepoint synchronization initiated. (363 threads)
[2024-05-14T11:47:59.995+0000][662.968s][info ][safepoint     ] Application time: 1.0002928 seconds
[2024-05-14T11:47:59.995+0000][662.969s][info ][safepoint     ] Entering safepoint region: Cleanup
[2024-05-14T11:47:59.996+0000][662.970s][info ][safepoint     ] Leaving safepoint region
[2024-05-14T11:47:59.996+0000][662.970s][info ][safepoint     ] Total time for which application threads were stopped: 0.0011809 seconds, Stopping threads took: 0.0002769 seconds
[2024-05-14T11:48:00.996+0000][663.970s][debug][safepoint     ] Safepoint synchronization initiated. (363 threads)
[2024-05-14T11:48:00.996+0000][663.970s][info ][safepoint     ] Application time: 1.0004092 seconds
[2024-05-14T11:48:00.997+0000][663.970s][debug][safepoint     ] Waiting for 1 thread(s) to block
[2024-05-14T11:48:00.997+0000][663.970s][info ][safepoint     ] Entering safepoint region: Cleanup
[2024-05-14T11:48:00.998+0000][663.971s][info ][safepoint     ] Leaving safepoint region
[2024-05-14T11:48:00.998+0000][663.971s][info ][safepoint     ] Total time for which application threads were stopped: 0.0012291 seconds, Stopping threads took: 0.0003736 seconds
[2024-05-14T11:48:01.998+0000][664.972s][debug][safepoint     ] Safepoint synchronization initiated. (363 threads)
[2024-05-14T11:48:01.998+0000][664.972s][info ][safepoint     ] Application time: 1.0004046 seconds
[2024-05-14T11:48:01.998+0000][664.972s][debug][safepoint     ] ... found polling page return exception at pc = 0x00007f320d0f7abc, stub =0x00007f3204824b00
[2024-05-14T11:48:01.998+0000][664.972s][debug][safepoint     ] Waiting for 1 thread(s) to block
[2024-05-14T11:48:01.999+0000][664.972s][info ][safepoint     ] Entering safepoint region: Cleanup
[2024-05-14T11:48:01.999+0000][664.973s][info ][safepoint     ] Leaving safepoint region
[2024-05-14T11:48:01.999+0000][664.973s][info ][safepoint     ] Total time for which application threads were stopped: 0.0013889 seconds, Stopping threads took: 0.0005062 seconds
[2024-05-14T11:48:03.000+0000][665.974s][debug][safepoint     ] Safepoint synchronization initiated. (363 threads)
[2024-05-14T11:48:03.000+0000][665.974s][info ][safepoint     ] Application time: 1.0003542 seconds
[2024-05-14T11:48:03.000+0000][665.974s][info ][safepoint     ] Entering safepoint region: Cleanup
[2024-05-14T11:48:03.001+0000][665.975s][debug][safepoint     ] ... found polling page return exception at pc = 0x00007f320ca20556, stub =0x00007f3204824b00
[2024-05-14T11:48:03.001+0000][665.975s][info ][safepoint     ] Leaving safepoint region
[2024-05-14T11:48:03.001+0000][665.975s][info ][safepoint     ] Total time for which application threads were stopped: 0.0010576 seconds, Stopping threads took: 0.0002630 seconds
[2024-05-14T11:48:04.001+0000][666.975s][debug][safepoint     ] Safepoint synchronization initiated. (363 threads)
[2024-05-14T11:48:04.001+0000][666.975s][info ][safepoint     ] Application time: 1.0002128 seconds
[2024-05-14T11:48:04.001+0000][666.975s][info ][safepoint     ] Entering safepoint region: Cleanup
[2024-05-14T11:48:04.002+0000][666.976s][info ][safepoint     ] Leaving safepoint region
[2024-05-14T11:48:04.002+0000][666.976s][info ][safepoint     ] Total time for which application threads were stopped: 0.0008024 seconds, Stopping threads took: 0.0002042 seconds
[2024-05-14T11:48:05.002+0000][667.976s][debug][safepoint     ] Safepoint synchronization initiated. (363 threads)
[2024-05-14T11:48:05.002+0000][667.976s][info ][safepoint     ] Application time: 1.0002636 seconds
[2024-05-14T11:48:05.003+0000][667.976s][info ][safepoint     ] Entering safepoint region: Cleanup
[2024-05-14T11:48:05.003+0000][667.977s][info ][safepoint     ] Leaving safepoint region
[2024-05-14T11:48:05.003+0000][667.977s][info ][safepoint     ] Total time for which application threads were stopped: 0.0008829 seconds, Stopping threads took: 0.0002477 seconds
[2024-05-14T11:48:06.003+0000][668.977s][debug][safepoint     ] Safepoint synchronization initiated. (363 threads)
[2024-05-14T11:48:06.004+0000][668.977s][info ][safepoint     ] Application time: 1.0003336 seconds
[2024-05-14T11:48:06.004+0000][668.978s][info ][safepoint     ] Entering safepoint region: Cleanup
[2024-05-14T11:48:06.004+0000][668.978s][info ][safepoint     ] Leaving safepoint region
[2024-05-14T11:48:06.004+0000][668.978s][debug][safepoint     ] ... found polling page return exception at pc = 0x00007f320ca20556, stub =0x00007f3204824b00
[2024-05-14T11:48:06.005+0000][668.978s][info ][safepoint     ] Total time for which application threads were stopped: 0.0009290 seconds, Stopping threads took: 0.0002758 seconds
[2024-05-14T11:48:07.005+0000][669.979s][debug][safepoint     ] Safepoint synchronization initiated. (363 threads)
[2024-05-14T11:48:07.005+0000][669.979s][info ][safepoint     ] Application time: 1.0002768 seconds
[2024-05-14T11:48:07.005+0000][669.979s][info ][safepoint     ] Entering safepoint region: Cleanup
[2024-05-14T11:48:07.006+0000][669.980s][info ][safepoint     ] Leaving safepoint region
[2024-05-14T11:48:07.006+0000][669.980s][info ][safepoint     ] Total time for which application threads were stopped: 0.0010330 seconds, Stopping threads took: 0.0002478 seconds
[2024-05-14T11:48:07.399+0000][670.373s][debug][safepoint     ] Safepoint synchronization initiated. (363 threads)
[2024-05-14T11:48:07.399+0000][670.373s][info ][safepoint     ] Application time: 0.3934080 seconds
[2024-05-14T11:48:07.400+0000][670.373s][info ][safepoint     ] Entering safepoint region: G1CollectForAllocation
[2024-05-14T11:48:07.401+0000][670.374s][info ][gc,start      ] GC(97) Pause Young (Normal) (G1 Evacuation Pause)
[2024-05-14T11:48:07.401+0000][670.374s][info ][gc,task       ] GC(97) Using 4 workers of 4 for evacuation
[2024-05-14T11:48:07.416+0000][670.389s][info ][gc,phases     ] GC(97)   Pre Evacuate Collection Set: 0.2ms
[2024-05-14T11:48:07.416+0000][670.389s][info ][gc,phases     ] GC(97)   Evacuate Collection Set: 8.3ms
[2024-05-14T11:48:07.416+0000][670.389s][info ][gc,phases     ] GC(97)   Post Evacuate Collection Set: 5.8ms
[2024-05-14T11:48:07.416+0000][670.389s][info ][gc,phases     ] GC(97)   Other: 0.9ms
[2024-05-14T11:48:07.416+0000][670.389s][info ][gc,heap       ] GC(97) Eden regions: 174->0(174)
[2024-05-14T11:48:07.416+0000][670.389s][info ][gc,heap       ] GC(97) Survivor regions: 2->2(22)
[2024-05-14T11:48:07.416+0000][670.389s][info ][gc,heap       ] GC(97) Old regions: 179->179
[2024-05-14T11:48:07.416+0000][670.389s][info ][gc,heap       ] GC(97) Humongous regions: 0->0
[2024-05-14T11:48:07.416+0000][670.389s][info ][gc,metaspace  ] GC(97) Metaspace: 186260K(192496K)->186260K(192496K) NonClass: 165201K(168996K)->165201K(168996K) Class: 21058K(23500K)->21058K(23500K)
[2024-05-14T11:48:07.416+0000][670.390s][info ][gc            ] GC(97) Pause Young (Normal) (G1 Evacuation Pause) 352M->178M(398M) 15.261ms
[2024-05-14T11:48:07.416+0000][670.390s][info ][gc,cpu        ] GC(97) User=0.04s Sys=0.00s Real=0.01s
[2024-05-14T11:48:07.416+0000][670.390s][info ][safepoint     ] Leaving safepoint region
[2024-05-14T11:48:07.416+0000][670.390s][info ][safepoint     ] Total time for which application threads were stopped: 0.0165867 seconds, Stopping threads took: 0.0002392 seconds
[2024-05-14T11:48:07.416+0000][670.390s][info ][gc,stringdedup] Concurrent String Deduplication (670.390s)
[2024-05-14T11:48:07.416+0000][670.390s][info ][gc,stringdedup] Concurrent String Deduplication 56.0B->56.0B(0.0B) avg 54.6% (670.390s, 670.390s) 0.059ms
[2024-05-14T11:48:08.416+0000][671.390s][debug][safepoint     ] Safepoint synchronization initiated. (363 threads)
[2024-05-14T11:48:08.416+0000][671.390s][info ][safepoint     ] Application time: 1.0003047 seconds
[2024-05-14T11:48:08.417+0000][671.390s][info ][safepoint     ] Entering safepoint region: Cleanup
[2024-05-14T11:48:08.417+0000][671.391s][info ][safepoint     ] Leaving safepoint region
[2024-05-14T11:48:08.417+0000][671.391s][info ][safepoint     ] Total time for which application threads were stopped: 0.0010222 seconds, Stopping threads took: 0.0002449 seconds
[2024-05-14T11:48:09.418+0000][672.391s][debug][safepoint     ] Safepoint synchronization initiated. (363 threads)
[2024-05-14T11:48:09.418+0000][672.391s][info ][safepoint     ] Application time: 1.0003515 seconds
[2024-05-14T11:48:09.418+0000][672.392s][info ][safepoint     ] Entering safepoint region: Cleanup
[2024-05-14T11:48:09.419+0000][672.392s][info ][safepoint     ] Leaving safepoint region
[2024-05-14T11:48:09.419+0000][672.392s][info ][safepoint     ] Total time for which application threads were stopped: 0.0008138 seconds, Stopping threads took: 0.0002110 seconds
[2024-05-14T11:48:10.419+0000][673.393s][debug][safepoint     ] Safepoint synchronization initiated. (363 threads)
[2024-05-14T11:48:10.419+0000][673.393s][info ][safepoint     ] Application time: 1.0003662 seconds
[2024-05-14T11:48:10.419+0000][673.393s][info ][safepoint     ] Entering safepoint region: Cleanup
[2024-05-14T11:48:10.420+0000][673.394s][info ][safepoint     ] Leaving safepoint region
[2024-05-14T11:48:10.420+0000][673.394s][info ][safepoint     ] Total time for which application threads were stopped: 0.0012911 seconds, Stopping threads took: 0.0002651 seconds
[2024-05-14T11:48:10.420+0000][673.394s][debug][safepoint     ] ... found polling page return exception at pc = 0x00007f320ca20556, stub =0x00007f3204824b00
[2024-05-14T11:48:11.421+0000][674.394s][debug][safepoint     ] Safepoint synchronization initiated. (363 threads)
[2024-05-14T11:48:11.421+0000][674.394s][info ][safepoint     ] Application time: 1.0004164 seconds
[2024-05-14T11:48:11.421+0000][674.395s][info ][safepoint     ] Entering safepoint region: Cleanup
[2024-05-14T11:48:11.422+0000][674.396s][info ][safepoint     ] Leaving safepoint region
[2024-05-14T11:48:11.422+0000][674.396s][info ][safepoint     ] Total time for which application threads were stopped: 0.0010581 seconds, Stopping threads took: 0.0002464 seconds
[2024-05-14T11:48:12.422+0000][675.396s][debug][safepoint     ] Safepoint synchronization initiated. (363 threads)
[2024-05-14T11:48:12.422+0000][675.396s][info ][safepoint     ] Application time: 1.0001545 seconds
[2024-05-14T11:48:12.422+0000][675.396s][info ][safepoint     ] Entering safepoint region: Cleanup
[2024-05-14T11:48:12.423+0000][675.397s][info ][safepoint     ] Leaving safepoint region
[2024-05-14T11:48:12.423+0000][675.397s][info ][safepoint     ] Total time for which application threads were stopped: 0.0010642 seconds, Stopping threads took: 0.0002594 seconds
[2024-05-14T11:48:13.423+0000][676.397s][debug][safepoint     ] Safepoint synchronization initiated. (363 threads)
[2024-05-14T11:48:13.424+0000][676.397s][info ][safepoint     ] Application time: 1.0003503 seconds
[2024-05-14T11:48:13.424+0000][676.398s][info ][safepoint     ] Entering safepoint region: Cleanup
[2024-05-14T11:48:13.425+0000][676.398s][info ][safepoint     ] Leaving safepoint region
[2024-05-14T11:48:13.425+0000][676.398s][info ][safepoint     ] Total time for which application threads were stopped: 0.0011177 seconds, Stopping threads took: 0.0002945 seconds
[2024-05-14T11:48:14.425+0000][677.399s][debug][safepoint     ] Safepoint synchronization initiated. (363 threads)
[2024-05-14T11:48:14.425+0000][677.399s][info ][safepoint     ] Application time: 1.0005533 seconds
[2024-05-14T11:48:14.425+0000][677.399s][debug][safepoint     ] ... found polling page return exception at pc = 0x00007f320ca4f544, stub =0x00007f3204824b00
[2024-05-14T11:48:14.426+0000][677.399s][debug][safepoint     ] Waiting for 1 thread(s) to block
[2024-05-14T11:48:14.426+0000][677.400s][info ][safepoint     ] Entering safepoint region: Cleanup
[2024-05-14T11:48:14.427+0000][677.401s][info ][safepoint     ] Leaving safepoint region
[2024-05-14T11:48:14.427+0000][677.401s][info ][safepoint     ] Total time for which application threads were stopped: 0.0016530 seconds, Stopping threads took: 0.0006429 seconds
[2024-05-14T11:48:15.427+0000][678.401s][debug][safepoint     ] Safepoint synchronization initiated. (363 threads)
[2024-05-14T11:48:15.427+0000][678.401s][info ][safepoint     ] Application time: 1.0002609 seconds
[2024-05-14T11:48:15.428+0000][678.401s][info ][safepoint     ] Entering safepoint region: Cleanup
[2024-05-14T11:48:15.428+0000][678.402s][info ][safepoint     ] Leaving safepoint region
[2024-05-14T11:48:15.428+0000][678.402s][info ][safepoint     ] Total time for which application threads were stopped: 0.0011163 seconds, Stopping threads took: 0.0002532 seconds
[2024-05-14T11:48:16.429+0000][679.402s][debug][safepoint     ] Safepoint synchronization initiated. (363 threads)
[2024-05-14T11:48:16.429+0000][679.402s][info ][safepoint     ] Application time: 1.0002552 seconds
[2024-05-14T11:48:16.429+0000][679.403s][debug][safepoint     ] ... found polling page return exception at pc = 0x00007f320c81b643, stub =0x00007f3204824b00
[2024-05-14T11:48:16.429+0000][679.403s][debug][safepoint     ] Waiting for 1 thread(s) to block
[2024-05-14T11:48:16.429+0000][679.403s][info ][safepoint     ] Entering safepoint region: Cleanup
[2024-05-14T11:48:16.430+0000][679.404s][info ][safepoint     ] Leaving safepoint region
[2024-05-14T11:48:16.430+0000][679.404s][info ][safepoint     ] Total time for which application threads were stopped: 0.0011811 seconds, Stopping threads took: 0.0004126 seconds
[2024-05-14T11:48:17.430+0000][680.404s][debug][safepoint     ] Safepoint synchronization initiated. (363 threads)
[2024-05-14T11:48:17.430+0000][680.404s][info ][safepoint     ] Application time: 1.0003570 seconds
[2024-05-14T11:48:17.431+0000][680.404s][info ][safepoint     ] Entering safepoint region: Cleanup
[2024-05-14T11:48:17.431+0000][680.405s][info ][safepoint     ] Leaving safepoint region
[2024-05-14T11:48:17.431+0000][680.405s][info ][safepoint     ] Total time for which application threads were stopped: 0.0010640 seconds, Stopping threads took: 0.0003639 seconds
[2024-05-14T11:48:18.432+0000][681.405s][debug][safepoint     ] Safepoint synchronization initiated. (363 threads)
[2024-05-14T11:48:18.432+0000][681.405s][info ][safepoint     ] Application time: 1.0002912 seconds
[2024-05-14T11:48:18.432+0000][681.406s][info ][safepoint     ] Entering safepoint region: Cleanup
[2024-05-14T11:48:18.432+0000][681.406s][info ][safepoint     ] Leaving safepoint region
[2024-05-14T11:48:18.432+0000][681.406s][info ][safepoint     ] Total time for which application threads were stopped: 0.0007258 seconds, Stopping threads took: 0.0002307 seconds
[2024-05-14T11:48:19.433+0000][682.406s][debug][safepoint     ] Safepoint synchronization initiated. (363 threads)
[2024-05-14T11:48:19.433+0000][682.407s][info ][safepoint     ] Application time: 1.0003116 seconds
[2024-05-14T11:48:19.433+0000][682.407s][debug][safepoint     ] ... found polling page return exception at pc = 0x00007f320c6581ac, stub =0x00007f3204824b00
[2024-05-14T11:48:19.433+0000][682.407s][debug][safepoint     ] Waiting for 1 thread(s) to block
[2024-05-14T11:48:19.434+0000][682.407s][info ][safepoint     ] Entering safepoint region: Cleanup
[2024-05-14T11:48:19.434+0000][682.408s][info ][safepoint     ] Leaving safepoint region
[2024-05-14T11:48:19.434+0000][682.408s][info ][safepoint     ] Total time for which application threads were stopped: 0.0014784 seconds, Stopping threads took: 0.0007630 seconds
[2024-05-14T11:48:20.434+0000][683.408s][debug][safepoint     ] Safepoint synchronization initiated. (363 threads)
[2024-05-14T11:48:20.435+0000][683.408s][info ][safepoint     ] Application time: 1.0002195 seconds
[2024-05-14T11:48:20.435+0000][683.409s][info ][safepoint     ] Entering safepoint region: Cleanup
[2024-05-14T11:48:20.438+0000][683.412s][info ][safepoint     ] Leaving safepoint region
[2024-05-14T11:48:20.438+0000][683.412s][info ][safepoint     ] Total time for which application threads were stopped: 0.0035532 seconds, Stopping threads took: 0.0027042 seconds
[2024-05-14T11:48:21.438+0000][684.412s][debug][safepoint     ] Safepoint synchronization initiated. (363 threads)
[2024-05-14T11:48:21.438+0000][684.412s][info ][safepoint     ] Application time: 1.0001781 seconds
[2024-05-14T11:48:21.438+0000][684.412s][info ][safepoint     ] Entering safepoint region: Cleanup
[2024-05-14T11:48:21.439+0000][684.413s][info ][safepoint     ] Leaving safepoint region
[2024-05-14T11:48:21.439+0000][684.413s][info ][safepoint     ] Total time for which application threads were stopped: 0.0006761 seconds, Stopping threads took: 0.0001713 seconds
[2024-05-14T11:48:22.439+0000][685.413s][debug][safepoint     ] Safepoint synchronization initiated. (363 threads)
[2024-05-14T11:48:22.439+0000][685.413s][info ][safepoint     ] Application time: 1.0002721 seconds
[2024-05-14T11:48:22.440+0000][685.413s][info ][safepoint     ] Entering safepoint region: Cleanup
[2024-05-14T11:48:22.440+0000][685.414s][info ][safepoint     ] Leaving safepoint region
[2024-05-14T11:48:22.440+0000][685.414s][info ][safepoint     ] Total time for which application threads were stopped: 0.0009507 seconds, Stopping threads took: 0.0002451 seconds
[2024-05-14T11:48:23.441+0000][686.414s][debug][safepoint     ] Safepoint synchronization initiated. (363 threads)
[2024-05-14T11:48:23.441+0000][686.414s][info ][safepoint     ] Application time: 1.0003738 seconds
[2024-05-14T11:48:23.441+0000][686.415s][info ][safepoint     ] Entering safepoint region: Cleanup
[2024-05-14T11:48:23.442+0000][686.415s][info ][safepoint     ] Leaving safepoint region
[2024-05-14T11:48:23.442+0000][686.415s][info ][safepoint     ] Total time for which application threads were stopped: 0.0009555 seconds, Stopping threads took: 0.0002708 seconds
[2024-05-14T11:48:24.442+0000][687.416s][debug][safepoint     ] Safepoint synchronization initiated. (363 threads)
[2024-05-14T11:48:24.442+0000][687.416s][info ][safepoint     ] Application time: 1.0002315 seconds
[2024-05-14T11:48:24.442+0000][687.416s][info ][safepoint     ] Entering safepoint region: Cleanup
[2024-05-14T11:48:24.443+0000][687.417s][info ][safepoint     ] Leaving safepoint region
[2024-05-14T11:48:24.443+0000][687.417s][info ][safepoint     ] Total time for which application threads were stopped: 0.0009480 seconds, Stopping threads took: 0.0002261 seconds
[2024-05-14T11:48:25.443+0000][688.417s][debug][safepoint     ] Safepoint synchronization initiated. (363 threads)
[2024-05-14T11:48:25.443+0000][688.417s][info ][safepoint     ] Application time: 1.0001784 seconds
[2024-05-14T11:48:25.443+0000][688.417s][debug][safepoint     ] ... found polling page return exception at pc = 0x00007f320cd41b72, stub =0x00007f3204824b00
[2024-05-14T11:48:25.443+0000][688.417s][debug][safepoint     ] Waiting for 1 thread(s) to block
[2024-05-14T11:48:25.443+0000][688.417s][info ][safepoint     ] Entering safepoint region: Cleanup
[2024-05-14T11:48:25.444+0000][688.418s][info ][safepoint     ] Leaving safepoint region
[2024-05-14T11:48:25.444+0000][688.418s][info ][safepoint     ] Total time for which application threads were stopped: 0.0007437 seconds, Stopping threads took: 0.0002919 seconds
[2024-05-14T11:48:26.444+0000][689.418s][debug][safepoint     ] Safepoint synchronization initiated. (363 threads)
[2024-05-14T11:48:26.444+0000][689.418s][info ][safepoint     ] Application time: 1.0002771 seconds
[2024-05-14T11:48:26.444+0000][689.418s][info ][safepoint     ] Entering safepoint region: Cleanup
[2024-05-14T11:48:26.445+0000][689.419s][info ][safepoint     ] Leaving safepoint region
[2024-05-14T11:48:26.445+0000][689.419s][info ][safepoint     ] Total time for which application threads were stopped: 0.0008523 seconds, Stopping threads took: 0.0002866 seconds
[2024-05-14T11:48:27.445+0000][690.419s][debug][safepoint     ] Safepoint synchronization initiated. (363 threads)
[2024-05-14T11:48:27.445+0000][690.419s][info ][safepoint     ] Application time: 1.0002899 seconds
[2024-05-14T11:48:27.446+0000][690.420s][info ][safepoint     ] Entering safepoint region: Cleanup
[2024-05-14T11:48:27.447+0000][690.420s][info ][safepoint     ] Leaving safepoint region
[2024-05-14T11:48:27.447+0000][690.420s][info ][safepoint     ] Total time for which application threads were stopped: 0.0013074 seconds, Stopping threads took: 0.0004749 seconds
[2024-05-14T11:48:28.447+0000][691.421s][debug][safepoint     ] Safepoint synchronization initiated. (363 threads)
[2024-05-14T11:48:28.447+0000][691.421s][info ][safepoint     ] Application time: 1.0002353 seconds
[2024-05-14T11:48:28.447+0000][691.421s][info ][safepoint     ] Entering safepoint region: Cleanup
[2024-05-14T11:48:28.448+0000][691.422s][info ][safepoint     ] Leaving safepoint region
[2024-05-14T11:48:28.448+0000][691.422s][info ][safepoint     ] Total time for which application threads were stopped: 0.0010010 seconds, Stopping threads took: 0.0002845 seconds
[2024-05-14T11:48:29.448+0000][692.422s][debug][safepoint     ] Safepoint synchronization initiated. (363 threads)
[2024-05-14T11:48:29.448+0000][692.422s][info ][safepoint     ] Application time: 1.0001694 seconds
[2024-05-14T11:48:29.449+0000][692.423s][debug][safepoint     ] ... found polling page return exception at pc = 0x00007f320d38ce87, stub =0x00007f3204824b00
[2024-05-14T11:48:29.450+0000][692.423s][debug][safepoint     ] Waiting for 1 thread(s) to block
[2024-05-14T11:48:29.450+0000][692.423s][info ][safepoint     ] Entering safepoint region: Cleanup
[2024-05-14T11:48:29.450+0000][692.424s][info ][safepoint     ] Leaving safepoint region
[2024-05-14T11:48:29.450+0000][692.424s][info ][safepoint     ] Total time for which application threads were stopped: 0.0021637 seconds, Stopping threads took: 0.0014666 seconds
[2024-05-14T11:48:30.451+0000][693.424s][debug][safepoint     ] Safepoint synchronization initiated. (363 threads)
[2024-05-14T11:48:30.451+0000][693.424s][info ][safepoint     ] Application time: 1.0002567 seconds
[2024-05-14T11:48:30.451+0000][693.425s][info ][safepoint     ] Entering safepoint region: Cleanup
[2024-05-14T11:48:30.452+0000][693.425s][info ][safepoint     ] Leaving safepoint region
[2024-05-14T11:48:30.452+0000][693.425s][info ][safepoint     ] Total time for which application threads were stopped: 0.0009095 seconds, Stopping threads took: 0.0002359 seconds
[2024-05-14T11:48:30.773+0000][693.746s][debug][safepoint     ] Safepoint synchronization initiated. (363 threads)
[2024-05-14T11:48:30.773+0000][693.746s][info ][safepoint     ] Application time: 0.3211067 seconds
[2024-05-14T11:48:30.773+0000][693.747s][debug][safepoint     ] ... found polling page return exception at pc = 0x00007f320d390872, stub =0x00007f3204824b00
[2024-05-14T11:48:30.773+0000][693.747s][debug][safepoint     ] Waiting for 1 thread(s) to block
[2024-05-14T11:48:30.774+0000][693.747s][info ][safepoint     ] Entering safepoint region: G1CollectForAllocation
[2024-05-14T11:48:30.775+0000][693.749s][info ][gc,start      ] GC(98) Pause Young (Normal) (G1 Evacuation Pause)
[2024-05-14T11:48:30.775+0000][693.749s][info ][gc,task       ] GC(98) Using 4 workers of 4 for evacuation
[2024-05-14T11:48:30.792+0000][693.766s][info ][gc,phases     ] GC(98)   Pre Evacuate Collection Set: 0.3ms
[2024-05-14T11:48:30.792+0000][693.766s][info ][gc,phases     ] GC(98)   Evacuate Collection Set: 6.9ms
[2024-05-14T11:48:30.792+0000][693.766s][info ][gc,phases     ] GC(98)   Post Evacuate Collection Set: 9.0ms
[2024-05-14T11:48:30.792+0000][693.766s][info ][gc,phases     ] GC(98)   Other: 1.9ms
[2024-05-14T11:48:30.792+0000][693.766s][info ][gc,heap       ] GC(98) Eden regions: 174->0(174)
[2024-05-14T11:48:30.792+0000][693.766s][info ][gc,heap       ] GC(98) Survivor regions: 2->2(22)
[2024-05-14T11:48:30.792+0000][693.766s][info ][gc,heap       ] GC(98) Old regions: 179->179
[2024-05-14T11:48:30.792+0000][693.766s][info ][gc,heap       ] GC(98) Humongous regions: 0->0
[2024-05-14T11:48:30.792+0000][693.766s][info ][gc,metaspace  ] GC(98) Metaspace: 186287K(192496K)->186287K(192496K) NonClass: 165229K(168996K)->165229K(168996K) Class: 21058K(23500K)->21058K(23500K)
[2024-05-14T11:48:30.793+0000][693.766s][info ][gc            ] GC(98) Pause Young (Normal) (G1 Evacuation Pause) 352M->178M(398M) 17.784ms
[2024-05-14T11:48:30.793+0000][693.766s][info ][gc,cpu        ] GC(98) User=0.05s Sys=0.00s Real=0.02s
[2024-05-14T11:48:30.793+0000][693.766s][info ][safepoint     ] Leaving safepoint region
[2024-05-14T11:48:30.793+0000][693.767s][info ][safepoint     ] Total time for which application threads were stopped: 0.0200068 seconds, Stopping threads took: 0.0007581 seconds
[2024-05-14T11:48:30.793+0000][693.767s][info ][gc,stringdedup] Concurrent String Deduplication (693.767s)
[2024-05-14T11:48:30.794+0000][693.768s][info ][gc,stringdedup] Concurrent String Deduplication 90504.0B->0.0B(90504.0B) avg 54.8% (693.767s, 693.768s) 1.000ms
[2024-05-14T11:48:31.793+0000][694.767s][debug][safepoint     ] Safepoint synchronization initiated. (363 threads)
[2024-05-14T11:48:31.793+0000][694.767s][info ][safepoint     ] Application time: 1.0003282 seconds
[2024-05-14T11:48:31.793+0000][694.767s][info ][safepoint     ] Entering safepoint region: Cleanup
[2024-05-14T11:48:31.794+0000][694.768s][info ][safepoint     ] Leaving safepoint region
[2024-05-14T11:48:31.794+0000][694.768s][info ][safepoint     ] Total time for which application threads were stopped: 0.0008328 seconds, Stopping threads took: 0.0002233 seconds
[2024-05-14T11:48:32.794+0000][695.768s][debug][safepoint     ] Safepoint synchronization initiated. (363 threads)
[2024-05-14T11:48:32.794+0000][695.768s][info ][safepoint     ] Application time: 1.0002018 seconds
[2024-05-14T11:48:32.794+0000][695.768s][info ][safepoint     ] Entering safepoint region: Cleanup
[2024-05-14T11:48:32.795+0000][695.769s][info ][safepoint     ] Leaving safepoint region
[2024-05-14T11:48:32.795+0000][695.769s][info ][safepoint     ] Total time for which application threads were stopped: 0.0006903 seconds, Stopping threads took: 0.0002144 seconds
[2024-05-14T11:48:33.795+0000][696.769s][debug][safepoint     ] Safepoint synchronization initiated. (363 threads)
[2024-05-14T11:48:33.795+0000][696.769s][info ][safepoint     ] Application time: 1.0003241 seconds
[2024-05-14T11:48:33.796+0000][696.769s][info ][safepoint     ] Entering safepoint region: Cleanup
[2024-05-14T11:48:33.796+0000][696.770s][debug][safepoint     ] ... found polling page return exception at pc = 0x00007f320ca20556, stub =0x00007f3204824b00
[2024-05-14T11:48:33.797+0000][696.770s][info ][safepoint     ] Leaving safepoint region
[2024-05-14T11:48:33.797+0000][696.770s][info ][safepoint     ] Total time for which application threads were stopped: 0.0013604 seconds, Stopping threads took: 0.0002726 seconds
[2024-05-14T11:48:34.797+0000][697.771s][debug][safepoint     ] Safepoint synchronization initiated. (363 threads)
[2024-05-14T11:48:34.797+0000][697.771s][info ][safepoint     ] Application time: 1.0002532 seconds
[2024-05-14T11:48:34.797+0000][697.771s][info ][safepoint     ] Entering safepoint region: Cleanup
[2024-05-14T11:48:34.798+0000][697.771s][info ][safepoint     ] Leaving safepoint region
[2024-05-14T11:48:34.798+0000][697.771s][info ][safepoint     ] Total time for which application threads were stopped: 0.0007197 seconds, Stopping threads took: 0.0001980 seconds
[2024-05-14T11:48:35.798+0000][698.772s][debug][safepoint     ] Safepoint synchronization initiated. (363 threads)
[2024-05-14T11:48:35.798+0000][698.772s][info ][safepoint     ] Application time: 1.0001981 seconds
[2024-05-14T11:48:35.798+0000][698.772s][info ][safepoint     ] Entering safepoint region: Cleanup
[2024-05-14T11:48:35.799+0000][698.773s][info ][safepoint     ] Leaving safepoint region
[2024-05-14T11:48:35.799+0000][698.773s][info ][safepoint     ] Total time for which application threads were stopped: 0.0009769 seconds, Stopping threads took: 0.0003283 seconds
[2024-05-14T11:48:36.799+0000][699.773s][debug][safepoint     ] Safepoint synchronization initiated. (363 threads)
[2024-05-14T11:48:36.799+0000][699.773s][info ][safepoint     ] Application time: 1.0002931 seconds
[2024-05-14T11:48:36.800+0000][699.773s][info ][safepoint     ] Entering safepoint region: Cleanup
[2024-05-14T11:48:36.800+0000][699.774s][info ][safepoint     ] Leaving safepoint region
[2024-05-14T11:48:36.800+0000][699.774s][info ][safepoint     ] Total time for which application threads were stopped: 0.0009728 seconds, Stopping threads took: 0.0002717 seconds
[2024-05-14T11:48:37.801+0000][700.774s][debug][safepoint     ] Safepoint synchronization initiated. (363 threads)
[2024-05-14T11:48:37.801+0000][700.774s][info ][safepoint     ] Application time: 1.0002918 seconds
[2024-05-14T11:48:37.801+0000][700.774s][info ][safepoint     ] Entering safepoint region: Cleanup
[2024-05-14T11:48:37.801+0000][700.775s][info ][safepoint     ] Leaving safepoint region
[2024-05-14T11:48:37.802+0000][700.775s][info ][safepoint     ] Total time for which application threads were stopped: 0.0009189 seconds, Stopping threads took: 0.0002002 seconds
[2024-05-14T11:48:38.802+0000][701.775s][debug][safepoint     ] Safepoint synchronization initiated. (363 threads)
[2024-05-14T11:48:38.802+0000][701.776s][info ][safepoint     ] Application time: 1.0002949 seconds
[2024-05-14T11:48:38.802+0000][701.776s][info ][safepoint     ] Entering safepoint region: Cleanup
[2024-05-14T11:48:38.803+0000][701.776s][info ][safepoint     ] Leaving safepoint region
[2024-05-14T11:48:38.803+0000][701.777s][info ][safepoint     ] Total time for which application threads were stopped: 0.0009554 seconds, Stopping threads took: 0.0002953 seconds
[2024-05-14T11:48:39.803+0000][702.777s][debug][safepoint     ] Safepoint synchronization initiated. (363 threads)
[2024-05-14T11:48:39.803+0000][702.777s][info ][safepoint     ] Application time: 1.0001907 seconds
[2024-05-14T11:48:39.804+0000][702.777s][info ][safepoint     ] Entering safepoint region: Cleanup
[2024-05-14T11:48:39.804+0000][702.778s][info ][safepoint     ] Leaving safepoint region
[2024-05-14T11:48:39.804+0000][702.778s][info ][safepoint     ] Total time for which application threads were stopped: 0.0013963 seconds, Stopping threads took: 0.0007180 seconds
[2024-05-14T11:48:40.805+0000][703.778s][debug][safepoint     ] Safepoint synchronization initiated. (363 threads)
[2024-05-14T11:48:40.805+0000][703.778s][info ][safepoint     ] Application time: 1.0002170 seconds
[2024-05-14T11:48:40.805+0000][703.779s][info ][safepoint     ] Entering safepoint region: Cleanup
[2024-05-14T11:48:40.806+0000][703.779s][info ][safepoint     ] Leaving safepoint region
[2024-05-14T11:48:40.806+0000][703.780s][info ][safepoint     ] Total time for which application threads were stopped: 0.0010547 seconds, Stopping threads took: 0.0002350 seconds
[2024-05-14T11:48:41.806+0000][704.780s][debug][safepoint     ] Safepoint synchronization initiated. (363 threads)
[2024-05-14T11:48:41.806+0000][704.780s][info ][safepoint     ] Application time: 1.0002026 seconds
[2024-05-14T11:48:41.806+0000][704.780s][info ][safepoint     ] Entering safepoint region: Cleanup
[2024-05-14T11:48:41.807+0000][704.781s][debug][safepoint     ] ... found polling page return exception at pc = 0x00007f320ca20556, stub =0x00007f3204824b00
[2024-05-14T11:48:41.807+0000][704.781s][info ][safepoint     ] Leaving safepoint region
[2024-05-14T11:48:41.807+0000][704.781s][info ][safepoint     ] Total time for which application threads were stopped: 0.0009333 seconds, Stopping threads took: 0.0002399 seconds
[2024-05-14T11:48:42.807+0000][705.781s][debug][safepoint     ] Safepoint synchronization initiated. (363 threads)
[2024-05-14T11:48:42.807+0000][705.781s][info ][safepoint     ] Application time: 1.0002620 seconds
[2024-05-14T11:48:42.807+0000][705.781s][info ][safepoint     ] Entering safepoint region: Cleanup
[2024-05-14T11:48:42.808+0000][705.782s][info ][safepoint     ] Leaving safepoint region
[2024-05-14T11:48:42.808+0000][705.782s][info ][safepoint     ] Total time for which application threads were stopped: 0.0008821 seconds, Stopping threads took: 0.0002416 seconds
[2024-05-14T11:48:43.808+0000][706.782s][debug][safepoint     ] Safepoint synchronization initiated. (363 threads)
[2024-05-14T11:48:43.808+0000][706.782s][info ][safepoint     ] Application time: 1.0002441 seconds
[2024-05-14T11:48:43.809+0000][706.782s][info ][safepoint     ] Entering safepoint region: Cleanup
[2024-05-14T11:48:43.809+0000][706.783s][info ][safepoint     ] Leaving safepoint region
[2024-05-14T11:48:43.809+0000][706.783s][info ][safepoint     ] Total time for which application threads were stopped: 0.0008582 seconds, Stopping threads took: 0.0002381 seconds
[2024-05-14T11:48:44.810+0000][707.783s][debug][safepoint     ] Safepoint synchronization initiated. (363 threads)
[2024-05-14T11:48:44.810+0000][707.783s][info ][safepoint     ] Application time: 1.0003815 seconds
[2024-05-14T11:48:44.810+0000][707.784s][info ][safepoint     ] Entering safepoint region: Cleanup
[2024-05-14T11:48:44.810+0000][707.784s][debug][safepoint     ] ... found polling page return exception at pc = 0x00007f320d368938, stub =0x00007f3204824b00
[2024-05-14T11:48:44.810+0000][707.784s][debug][safepoint     ] ... found polling page return exception at pc = 0x00007f320ca20556, stub =0x00007f3204824b00
[2024-05-14T11:48:44.810+0000][707.784s][info ][safepoint     ] Leaving safepoint region
[2024-05-14T11:48:44.811+0000][707.784s][info ][safepoint     ] Total time for which application threads were stopped: 0.0009414 seconds, Stopping threads took: 0.0002774 seconds
[2024-05-14T11:48:45.811+0000][708.785s][debug][safepoint     ] Safepoint synchronization initiated. (363 threads)
[2024-05-14T11:48:45.811+0000][708.785s][info ][safepoint     ] Application time: 1.0003489 seconds
[2024-05-14T11:48:45.811+0000][708.785s][info ][safepoint     ] Entering safepoint region: Cleanup
[2024-05-14T11:48:45.812+0000][708.786s][info ][safepoint     ] Leaving safepoint region
[2024-05-14T11:48:45.812+0000][708.786s][info ][safepoint     ] Total time for which application threads were stopped: 0.0008559 seconds, Stopping threads took: 0.0002619 seconds
[2024-05-14T11:48:46.812+0000][709.786s][debug][safepoint     ] Safepoint synchronization initiated. (363 threads)
[2024-05-14T11:48:46.812+0000][709.786s][info ][safepoint     ] Application time: 1.0002881 seconds
[2024-05-14T11:48:46.813+0000][709.787s][info ][safepoint     ] Entering safepoint region: Cleanup
[2024-05-14T11:48:46.814+0000][709.787s][info ][safepoint     ] Leaving safepoint region
[2024-05-14T11:48:46.814+0000][709.788s][info ][safepoint     ] Total time for which application threads were stopped: 0.0014648 seconds, Stopping threads took: 0.0006403 seconds
[2024-05-14T11:48:47.814+0000][710.788s][debug][safepoint     ] Safepoint synchronization initiated. (363 threads)
[2024-05-14T11:48:47.814+0000][710.788s][info ][safepoint     ] Application time: 1.0002015 seconds
[2024-05-14T11:48:47.814+0000][710.788s][debug][safepoint     ] ... found polling page return exception at pc = 0x00007f320cbe669f, stub =0x00007f3204824b00
[2024-05-14T11:48:47.814+0000][710.788s][debug][safepoint     ] ... found polling page return exception at pc = 0x00007f320cbe669f, stub =0x00007f3204824b00
[2024-05-14T11:48:47.814+0000][710.788s][debug][safepoint     ] Waiting for 2 thread(s) to block
[2024-05-14T11:48:47.814+0000][710.788s][info ][safepoint     ] Entering safepoint region: Cleanup
[2024-05-14T11:48:47.815+0000][710.789s][debug][safepoint     ] ... found polling page return exception at pc = 0x00007f320ca20556, stub =0x00007f3204824b00
[2024-05-14T11:48:47.815+0000][710.789s][info ][safepoint     ] Leaving safepoint region
[2024-05-14T11:48:47.815+0000][710.789s][info ][safepoint     ] Total time for which application threads were stopped: 0.0010110 seconds, Stopping threads took: 0.0004490 seconds
[2024-05-14T11:48:48.815+0000][711.789s][debug][safepoint     ] Safepoint synchronization initiated. (363 threads)
[2024-05-14T11:48:48.815+0000][711.789s][info ][safepoint     ] Application time: 1.0002794 seconds
[2024-05-14T11:48:48.816+0000][711.789s][debug][safepoint     ] Waiting for 1 thread(s) to block
[2024-05-14T11:48:48.816+0000][711.790s][info ][safepoint     ] Entering safepoint region: Cleanup
[2024-05-14T11:48:48.817+0000][711.790s][info ][safepoint     ] Leaving safepoint region
[2024-05-14T11:48:48.817+0000][711.790s][info ][safepoint     ] Total time for which application threads were stopped: 0.0013494 seconds, Stopping threads took: 0.0005931 seconds
[2024-05-14T11:48:49.817+0000][712.791s][debug][safepoint     ] Safepoint synchronization initiated. (363 threads)
[2024-05-14T11:48:49.817+0000][712.791s][info ][safepoint     ] Application time: 1.0002994 seconds
[2024-05-14T11:48:49.817+0000][712.791s][info ][safepoint     ] Entering safepoint region: Cleanup
[2024-05-14T11:48:49.818+0000][712.792s][info ][safepoint     ] Leaving safepoint region
[2024-05-14T11:48:49.818+0000][712.792s][info ][safepoint     ] Total time for which application threads were stopped: 0.0009520 seconds, Stopping threads took: 0.0002740 seconds
[2024-05-14T11:48:50.818+0000][713.792s][debug][safepoint     ] Safepoint synchronization initiated. (363 threads)
[2024-05-14T11:48:50.818+0000][713.792s][info ][safepoint     ] Application time: 1.0003674 seconds
[2024-05-14T11:48:50.819+0000][713.793s][info ][safepoint     ] Entering safepoint region: Cleanup
[2024-05-14T11:48:50.820+0000][713.794s][info ][safepoint     ] Leaving safepoint region
[2024-05-14T11:48:50.820+0000][713.794s][info ][safepoint     ] Total time for which application threads were stopped: 0.0016419 seconds, Stopping threads took: 0.0006403 seconds
[2024-05-14T11:48:51.820+0000][714.794s][debug][safepoint     ] Safepoint synchronization initiated. (363 threads)
[2024-05-14T11:48:51.820+0000][714.794s][info ][safepoint     ] Application time: 1.0003205 seconds
[2024-05-14T11:48:51.821+0000][714.794s][info ][safepoint     ] Entering safepoint region: Cleanup
[2024-05-14T11:48:51.821+0000][714.795s][info ][safepoint     ] Leaving safepoint region
[2024-05-14T11:48:51.822+0000][714.795s][info ][safepoint     ] Total time for which application threads were stopped: 0.0010369 seconds, Stopping threads took: 0.0003267 seconds
[2024-05-14T11:48:52.822+0000][715.796s][debug][safepoint     ] Safepoint synchronization initiated. (363 threads)
[2024-05-14T11:48:52.822+0000][715.796s][info ][safepoint     ] Application time: 1.0002492 seconds
[2024-05-14T11:48:52.822+0000][715.796s][debug][safepoint     ] ... found polling page return exception at pc = 0x00007f320c385f9b, stub =0x00007f3204824b00
[2024-05-14T11:48:52.822+0000][715.796s][debug][safepoint     ] Waiting for 1 thread(s) to block
[2024-05-14T11:48:52.822+0000][715.796s][info ][safepoint     ] Entering safepoint region: Cleanup
[2024-05-14T11:48:52.823+0000][715.797s][info ][safepoint     ] Leaving safepoint region
[2024-05-14T11:48:52.823+0000][715.797s][info ][safepoint     ] Total time for which application threads were stopped: 0.0012249 seconds, Stopping threads took: 0.0005023 seconds
[2024-05-14T11:48:53.794+0000][716.768s][debug][safepoint     ] Safepoint synchronization initiated. (363 threads)
[2024-05-14T11:48:53.794+0000][716.768s][info ][safepoint     ] Application time: 0.9713608 seconds
[2024-05-14T11:48:53.795+0000][716.769s][info ][safepoint     ] Entering safepoint region: G1CollectForAllocation
[2024-05-14T11:48:53.797+0000][716.770s][info ][gc,start      ] GC(99) Pause Young (Normal) (G1 Evacuation Pause)
[2024-05-14T11:48:53.797+0000][716.770s][info ][gc,task       ] GC(99) Using 4 workers of 4 for evacuation
[2024-05-14T11:48:53.820+0000][716.793s][info ][gc,phases     ] GC(99)   Pre Evacuate Collection Set: 0.3ms
[2024-05-14T11:48:53.820+0000][716.793s][info ][gc,phases     ] GC(99)   Evacuate Collection Set: 11.8ms
[2024-05-14T11:48:53.820+0000][716.793s][info ][gc,phases     ] GC(99)   Post Evacuate Collection Set: 9.5ms
[2024-05-14T11:48:53.820+0000][716.793s][info ][gc,phases     ] GC(99)   Other: 1.8ms
[2024-05-14T11:48:53.820+0000][716.793s][info ][gc,heap       ] GC(99) Eden regions: 174->0(175)
[2024-05-14T11:48:53.820+0000][716.793s][info ][gc,heap       ] GC(99) Survivor regions: 2->1(22)
[2024-05-14T11:48:53.820+0000][716.793s][info ][gc,heap       ] GC(99) Old regions: 179->179
[2024-05-14T11:48:53.820+0000][716.793s][info ][gc,heap       ] GC(99) Humongous regions: 0->0
[2024-05-14T11:48:53.820+0000][716.794s][info ][gc,metaspace  ] GC(99) Metaspace: 186327K(192496K)->186327K(192496K) NonClass: 165269K(168996K)->165269K(168996K) Class: 21058K(23500K)->21058K(23500K)
[2024-05-14T11:48:53.820+0000][716.794s][info ][gc            ] GC(99) Pause Young (Normal) (G1 Evacuation Pause) 352M->178M(398M) 23.163ms
[2024-05-14T11:48:53.820+0000][716.794s][info ][gc,cpu        ] GC(99) User=0.08s Sys=0.00s Real=0.03s
[2024-05-14T11:48:53.820+0000][716.794s][info ][safepoint     ] Leaving safepoint region
[2024-05-14T11:48:53.820+0000][716.794s][info ][safepoint     ] Total time for which application threads were stopped: 0.0255587 seconds, Stopping threads took: 0.0005017 seconds
[2024-05-14T11:48:53.820+0000][716.794s][info ][gc,stringdedup] Concurrent String Deduplication (716.794s)
[2024-05-14T11:48:53.820+0000][716.794s][info ][gc,stringdedup] Concurrent String Deduplication 56.0B->56.0B(0.0B) avg 54.8% (716.794s, 716.794s) 0.073ms
[2024-05-14T11:48:54.820+0000][717.794s][debug][safepoint     ] Safepoint synchronization initiated. (363 threads)
[2024-05-14T11:48:54.820+0000][717.794s][info ][safepoint     ] Application time: 1.0004175 seconds
[2024-05-14T11:48:54.821+0000][717.795s][info ][safepoint     ] Entering safepoint region: Cleanup
[2024-05-14T11:48:54.822+0000][717.796s][info ][safepoint     ] Leaving safepoint region
[2024-05-14T11:48:54.822+0000][717.796s][info ][safepoint     ] Total time for which application threads were stopped: 0.0013623 seconds, Stopping threads took: 0.0004278 seconds
[2024-05-14T11:48:55.822+0000][718.796s][debug][safepoint     ] Safepoint synchronization initiated. (363 threads)
[2024-05-14T11:48:55.822+0000][718.796s][info ][safepoint     ] Application time: 1.0002987 seconds
[2024-05-14T11:48:55.823+0000][718.797s][info ][safepoint     ] Entering safepoint region: Cleanup
[2024-05-14T11:48:55.824+0000][718.798s][info ][safepoint     ] Leaving safepoint region
[2024-05-14T11:48:55.824+0000][718.798s][info ][safepoint     ] Total time for which application threads were stopped: 0.0021440 seconds, Stopping threads took: 0.0010545 seconds
[2024-05-14T11:48:56.825+0000][719.798s][debug][safepoint     ] Safepoint synchronization initiated. (363 threads)
[2024-05-14T11:48:56.825+0000][719.798s][info ][safepoint     ] Application time: 1.0002761 seconds
[2024-05-14T11:48:56.825+0000][719.799s][info ][safepoint     ] Entering safepoint region: Cleanup
[2024-05-14T11:48:56.826+0000][719.800s][info ][safepoint     ] Leaving safepoint region
[2024-05-14T11:48:56.826+0000][719.800s][info ][safepoint     ] Total time for which application threads were stopped: 0.0012358 seconds, Stopping threads took: 0.0003276 seconds
[2024-05-14T11:48:57.826+0000][720.800s][debug][safepoint     ] Safepoint synchronization initiated. (363 threads)
[2024-05-14T11:48:57.826+0000][720.800s][info ][safepoint     ] Application time: 1.0002629 seconds
[2024-05-14T11:48:57.827+0000][720.800s][info ][safepoint     ] Entering safepoint region: Cleanup
[2024-05-14T11:48:57.827+0000][720.801s][info ][safepoint     ] Leaving safepoint region
[2024-05-14T11:48:57.827+0000][720.801s][info ][safepoint     ] Total time for which application threads were stopped: 0.0010929 seconds, Stopping threads took: 0.0002875 seconds
[2024-05-14T11:48:58.828+0000][721.801s][debug][safepoint     ] Safepoint synchronization initiated. (363 threads)
[2024-05-14T11:48:58.828+0000][721.801s][info ][safepoint     ] Application time: 1.0003426 seconds
[2024-05-14T11:48:58.828+0000][721.802s][info ][safepoint     ] Entering safepoint region: Cleanup
[2024-05-14T11:48:58.829+0000][721.803s][info ][safepoint     ] Leaving safepoint region
[2024-05-14T11:48:58.829+0000][721.803s][info ][safepoint     ] Total time for which application threads were stopped: 0.0012150 seconds, Stopping threads took: 0.0003481 seconds
[2024-05-14T11:48:59.829+0000][722.803s][debug][safepoint     ] Safepoint synchronization initiated. (363 threads)
[2024-05-14T11:48:59.829+0000][722.803s][info ][safepoint     ] Application time: 1.0003180 seconds
[2024-05-14T11:48:59.830+0000][722.804s][info ][safepoint     ] Entering safepoint region: Cleanup
[2024-05-14T11:48:59.831+0000][722.805s][info ][safepoint     ] Leaving safepoint region
[2024-05-14T11:48:59.831+0000][722.805s][info ][safepoint     ] Total time for which application threads were stopped: 0.0016838 seconds, Stopping threads took: 0.0006744 seconds
[2024-05-14T11:49:00.831+0000][723.805s][debug][safepoint     ] Safepoint synchronization initiated. (363 threads)
[2024-05-14T11:49:00.831+0000][723.805s][info ][safepoint     ] Application time: 1.0003062 seconds
[2024-05-14T11:49:00.832+0000][723.805s][info ][safepoint     ] Entering safepoint region: Cleanup
[2024-05-14T11:49:00.832+0000][723.806s][info ][safepoint     ] Leaving safepoint region
[2024-05-14T11:49:00.833+0000][723.806s][info ][safepoint     ] Total time for which application threads were stopped: 0.0011244 seconds, Stopping threads took: 0.0003098 seconds
[2024-05-14T11:49:01.833+0000][724.807s][debug][safepoint     ] Safepoint synchronization initiated. (363 threads)
[2024-05-14T11:49:01.833+0000][724.807s][info ][safepoint     ] Application time: 1.0003960 seconds
[2024-05-14T11:49:01.833+0000][724.807s][debug][safepoint     ] ... found polling page loop exception at pc = 0x00007f320d0f8144, stub =0x00007f3204826680
[2024-05-14T11:49:01.834+0000][724.808s][debug][safepoint     ] Waiting for 1 thread(s) to block
[2024-05-14T11:49:01.834+0000][724.808s][info ][safepoint     ] Entering safepoint region: Cleanup
[2024-05-14T11:49:01.835+0000][724.809s][info ][safepoint     ] Leaving safepoint region
[2024-05-14T11:49:01.835+0000][724.809s][info ][safepoint     ] Total time for which application threads were stopped: 0.0019083 seconds, Stopping threads took: 0.0013207 seconds
[2024-05-14T11:49:02.835+0000][725.809s][debug][safepoint     ] Safepoint synchronization initiated. (363 threads)
[2024-05-14T11:49:02.835+0000][725.809s][info ][safepoint     ] Application time: 1.0003957 seconds
[2024-05-14T11:49:02.836+0000][725.809s][info ][safepoint     ] Entering safepoint region: Cleanup
[2024-05-14T11:49:02.836+0000][725.810s][info ][safepoint     ] Leaving safepoint region
[2024-05-14T11:49:02.836+0000][725.810s][info ][safepoint     ] Total time for which application threads were stopped: 0.0010613 seconds, Stopping threads took: 0.0003180 seconds
[2024-05-14T11:49:03.837+0000][726.810s][debug][safepoint     ] Safepoint synchronization initiated. (363 threads)
[2024-05-14T11:49:03.837+0000][726.810s][info ][safepoint     ] Application time: 1.0001893 seconds
[2024-05-14T11:49:03.837+0000][726.811s][info ][safepoint     ] Entering safepoint region: Cleanup
[2024-05-14T11:49:03.837+0000][726.811s][info ][safepoint     ] Leaving safepoint region
[2024-05-14T11:49:03.838+0000][726.811s][info ][safepoint     ] Total time for which application threads were stopped: 0.0008708 seconds, Stopping threads took: 0.0002701 seconds
[2024-05-14T11:49:04.838+0000][727.811s][debug][safepoint     ] Safepoint synchronization initiated. (363 threads)
[2024-05-14T11:49:04.838+0000][727.812s][info ][safepoint     ] Application time: 1.0003474 seconds
[2024-05-14T11:49:04.838+0000][727.812s][info ][safepoint     ] Entering safepoint region: Cleanup
[2024-05-14T11:49:04.839+0000][727.812s][debug][safepoint     ] ... found polling page return exception at pc = 0x00007f320ca20556, stub =0x00007f3204824b00
[2024-05-14T11:49:04.839+0000][727.813s][debug][safepoint     ] ... found polling page return exception at pc = 0x00007f320ca20556, stub =0x00007f3204824b00
[2024-05-14T11:49:04.839+0000][727.813s][info ][safepoint     ] Leaving safepoint region
[2024-05-14T11:49:04.839+0000][727.813s][info ][safepoint     ] Total time for which application threads were stopped: 0.0010433 seconds, Stopping threads took: 0.0002489 seconds
[2024-05-14T11:49:05.839+0000][728.813s][debug][safepoint     ] Safepoint synchronization initiated. (363 threads)
[2024-05-14T11:49:05.839+0000][728.813s][info ][safepoint     ] Application time: 1.0003108 seconds
[2024-05-14T11:49:05.840+0000][728.814s][debug][safepoint     ] Waiting for 1 thread(s) to block
[2024-05-14T11:49:05.840+0000][728.814s][info ][safepoint     ] Entering safepoint region: Cleanup
[2024-05-14T11:49:05.841+0000][728.814s][info ][safepoint     ] Leaving safepoint region
[2024-05-14T11:49:05.841+0000][728.815s][info ][safepoint     ] Total time for which application threads were stopped: 0.0013036 seconds, Stopping threads took: 0.0005039 seconds
[2024-05-14T11:49:06.841+0000][729.815s][debug][safepoint     ] Safepoint synchronization initiated. (363 threads)
[2024-05-14T11:49:06.841+0000][729.815s][info ][safepoint     ] Application time: 1.0002464 seconds
[2024-05-14T11:49:06.841+0000][729.815s][info ][safepoint     ] Entering safepoint region: Cleanup
[2024-05-14T11:49:06.842+0000][729.816s][info ][safepoint     ] Leaving safepoint region
[2024-05-14T11:49:06.842+0000][729.816s][info ][safepoint     ] Total time for which application threads were stopped: 0.0008779 seconds, Stopping threads took: 0.0002003 seconds
[2024-05-14T11:49:07.842+0000][730.816s][debug][safepoint     ] Safepoint synchronization initiated. (363 threads)
[2024-05-14T11:49:07.842+0000][730.816s][info ][safepoint     ] Application time: 1.0002489 seconds
[2024-05-14T11:49:07.842+0000][730.816s][info ][safepoint     ] Entering safepoint region: Cleanup
[2024-05-14T11:49:07.843+0000][730.817s][info ][safepoint     ] Leaving safepoint region
[2024-05-14T11:49:07.843+0000][730.817s][info ][safepoint     ] Total time for which application threads were stopped: 0.0010893 seconds, Stopping threads took: 0.0002842 seconds
[2024-05-14T11:49:08.844+0000][731.817s][debug][safepoint     ] Safepoint synchronization initiated. (363 threads)
[2024-05-14T11:49:08.844+0000][731.817s][info ][safepoint     ] Application time: 1.0003653 seconds
[2024-05-14T11:49:08.844+0000][731.818s][info ][safepoint     ] Entering safepoint region: Cleanup
[2024-05-14T11:49:08.845+0000][731.819s][info ][safepoint     ] Leaving safepoint region
[2024-05-14T11:49:08.845+0000][731.819s][info ][safepoint     ] Total time for which application threads were stopped: 0.0013447 seconds, Stopping threads took: 0.0002992 seconds
[2024-05-14T11:49:09.845+0000][732.819s][debug][safepoint     ] Safepoint synchronization initiated. (363 threads)
[2024-05-14T11:49:09.845+0000][732.819s][info ][safepoint     ] Application time: 1.0001542 seconds
[2024-05-14T11:49:09.846+0000][732.819s][info ][safepoint     ] Entering safepoint region: Cleanup
[2024-05-14T11:49:09.846+0000][732.820s][info ][safepoint     ] Leaving safepoint region
[2024-05-14T11:49:09.846+0000][732.820s][info ][safepoint     ] Total time for which application threads were stopped: 0.0008749 seconds, Stopping threads took: 0.0002875 seconds
[2024-05-14T11:49:10.846+0000][733.820s][debug][safepoint     ] Safepoint synchronization initiated. (363 threads)
[2024-05-14T11:49:10.846+0000][733.820s][info ][safepoint     ] Application time: 1.0002113 seconds
[2024-05-14T11:49:10.847+0000][733.820s][info ][safepoint     ] Entering safepoint region: Cleanup
[2024-05-14T11:49:10.847+0000][733.821s][info ][safepoint     ] Leaving safepoint region
[2024-05-14T11:49:10.847+0000][733.821s][info ][safepoint     ] Total time for which application threads were stopped: 0.0008891 seconds, Stopping threads took: 0.0001961 seconds
[2024-05-14T11:49:11.848+0000][734.821s][debug][safepoint     ] Safepoint synchronization initiated. (363 threads)
[2024-05-14T11:49:11.848+0000][734.821s][info ][safepoint     ] Application time: 1.0002492 seconds
[2024-05-14T11:49:11.848+0000][734.822s][info ][safepoint     ] Entering safepoint region: Cleanup
[2024-05-14T11:49:11.849+0000][734.822s][info ][safepoint     ] Leaving safepoint region
[2024-05-14T11:49:11.849+0000][734.822s][info ][safepoint     ] Total time for which application threads were stopped: 0.0009874 seconds, Stopping threads took: 0.0002338 seconds
[2024-05-14T11:49:12.849+0000][735.823s][debug][safepoint     ] Safepoint synchronization initiated. (363 threads)
[2024-05-14T11:49:12.849+0000][735.823s][info ][safepoint     ] Application time: 1.0002527 seconds
[2024-05-14T11:49:12.849+0000][735.823s][info ][safepoint     ] Entering safepoint region: Cleanup
[2024-05-14T11:49:12.850+0000][735.823s][info ][safepoint     ] Leaving safepoint region
[2024-05-14T11:49:12.850+0000][735.823s][info ][safepoint     ] Total time for which application threads were stopped: 0.0008419 seconds, Stopping threads took: 0.0002236 seconds
[2024-05-14T11:49:13.850+0000][736.824s][debug][safepoint     ] Safepoint synchronization initiated. (363 threads)
[2024-05-14T11:49:13.850+0000][736.824s][info ][safepoint     ] Application time: 1.0002662 seconds
[2024-05-14T11:49:13.850+0000][736.824s][info ][safepoint     ] Entering safepoint region: Cleanup
[2024-05-14T11:49:13.851+0000][736.825s][info ][safepoint     ] Leaving safepoint region
[2024-05-14T11:49:13.851+0000][736.825s][info ][safepoint     ] Total time for which application threads were stopped: 0.0011122 seconds, Stopping threads took: 0.0002635 seconds
[2024-05-14T11:49:14.851+0000][737.825s][debug][safepoint     ] Safepoint synchronization initiated. (363 threads)
[2024-05-14T11:49:14.852+0000][737.825s][info ][safepoint     ] Application time: 1.0002831 seconds
[2024-05-14T11:49:14.852+0000][737.826s][info ][safepoint     ] Entering safepoint region: Cleanup
[2024-05-14T11:49:14.852+0000][737.826s][info ][safepoint     ] Leaving safepoint region
[2024-05-14T11:49:14.852+0000][737.826s][info ][safepoint     ] Total time for which application threads were stopped: 0.0009095 seconds, Stopping threads took: 0.0002937 seconds
[2024-05-14T11:49:15.853+0000][738.826s][debug][safepoint     ] Safepoint synchronization initiated. (363 threads)
[2024-05-14T11:49:15.853+0000][738.826s][info ][safepoint     ] Application time: 1.0002758 seconds
[2024-05-14T11:49:15.853+0000][738.827s][info ][safepoint     ] Entering safepoint region: Cleanup
[2024-05-14T11:49:15.854+0000][738.827s][info ][safepoint     ] Leaving safepoint region
[2024-05-14T11:49:15.854+0000][738.827s][info ][safepoint     ] Total time for which application threads were stopped: 0.0009688 seconds, Stopping threads took: 0.0003059 seconds
[2024-05-14T11:49:16.854+0000][739.828s][debug][safepoint     ] Safepoint synchronization initiated. (363 threads)
[2024-05-14T11:49:16.854+0000][739.828s][info ][safepoint     ] Application time: 1.0002022 seconds
[2024-05-14T11:49:16.854+0000][739.828s][info ][safepoint     ] Entering safepoint region: Cleanup
[2024-05-14T11:49:16.855+0000][739.829s][info ][safepoint     ] Leaving safepoint region
[2024-05-14T11:49:16.855+0000][739.829s][info ][safepoint     ] Total time for which application threads were stopped: 0.0010144 seconds, Stopping threads took: 0.0002504 seconds
[2024-05-14T11:49:17.377+0000][740.350s][debug][safepoint     ] Safepoint synchronization initiated. (363 threads)
[2024-05-14T11:49:17.377+0000][740.350s][info ][safepoint     ] Application time: 0.5217060 seconds
[2024-05-14T11:49:17.377+0000][740.351s][info ][safepoint     ] Entering safepoint region: G1CollectForAllocation
[2024-05-14T11:49:17.378+0000][740.352s][info ][gc,start      ] GC(100) Pause Young (Normal) (G1 Evacuation Pause)
[2024-05-14T11:49:17.378+0000][740.352s][info ][gc,task       ] GC(100) Using 4 workers of 4 for evacuation
[2024-05-14T11:49:17.402+0000][740.375s][info ][gc,phases     ] GC(100)   Pre Evacuate Collection Set: 0.1ms
[2024-05-14T11:49:17.402+0000][740.375s][info ][gc,phases     ] GC(100)   Evacuate Collection Set: 9.9ms
[2024-05-14T11:49:17.402+0000][740.375s][info ][gc,phases     ] GC(100)   Post Evacuate Collection Set: 13.0ms
[2024-05-14T11:49:17.402+0000][740.375s][info ][gc,phases     ] GC(100)   Other: 1.1ms
[2024-05-14T11:49:17.402+0000][740.375s][info ][gc,heap       ] GC(100) Eden regions: 175->0(174)
[2024-05-14T11:49:17.402+0000][740.375s][info ][gc,heap       ] GC(100) Survivor regions: 1->1(22)
[2024-05-14T11:49:17.402+0000][740.376s][info ][gc,heap       ] GC(100) Old regions: 179->180
[2024-05-14T11:49:17.402+0000][740.376s][info ][gc,heap       ] GC(100) Humongous regions: 0->0
[2024-05-14T11:49:17.402+0000][740.376s][info ][gc,metaspace  ] GC(100) Metaspace: 186330K(192496K)->186330K(192496K) NonClass: 165270K(168996K)->165270K(168996K) Class: 21059K(23500K)->21059K(23500K)
[2024-05-14T11:49:17.402+0000][740.376s][info ][gc            ] GC(100) Pause Young (Normal) (G1 Evacuation Pause) 353M->178M(398M) 23.951ms
[2024-05-14T11:49:17.402+0000][740.376s][info ][gc,cpu        ] GC(100) User=0.04s Sys=0.01s Real=0.02s
[2024-05-14T11:49:17.402+0000][740.376s][info ][safepoint     ] Leaving safepoint region
[2024-05-14T11:49:17.402+0000][740.376s][info ][safepoint     ] Total time for which application threads were stopped: 0.0254204 seconds, Stopping threads took: 0.0001699 seconds
[2024-05-14T11:49:17.402+0000][740.376s][info ][gc,stringdedup] Concurrent String Deduplication (740.376s)
[2024-05-14T11:49:17.402+0000][740.376s][info ][gc,stringdedup] Concurrent String Deduplication 152.0B->0.0B(152.0B) avg 54.8% (740.376s, 740.376s) 0.058ms
[2024-05-14T11:49:18.402+0000][741.376s][debug][safepoint     ] Safepoint synchronization initiated. (364 threads)
[2024-05-14T11:49:18.402+0000][741.376s][info ][safepoint     ] Application time: 1.0002582 seconds
[2024-05-14T11:49:18.403+0000][741.376s][info ][safepoint     ] Entering safepoint region: Cleanup
[2024-05-14T11:49:18.404+0000][741.377s][info ][safepoint     ] Leaving safepoint region
[2024-05-14T11:49:18.404+0000][741.377s][info ][safepoint     ] Total time for which application threads were stopped: 0.0012227 seconds, Stopping threads took: 0.0003454 seconds
[2024-05-14T11:49:19.404+0000][742.378s][debug][safepoint     ] Safepoint synchronization initiated. (364 threads)
[2024-05-14T11:49:19.404+0000][742.378s][info ][safepoint     ] Application time: 1.0003136 seconds
[2024-05-14T11:49:19.404+0000][742.378s][info ][safepoint     ] Entering safepoint region: Cleanup
[2024-05-14T11:49:19.405+0000][742.379s][debug][safepoint     ] ... found polling page return exception at pc = 0x00007f320ca20556, stub =0x00007f3204824b00
[2024-05-14T11:49:19.405+0000][742.379s][debug][safepoint     ] ... found polling page return exception at pc = 0x00007f320ca20556, stub =0x00007f3204824b00
[2024-05-14T11:49:19.405+0000][742.379s][debug][safepoint     ] ... found polling page return exception at pc = 0x00007f320ca20556, stub =0x00007f3204824b00
[2024-05-14T11:49:19.405+0000][742.379s][info ][safepoint     ] Leaving safepoint region
[2024-05-14T11:49:19.405+0000][742.379s][info ][safepoint     ] Total time for which application threads were stopped: 0.0014018 seconds, Stopping threads took: 0.0004650 seconds
[2024-05-14T11:49:20.406+0000][743.379s][debug][safepoint     ] Safepoint synchronization initiated. (364 threads)
[2024-05-14T11:49:20.406+0000][743.380s][info ][safepoint     ] Application time: 1.0004462 seconds
[2024-05-14T11:49:20.406+0000][743.380s][info ][safepoint     ] Entering safepoint region: Cleanup
[2024-05-14T11:49:20.407+0000][743.381s][info ][safepoint     ] Leaving safepoint region
[2024-05-14T11:49:20.407+0000][743.381s][info ][safepoint     ] Total time for which application threads were stopped: 0.0010610 seconds, Stopping threads took: 0.0002939 seconds
[2024-05-14T11:49:21.407+0000][744.381s][debug][safepoint     ] Safepoint synchronization initiated. (364 threads)
[2024-05-14T11:49:21.407+0000][744.381s][info ][safepoint     ] Application time: 1.0002679 seconds
[2024-05-14T11:49:21.408+0000][744.381s][info ][safepoint     ] Entering safepoint region: Cleanup
[2024-05-14T11:49:21.408+0000][744.382s][info ][safepoint     ] Leaving safepoint region
[2024-05-14T11:49:21.408+0000][744.382s][info ][safepoint     ] Total time for which application threads were stopped: 0.0007781 seconds, Stopping threads took: 0.0002447 seconds
[2024-05-14T11:49:22.408+0000][745.382s][debug][safepoint     ] Safepoint synchronization initiated. (364 threads)
[2024-05-14T11:49:22.409+0000][745.382s][info ][safepoint     ] Application time: 1.0003723 seconds
[2024-05-14T11:49:22.409+0000][745.383s][info ][safepoint     ] Entering safepoint region: Cleanup
[2024-05-14T11:49:22.410+0000][745.383s][info ][safepoint     ] Leaving safepoint region
[2024-05-14T11:49:22.410+0000][745.383s][info ][safepoint     ] Total time for which application threads were stopped: 0.0011976 seconds, Stopping threads took: 0.0002861 seconds
[2024-05-14T11:49:23.410+0000][746.384s][debug][safepoint     ] Safepoint synchronization initiated. (364 threads)
[2024-05-14T11:49:23.410+0000][746.384s][info ][safepoint     ] Application time: 1.0002856 seconds
[2024-05-14T11:49:23.410+0000][746.384s][info ][safepoint     ] Entering safepoint region: Cleanup
[2024-05-14T11:49:23.411+0000][746.385s][info ][safepoint     ] Leaving safepoint region
[2024-05-14T11:49:23.411+0000][746.385s][info ][safepoint     ] Total time for which application threads were stopped: 0.0011140 seconds, Stopping threads took: 0.0002557 seconds
[2024-05-14T11:49:24.411+0000][747.385s][debug][safepoint     ] Safepoint synchronization initiated. (364 threads)
[2024-05-14T11:49:24.412+0000][747.385s][info ][safepoint     ] Application time: 1.0003680 seconds
[2024-05-14T11:49:24.412+0000][747.386s][info ][safepoint     ] Entering safepoint region: Cleanup
[2024-05-14T11:49:24.412+0000][747.386s][info ][safepoint     ] Leaving safepoint region
[2024-05-14T11:49:24.413+0000][747.386s][debug][safepoint     ] ... found polling page loop exception at pc = 0x00007f320cc711d0, stub =0x00007f3204826680
[2024-05-14T11:49:24.413+0000][747.386s][info ][safepoint     ] Total time for which application threads were stopped: 0.0009176 seconds, Stopping threads took: 0.0002721 seconds
[2024-05-14T11:49:25.413+0000][748.387s][debug][safepoint     ] Safepoint synchronization initiated. (364 threads)
[2024-05-14T11:49:25.413+0000][748.387s][info ][safepoint     ] Application time: 1.0001876 seconds
[2024-05-14T11:49:25.413+0000][748.387s][info ][safepoint     ] Entering safepoint region: Cleanup
[2024-05-14T11:49:25.413+0000][748.387s][info ][safepoint     ] Leaving safepoint region
[2024-05-14T11:49:25.414+0000][748.387s][info ][safepoint     ] Total time for which application threads were stopped: 0.0006423 seconds, Stopping threads took: 0.0002102 seconds
[2024-05-14T11:49:26.414+0000][749.387s][debug][safepoint     ] Safepoint synchronization initiated. (364 threads)
[2024-05-14T11:49:26.414+0000][749.388s][info ][safepoint     ] Application time: 1.0002527 seconds
[2024-05-14T11:49:26.414+0000][749.388s][info ][safepoint     ] Entering safepoint region: Cleanup
[2024-05-14T11:49:26.415+0000][749.388s][info ][safepoint     ] Leaving safepoint region
[2024-05-14T11:49:26.415+0000][749.388s][info ][safepoint     ] Total time for which application threads were stopped: 0.0008553 seconds, Stopping threads took: 0.0002547 seconds
[2024-05-14T11:49:27.415+0000][750.389s][debug][safepoint     ] Safepoint synchronization initiated. (364 threads)
[2024-05-14T11:49:27.415+0000][750.389s][info ][safepoint     ] Application time: 1.0001672 seconds
[2024-05-14T11:49:27.415+0000][750.389s][debug][safepoint     ] ... found polling page return exception at pc = 0x00007f320cbe669f, stub =0x00007f3204824b00
[2024-05-14T11:49:27.416+0000][750.389s][debug][safepoint     ] Waiting for 1 thread(s) to block
[2024-05-14T11:49:27.416+0000][750.389s][info ][safepoint     ] Entering safepoint region: Cleanup
[2024-05-14T11:49:27.416+0000][750.390s][info ][safepoint     ] Leaving safepoint region
[2024-05-14T11:49:27.416+0000][750.390s][info ][safepoint     ] Total time for which application threads were stopped: 0.0015337 seconds, Stopping threads took: 0.0008335 seconds
[2024-05-14T11:49:28.417+0000][751.390s][debug][safepoint     ] Safepoint synchronization initiated. (364 threads)
[2024-05-14T11:49:28.417+0000][751.390s][info ][safepoint     ] Application time: 1.0002943 seconds
[2024-05-14T11:49:28.417+0000][751.391s][info ][safepoint     ] Entering safepoint region: Cleanup
[2024-05-14T11:49:28.418+0000][751.392s][info ][safepoint     ] Leaving safepoint region
[2024-05-14T11:49:28.418+0000][751.392s][info ][safepoint     ] Total time for which application threads were stopped: 0.0012416 seconds, Stopping threads took: 0.0002823 seconds
[2024-05-14T11:49:29.418+0000][752.392s][debug][safepoint     ] Safepoint synchronization initiated. (364 threads)
[2024-05-14T11:49:29.418+0000][752.392s][info ][safepoint     ] Application time: 1.0002030 seconds
[2024-05-14T11:49:29.419+0000][752.392s][info ][safepoint     ] Entering safepoint region: Cleanup
[2024-05-14T11:49:29.419+0000][752.393s][info ][safepoint     ] Leaving safepoint region
[2024-05-14T11:49:29.419+0000][752.393s][info ][safepoint     ] Total time for which application threads were stopped: 0.0012167 seconds, Stopping threads took: 0.0005572 seconds
[2024-05-14T11:49:30.420+0000][753.393s][debug][safepoint     ] Safepoint synchronization initiated. (364 threads)
[2024-05-14T11:49:30.420+0000][753.394s][info ][safepoint     ] Application time: 1.0003072 seconds
[2024-05-14T11:49:30.420+0000][753.394s][info ][safepoint     ] Entering safepoint region: Cleanup
[2024-05-14T11:49:30.421+0000][753.394s][info ][safepoint     ] Leaving safepoint region
[2024-05-14T11:49:30.421+0000][753.394s][info ][safepoint     ] Total time for which application threads were stopped: 0.0009511 seconds, Stopping threads took: 0.0002971 seconds
[2024-05-14T11:49:31.421+0000][754.395s][debug][safepoint     ] Safepoint synchronization initiated. (364 threads)
[2024-05-14T11:49:31.421+0000][754.395s][info ][safepoint     ] Application time: 1.0002804 seconds
[2024-05-14T11:49:31.421+0000][754.395s][info ][safepoint     ] Entering safepoint region: Cleanup
[2024-05-14T11:49:31.422+0000][754.396s][info ][safepoint     ] Leaving safepoint region
[2024-05-14T11:49:31.422+0000][754.396s][info ][safepoint     ] Total time for which application threads were stopped: 0.0010186 seconds, Stopping threads took: 0.0002567 seconds
[2024-05-14T11:49:32.422+0000][755.396s][debug][safepoint     ] Safepoint synchronization initiated. (364 threads)
[2024-05-14T11:49:32.422+0000][755.396s][info ][safepoint     ] Application time: 1.0002378 seconds
[2024-05-14T11:49:32.423+0000][755.396s][info ][safepoint     ] Entering safepoint region: Cleanup
[2024-05-14T11:49:32.423+0000][755.397s][info ][safepoint     ] Leaving safepoint region
[2024-05-14T11:49:32.424+0000][755.397s][info ][safepoint     ] Total time for which application threads were stopped: 0.0011125 seconds, Stopping threads took: 0.0002381 seconds
[2024-05-14T11:49:33.424+0000][756.398s][debug][safepoint     ] Safepoint synchronization initiated. (364 threads)
[2024-05-14T11:49:33.424+0000][756.398s][info ][safepoint     ] Application time: 1.0003226 seconds
[2024-05-14T11:49:33.424+0000][756.398s][info ][safepoint     ] Entering safepoint region: Cleanup
[2024-05-14T11:49:33.425+0000][756.399s][info ][safepoint     ] Leaving safepoint region
[2024-05-14T11:49:33.425+0000][756.399s][info ][safepoint     ] Total time for which application threads were stopped: 0.0012438 seconds, Stopping threads took: 0.0003026 seconds
[2024-05-14T11:49:34.425+0000][757.399s][debug][safepoint     ] Safepoint synchronization initiated. (364 threads)
[2024-05-14T11:49:34.425+0000][757.399s][info ][safepoint     ] Application time: 1.0002533 seconds
[2024-05-14T11:49:34.426+0000][757.400s][info ][safepoint     ] Entering safepoint region: Cleanup
[2024-05-14T11:49:34.427+0000][757.401s][info ][safepoint     ] Leaving safepoint region
[2024-05-14T11:49:34.427+0000][757.401s][info ][safepoint     ] Total time for which application threads were stopped: 0.0014079 seconds, Stopping threads took: 0.0003705 seconds
[2024-05-14T11:49:35.427+0000][758.401s][debug][safepoint     ] Safepoint synchronization initiated. (364 threads)
[2024-05-14T11:49:35.427+0000][758.401s][info ][safepoint     ] Application time: 1.0003021 seconds
[2024-05-14T11:49:35.427+0000][758.401s][info ][safepoint     ] Entering safepoint region: Cleanup
[2024-05-14T11:49:35.428+0000][758.402s][info ][safepoint     ] Leaving safepoint region
[2024-05-14T11:49:35.428+0000][758.402s][info ][safepoint     ] Total time for which application threads were stopped: 0.0008613 seconds, Stopping threads took: 0.0002521 seconds
[2024-05-14T11:49:36.428+0000][759.402s][debug][safepoint     ] Safepoint synchronization initiated. (364 threads)
[2024-05-14T11:49:36.428+0000][759.402s][info ][safepoint     ] Application time: 1.0001993 seconds
[2024-05-14T11:49:36.428+0000][759.402s][debug][safepoint     ] ... found polling page loop exception at pc = 0x00007f320d11d4d7, stub =0x00007f3204826680
[2024-05-14T11:49:36.429+0000][759.402s][debug][safepoint     ] Waiting for 1 thread(s) to block
[2024-05-14T11:49:36.429+0000][759.403s][info ][safepoint     ] Entering safepoint region: Cleanup
[2024-05-14T11:49:36.429+0000][759.403s][info ][safepoint     ] Leaving safepoint region
[2024-05-14T11:49:36.429+0000][759.403s][info ][safepoint     ] Total time for which application threads were stopped: 0.0010353 seconds, Stopping threads took: 0.0004862 seconds
[2024-05-14T11:49:37.430+0000][760.403s][debug][safepoint     ] Safepoint synchronization initiated. (364 threads)
[2024-05-14T11:49:37.430+0000][760.404s][info ][safepoint     ] Application time: 1.0005968 seconds
[2024-05-14T11:49:37.430+0000][760.404s][info ][safepoint     ] Entering safepoint region: Cleanup
[2024-05-14T11:49:37.431+0000][760.405s][info ][safepoint     ] Leaving safepoint region
[2024-05-14T11:49:37.431+0000][760.405s][info ][safepoint     ] Total time for which application threads were stopped: 0.0011261 seconds, Stopping threads took: 0.0002758 seconds
[2024-05-14T11:49:38.431+0000][761.405s][debug][safepoint     ] Safepoint synchronization initiated. (364 threads)
[2024-05-14T11:49:38.431+0000][761.405s][info ][safepoint     ] Application time: 1.0003064 seconds
[2024-05-14T11:49:38.432+0000][761.405s][info ][safepoint     ] Entering safepoint region: Cleanup
[2024-05-14T11:49:38.432+0000][761.406s][info ][safepoint     ] Leaving safepoint region
[2024-05-14T11:49:38.433+0000][761.406s][info ][safepoint     ] Total time for which application threads were stopped: 0.0010503 seconds, Stopping threads took: 0.0002654 seconds
[2024-05-14T11:49:38.432+0000][761.406s][debug][safepoint     ] ... found polling page loop exception at pc = 0x00007f320cc711d0, stub =0x00007f3204826680
[2024-05-14T11:49:39.433+0000][762.407s][debug][safepoint     ] Safepoint synchronization initiated. (364 threads)
[2024-05-14T11:49:39.433+0000][762.407s][info ][safepoint     ] Application time: 1.0003313 seconds
[2024-05-14T11:49:39.433+0000][762.407s][info ][safepoint     ] Entering safepoint region: Cleanup
[2024-05-14T11:49:39.434+0000][762.408s][info ][safepoint     ] Leaving safepoint region
[2024-05-14T11:49:39.434+0000][762.408s][info ][safepoint     ] Total time for which application threads were stopped: 0.0009563 seconds, Stopping threads took: 0.0003097 seconds
[2024-05-14T11:49:40.434+0000][763.408s][debug][safepoint     ] Safepoint synchronization initiated. (364 threads)
[2024-05-14T11:49:40.434+0000][763.408s][info ][safepoint     ] Application time: 1.0002211 seconds
[2024-05-14T11:49:40.435+0000][763.408s][info ][safepoint     ] Entering safepoint region: Cleanup
[2024-05-14T11:49:40.435+0000][763.409s][info ][safepoint     ] Leaving safepoint region
[2024-05-14T11:49:40.435+0000][763.409s][info ][safepoint     ] Total time for which application threads were stopped: 0.0010425 seconds, Stopping threads took: 0.0004864 seconds
[2024-05-14T11:49:40.449+0000][763.422s][debug][safepoint     ] Safepoint synchronization initiated. (364 threads)
[2024-05-14T11:49:40.449+0000][763.422s][info ][safepoint     ] Application time: 0.0134666 seconds
[2024-05-14T11:49:40.449+0000][763.423s][info ][safepoint     ] Entering safepoint region: G1CollectForAllocation
[2024-05-14T11:49:40.450+0000][763.424s][info ][gc,start      ] GC(101) Pause Young (Concurrent Start) (G1 Evacuation Pause)
[2024-05-14T11:49:40.450+0000][763.424s][info ][gc,task       ] GC(101) Using 4 workers of 4 for evacuation
[2024-05-14T11:49:40.469+0000][763.442s][info ][gc,phases     ] GC(101)   Pre Evacuate Collection Set: 2.2ms
[2024-05-14T11:49:40.469+0000][763.442s][info ][gc,phases     ] GC(101)   Evacuate Collection Set: 10.4ms
[2024-05-14T11:49:40.469+0000][763.442s][info ][gc,phases     ] GC(101)   Post Evacuate Collection Set: 4.6ms
[2024-05-14T11:49:40.469+0000][763.442s][info ][gc,phases     ] GC(101)   Other: 2.1ms
[2024-05-14T11:49:40.469+0000][763.442s][info ][gc,heap       ] GC(101) Eden regions: 174->0(174)
[2024-05-14T11:49:40.469+0000][763.442s][info ][gc,heap       ] GC(101) Survivor regions: 1->1(22)
[2024-05-14T11:49:40.469+0000][763.442s][info ][gc,heap       ] GC(101) Old regions: 180->180
[2024-05-14T11:49:40.469+0000][763.442s][info ][gc,heap       ] GC(101) Humongous regions: 0->0
[2024-05-14T11:49:40.469+0000][763.443s][info ][gc,metaspace  ] GC(101) Metaspace: 186330K(192496K)->186330K(192496K) NonClass: 165270K(168996K)->165270K(168996K) Class: 21059K(23500K)->21059K(23500K)
[2024-05-14T11:49:40.469+0000][763.443s][info ][gc            ] GC(101) Pause Young (Concurrent Start) (G1 Evacuation Pause) 352M->178M(398M) 19.093ms
[2024-05-14T11:49:40.469+0000][763.443s][info ][gc,cpu        ] GC(101) User=0.05s Sys=0.00s Real=0.01s
[2024-05-14T11:49:40.469+0000][763.443s][info ][safepoint     ] Leaving safepoint region
[2024-05-14T11:49:40.469+0000][763.443s][info ][safepoint     ] Total time for which application threads were stopped: 0.0204188 seconds, Stopping threads took: 0.0001498 seconds
[2024-05-14T11:49:40.469+0000][763.443s][info ][gc            ] GC(102) Concurrent Cycle
[2024-05-14T11:49:40.469+0000][763.443s][info ][gc,stringdedup] Concurrent String Deduplication (763.443s)
[2024-05-14T11:49:40.469+0000][763.443s][info ][gc,stringdedup] Concurrent String Deduplication 0.0B->0.0B(0.0B) avg 54.8% (763.443s, 763.443s) 0.049ms
[2024-05-14T11:49:40.469+0000][763.443s][info ][gc,marking    ] GC(102) Concurrent Clear Claimed Marks
[2024-05-14T11:49:40.470+0000][763.443s][info ][gc,marking    ] GC(102) Concurrent Clear Claimed Marks 0.431ms
[2024-05-14T11:49:40.470+0000][763.443s][info ][gc,marking    ] GC(102) Concurrent Scan Root Regions
[2024-05-14T11:49:40.484+0000][763.458s][info ][gc,marking    ] GC(102) Concurrent Scan Root Regions 14.481ms
[2024-05-14T11:49:40.484+0000][763.458s][info ][gc,marking    ] GC(102) Concurrent Mark (763.458s)
[2024-05-14T11:49:40.484+0000][763.458s][info ][gc,marking    ] GC(102) Concurrent Mark From Roots
[2024-05-14T11:49:40.484+0000][763.458s][info ][gc,task       ] GC(102) Using 1 workers of 1 for marking
[2024-05-14T11:49:40.994+0000][763.968s][info ][gc,marking    ] GC(102) Concurrent Mark From Roots 510.219ms
[2024-05-14T11:49:40.995+0000][763.968s][info ][gc,marking    ] GC(102) Concurrent Preclean
[2024-05-14T11:49:40.995+0000][763.969s][info ][gc,marking    ] GC(102) Concurrent Preclean 0.348ms
[2024-05-14T11:49:40.995+0000][763.969s][info ][gc,marking    ] GC(102) Concurrent Mark (763.458s, 763.969s) 510.690ms
[2024-05-14T11:49:40.995+0000][763.969s][debug][safepoint     ] Safepoint synchronization initiated. (364 threads)
[2024-05-14T11:49:40.995+0000][763.969s][info ][safepoint     ] Application time: 0.5260002 seconds
[2024-05-14T11:49:40.995+0000][763.969s][info ][safepoint     ] Entering safepoint region: CGC_Operation
[2024-05-14T11:49:40.996+0000][763.970s][info ][gc,start      ] GC(102) Pause Remark
[2024-05-14T11:49:41.057+0000][764.031s][info ][gc,stringtable] GC(102) Cleaned string and symbol table, strings: 92106 processed, 5 removed, symbols: 441294 processed, 42 removed
[2024-05-14T11:49:41.057+0000][764.031s][info ][gc            ] GC(102) Pause Remark 184M->184M(398M) 61.358ms
[2024-05-14T11:49:41.058+0000][764.031s][info ][gc,cpu        ] GC(102) User=0.23s Sys=0.01s Real=0.06s
[2024-05-14T11:49:41.058+0000][764.031s][info ][safepoint     ] Leaving safepoint region
[2024-05-14T11:49:41.058+0000][764.031s][info ][safepoint     ] Total time for which application threads were stopped: 0.0625853 seconds, Stopping threads took: 0.0002834 seconds
[2024-05-14T11:49:41.058+0000][764.032s][info ][gc,marking    ] GC(102) Concurrent Rebuild Remembered Sets
[2024-05-14T11:49:41.304+0000][764.278s][info ][gc,marking    ] GC(102) Concurrent Rebuild Remembered Sets 246.404ms
[2024-05-14T11:49:41.304+0000][764.278s][debug][safepoint     ] Safepoint synchronization initiated. (364 threads)
[2024-05-14T11:49:41.304+0000][764.278s][info ][safepoint     ] Application time: 0.2466386 seconds
[2024-05-14T11:49:41.305+0000][764.278s][info ][safepoint     ] Entering safepoint region: CGC_Operation
[2024-05-14T11:49:41.305+0000][764.279s][info ][gc,start      ] GC(102) Pause Cleanup
[2024-05-14T11:49:41.306+0000][764.280s][info ][gc            ] GC(102) Pause Cleanup 184M->184M(398M) 0.670ms
[2024-05-14T11:49:41.306+0000][764.280s][info ][gc,cpu        ] GC(102) User=0.01s Sys=0.00s Real=0.00s
[2024-05-14T11:49:41.306+0000][764.280s][info ][safepoint     ] Leaving safepoint region
[2024-05-14T11:49:41.306+0000][764.280s][info ][safepoint     ] Total time for which application threads were stopped: 0.0015527 seconds, Stopping threads took: 0.0003004 seconds
[2024-05-14T11:49:41.306+0000][764.280s][info ][gc,marking    ] GC(102) Concurrent Cleanup for Next Mark
[2024-05-14T11:49:41.316+0000][764.290s][info ][gc,marking    ] GC(102) Concurrent Cleanup for Next Mark 10.209ms
[2024-05-14T11:49:41.316+0000][764.290s][info ][gc            ] GC(102) Concurrent Cycle 847.125ms
[2024-05-14T11:49:42.306+0000][765.280s][debug][safepoint     ] Safepoint synchronization initiated. (364 threads)
[2024-05-14T11:49:42.306+0000][765.280s][info ][safepoint     ] Application time: 1.0002641 seconds
[2024-05-14T11:49:42.307+0000][765.280s][info ][safepoint     ] Entering safepoint region: Cleanup
[2024-05-14T11:49:42.307+0000][765.281s][info ][safepoint     ] Leaving safepoint region
[2024-05-14T11:49:42.307+0000][765.281s][info ][safepoint     ] Total time for which application threads were stopped: 0.0008805 seconds, Stopping threads took: 0.0002714 seconds
[2024-05-14T11:49:43.307+0000][766.281s][debug][safepoint     ] Safepoint synchronization initiated. (364 threads)
[2024-05-14T11:49:43.308+0000][766.281s][info ][safepoint     ] Application time: 1.0003447 seconds
[2024-05-14T11:49:43.308+0000][766.282s][info ][safepoint     ] Entering safepoint region: Cleanup
[2024-05-14T11:49:43.309+0000][766.282s][info ][safepoint     ] Leaving safepoint region
[2024-05-14T11:49:43.309+0000][766.282s][info ][safepoint     ] Total time for which application threads were stopped: 0.0009754 seconds, Stopping threads took: 0.0003441 seconds
[2024-05-14T11:49:44.309+0000][767.282s][debug][safepoint     ] Safepoint synchronization initiated. (364 threads)
[2024-05-14T11:49:44.309+0000][767.283s][info ][safepoint     ] Application time: 1.0003637 seconds
[2024-05-14T11:49:44.309+0000][767.283s][info ][safepoint     ] Entering safepoint region: Cleanup
[2024-05-14T11:49:44.310+0000][767.284s][info ][safepoint     ] Leaving safepoint region
[2024-05-14T11:49:44.310+0000][767.284s][info ][safepoint     ] Total time for which application threads were stopped: 0.0013807 seconds, Stopping threads took: 0.0004207 seconds
[2024-05-14T11:49:45.311+0000][768.284s][debug][safepoint     ] Safepoint synchronization initiated. (364 threads)
[2024-05-14T11:49:45.311+0000][768.284s][info ][safepoint     ] Application time: 1.0003784 seconds
[2024-05-14T11:49:45.311+0000][768.285s][info ][safepoint     ] Entering safepoint region: Cleanup
[2024-05-14T11:49:45.312+0000][768.286s][info ][safepoint     ] Leaving safepoint region
[2024-05-14T11:49:45.312+0000][768.286s][info ][safepoint     ] Total time for which application threads were stopped: 0.0010858 seconds, Stopping threads took: 0.0004271 seconds
[2024-05-14T11:49:46.312+0000][769.286s][debug][safepoint     ] Safepoint synchronization initiated. (364 threads)
[2024-05-14T11:49:46.312+0000][769.286s][info ][safepoint     ] Application time: 1.0003467 seconds
[2024-05-14T11:49:46.313+0000][769.286s][info ][safepoint     ] Entering safepoint region: Cleanup
[2024-05-14T11:49:46.313+0000][769.287s][info ][safepoint     ] Leaving safepoint region
[2024-05-14T11:49:46.314+0000][769.287s][info ][safepoint     ] Total time for which application threads were stopped: 0.0012472 seconds, Stopping threads took: 0.0005111 seconds
[2024-05-14T11:49:47.314+0000][770.288s][debug][safepoint     ] Safepoint synchronization initiated. (364 threads)
[2024-05-14T11:49:47.314+0000][770.288s][info ][safepoint     ] Application time: 1.0002873 seconds
[2024-05-14T11:49:47.314+0000][770.288s][info ][safepoint     ] Entering safepoint region: Cleanup
[2024-05-14T11:49:47.315+0000][770.289s][debug][safepoint     ] ... found polling page return exception at pc = 0x00007f320ca20556, stub =0x00007f3204824b00
[2024-05-14T11:49:47.315+0000][770.289s][info ][safepoint     ] Leaving safepoint region
[2024-05-14T11:49:47.315+0000][770.289s][info ][safepoint     ] Total time for which application threads were stopped: 0.0010419 seconds, Stopping threads took: 0.0003885 seconds
[2024-05-14T11:49:48.315+0000][771.289s][debug][safepoint     ] Safepoint synchronization initiated. (364 threads)
[2024-05-14T11:49:48.315+0000][771.289s][info ][safepoint     ] Application time: 1.0003715 seconds
[2024-05-14T11:49:48.316+0000][771.289s][debug][safepoint     ] ... found polling page loop exception at pc = 0x00007f320d0c2471, stub =0x00007f3204826680
[2024-05-14T11:49:48.316+0000][771.289s][debug][safepoint     ] Waiting for 1 thread(s) to block
[2024-05-14T11:49:48.316+0000][771.290s][info ][safepoint     ] Entering safepoint region: Cleanup
[2024-05-14T11:49:48.317+0000][771.290s][info ][safepoint     ] Leaving safepoint region
[2024-05-14T11:49:48.317+0000][771.290s][info ][safepoint     ] Total time for which application threads were stopped: 0.0011731 seconds, Stopping threads took: 0.0005139 seconds
[2024-05-14T11:49:49.317+0000][772.291s][debug][safepoint     ] Safepoint synchronization initiated. (364 threads)
[2024-05-14T11:49:49.317+0000][772.291s][info ][safepoint     ] Application time: 1.0003414 seconds
[2024-05-14T11:49:49.317+0000][772.291s][info ][safepoint     ] Entering safepoint region: Cleanup
[2024-05-14T11:49:49.318+0000][772.292s][info ][safepoint     ] Leaving safepoint region
[2024-05-14T11:49:49.318+0000][772.292s][info ][safepoint     ] Total time for which application threads were stopped: 0.0012948 seconds, Stopping threads took: 0.0003325 seconds
[2024-05-14T11:49:50.319+0000][773.292s][debug][safepoint     ] Safepoint synchronization initiated. (364 threads)
[2024-05-14T11:49:50.319+0000][773.292s][info ][safepoint     ] Application time: 1.0003055 seconds
[2024-05-14T11:49:50.320+0000][773.293s][info ][safepoint     ] Entering safepoint region: Cleanup
[2024-05-14T11:49:50.321+0000][773.295s][info ][safepoint     ] Leaving safepoint region
[2024-05-14T11:49:50.321+0000][773.295s][info ][safepoint     ] Total time for which application threads were stopped: 0.0020685 seconds, Stopping threads took: 0.0008011 seconds
[2024-05-14T11:49:51.321+0000][774.295s][debug][safepoint     ] Safepoint synchronization initiated. (364 threads)
[2024-05-14T11:49:51.321+0000][774.295s][info ][safepoint     ] Application time: 1.0002324 seconds
[2024-05-14T11:49:51.321+0000][774.295s][debug][safepoint     ] ... found polling page return exception at pc = 0x00007f320d560bff, stub =0x00007f3204824b00
[2024-05-14T11:49:51.326+0000][774.299s][debug][safepoint     ] ... found polling page return exception at pc = 0x00007f320d17f769, stub =0x00007f3204824b00
[2024-05-14T11:49:51.326+0000][774.300s][debug][safepoint     ] ... found polling page return exception at pc = 0x00007f320d0fb1d2, stub =0x00007f3204824b00
[2024-05-14T11:49:51.326+0000][774.300s][debug][safepoint     ] Waiting for 3 thread(s) to block
[2024-05-14T11:49:51.326+0000][774.300s][info ][safepoint     ] Entering safepoint region: Cleanup
[2024-05-14T11:49:51.327+0000][774.301s][info ][safepoint     ] Leaving safepoint region
[2024-05-14T11:49:51.327+0000][774.301s][info ][safepoint     ] Total time for which application threads were stopped: 0.0059619 seconds, Stopping threads took: 0.0052375 seconds
[2024-05-14T11:49:52.327+0000][775.301s][debug][safepoint     ] Safepoint synchronization initiated. (364 threads)
[2024-05-14T11:49:52.327+0000][775.301s][info ][safepoint     ] Application time: 1.0003018 seconds
[2024-05-14T11:49:52.328+0000][775.302s][info ][safepoint     ] Entering safepoint region: Cleanup
[2024-05-14T11:49:52.330+0000][775.303s][debug][safepoint     ] ... found polling page return exception at pc = 0x00007f320ca20556, stub =0x00007f3204824b00
[2024-05-14T11:49:52.330+0000][775.304s][info ][safepoint     ] Leaving safepoint region
[2024-05-14T11:49:52.330+0000][775.304s][info ][safepoint     ] Total time for which application threads were stopped: 0.0024651 seconds, Stopping threads took: 0.0008588 seconds
[2024-05-14T11:49:53.330+0000][776.304s][debug][safepoint     ] Safepoint synchronization initiated. (364 threads)
[2024-05-14T11:49:53.330+0000][776.304s][info ][safepoint     ] Application time: 1.0002028 seconds
[2024-05-14T11:49:53.330+0000][776.304s][info ][safepoint     ] Entering safepoint region: Cleanup
[2024-05-14T11:49:53.331+0000][776.305s][info ][safepoint     ] Leaving safepoint region
[2024-05-14T11:49:53.331+0000][776.305s][info ][safepoint     ] Total time for which application threads were stopped: 0.0008296 seconds, Stopping threads took: 0.0002652 seconds
[2024-05-14T11:49:54.331+0000][777.305s][debug][safepoint     ] Safepoint synchronization initiated. (364 threads)
[2024-05-14T11:49:54.331+0000][777.305s][info ][safepoint     ] Application time: 1.0003282 seconds
[2024-05-14T11:49:54.332+0000][777.306s][info ][safepoint     ] Entering safepoint region: Cleanup
[2024-05-14T11:49:54.333+0000][777.307s][info ][safepoint     ] Leaving safepoint region
[2024-05-14T11:49:54.333+0000][777.307s][info ][safepoint     ] Total time for which application threads were stopped: 0.0018063 seconds, Stopping threads took: 0.0009758 seconds
[2024-05-14T11:49:55.333+0000][778.307s][debug][safepoint     ] Safepoint synchronization initiated. (364 threads)
[2024-05-14T11:49:55.334+0000][778.307s][info ][safepoint     ] Application time: 1.0004180 seconds
[2024-05-14T11:49:55.334+0000][778.308s][info ][safepoint     ] Entering safepoint region: Cleanup
[2024-05-14T11:49:55.335+0000][778.308s][info ][safepoint     ] Leaving safepoint region
[2024-05-14T11:49:55.335+0000][778.309s][info ][safepoint     ] Total time for which application threads were stopped: 0.0011760 seconds, Stopping threads took: 0.0003638 seconds
[2024-05-14T11:49:56.335+0000][779.309s][debug][safepoint     ] Safepoint synchronization initiated. (364 threads)
[2024-05-14T11:49:56.335+0000][779.309s][info ][safepoint     ] Application time: 1.0001778 seconds
[2024-05-14T11:49:56.335+0000][779.309s][info ][safepoint     ] Entering safepoint region: Cleanup
[2024-05-14T11:49:56.336+0000][779.310s][info ][safepoint     ] Leaving safepoint region
[2024-05-14T11:49:56.336+0000][779.310s][info ][safepoint     ] Total time for which application threads were stopped: 0.0008707 seconds, Stopping threads took: 0.0002632 seconds
[2024-05-14T11:49:57.336+0000][780.310s][debug][safepoint     ] Safepoint synchronization initiated. (364 threads)
[2024-05-14T11:49:57.336+0000][780.310s][info ][safepoint     ] Application time: 1.0002408 seconds
[2024-05-14T11:49:57.337+0000][780.310s][info ][safepoint     ] Entering safepoint region: Cleanup
[2024-05-14T11:49:57.338+0000][780.311s][info ][safepoint     ] Leaving safepoint region
[2024-05-14T11:49:57.338+0000][780.311s][info ][safepoint     ] Total time for which application threads were stopped: 0.0015548 seconds, Stopping threads took: 0.0005734 seconds
[2024-05-14T11:49:58.338+0000][781.312s][debug][safepoint     ] Safepoint synchronization initiated. (364 threads)
[2024-05-14T11:49:58.338+0000][781.312s][info ][safepoint     ] Application time: 1.0002501 seconds
[2024-05-14T11:49:58.338+0000][781.312s][info ][safepoint     ] Entering safepoint region: Cleanup
[2024-05-14T11:49:58.339+0000][781.313s][info ][safepoint     ] Leaving safepoint region
[2024-05-14T11:49:58.339+0000][781.313s][info ][safepoint     ] Total time for which application threads were stopped: 0.0010612 seconds, Stopping threads took: 0.0004059 seconds
[2024-05-14T11:49:59.339+0000][782.313s][debug][safepoint     ] Safepoint synchronization initiated. (364 threads)
[2024-05-14T11:49:59.339+0000][782.313s][info ][safepoint     ] Application time: 1.0002062 seconds
[2024-05-14T11:49:59.340+0000][782.313s][info ][safepoint     ] Entering safepoint region: Cleanup
[2024-05-14T11:49:59.340+0000][782.314s][info ][safepoint     ] Leaving safepoint region
[2024-05-14T11:49:59.340+0000][782.314s][info ][safepoint     ] Total time for which application threads were stopped: 0.0010208 seconds, Stopping threads took: 0.0003485 seconds
[2024-05-14T11:50:00.341+0000][783.314s][debug][safepoint     ] Safepoint synchronization initiated. (364 threads)
[2024-05-14T11:50:00.341+0000][783.314s][info ][safepoint     ] Application time: 1.0003168 seconds
[2024-05-14T11:50:00.341+0000][783.315s][info ][safepoint     ] Entering safepoint region: Cleanup
[2024-05-14T11:50:00.342+0000][783.315s][info ][safepoint     ] Leaving safepoint region
[2024-05-14T11:50:00.342+0000][783.316s][info ][safepoint     ] Total time for which application threads were stopped: 0.0010440 seconds, Stopping threads took: 0.0003473 seconds
[2024-05-14T11:50:00.342+0000][783.316s][debug][safepoint     ] ... found polling page return exception at pc = 0x00007f320ca20556, stub =0x00007f3204824b00
[2024-05-14T11:50:00.342+0000][783.316s][debug][safepoint     ] ... found polling page return exception at pc = 0x00007f320ca20556, stub =0x00007f3204824b00
[2024-05-14T11:50:01.342+0000][784.316s][debug][safepoint     ] Safepoint synchronization initiated. (365 threads)
[2024-05-14T11:50:01.342+0000][784.316s][info ][safepoint     ] Application time: 1.0003063 seconds
[2024-05-14T11:50:01.342+0000][784.316s][info ][safepoint     ] Entering safepoint region: Cleanup
[2024-05-14T11:50:01.343+0000][784.317s][info ][safepoint     ] Leaving safepoint region
[2024-05-14T11:50:01.343+0000][784.317s][info ][safepoint     ] Total time for which application threads were stopped: 0.0010882 seconds, Stopping threads took: 0.0003350 seconds
[2024-05-14T11:50:02.343+0000][785.317s][debug][safepoint     ] Safepoint synchronization initiated. (365 threads)
[2024-05-14T11:50:02.343+0000][785.317s][info ][safepoint     ] Application time: 1.0001835 seconds
[2024-05-14T11:50:02.344+0000][785.317s][info ][safepoint     ] Entering safepoint region: Cleanup
[2024-05-14T11:50:02.344+0000][785.318s][info ][safepoint     ] Leaving safepoint region
[2024-05-14T11:50:02.344+0000][785.318s][info ][safepoint     ] Total time for which application threads were stopped: 0.0006724 seconds, Stopping threads took: 0.0002196 seconds
[2024-05-14T11:50:03.344+0000][786.318s][debug][safepoint     ] Safepoint synchronization initiated. (365 threads)
[2024-05-14T11:50:03.344+0000][786.318s][info ][safepoint     ] Application time: 1.0002587 seconds
[2024-05-14T11:50:03.345+0000][786.318s][debug][safepoint     ] ... found polling page loop exception at pc = 0x00007f320c75a07a, stub =0x00007f3204826680
[2024-05-14T11:50:03.345+0000][786.318s][debug][safepoint     ] Waiting for 1 thread(s) to block
[2024-05-14T11:50:03.345+0000][786.319s][info ][safepoint     ] Entering safepoint region: Cleanup
[2024-05-14T11:50:03.346+0000][786.319s][info ][safepoint     ] Leaving safepoint region
[2024-05-14T11:50:03.346+0000][786.319s][info ][safepoint     ] Total time for which application threads were stopped: 0.0012093 seconds, Stopping threads took: 0.0004740 seconds
[2024-05-14T11:50:03.505+0000][786.479s][debug][safepoint     ] Safepoint synchronization initiated. (365 threads)
[2024-05-14T11:50:03.505+0000][786.479s][info ][safepoint     ] Application time: 0.1592168 seconds
[2024-05-14T11:50:03.505+0000][786.479s][info ][safepoint     ] Entering safepoint region: G1CollectForAllocation
[2024-05-14T11:50:03.507+0000][786.480s][info ][gc,start      ] GC(103) Pause Young (Prepare Mixed) (G1 Evacuation Pause)
[2024-05-14T11:50:03.507+0000][786.480s][info ][gc,task       ] GC(103) Using 4 workers of 4 for evacuation
[2024-05-14T11:50:03.531+0000][786.505s][info ][gc,phases     ] GC(103)   Pre Evacuate Collection Set: 0.1ms
[2024-05-14T11:50:03.531+0000][786.505s][info ][gc,phases     ] GC(103)   Evacuate Collection Set: 11.6ms
[2024-05-14T11:50:03.531+0000][786.505s][info ][gc,phases     ] GC(103)   Post Evacuate Collection Set: 10.9ms
[2024-05-14T11:50:03.531+0000][786.505s][info ][gc,phases     ] GC(103)   Other: 2.3ms
[2024-05-14T11:50:03.531+0000][786.505s][info ][gc,heap       ] GC(103) Eden regions: 174->0(17)
[2024-05-14T11:50:03.531+0000][786.505s][info ][gc,heap       ] GC(103) Survivor regions: 1->2(22)
[2024-05-14T11:50:03.531+0000][786.505s][info ][gc,heap       ] GC(103) Old regions: 180->180
[2024-05-14T11:50:03.531+0000][786.505s][info ][gc,heap       ] GC(103) Humongous regions: 0->0
[2024-05-14T11:50:03.531+0000][786.505s][info ][gc,metaspace  ] GC(103) Metaspace: 186339K(192496K)->186339K(192496K) NonClass: 165280K(168996K)->165280K(168996K) Class: 21059K(23500K)->21059K(23500K)
[2024-05-14T11:50:03.531+0000][786.505s][info ][gc            ] GC(103) Pause Young (Prepare Mixed) (G1 Evacuation Pause) 352M->178M(398M) 24.748ms
[2024-05-14T11:50:03.531+0000][786.505s][info ][gc,cpu        ] GC(103) User=0.09s Sys=0.00s Real=0.03s
[2024-05-14T11:50:03.532+0000][786.505s][info ][safepoint     ] Leaving safepoint region
[2024-05-14T11:50:03.532+0000][786.505s][info ][safepoint     ] Total time for which application threads were stopped: 0.0267360 seconds, Stopping threads took: 0.0002032 seconds
[2024-05-14T11:50:03.532+0000][786.506s][info ][gc,stringdedup] Concurrent String Deduplication (786.506s)
[2024-05-14T11:50:03.532+0000][786.506s][info ][gc,stringdedup] Concurrent String Deduplication 240.0B->128.0B(112.0B) avg 54.8% (786.506s, 786.506s) 0.136ms
[2024-05-14T11:50:04.532+0000][787.506s][debug][safepoint     ] Safepoint synchronization initiated. (365 threads)
[2024-05-14T11:50:04.532+0000][787.506s][info ][safepoint     ] Application time: 1.0002927 seconds
[2024-05-14T11:50:04.532+0000][787.506s][info ][safepoint     ] Entering safepoint region: Cleanup
[2024-05-14T11:50:04.533+0000][787.506s][info ][safepoint     ] Leaving safepoint region
[2024-05-14T11:50:04.533+0000][787.507s][info ][safepoint     ] Total time for which application threads were stopped: 0.0008131 seconds, Stopping threads took: 0.0002658 seconds
[2024-05-14T11:50:05.428+0000][788.402s][debug][safepoint     ] Safepoint synchronization initiated. (365 threads)
[2024-05-14T11:50:05.428+0000][788.402s][info ][safepoint     ] Application time: 0.8951485 seconds
[2024-05-14T11:50:05.428+0000][788.402s][info ][safepoint     ] Entering safepoint region: G1CollectForAllocation
[2024-05-14T11:50:05.429+0000][788.402s][info ][gc,start      ] GC(104) Pause Young (Mixed) (G1 Evacuation Pause)
[2024-05-14T11:50:05.429+0000][788.402s][info ][gc,task       ] GC(104) Using 4 workers of 4 for evacuation
[2024-05-14T11:50:05.452+0000][788.426s][info ][gc,phases     ] GC(104)   Pre Evacuate Collection Set: 0.3ms
[2024-05-14T11:50:05.452+0000][788.426s][info ][gc,phases     ] GC(104)   Evacuate Collection Set: 13.0ms
[2024-05-14T11:50:05.452+0000][788.426s][info ][gc,phases     ] GC(104)   Post Evacuate Collection Set: 8.8ms
[2024-05-14T11:50:05.452+0000][788.426s][info ][gc,phases     ] GC(104)   Other: 1.1ms
[2024-05-14T11:50:05.452+0000][788.426s][info ][gc,heap       ] GC(104) Eden regions: 17->0(174)
[2024-05-14T11:50:05.452+0000][788.426s][info ][gc,heap       ] GC(104) Survivor regions: 2->2(3)
[2024-05-14T11:50:05.452+0000][788.426s][info ][gc,heap       ] GC(104) Old regions: 180->179
[2024-05-14T11:50:05.452+0000][788.426s][info ][gc,heap       ] GC(104) Humongous regions: 0->0
[2024-05-14T11:50:05.452+0000][788.426s][info ][gc,metaspace  ] GC(104) Metaspace: 186339K(192496K)->186339K(192496K) NonClass: 165280K(168996K)->165280K(168996K) Class: 21059K(23500K)->21059K(23500K)
[2024-05-14T11:50:05.452+0000][788.426s][info ][gc            ] GC(104) Pause Young (Mixed) (G1 Evacuation Pause) 195M->177M(398M) 23.363ms
[2024-05-14T11:50:05.452+0000][788.426s][info ][gc,cpu        ] GC(104) User=0.06s Sys=0.00s Real=0.03s
[2024-05-14T11:50:05.452+0000][788.426s][debug][safepoint     ] ... found polling page return exception at pc = 0x00007f320ca20556, stub =0x00007f3204824b00
[2024-05-14T11:50:05.452+0000][788.426s][info ][safepoint     ] Leaving safepoint region
[2024-05-14T11:50:05.452+0000][788.426s][info ][safepoint     ] Total time for which application threads were stopped: 0.0244816 seconds, Stopping threads took: 0.0002928 seconds
[2024-05-14T11:50:05.453+0000][788.426s][info ][gc,stringdedup] Concurrent String Deduplication (788.426s)
[2024-05-14T11:50:05.453+0000][788.426s][info ][gc,stringdedup] Concurrent String Deduplication 200.0B->48.0B(152.0B) avg 54.8% (788.426s, 788.426s) 0.098ms
[2024-05-14T11:50:06.453+0000][789.426s][debug][safepoint     ] Safepoint synchronization initiated. (365 threads)
[2024-05-14T11:50:06.453+0000][789.427s][info ][safepoint     ] Application time: 1.0003746 seconds
[2024-05-14T11:50:06.453+0000][789.427s][info ][safepoint     ] Entering safepoint region: Cleanup
[2024-05-14T11:50:06.454+0000][789.428s][info ][safepoint     ] Leaving safepoint region
[2024-05-14T11:50:06.454+0000][789.428s][info ][safepoint     ] Total time for which application threads were stopped: 0.0011992 seconds, Stopping threads took: 0.0003777 seconds
[2024-05-14T11:50:07.454+0000][790.428s][debug][safepoint     ] Safepoint synchronization initiated. (365 threads)
[2024-05-14T11:50:07.454+0000][790.428s][info ][safepoint     ] Application time: 1.0002927 seconds
[2024-05-14T11:50:07.455+0000][790.428s][debug][safepoint     ] ... found polling page return exception at pc = 0x00007f320d114eb0, stub =0x00007f3204824b00
[2024-05-14T11:50:07.455+0000][790.428s][debug][safepoint     ] Waiting for 1 thread(s) to block
[2024-05-14T11:50:07.455+0000][790.428s][info ][safepoint     ] Entering safepoint region: Cleanup
[2024-05-14T11:50:07.455+0000][790.429s][info ][safepoint     ] Leaving safepoint region
[2024-05-14T11:50:07.455+0000][790.429s][info ][safepoint     ] Total time for which application threads were stopped: 0.0009422 seconds, Stopping threads took: 0.0004053 seconds
[2024-05-14T11:50:08.456+0000][791.429s][debug][safepoint     ] Safepoint synchronization initiated. (365 threads)
[2024-05-14T11:50:08.456+0000][791.429s][info ][safepoint     ] Application time: 1.0002667 seconds
[2024-05-14T11:50:08.456+0000][791.430s][info ][safepoint     ] Entering safepoint region: Cleanup
[2024-05-14T11:50:08.457+0000][791.430s][info ][safepoint     ] Leaving safepoint region
[2024-05-14T11:50:08.457+0000][791.431s][info ][safepoint     ] Total time for which application threads were stopped: 0.0011085 seconds, Stopping threads took: 0.0004421 seconds
[2024-05-14T11:50:09.457+0000][792.431s][debug][safepoint     ] Safepoint synchronization initiated. (365 threads)
[2024-05-14T11:50:09.457+0000][792.431s][info ][safepoint     ] Application time: 1.0003635 seconds
[2024-05-14T11:50:09.458+0000][792.431s][info ][safepoint     ] Entering safepoint region: Cleanup
[2024-05-14T11:50:09.458+0000][792.432s][info ][safepoint     ] Leaving safepoint region
[2024-05-14T11:50:09.458+0000][792.432s][info ][safepoint     ] Total time for which application threads were stopped: 0.0012438 seconds, Stopping threads took: 0.0004125 seconds
[2024-05-14T11:50:10.459+0000][793.432s][debug][safepoint     ] Safepoint synchronization initiated. (365 threads)
[2024-05-14T11:50:10.459+0000][793.432s][info ][safepoint     ] Application time: 1.0002766 seconds
[2024-05-14T11:50:10.459+0000][793.433s][info ][safepoint     ] Entering safepoint region: Cleanup
[2024-05-14T11:50:10.460+0000][793.434s][info ][safepoint     ] Leaving safepoint region
[2024-05-14T11:50:10.460+0000][793.434s][info ][safepoint     ] Total time for which application threads were stopped: 0.0011541 seconds, Stopping threads took: 0.0003448 seconds
[2024-05-14T11:50:11.460+0000][794.434s][debug][safepoint     ] Safepoint synchronization initiated. (365 threads)
[2024-05-14T11:50:11.460+0000][794.434s][info ][safepoint     ] Application time: 1.0002645 seconds
[2024-05-14T11:50:11.460+0000][794.434s][debug][safepoint     ] ... found polling page return exception at pc = 0x00007f320c33159b, stub =0x00007f3204824b00
[2024-05-14T11:50:11.461+0000][794.434s][debug][safepoint     ] Waiting for 1 thread(s) to block
[2024-05-14T11:50:11.461+0000][794.435s][info ][safepoint     ] Entering safepoint region: Cleanup
[2024-05-14T11:50:11.462+0000][794.436s][info ][safepoint     ] Leaving safepoint region
[2024-05-14T11:50:11.462+0000][794.436s][info ][safepoint     ] Total time for which application threads were stopped: 0.0017303 seconds, Stopping threads took: 0.0005810 seconds
[2024-05-14T11:50:12.462+0000][795.436s][debug][safepoint     ] Safepoint synchronization initiated. (365 threads)
[2024-05-14T11:50:12.462+0000][795.436s][info ][safepoint     ] Application time: 1.0002111 seconds
[2024-05-14T11:50:12.462+0000][795.436s][info ][safepoint     ] Entering safepoint region: Cleanup
[2024-05-14T11:50:12.463+0000][795.437s][info ][safepoint     ] Leaving safepoint region
[2024-05-14T11:50:12.463+0000][795.437s][info ][safepoint     ] Total time for which application threads were stopped: 0.0010385 seconds, Stopping threads took: 0.0002276 seconds
[2024-05-14T11:50:13.463+0000][796.437s][debug][safepoint     ] Safepoint synchronization initiated. (365 threads)
[2024-05-14T11:50:13.464+0000][796.437s][info ][safepoint     ] Application time: 1.0002439 seconds
[2024-05-14T11:50:13.464+0000][796.438s][info ][safepoint     ] Entering safepoint region: Cleanup
[2024-05-14T11:50:13.465+0000][796.439s][info ][safepoint     ] Leaving safepoint region
[2024-05-14T11:50:13.465+0000][796.439s][info ][safepoint     ] Total time for which application threads were stopped: 0.0018483 seconds, Stopping threads took: 0.0008704 seconds
[2024-05-14T11:50:14.466+0000][797.439s][debug][safepoint     ] Safepoint synchronization initiated. (365 threads)
[2024-05-14T11:50:14.466+0000][797.439s][info ][safepoint     ] Application time: 1.0002834 seconds
[2024-05-14T11:50:14.466+0000][797.440s][info ][safepoint     ] Entering safepoint region: Cleanup
[2024-05-14T11:50:14.467+0000][797.441s][info ][safepoint     ] Leaving safepoint region
[2024-05-14T11:50:14.467+0000][797.441s][info ][safepoint     ] Total time for which application threads were stopped: 0.0011643 seconds, Stopping threads took: 0.0002445 seconds
[2024-05-14T11:50:15.467+0000][798.441s][debug][safepoint     ] Safepoint synchronization initiated. (365 threads)
[2024-05-14T11:50:15.467+0000][798.441s][info ][safepoint     ] Application time: 1.0003060 seconds
[2024-05-14T11:50:15.468+0000][798.441s][info ][safepoint     ] Entering safepoint region: Cleanup
[2024-05-14T11:50:15.468+0000][798.442s][info ][safepoint     ] Leaving safepoint region
[2024-05-14T11:50:15.468+0000][798.442s][info ][safepoint     ] Total time for which application threads were stopped: 0.0010691 seconds, Stopping threads took: 0.0002780 seconds
[2024-05-14T11:50:16.469+0000][799.442s][debug][safepoint     ] Safepoint synchronization initiated. (365 threads)
[2024-05-14T11:50:16.469+0000][799.442s][info ][safepoint     ] Application time: 1.0003134 seconds
[2024-05-14T11:50:16.469+0000][799.443s][info ][safepoint     ] Entering safepoint region: Cleanup
[2024-05-14T11:50:16.470+0000][799.444s][info ][safepoint     ] Leaving safepoint region
[2024-05-14T11:50:16.470+0000][799.444s][info ][safepoint     ] Total time for which application threads were stopped: 0.0014639 seconds, Stopping threads took: 0.0005954 seconds
[2024-05-14T11:50:17.470+0000][800.444s][debug][safepoint     ] Safepoint synchronization initiated. (365 threads)
[2024-05-14T11:50:17.470+0000][800.444s][info ][safepoint     ] Application time: 1.0001878 seconds
[2024-05-14T11:50:17.471+0000][800.444s][info ][safepoint     ] Entering safepoint region: Cleanup
[2024-05-14T11:50:17.471+0000][800.445s][info ][safepoint     ] Leaving safepoint region
[2024-05-14T11:50:17.472+0000][800.445s][info ][safepoint     ] Total time for which application threads were stopped: 0.0011320 seconds, Stopping threads took: 0.0002661 seconds
[2024-05-14T11:50:18.472+0000][801.446s][debug][safepoint     ] Safepoint synchronization initiated. (365 threads)
[2024-05-14T11:50:18.472+0000][801.446s][info ][safepoint     ] Application time: 1.0002693 seconds
[2024-05-14T11:50:18.472+0000][801.446s][info ][safepoint     ] Entering safepoint region: Cleanup
[2024-05-14T11:50:18.473+0000][801.447s][info ][safepoint     ] Leaving safepoint region
[2024-05-14T11:50:18.473+0000][801.447s][info ][safepoint     ] Total time for which application threads were stopped: 0.0010298 seconds, Stopping threads took: 0.0003287 seconds
[2024-05-14T11:50:18.473+0000][801.447s][debug][safepoint     ] ... found polling page return exception at pc = 0x00007f320ca20556, stub =0x00007f3204824b00
[2024-05-14T11:50:19.473+0000][802.447s][debug][safepoint     ] Safepoint synchronization initiated. (365 threads)
[2024-05-14T11:50:19.473+0000][802.447s][info ][safepoint     ] Application time: 1.0003478 seconds
[2024-05-14T11:50:19.474+0000][802.447s][info ][safepoint     ] Entering safepoint region: Cleanup
[2024-05-14T11:50:19.474+0000][802.448s][info ][safepoint     ] Leaving safepoint region
[2024-05-14T11:50:19.474+0000][802.448s][info ][safepoint     ] Total time for which application threads were stopped: 0.0009345 seconds, Stopping threads took: 0.0004182 seconds
[2024-05-14T11:50:20.474+0000][803.448s][debug][safepoint     ] Safepoint synchronization initiated. (365 threads)
[2024-05-14T11:50:20.475+0000][803.448s][info ][safepoint     ] Application time: 1.0003062 seconds
[2024-05-14T11:50:20.476+0000][803.449s][info ][safepoint     ] Entering safepoint region: Cleanup
[2024-05-14T11:50:20.476+0000][803.450s][debug][safepoint     ] ... found polling page return exception at pc = 0x00007f320ca20556, stub =0x00007f3204824b00
[2024-05-14T11:50:20.476+0000][803.450s][debug][safepoint     ] ... found polling page return exception at pc = 0x00007f320ca20556, stub =0x00007f3204824b00
[2024-05-14T11:50:20.476+0000][803.450s][info ][safepoint     ] Leaving safepoint region
[2024-05-14T11:50:20.477+0000][803.450s][info ][safepoint     ] Total time for which application threads were stopped: 0.0019934 seconds, Stopping threads took: 0.0010080 seconds
[2024-05-14T11:50:21.477+0000][804.451s][debug][safepoint     ] Safepoint synchronization initiated. (365 threads)
[2024-05-14T11:50:21.477+0000][804.451s][info ][safepoint     ] Application time: 1.0002930 seconds
[2024-05-14T11:50:21.477+0000][804.451s][info ][safepoint     ] Entering safepoint region: Cleanup
[2024-05-14T11:50:21.478+0000][804.452s][info ][safepoint     ] Leaving safepoint region
[2024-05-14T11:50:21.478+0000][804.452s][info ][safepoint     ] Total time for which application threads were stopped: 0.0009891 seconds, Stopping threads took: 0.0003180 seconds
[2024-05-14T11:50:22.478+0000][805.452s][debug][safepoint     ] Safepoint synchronization initiated. (365 threads)
[2024-05-14T11:50:22.478+0000][805.452s][info ][safepoint     ] Application time: 1.0001783 seconds
[2024-05-14T11:50:22.479+0000][805.452s][info ][safepoint     ] Entering safepoint region: Cleanup
[2024-05-14T11:50:22.480+0000][805.453s][info ][safepoint     ] Leaving safepoint region
[2024-05-14T11:50:22.480+0000][805.453s][info ][safepoint     ] Total time for which application threads were stopped: 0.0014013 seconds, Stopping threads took: 0.0005149 seconds
[2024-05-14T11:50:23.480+0000][806.454s][debug][safepoint     ] Safepoint synchronization initiated. (365 threads)
[2024-05-14T11:50:23.480+0000][806.454s][info ][safepoint     ] Application time: 1.0003511 seconds
[2024-05-14T11:50:23.481+0000][806.454s][info ][safepoint     ] Entering safepoint region: Cleanup
[2024-05-14T11:50:23.482+0000][806.455s][info ][safepoint     ] Leaving safepoint region
[2024-05-14T11:50:23.482+0000][806.456s][info ][safepoint     ] Total time for which application threads were stopped: 0.0018242 seconds, Stopping threads took: 0.0008388 seconds
[2024-05-14T11:50:24.482+0000][807.456s][debug][safepoint     ] Safepoint synchronization initiated. (365 threads)
[2024-05-14T11:50:24.482+0000][807.456s][info ][safepoint     ] Application time: 1.0002499 seconds
[2024-05-14T11:50:24.482+0000][807.456s][info ][safepoint     ] Entering safepoint region: Cleanup
[2024-05-14T11:50:24.483+0000][807.457s][info ][safepoint     ] Leaving safepoint region
[2024-05-14T11:50:24.483+0000][807.457s][info ][safepoint     ] Total time for which application threads were stopped: 0.0010614 seconds, Stopping threads took: 0.0003247 seconds
[2024-05-14T11:50:25.483+0000][808.457s][debug][safepoint     ] Safepoint synchronization initiated. (365 threads)
[2024-05-14T11:50:25.483+0000][808.457s][info ][safepoint     ] Application time: 1.0003000 seconds
[2024-05-14T11:50:25.484+0000][808.458s][info ][safepoint     ] Entering safepoint region: Cleanup
[2024-05-14T11:50:25.485+0000][808.459s][info ][safepoint     ] Leaving safepoint region
[2024-05-14T11:50:25.485+0000][808.459s][info ][safepoint     ] Total time for which application threads were stopped: 0.0019751 seconds, Stopping threads took: 0.0008697 seconds
[2024-05-14T11:50:26.486+0000][809.459s][debug][safepoint     ] Safepoint synchronization initiated. (365 threads)
[2024-05-14T11:50:26.486+0000][809.460s][info ][safepoint     ] Application time: 1.0003400 seconds
[2024-05-14T11:50:26.486+0000][809.460s][info ][safepoint     ] Entering safepoint region: Cleanup
[2024-05-14T11:50:26.487+0000][809.461s][info ][safepoint     ] Leaving safepoint region
[2024-05-14T11:50:26.487+0000][809.461s][info ][safepoint     ] Total time for which application threads were stopped: 0.0009701 seconds, Stopping threads took: 0.0003221 seconds
[2024-05-14T11:50:27.487+0000][810.461s][debug][safepoint     ] Safepoint synchronization initiated. (365 threads)
[2024-05-14T11:50:27.487+0000][810.461s][info ][safepoint     ] Application time: 1.0003072 seconds
[2024-05-14T11:50:27.488+0000][810.462s][info ][safepoint     ] Entering safepoint region: Cleanup
[2024-05-14T11:50:27.489+0000][810.463s][info ][safepoint     ] Leaving safepoint region
[2024-05-14T11:50:27.489+0000][810.463s][info ][safepoint     ] Total time for which application threads were stopped: 0.0019963 seconds, Stopping threads took: 0.0006647 seconds
[2024-05-14T11:50:28.489+0000][811.463s][debug][safepoint     ] Safepoint synchronization initiated. (365 threads)
[2024-05-14T11:50:28.490+0000][811.463s][info ][safepoint     ] Application time: 1.0003768 seconds
[2024-05-14T11:50:28.490+0000][811.464s][info ][safepoint     ] Entering safepoint region: Cleanup
[2024-05-14T11:50:28.491+0000][811.465s][info ][safepoint     ] Leaving safepoint region
[2024-05-14T11:50:28.491+0000][811.465s][info ][safepoint     ] Total time for which application threads were stopped: 0.0012493 seconds, Stopping threads took: 0.0003871 seconds
[2024-05-14T11:50:28.495+0000][811.469s][debug][safepoint     ] Safepoint synchronization initiated. (365 threads)
[2024-05-14T11:50:28.495+0000][811.469s][info ][safepoint     ] Application time: 0.0040253 seconds
[2024-05-14T11:50:28.495+0000][811.469s][debug][safepoint     ] ... found polling page return exception at pc = 0x00007f320ccd4f9d, stub =0x00007f3204824b00
[2024-05-14T11:50:28.495+0000][811.469s][debug][safepoint     ] Waiting for 2 thread(s) to block
[2024-05-14T11:50:28.496+0000][811.469s][info ][safepoint     ] Entering safepoint region: G1CollectForAllocation
[2024-05-14T11:50:28.498+0000][811.471s][info ][gc,start      ] GC(105) Pause Young (Normal) (G1 Evacuation Pause)
[2024-05-14T11:50:28.498+0000][811.471s][info ][gc,task       ] GC(105) Using 4 workers of 4 for evacuation
[2024-05-14T11:50:28.528+0000][811.502s][info ][gc,phases     ] GC(105)   Pre Evacuate Collection Set: 0.3ms
[2024-05-14T11:50:28.528+0000][811.502s][info ][gc,phases     ] GC(105)   Evacuate Collection Set: 15.4ms
[2024-05-14T11:50:28.528+0000][811.502s][info ][gc,phases     ] GC(105)   Post Evacuate Collection Set: 13.5ms
[2024-05-14T11:50:28.529+0000][811.502s][info ][gc,phases     ] GC(105)   Other: 2.9ms
[2024-05-14T11:50:28.529+0000][811.502s][info ][gc,heap       ] GC(105) Eden regions: 174->0(174)
[2024-05-14T11:50:28.529+0000][811.502s][info ][gc,heap       ] GC(105) Survivor regions: 2->1(22)
[2024-05-14T11:50:28.529+0000][811.502s][info ][gc,heap       ] GC(105) Old regions: 179->179
[2024-05-14T11:50:28.529+0000][811.502s][info ][gc,heap       ] GC(105) Humongous regions: 0->0
[2024-05-14T11:50:28.529+0000][811.502s][info ][gc,metaspace  ] GC(105) Metaspace: 186346K(192496K)->186346K(192496K) NonClass: 165286K(168996K)->165286K(168996K) Class: 21059K(23500K)->21059K(23500K)
[2024-05-14T11:50:28.529+0000][811.502s][info ][gc            ] GC(105) Pause Young (Normal) (G1 Evacuation Pause) 351M->177M(398M) 31.073ms
[2024-05-14T11:50:28.529+0000][811.502s][info ][gc,cpu        ] GC(105) User=0.10s Sys=0.00s Real=0.03s
[2024-05-14T11:50:28.529+0000][811.503s][info ][safepoint     ] Leaving safepoint region
[2024-05-14T11:50:28.529+0000][811.503s][info ][safepoint     ] Total time for which application threads were stopped: 0.0339360 seconds, Stopping threads took: 0.0006461 seconds
[2024-05-14T11:50:28.529+0000][811.503s][info ][gc,stringdedup] Concurrent String Deduplication (811.503s)
[2024-05-14T11:50:28.529+0000][811.503s][info ][gc,stringdedup] Concurrent String Deduplication 56.0B->56.0B(0.0B) avg 54.8% (811.503s, 811.503s) 0.072ms
[2024-05-14T11:50:29.529+0000][812.503s][debug][safepoint     ] Safepoint synchronization initiated. (365 threads)
[2024-05-14T11:50:29.530+0000][812.503s][info ][safepoint     ] Application time: 1.0006367 seconds
[2024-05-14T11:50:29.530+0000][812.504s][info ][safepoint     ] Entering safepoint region: Cleanup
[2024-05-14T11:50:29.531+0000][812.504s][info ][safepoint     ] Leaving safepoint region
[2024-05-14T11:50:29.531+0000][812.504s][info ][safepoint     ] Total time for which application threads were stopped: 0.0009070 seconds, Stopping threads took: 0.0003035 seconds
[2024-05-14T11:50:30.531+0000][813.505s][debug][safepoint     ] Safepoint synchronization initiated. (365 threads)
[2024-05-14T11:50:30.531+0000][813.505s][info ][safepoint     ] Application time: 1.0003245 seconds
[2024-05-14T11:50:30.531+0000][813.505s][debug][safepoint     ] ... found polling page return exception at pc = 0x00007f320c3db29f, stub =0x00007f3204824b00
[2024-05-14T11:50:30.531+0000][813.505s][debug][safepoint     ] Waiting for 1 thread(s) to block
[2024-05-14T11:50:30.531+0000][813.505s][info ][safepoint     ] Entering safepoint region: Cleanup
[2024-05-14T11:50:30.532+0000][813.506s][info ][safepoint     ] Leaving safepoint region
[2024-05-14T11:50:30.532+0000][813.506s][info ][safepoint     ] Total time for which application threads were stopped: 0.0010440 seconds, Stopping threads took: 0.0004348 seconds
[2024-05-14T11:50:31.532+0000][814.506s][debug][safepoint     ] Safepoint synchronization initiated. (365 threads)
[2024-05-14T11:50:31.532+0000][814.506s][info ][safepoint     ] Application time: 1.0002573 seconds
[2024-05-14T11:50:31.533+0000][814.506s][info ][safepoint     ] Entering safepoint region: Cleanup
[2024-05-14T11:50:31.533+0000][814.507s][info ][safepoint     ] Leaving safepoint region
[2024-05-14T11:50:31.533+0000][814.507s][info ][safepoint     ] Total time for which application threads were stopped: 0.0010155 seconds, Stopping threads took: 0.0002582 seconds
[2024-05-14T11:50:32.534+0000][815.507s][debug][safepoint     ] Safepoint synchronization initiated. (365 threads)
[2024-05-14T11:50:32.534+0000][815.507s][info ][safepoint     ] Application time: 1.0003533 seconds
[2024-05-14T11:50:32.534+0000][815.508s][info ][safepoint     ] Entering safepoint region: Cleanup
[2024-05-14T11:50:32.535+0000][815.508s][info ][safepoint     ] Leaving safepoint region
[2024-05-14T11:50:32.535+0000][815.508s][info ][safepoint     ] Total time for which application threads were stopped: 0.0009256 seconds, Stopping threads took: 0.0002363 seconds
[2024-05-14T11:50:33.535+0000][816.509s][debug][safepoint     ] Safepoint synchronization initiated. (365 threads)
[2024-05-14T11:50:33.535+0000][816.509s][info ][safepoint     ] Application time: 1.0001270 seconds
[2024-05-14T11:50:33.535+0000][816.509s][info ][safepoint     ] Entering safepoint region: Cleanup
[2024-05-14T11:50:33.536+0000][816.510s][debug][safepoint     ] ... found polling page return exception at pc = 0x00007f320ca20556, stub =0x00007f3204824b00
[2024-05-14T11:50:33.536+0000][816.510s][info ][safepoint     ] Leaving safepoint region
[2024-05-14T11:50:33.536+0000][816.510s][info ][safepoint     ] Total time for which application threads were stopped: 0.0010558 seconds, Stopping threads took: 0.0001856 seconds
[2024-05-14T11:50:34.536+0000][817.510s][debug][safepoint     ] Safepoint synchronization initiated. (365 threads)
[2024-05-14T11:50:34.536+0000][817.510s][info ][safepoint     ] Application time: 1.0002964 seconds
[2024-05-14T11:50:34.536+0000][817.510s][info ][safepoint     ] Entering safepoint region: Cleanup
[2024-05-14T11:50:34.537+0000][817.511s][info ][safepoint     ] Leaving safepoint region
[2024-05-14T11:50:34.537+0000][817.511s][info ][safepoint     ] Total time for which application threads were stopped: 0.0011369 seconds, Stopping threads took: 0.0002778 seconds
[2024-05-14T11:50:35.538+0000][818.511s][debug][safepoint     ] Safepoint synchronization initiated. (365 threads)
[2024-05-14T11:50:35.538+0000][818.512s][info ][safepoint     ] Application time: 1.0005127 seconds
[2024-05-14T11:50:35.538+0000][818.512s][info ][safepoint     ] Entering safepoint region: Cleanup
[2024-05-14T11:50:35.539+0000][818.513s][info ][safepoint     ] Leaving safepoint region
[2024-05-14T11:50:35.539+0000][818.513s][info ][safepoint     ] Total time for which application threads were stopped: 0.0008985 seconds, Stopping threads took: 0.0002547 seconds
[2024-05-14T11:50:36.539+0000][819.513s][debug][safepoint     ] Safepoint synchronization initiated. (365 threads)
[2024-05-14T11:50:36.539+0000][819.513s][info ][safepoint     ] Application time: 1.0002729 seconds
[2024-05-14T11:50:36.539+0000][819.513s][info ][safepoint     ] Entering safepoint region: Cleanup
[2024-05-14T11:50:36.540+0000][819.514s][info ][safepoint     ] Leaving safepoint region
[2024-05-14T11:50:36.540+0000][819.514s][info ][safepoint     ] Total time for which application threads were stopped: 0.0010051 seconds, Stopping threads took: 0.0002839 seconds
[2024-05-14T11:50:37.540+0000][820.514s][debug][safepoint     ] Safepoint synchronization initiated. (365 threads)
[2024-05-14T11:50:37.541+0000][820.514s][info ][safepoint     ] Application time: 1.0003298 seconds
[2024-05-14T11:50:37.541+0000][820.515s][info ][safepoint     ] Entering safepoint region: Cleanup
[2024-05-14T11:50:37.541+0000][820.515s][info ][safepoint     ] Leaving safepoint region
[2024-05-14T11:50:37.542+0000][820.515s][info ][safepoint     ] Total time for which application threads were stopped: 0.0009323 seconds, Stopping threads took: 0.0002755 seconds
[2024-05-14T11:50:38.542+0000][821.516s][debug][safepoint     ] Safepoint synchronization initiated. (365 threads)
[2024-05-14T11:50:38.542+0000][821.516s][info ][safepoint     ] Application time: 1.0002905 seconds
[2024-05-14T11:50:38.542+0000][821.516s][info ][safepoint     ] Entering safepoint region: Cleanup
[2024-05-14T11:50:38.543+0000][821.517s][info ][safepoint     ] Leaving safepoint region
[2024-05-14T11:50:38.543+0000][821.517s][info ][safepoint     ] Total time for which application threads were stopped: 0.0009985 seconds, Stopping threads took: 0.0002650 seconds
[2024-05-14T11:50:39.543+0000][822.517s][debug][safepoint     ] Safepoint synchronization initiated. (365 threads)
[2024-05-14T11:50:39.543+0000][822.517s][info ][safepoint     ] Application time: 1.0003043 seconds
[2024-05-14T11:50:39.544+0000][822.517s][info ][safepoint     ] Entering safepoint region: Cleanup
[2024-05-14T11:50:39.544+0000][822.518s][info ][safepoint     ] Leaving safepoint region
[2024-05-14T11:50:39.544+0000][822.518s][debug][safepoint     ] ... found polling page return exception at pc = 0x00007f320ca20556, stub =0x00007f3204824b00
[2024-05-14T11:50:39.544+0000][822.518s][info ][safepoint     ] Total time for which application threads were stopped: 0.0010763 seconds, Stopping threads took: 0.0003216 seconds
[2024-05-14T11:50:40.545+0000][823.518s][debug][safepoint     ] Safepoint synchronization initiated. (365 threads)
[2024-05-14T11:50:40.545+0000][823.519s][info ][safepoint     ] Application time: 1.0003077 seconds
[2024-05-14T11:50:40.545+0000][823.519s][info ][safepoint     ] Entering safepoint region: Cleanup
[2024-05-14T11:50:40.546+0000][823.520s][info ][safepoint     ] Leaving safepoint region
[2024-05-14T11:50:40.546+0000][823.520s][info ][safepoint     ] Total time for which application threads were stopped: 0.0011279 seconds, Stopping threads took: 0.0003436 seconds
[2024-05-14T11:50:41.546+0000][824.520s][debug][safepoint     ] Safepoint synchronization initiated. (365 threads)
[2024-05-14T11:50:41.546+0000][824.520s][info ][safepoint     ] Application time: 1.0001670 seconds
[2024-05-14T11:50:41.546+0000][824.520s][info ][safepoint     ] Entering safepoint region: Cleanup
[2024-05-14T11:50:41.547+0000][824.521s][info ][safepoint     ] Leaving safepoint region
[2024-05-14T11:50:41.547+0000][824.521s][info ][safepoint     ] Total time for which application threads were stopped: 0.0007900 seconds, Stopping threads took: 0.0002194 seconds
[2024-05-14T11:50:42.547+0000][825.521s][debug][safepoint     ] Safepoint synchronization initiated. (365 threads)
[2024-05-14T11:50:42.547+0000][825.521s][info ][safepoint     ] Application time: 1.0001695 seconds
[2024-05-14T11:50:42.547+0000][825.521s][info ][safepoint     ] Entering safepoint region: Cleanup
[2024-05-14T11:50:42.548+0000][825.522s][info ][safepoint     ] Leaving safepoint region
[2024-05-14T11:50:42.548+0000][825.522s][info ][safepoint     ] Total time for which application threads were stopped: 0.0007747 seconds, Stopping threads took: 0.0002004 seconds
[2024-05-14T11:50:43.548+0000][826.522s][debug][safepoint     ] Safepoint synchronization initiated. (365 threads)
[2024-05-14T11:50:43.548+0000][826.522s][info ][safepoint     ] Application time: 1.0002841 seconds
[2024-05-14T11:50:43.548+0000][826.522s][info ][safepoint     ] Entering safepoint region: Cleanup
[2024-05-14T11:50:43.549+0000][826.523s][info ][safepoint     ] Leaving safepoint region
[2024-05-14T11:50:43.549+0000][826.523s][info ][safepoint     ] Total time for which application threads were stopped: 0.0009743 seconds, Stopping threads took: 0.0002792 seconds
[2024-05-14T11:50:44.549+0000][827.523s][debug][safepoint     ] Safepoint synchronization initiated. (365 threads)
[2024-05-14T11:50:44.550+0000][827.523s][info ][safepoint     ] Application time: 1.0003234 seconds
[2024-05-14T11:50:44.550+0000][827.524s][info ][safepoint     ] Entering safepoint region: Cleanup
[2024-05-14T11:50:44.551+0000][827.524s][info ][safepoint     ] Leaving safepoint region
[2024-05-14T11:50:44.551+0000][827.524s][info ][safepoint     ] Total time for which application threads were stopped: 0.0010618 seconds, Stopping threads took: 0.0003315 seconds
[2024-05-14T11:50:45.551+0000][828.525s][debug][safepoint     ] Safepoint synchronization initiated. (365 threads)
[2024-05-14T11:50:45.551+0000][828.525s][info ][safepoint     ] Application time: 1.0002904 seconds
[2024-05-14T11:50:45.551+0000][828.525s][info ][safepoint     ] Entering safepoint region: Cleanup
[2024-05-14T11:50:45.552+0000][828.526s][info ][safepoint     ] Leaving safepoint region
[2024-05-14T11:50:45.552+0000][828.526s][info ][safepoint     ] Total time for which application threads were stopped: 0.0009432 seconds, Stopping threads took: 0.0002908 seconds
[2024-05-14T11:50:46.552+0000][829.526s][debug][safepoint     ] Safepoint synchronization initiated. (365 threads)
[2024-05-14T11:50:46.552+0000][829.526s][info ][safepoint     ] Application time: 1.0002163 seconds
[2024-05-14T11:50:46.552+0000][829.526s][info ][safepoint     ] Entering safepoint region: Cleanup
[2024-05-14T11:50:46.553+0000][829.527s][info ][safepoint     ] Leaving safepoint region
[2024-05-14T11:50:46.553+0000][829.527s][info ][safepoint     ] Total time for which application threads were stopped: 0.0009920 seconds, Stopping threads took: 0.0002778 seconds
[2024-05-14T11:50:47.553+0000][830.527s][debug][safepoint     ] Safepoint synchronization initiated. (365 threads)
[2024-05-14T11:50:47.553+0000][830.527s][info ][safepoint     ] Application time: 1.0002455 seconds
[2024-05-14T11:50:47.554+0000][830.528s][info ][safepoint     ] Entering safepoint region: Cleanup
[2024-05-14T11:50:47.554+0000][830.528s][info ][safepoint     ] Leaving safepoint region
[2024-05-14T11:50:47.554+0000][830.528s][info ][safepoint     ] Total time for which application threads were stopped: 0.0009569 seconds, Stopping threads took: 0.0003863 seconds
[2024-05-14T11:50:48.555+0000][831.528s][debug][safepoint     ] Safepoint synchronization initiated. (365 threads)
[2024-05-14T11:50:48.555+0000][831.528s][info ][safepoint     ] Application time: 1.0002670 seconds
[2024-05-14T11:50:48.555+0000][831.529s][info ][safepoint     ] Entering safepoint region: Cleanup
[2024-05-14T11:50:48.556+0000][831.529s][info ][safepoint     ] Leaving safepoint region
[2024-05-14T11:50:48.556+0000][831.529s][info ][safepoint     ] Total time for which application threads were stopped: 0.0009572 seconds, Stopping threads took: 0.0002567 seconds
[2024-05-14T11:50:49.556+0000][832.530s][debug][safepoint     ] Safepoint synchronization initiated. (365 threads)
[2024-05-14T11:50:49.556+0000][832.530s][info ][safepoint     ] Application time: 1.0002248 seconds
[2024-05-14T11:50:49.556+0000][832.530s][info ][safepoint     ] Entering safepoint region: Cleanup
[2024-05-14T11:50:49.557+0000][832.530s][info ][safepoint     ] Leaving safepoint region
[2024-05-14T11:50:49.557+0000][832.530s][info ][safepoint     ] Total time for which application threads were stopped: 0.0006215 seconds, Stopping threads took: 0.0001839 seconds
[2024-05-14T11:50:50.557+0000][833.531s][debug][safepoint     ] Safepoint synchronization initiated. (365 threads)
[2024-05-14T11:50:50.557+0000][833.531s][info ][safepoint     ] Application time: 1.0002733 seconds
[2024-05-14T11:50:50.557+0000][833.531s][info ][safepoint     ] Entering safepoint region: Cleanup
[2024-05-14T11:50:50.558+0000][833.532s][info ][safepoint     ] Leaving safepoint region
[2024-05-14T11:50:50.558+0000][833.532s][info ][safepoint     ] Total time for which application threads were stopped: 0.0010659 seconds, Stopping threads took: 0.0002848 seconds
[2024-05-14T11:50:51.071+0000][834.045s][debug][safepoint     ] Safepoint synchronization initiated. (365 threads)
[2024-05-14T11:50:51.071+0000][834.045s][info ][safepoint     ] Application time: 0.5130192 seconds
[2024-05-14T11:50:51.071+0000][834.045s][info ][safepoint     ] Entering safepoint region: G1CollectForAllocation
[2024-05-14T11:50:51.072+0000][834.046s][info ][gc,start      ] GC(106) Pause Young (Normal) (G1 Evacuation Pause)
[2024-05-14T11:50:51.072+0000][834.046s][info ][gc,task       ] GC(106) Using 4 workers of 4 for evacuation
[2024-05-14T11:50:51.087+0000][834.060s][info ][gc,phases     ] GC(106)   Pre Evacuate Collection Set: 0.1ms
[2024-05-14T11:50:51.087+0000][834.060s][info ][gc,phases     ] GC(106)   Evacuate Collection Set: 6.7ms
[2024-05-14T11:50:51.087+0000][834.060s][info ][gc,phases     ] GC(106)   Post Evacuate Collection Set: 6.9ms
[2024-05-14T11:50:51.087+0000][834.060s][info ][gc,phases     ] GC(106)   Other: 0.9ms
[2024-05-14T11:50:51.087+0000][834.060s][info ][gc,heap       ] GC(106) Eden regions: 174->0(174)
[2024-05-14T11:50:51.087+0000][834.060s][info ][gc,heap       ] GC(106) Survivor regions: 1->1(22)
[2024-05-14T11:50:51.087+0000][834.060s][info ][gc,heap       ] GC(106) Old regions: 179->179
[2024-05-14T11:50:51.087+0000][834.060s][info ][gc,heap       ] GC(106) Humongous regions: 0->0
[2024-05-14T11:50:51.087+0000][834.061s][info ][gc,metaspace  ] GC(106) Metaspace: 186355K(192496K)->186355K(192496K) NonClass: 165296K(168996K)->165296K(168996K) Class: 21059K(23500K)->21059K(23500K)
[2024-05-14T11:50:51.087+0000][834.061s][info ][gc            ] GC(106) Pause Young (Normal) (G1 Evacuation Pause) 351M->178M(398M) 14.759ms
[2024-05-14T11:50:51.087+0000][834.061s][info ][gc,cpu        ] GC(106) User=0.04s Sys=0.00s Real=0.01s
[2024-05-14T11:50:51.087+0000][834.061s][info ][safepoint     ] Leaving safepoint region
[2024-05-14T11:50:51.087+0000][834.061s][info ][safepoint     ] Total time for which application threads were stopped: 0.0161402 seconds, Stopping threads took: 0.0003209 seconds
[2024-05-14T11:50:52.087+0000][835.061s][debug][safepoint     ] Safepoint synchronization initiated. (365 threads)
[2024-05-14T11:50:52.087+0000][835.061s][info ][safepoint     ] Application time: 1.0002476 seconds
[2024-05-14T11:50:52.088+0000][835.061s][info ][safepoint     ] Entering safepoint region: Cleanup
[2024-05-14T11:50:52.089+0000][835.062s][info ][safepoint     ] Leaving safepoint region
[2024-05-14T11:50:52.089+0000][835.062s][info ][safepoint     ] Total time for which application threads were stopped: 0.0010551 seconds, Stopping threads took: 0.0002766 seconds
[2024-05-14T11:50:53.089+0000][836.063s][debug][safepoint     ] Safepoint synchronization initiated. (365 threads)
[2024-05-14T11:50:53.089+0000][836.063s][info ][safepoint     ] Application time: 1.0002652 seconds
[2024-05-14T11:50:53.089+0000][836.063s][info ][safepoint     ] Entering safepoint region: Cleanup
[2024-05-14T11:50:53.090+0000][836.064s][info ][safepoint     ] Leaving safepoint region
[2024-05-14T11:50:53.090+0000][836.064s][info ][safepoint     ] Total time for which application threads were stopped: 0.0010199 seconds, Stopping threads took: 0.0002330 seconds
[2024-05-14T11:50:54.090+0000][837.064s][debug][safepoint     ] Safepoint synchronization initiated. (365 threads)
[2024-05-14T11:50:54.090+0000][837.064s][info ][safepoint     ] Application time: 1.0002434 seconds
[2024-05-14T11:50:54.090+0000][837.064s][info ][safepoint     ] Entering safepoint region: Cleanup
[2024-05-14T11:50:54.091+0000][837.065s][info ][safepoint     ] Leaving safepoint region
[2024-05-14T11:50:54.091+0000][837.065s][info ][safepoint     ] Total time for which application threads were stopped: 0.0012761 seconds, Stopping threads took: 0.0002518 seconds
[2024-05-14T11:50:55.092+0000][838.065s][debug][safepoint     ] Safepoint synchronization initiated. (365 threads)
[2024-05-14T11:50:55.092+0000][838.065s][info ][safepoint     ] Application time: 1.0001546 seconds
[2024-05-14T11:50:55.092+0000][838.066s][info ][safepoint     ] Entering safepoint region: Cleanup
[2024-05-14T11:50:55.093+0000][838.066s][info ][safepoint     ] Leaving safepoint region
[2024-05-14T11:50:55.093+0000][838.066s][info ][safepoint     ] Total time for which application threads were stopped: 0.0010251 seconds, Stopping threads took: 0.0002261 seconds
[2024-05-14T11:50:56.093+0000][839.067s][debug][safepoint     ] Safepoint synchronization initiated. (365 threads)
[2024-05-14T11:50:56.093+0000][839.067s][info ][safepoint     ] Application time: 1.0002548 seconds
[2024-05-14T11:50:56.093+0000][839.067s][info ][safepoint     ] Entering safepoint region: Cleanup
[2024-05-14T11:50:56.094+0000][839.068s][info ][safepoint     ] Leaving safepoint region
[2024-05-14T11:50:56.094+0000][839.068s][debug][safepoint     ] ... found polling page return exception at pc = 0x00007f320ca20556, stub =0x00007f3204824b00
[2024-05-14T11:50:56.094+0000][839.068s][info ][safepoint     ] Total time for which application threads were stopped: 0.0010486 seconds, Stopping threads took: 0.0002483 seconds
[2024-05-14T11:50:56.094+0000][839.068s][debug][safepoint     ] ... found polling page return exception at pc = 0x00007f320ca20556, stub =0x00007f3204824b00
[2024-05-14T11:50:57.094+0000][840.068s][debug][safepoint     ] Safepoint synchronization initiated. (365 threads)
[2024-05-14T11:50:57.094+0000][840.068s][info ][safepoint     ] Application time: 1.0002322 seconds
[2024-05-14T11:50:57.095+0000][840.068s][info ][safepoint     ] Entering safepoint region: Cleanup
[2024-05-14T11:50:57.095+0000][840.069s][info ][safepoint     ] Leaving safepoint region
[2024-05-14T11:50:57.095+0000][840.069s][debug][safepoint     ] ... found polling page return exception at pc = 0x00007f320ca20556, stub =0x00007f3204824b00
[2024-05-14T11:50:57.095+0000][840.069s][debug][safepoint     ] ... found polling page return exception at pc = 0x00007f320ca20556, stub =0x00007f3204824b00
[2024-05-14T11:50:57.095+0000][840.069s][info ][safepoint     ] Total time for which application threads were stopped: 0.0010844 seconds, Stopping threads took: 0.0003519 seconds
[2024-05-14T11:50:58.096+0000][841.069s][debug][safepoint     ] Safepoint synchronization initiated. (365 threads)
[2024-05-14T11:50:58.096+0000][841.070s][info ][safepoint     ] Application time: 1.0002067 seconds
[2024-05-14T11:50:58.097+0000][841.070s][info ][safepoint     ] Entering safepoint region: Cleanup
[2024-05-14T11:50:58.097+0000][841.071s][info ][safepoint     ] Leaving safepoint region
[2024-05-14T11:50:58.097+0000][841.071s][info ][safepoint     ] Total time for which application threads were stopped: 0.0016371 seconds, Stopping threads took: 0.0007787 seconds
[2024-05-14T11:50:59.098+0000][842.072s][debug][safepoint     ] Safepoint synchronization initiated. (365 threads)
[2024-05-14T11:50:59.098+0000][842.072s][info ][safepoint     ] Application time: 1.0004618 seconds
[2024-05-14T11:50:59.099+0000][842.073s][info ][safepoint     ] Entering safepoint region: Cleanup
[2024-05-14T11:50:59.100+0000][842.074s][info ][safepoint     ] Leaving safepoint region
[2024-05-14T11:50:59.100+0000][842.074s][info ][safepoint     ] Total time for which application threads were stopped: 0.0020895 seconds, Stopping threads took: 0.0008998 seconds
[2024-05-14T11:51:00.100+0000][843.074s][debug][safepoint     ] Safepoint synchronization initiated. (365 threads)
[2024-05-14T11:51:00.100+0000][843.074s][info ][safepoint     ] Application time: 1.0002704 seconds
[2024-05-14T11:51:00.101+0000][843.074s][info ][safepoint     ] Entering safepoint region: Cleanup
[2024-05-14T11:51:00.101+0000][843.075s][info ][safepoint     ] Leaving safepoint region
[2024-05-14T11:51:00.102+0000][843.075s][info ][safepoint     ] Total time for which application threads were stopped: 0.0011118 seconds, Stopping threads took: 0.0003237 seconds
[2024-05-14T11:51:01.102+0000][844.075s][debug][safepoint     ] Safepoint synchronization initiated. (365 threads)
[2024-05-14T11:51:01.102+0000][844.076s][info ][safepoint     ] Application time: 1.0002570 seconds
[2024-05-14T11:51:01.102+0000][844.076s][info ][safepoint     ] Entering safepoint region: Cleanup
[2024-05-14T11:51:01.103+0000][844.077s][info ][safepoint     ] Leaving safepoint region
[2024-05-14T11:51:01.103+0000][844.077s][info ][safepoint     ] Total time for which application threads were stopped: 0.0010642 seconds, Stopping threads took: 0.0003853 seconds
[2024-05-14T11:51:02.103+0000][845.077s][debug][safepoint     ] Safepoint synchronization initiated. (365 threads)
[2024-05-14T11:51:02.103+0000][845.077s][info ][safepoint     ] Application time: 1.0003441 seconds
[2024-05-14T11:51:02.104+0000][845.077s][info ][safepoint     ] Entering safepoint region: Cleanup
[2024-05-14T11:51:02.105+0000][845.078s][info ][safepoint     ] Leaving safepoint region
[2024-05-14T11:51:02.105+0000][845.078s][info ][safepoint     ] Total time for which application threads were stopped: 0.0012694 seconds, Stopping threads took: 0.0003808 seconds
[2024-05-14T11:51:03.105+0000][846.079s][debug][safepoint     ] Safepoint synchronization initiated. (365 threads)
[2024-05-14T11:51:03.105+0000][846.079s][info ][safepoint     ] Application time: 1.0003029 seconds
[2024-05-14T11:51:03.105+0000][846.079s][info ][safepoint     ] Entering safepoint region: Cleanup
[2024-05-14T11:51:03.106+0000][846.080s][info ][safepoint     ] Leaving safepoint region
[2024-05-14T11:51:03.106+0000][846.080s][info ][safepoint     ] Total time for which application threads were stopped: 0.0012433 seconds, Stopping threads took: 0.0003690 seconds
[2024-05-14T11:51:04.107+0000][847.081s][debug][safepoint     ] Safepoint synchronization initiated. (365 threads)
[2024-05-14T11:51:04.107+0000][847.081s][info ][safepoint     ] Application time: 1.0006534 seconds
[2024-05-14T11:51:04.109+0000][847.083s][info ][safepoint     ] Entering safepoint region: Cleanup
[2024-05-14T11:51:04.110+0000][847.083s][info ][safepoint     ] Leaving safepoint region
[2024-05-14T11:51:04.110+0000][847.084s][info ][safepoint     ] Total time for which application threads were stopped: 0.0028779 seconds, Stopping threads took: 0.0019502 seconds
[2024-05-14T11:51:05.110+0000][848.084s][debug][safepoint     ] Safepoint synchronization initiated. (365 threads)
[2024-05-14T11:51:05.110+0000][848.084s][info ][safepoint     ] Application time: 1.0002227 seconds
[2024-05-14T11:51:05.111+0000][848.084s][info ][safepoint     ] Entering safepoint region: Cleanup
[2024-05-14T11:51:05.112+0000][848.085s][info ][safepoint     ] Leaving safepoint region
[2024-05-14T11:51:05.112+0000][848.086s][info ][safepoint     ] Total time for which application threads were stopped: 0.0017207 seconds, Stopping threads took: 0.0007522 seconds
[2024-05-14T11:51:06.112+0000][849.086s][debug][safepoint     ] Safepoint synchronization initiated. (365 threads)
[2024-05-14T11:51:06.112+0000][849.086s][info ][safepoint     ] Application time: 1.0003299 seconds
[2024-05-14T11:51:06.112+0000][849.086s][debug][safepoint     ] ... found polling page return exception at pc = 0x00007f32084cb4f2, stub =0x00007f3204824b00
[2024-05-14T11:51:06.112+0000][849.086s][debug][safepoint     ] Waiting for 1 thread(s) to block
[2024-05-14T11:51:06.112+0000][849.086s][info ][safepoint     ] Entering safepoint region: Cleanup
[2024-05-14T11:51:06.113+0000][849.087s][info ][safepoint     ] Leaving safepoint region
[2024-05-14T11:51:06.113+0000][849.087s][info ][safepoint     ] Total time for which application threads were stopped: 0.0009909 seconds, Stopping threads took: 0.0003594 seconds
[2024-05-14T11:51:07.113+0000][850.087s][debug][safepoint     ] Safepoint synchronization initiated. (365 threads)
[2024-05-14T11:51:07.113+0000][850.087s][info ][safepoint     ] Application time: 1.0002911 seconds
[2024-05-14T11:51:07.114+0000][850.087s][info ][safepoint     ] Entering safepoint region: Cleanup
[2024-05-14T11:51:07.114+0000][850.088s][info ][safepoint     ] Leaving safepoint region
[2024-05-14T11:51:07.114+0000][850.088s][info ][safepoint     ] Total time for which application threads were stopped: 0.0008589 seconds, Stopping threads took: 0.0003162 seconds
[2024-05-14T11:51:08.115+0000][851.088s][debug][safepoint     ] Safepoint synchronization initiated. (365 threads)
[2024-05-14T11:51:08.115+0000][851.088s][info ][safepoint     ] Application time: 1.0002035 seconds
[2024-05-14T11:51:08.115+0000][851.089s][info ][safepoint     ] Entering safepoint region: Cleanup
[2024-05-14T11:51:08.115+0000][851.089s][info ][safepoint     ] Leaving safepoint region
[2024-05-14T11:51:08.115+0000][851.089s][info ][safepoint     ] Total time for which application threads were stopped: 0.0008477 seconds, Stopping threads took: 0.0002896 seconds
[2024-05-14T11:51:09.116+0000][852.090s][debug][safepoint     ] Safepoint synchronization initiated. (365 threads)
[2024-05-14T11:51:09.117+0000][852.090s][info ][safepoint     ] Application time: 1.0010871 seconds
[2024-05-14T11:51:09.117+0000][852.091s][debug][safepoint     ] ... found polling page return exception at pc = 0x00007f320d18579f, stub =0x00007f3204824b00
[2024-05-14T11:51:09.118+0000][852.092s][debug][safepoint     ] Waiting for 1 thread(s) to block
[2024-05-14T11:51:09.118+0000][852.092s][info ][safepoint     ] Entering safepoint region: Cleanup
[2024-05-14T11:51:09.120+0000][852.093s][info ][safepoint     ] Leaving safepoint region
[2024-05-14T11:51:09.120+0000][852.093s][info ][safepoint     ] Total time for which application threads were stopped: 0.0032174 seconds, Stopping threads took: 0.0018718 seconds
[2024-05-14T11:51:10.120+0000][853.094s][debug][safepoint     ] Safepoint synchronization initiated. (365 threads)
[2024-05-14T11:51:10.120+0000][853.094s][info ][safepoint     ] Application time: 1.0002646 seconds
[2024-05-14T11:51:10.120+0000][853.094s][info ][safepoint     ] Entering safepoint region: Cleanup
[2024-05-14T11:51:10.121+0000][853.095s][debug][safepoint     ] ... found polling page return exception at pc = 0x00007f320ca20556, stub =0x00007f3204824b00
[2024-05-14T11:51:10.121+0000][853.095s][debug][safepoint     ] ... found polling page return exception at pc = 0x00007f320ca20556, stub =0x00007f3204824b00
[2024-05-14T11:51:10.121+0000][853.095s][info ][safepoint     ] Leaving safepoint region
[2024-05-14T11:51:10.121+0000][853.095s][info ][safepoint     ] Total time for which application threads were stopped: 0.0013732 seconds, Stopping threads took: 0.0003908 seconds
[2024-05-14T11:51:11.122+0000][854.096s][debug][safepoint     ] Safepoint synchronization initiated. (365 threads)
[2024-05-14T11:51:11.122+0000][854.096s][info ][safepoint     ] Application time: 1.0003527 seconds
[2024-05-14T11:51:11.122+0000][854.096s][info ][safepoint     ] Entering safepoint region: Cleanup
[2024-05-14T11:51:11.123+0000][854.097s][info ][safepoint     ] Leaving safepoint region
[2024-05-14T11:51:11.123+0000][854.097s][info ][safepoint     ] Total time for which application threads were stopped: 0.0012243 seconds, Stopping threads took: 0.0003332 seconds
[2024-05-14T11:51:12.123+0000][855.097s][debug][safepoint     ] Safepoint synchronization initiated. (365 threads)
[2024-05-14T11:51:12.123+0000][855.097s][info ][safepoint     ] Application time: 1.0002510 seconds
[2024-05-14T11:51:12.124+0000][855.097s][info ][safepoint     ] Entering safepoint region: Cleanup
[2024-05-14T11:51:12.124+0000][855.098s][info ][safepoint     ] Leaving safepoint region
[2024-05-14T11:51:12.124+0000][855.098s][info ][safepoint     ] Total time for which application threads were stopped: 0.0007828 seconds, Stopping threads took: 0.0002887 seconds
[2024-05-14T11:51:13.124+0000][856.098s][debug][safepoint     ] Safepoint synchronization initiated. (365 threads)
[2024-05-14T11:51:13.125+0000][856.098s][info ][safepoint     ] Application time: 1.0003646 seconds
[2024-05-14T11:51:13.125+0000][856.099s][info ][safepoint     ] Entering safepoint region: Cleanup
[2024-05-14T11:51:13.126+0000][856.099s][info ][safepoint     ] Leaving safepoint region
[2024-05-14T11:51:13.126+0000][856.100s][info ][safepoint     ] Total time for which application threads were stopped: 0.0011654 seconds, Stopping threads took: 0.0004044 seconds
[2024-05-14T11:51:14.126+0000][857.100s][debug][safepoint     ] Safepoint synchronization initiated. (365 threads)
[2024-05-14T11:51:14.126+0000][857.100s][info ][safepoint     ] Application time: 1.0001771 seconds
[2024-05-14T11:51:14.126+0000][857.100s][info ][safepoint     ] Entering safepoint region: Cleanup
[2024-05-14T11:51:14.127+0000][857.101s][info ][safepoint     ] Leaving safepoint region
[2024-05-14T11:51:14.127+0000][857.101s][info ][safepoint     ] Total time for which application threads were stopped: 0.0009388 seconds, Stopping threads took: 0.0002933 seconds
[2024-05-14T11:51:14.190+0000][857.164s][debug][safepoint     ] Safepoint synchronization initiated. (365 threads)
[2024-05-14T11:51:14.190+0000][857.164s][info ][safepoint     ] Application time: 0.0633227 seconds
[2024-05-14T11:51:14.190+0000][857.164s][debug][safepoint     ] ... found polling page return exception at pc = 0x00007f320d114eb0, stub =0x00007f3204824b00
[2024-05-14T11:51:14.191+0000][857.164s][debug][safepoint     ] Waiting for 1 thread(s) to block
[2024-05-14T11:51:14.191+0000][857.164s][info ][safepoint     ] Entering safepoint region: G1CollectForAllocation
[2024-05-14T11:51:14.192+0000][857.166s][info ][gc,start      ] GC(107) Pause Young (Normal) (G1 Evacuation Pause)
[2024-05-14T11:51:14.192+0000][857.166s][info ][gc,task       ] GC(107) Using 4 workers of 4 for evacuation
[2024-05-14T11:51:14.215+0000][857.189s][info ][gc,phases     ] GC(107)   Pre Evacuate Collection Set: 0.3ms
[2024-05-14T11:51:14.215+0000][857.189s][info ][gc,phases     ] GC(107)   Evacuate Collection Set: 10.0ms
[2024-05-14T11:51:14.215+0000][857.189s][info ][gc,phases     ] GC(107)   Post Evacuate Collection Set: 10.8ms
[2024-05-14T11:51:14.215+0000][857.189s][info ][gc,phases     ] GC(107)   Other: 2.4ms
[2024-05-14T11:51:14.215+0000][857.189s][info ][gc,heap       ] GC(107) Eden regions: 174->0(174)
[2024-05-14T11:51:14.215+0000][857.189s][info ][gc,heap       ] GC(107) Survivor regions: 1->1(22)
[2024-05-14T11:51:14.215+0000][857.189s][info ][gc,heap       ] GC(107) Old regions: 179->179
[2024-05-14T11:51:14.215+0000][857.189s][info ][gc,heap       ] GC(107) Humongous regions: 0->0
[2024-05-14T11:51:14.215+0000][857.189s][info ][gc,metaspace  ] GC(107) Metaspace: 186367K(192496K)->186367K(192496K) NonClass: 165308K(168996K)->165308K(168996K) Class: 21059K(23500K)->21059K(23500K)
[2024-05-14T11:51:14.215+0000][857.189s][info ][gc            ] GC(107) Pause Young (Normal) (G1 Evacuation Pause) 352M->178M(398M) 23.103ms
[2024-05-14T11:51:14.215+0000][857.189s][info ][gc,cpu        ] GC(107) User=0.08s Sys=0.00s Real=0.02s
[2024-05-14T11:51:14.215+0000][857.189s][debug][safepoint     ] ... found polling page loop exception at pc = 0x00007f320cc711d0, stub =0x00007f3204826680
[2024-05-14T11:51:14.215+0000][857.189s][info ][safepoint     ] Leaving safepoint region
[2024-05-14T11:51:14.215+0000][857.189s][info ][safepoint     ] Total time for which application threads were stopped: 0.0250950 seconds, Stopping threads took: 0.0004729 seconds
[2024-05-14T11:51:14.215+0000][857.189s][info ][gc,stringdedup] Concurrent String Deduplication (857.189s)
[2024-05-14T11:51:14.216+0000][857.189s][info ][gc,stringdedup] Concurrent String Deduplication 152.0B->0.0B(152.0B) avg 54.8% (857.189s, 857.189s) 0.050ms
[2024-05-14T11:51:15.216+0000][858.189s][debug][safepoint     ] Safepoint synchronization initiated. (365 threads)
[2024-05-14T11:51:15.216+0000][858.189s][info ][safepoint     ] Application time: 1.0002218 seconds
[2024-05-14T11:51:15.216+0000][858.190s][info ][safepoint     ] Entering safepoint region: Cleanup
[2024-05-14T11:51:15.217+0000][858.191s][info ][safepoint     ] Leaving safepoint region
[2024-05-14T11:51:15.217+0000][858.191s][info ][safepoint     ] Total time for which application threads were stopped: 0.0014620 seconds, Stopping threads took: 0.0003102 seconds
[2024-05-14T11:51:16.217+0000][859.191s][debug][safepoint     ] Safepoint synchronization initiated. (365 threads)
[2024-05-14T11:51:16.217+0000][859.191s][info ][safepoint     ] Application time: 1.0002743 seconds
[2024-05-14T11:51:16.218+0000][859.191s][info ][safepoint     ] Entering safepoint region: Cleanup
[2024-05-14T11:51:16.218+0000][859.192s][info ][safepoint     ] Leaving safepoint region
[2024-05-14T11:51:16.218+0000][859.192s][info ][safepoint     ] Total time for which application threads were stopped: 0.0008396 seconds, Stopping threads took: 0.0003059 seconds
[2024-05-14T11:51:17.219+0000][860.192s][debug][safepoint     ] Safepoint synchronization initiated. (365 threads)
[2024-05-14T11:51:17.219+0000][860.192s][info ][safepoint     ] Application time: 1.0003034 seconds
[2024-05-14T11:51:17.219+0000][860.193s][info ][safepoint     ] Entering safepoint region: Cleanup
[2024-05-14T11:51:17.220+0000][860.193s][info ][safepoint     ] Leaving safepoint region
[2024-05-14T11:51:17.220+0000][860.193s][info ][safepoint     ] Total time for which application threads were stopped: 0.0009228 seconds, Stopping threads took: 0.0003039 seconds
[2024-05-14T11:51:18.220+0000][861.194s][debug][safepoint     ] Safepoint synchronization initiated. (365 threads)
[2024-05-14T11:51:18.220+0000][861.194s][info ][safepoint     ] Application time: 1.0002871 seconds
[2024-05-14T11:51:18.221+0000][861.194s][debug][safepoint     ] ... found polling page return exception at pc = 0x00007f320c343176, stub =0x00007f3204824b00
[2024-05-14T11:51:18.221+0000][861.195s][debug][safepoint     ] Waiting for 2 thread(s) to block
[2024-05-14T11:51:18.221+0000][861.195s][info ][safepoint     ] Entering safepoint region: Cleanup
[2024-05-14T11:51:18.223+0000][861.197s][info ][safepoint     ] Leaving safepoint region
[2024-05-14T11:51:18.223+0000][861.197s][info ][safepoint     ] Total time for which application threads were stopped: 0.0028114 seconds, Stopping threads took: 0.0014634 seconds
[2024-05-14T11:51:19.223+0000][862.197s][debug][safepoint     ] Safepoint synchronization initiated. (365 threads)
[2024-05-14T11:51:19.223+0000][862.197s][info ][safepoint     ] Application time: 1.0002591 seconds
[2024-05-14T11:51:19.223+0000][862.197s][debug][safepoint     ] Waiting for 1 thread(s) to block
[2024-05-14T11:51:19.224+0000][862.198s][info ][safepoint     ] Entering safepoint region: Cleanup
[2024-05-14T11:51:19.224+0000][862.198s][info ][safepoint     ] Leaving safepoint region
[2024-05-14T11:51:19.224+0000][862.198s][info ][safepoint     ] Total time for which application threads were stopped: 0.0012250 seconds, Stopping threads took: 0.0007385 seconds
[2024-05-14T11:51:20.225+0000][863.198s][debug][safepoint     ] Safepoint synchronization initiated. (365 threads)
[2024-05-14T11:51:20.225+0000][863.199s][info ][safepoint     ] Application time: 1.0002823 seconds
[2024-05-14T11:51:20.225+0000][863.199s][info ][safepoint     ] Entering safepoint region: Cleanup
[2024-05-14T11:51:20.226+0000][863.199s][info ][safepoint     ] Leaving safepoint region
[2024-05-14T11:51:20.226+0000][863.199s][info ][safepoint     ] Total time for which application threads were stopped: 0.0008922 seconds, Stopping threads took: 0.0002391 seconds
[2024-05-14T11:51:21.226+0000][864.200s][debug][safepoint     ] Safepoint synchronization initiated. (365 threads)
[2024-05-14T11:51:21.226+0000][864.200s][info ][safepoint     ] Application time: 1.0001423 seconds
[2024-05-14T11:51:21.226+0000][864.200s][info ][safepoint     ] Entering safepoint region: Cleanup
[2024-05-14T11:51:21.227+0000][864.200s][info ][safepoint     ] Leaving safepoint region
[2024-05-14T11:51:21.227+0000][864.200s][info ][safepoint     ] Total time for which application threads were stopped: 0.0006766 seconds, Stopping threads took: 0.0001775 seconds
[2024-05-14T11:51:21.227+0000][864.200s][debug][safepoint     ] ... found polling page return exception at pc = 0x00007f320ca20556, stub =0x00007f3204824b00
[2024-05-14T11:51:22.227+0000][865.200s][debug][safepoint     ] Safepoint synchronization initiated. (365 threads)
[2024-05-14T11:51:22.227+0000][865.200s][info ][safepoint     ] Application time: 1.0001652 seconds
[2024-05-14T11:51:22.227+0000][865.201s][info ][safepoint     ] Entering safepoint region: Cleanup
[2024-05-14T11:51:22.228+0000][865.202s][info ][safepoint     ] Leaving safepoint region
[2024-05-14T11:51:22.228+0000][865.202s][info ][safepoint     ] Total time for which application threads were stopped: 0.0010296 seconds, Stopping threads took: 0.0002426 seconds
[2024-05-14T11:51:23.228+0000][866.202s][debug][safepoint     ] Safepoint synchronization initiated. (365 threads)
[2024-05-14T11:51:23.228+0000][866.202s][info ][safepoint     ] Application time: 1.0002421 seconds
[2024-05-14T11:51:23.228+0000][866.202s][info ][safepoint     ] Entering safepoint region: Cleanup
[2024-05-14T11:51:23.229+0000][866.203s][info ][safepoint     ] Leaving safepoint region
[2024-05-14T11:51:23.229+0000][866.203s][info ][safepoint     ] Total time for which application threads were stopped: 0.0011182 seconds, Stopping threads took: 0.0003932 seconds
[2024-05-14T11:51:24.229+0000][867.203s][debug][safepoint     ] Safepoint synchronization initiated. (365 threads)
[2024-05-14T11:51:24.230+0000][867.203s][info ][safepoint     ] Application time: 1.0003168 seconds
[2024-05-14T11:51:24.230+0000][867.204s][debug][safepoint     ] ... found polling page return exception at pc = 0x00007f320c841ce8, stub =0x00007f3204824b00
[2024-05-14T11:51:24.230+0000][867.204s][debug][safepoint     ] Waiting for 1 thread(s) to block
[2024-05-14T11:51:24.230+0000][867.204s][info ][safepoint     ] Entering safepoint region: Cleanup
[2024-05-14T11:51:24.231+0000][867.205s][debug][safepoint     ] ... found polling page return exception at pc = 0x00007f320ca20556, stub =0x00007f3204824b00
[2024-05-14T11:51:24.231+0000][867.205s][info ][safepoint     ] Leaving safepoint region
[2024-05-14T11:51:24.231+0000][867.205s][info ][safepoint     ] Total time for which application threads were stopped: 0.0013322 seconds, Stopping threads took: 0.0005467 seconds
[2024-05-14T11:51:24.231+0000][867.205s][debug][safepoint     ] ... found polling page return exception at pc = 0x00007f320ca20556, stub =0x00007f3204824b00
[2024-05-14T11:51:25.231+0000][868.205s][debug][safepoint     ] Safepoint synchronization initiated. (365 threads)
[2024-05-14T11:51:25.231+0000][868.205s][info ][safepoint     ] Application time: 1.0002768 seconds
[2024-05-14T11:51:25.232+0000][868.205s][info ][safepoint     ] Entering safepoint region: Cleanup
[2024-05-14T11:51:25.232+0000][868.206s][info ][safepoint     ] Leaving safepoint region
[2024-05-14T11:51:25.232+0000][868.206s][info ][safepoint     ] Total time for which application threads were stopped: 0.0008411 seconds, Stopping threads took: 0.0002478 seconds
[2024-05-14T11:51:26.232+0000][869.206s][debug][safepoint     ] Safepoint synchronization initiated. (365 threads)
[2024-05-14T11:51:26.232+0000][869.206s][info ][safepoint     ] Application time: 1.0003038 seconds
[2024-05-14T11:51:26.233+0000][869.206s][info ][safepoint     ] Entering safepoint region: Cleanup
[2024-05-14T11:51:26.234+0000][869.207s][info ][safepoint     ] Leaving safepoint region
[2024-05-14T11:51:26.234+0000][869.207s][info ][safepoint     ] Total time for which application threads were stopped: 0.0012385 seconds, Stopping threads took: 0.0003203 seconds
[2024-05-14T11:51:27.234+0000][870.208s][debug][safepoint     ] Safepoint synchronization initiated. (365 threads)
[2024-05-14T11:51:27.234+0000][870.208s][info ][safepoint     ] Application time: 1.0002488 seconds
[2024-05-14T11:51:27.234+0000][870.208s][info ][safepoint     ] Entering safepoint region: Cleanup
[2024-05-14T11:51:27.235+0000][870.209s][debug][safepoint     ] ... found polling page return exception at pc = 0x00007f320ca20556, stub =0x00007f3204824b00
[2024-05-14T11:51:27.235+0000][870.209s][info ][safepoint     ] Leaving safepoint region
[2024-05-14T11:51:27.235+0000][870.209s][info ][safepoint     ] Total time for which application threads were stopped: 0.0013066 seconds, Stopping threads took: 0.0003302 seconds
[2024-05-14T11:51:27.235+0000][870.209s][debug][safepoint     ] ... found polling page return exception at pc = 0x00007f320ca20556, stub =0x00007f3204824b00
[2024-05-14T11:51:28.236+0000][871.209s][debug][safepoint     ] Safepoint synchronization initiated. (365 threads)
[2024-05-14T11:51:28.236+0000][871.209s][info ][safepoint     ] Application time: 1.0002986 seconds
[2024-05-14T11:51:28.236+0000][871.210s][info ][safepoint     ] Entering safepoint region: Cleanup
[2024-05-14T11:51:28.237+0000][871.210s][info ][safepoint     ] Leaving safepoint region
[2024-05-14T11:51:28.237+0000][871.210s][info ][safepoint     ] Total time for which application threads were stopped: 0.0010365 seconds, Stopping threads took: 0.0003645 seconds
[2024-05-14T11:51:29.237+0000][872.211s][debug][safepoint     ] Safepoint synchronization initiated. (365 threads)
[2024-05-14T11:51:29.237+0000][872.211s][info ][safepoint     ] Application time: 1.0003072 seconds
[2024-05-14T11:51:29.237+0000][872.211s][info ][safepoint     ] Entering safepoint region: Cleanup
[2024-05-14T11:51:29.238+0000][872.212s][debug][safepoint     ] ... found polling page return exception at pc = 0x00007f320ca20556, stub =0x00007f3204824b00
[2024-05-14T11:51:29.238+0000][872.212s][info ][safepoint     ] Leaving safepoint region
[2024-05-14T11:51:29.238+0000][872.212s][info ][safepoint     ] Total time for which application threads were stopped: 0.0008696 seconds, Stopping threads took: 0.0002424 seconds
[2024-05-14T11:51:30.238+0000][873.212s][debug][safepoint     ] Safepoint synchronization initiated. (365 threads)
[2024-05-14T11:51:30.238+0000][873.212s][info ][safepoint     ] Application time: 1.0002057 seconds
[2024-05-14T11:51:30.238+0000][873.212s][info ][safepoint     ] Entering safepoint region: Cleanup
[2024-05-14T11:51:30.239+0000][873.213s][info ][safepoint     ] Leaving safepoint region
[2024-05-14T11:51:30.239+0000][873.213s][info ][safepoint     ] Total time for which application threads were stopped: 0.0010253 seconds, Stopping threads took: 0.0002520 seconds
[2024-05-14T11:51:31.239+0000][874.213s][debug][safepoint     ] Safepoint synchronization initiated. (365 threads)
[2024-05-14T11:51:31.239+0000][874.213s][info ][safepoint     ] Application time: 1.0002456 seconds
[2024-05-14T11:51:31.240+0000][874.213s][info ][safepoint     ] Entering safepoint region: Cleanup
[2024-05-14T11:51:31.241+0000][874.214s][debug][safepoint     ] ... found polling page return exception at pc = 0x00007f320ca20556, stub =0x00007f3204824b00
[2024-05-14T11:51:31.241+0000][874.214s][info ][safepoint     ] Leaving safepoint region
[2024-05-14T11:51:31.241+0000][874.214s][info ][safepoint     ] Total time for which application threads were stopped: 0.0011447 seconds, Stopping threads took: 0.0002654 seconds
[2024-05-14T11:51:32.241+0000][875.215s][debug][safepoint     ] Safepoint synchronization initiated. (365 threads)
[2024-05-14T11:51:32.241+0000][875.215s][info ][safepoint     ] Application time: 1.0002315 seconds
[2024-05-14T11:51:32.241+0000][875.215s][info ][safepoint     ] Entering safepoint region: Cleanup
[2024-05-14T11:51:32.242+0000][875.216s][info ][safepoint     ] Leaving safepoint region
[2024-05-14T11:51:32.242+0000][875.216s][info ][safepoint     ] Total time for which application threads were stopped: 0.0008883 seconds, Stopping threads took: 0.0002561 seconds
[2024-05-14T11:51:33.242+0000][876.216s][debug][safepoint     ] Safepoint synchronization initiated. (365 threads)
[2024-05-14T11:51:33.242+0000][876.216s][info ][safepoint     ] Application time: 1.0001757 seconds
[2024-05-14T11:51:33.242+0000][876.216s][info ][safepoint     ] Entering safepoint region: Cleanup
[2024-05-14T11:51:33.243+0000][876.216s][info ][safepoint     ] Leaving safepoint region
[2024-05-14T11:51:33.243+0000][876.216s][info ][safepoint     ] Total time for which application threads were stopped: 0.0006066 seconds, Stopping threads took: 0.0001716 seconds
[2024-05-14T11:51:34.243+0000][877.217s][debug][safepoint     ] Safepoint synchronization initiated. (365 threads)
[2024-05-14T11:51:34.243+0000][877.217s][info ][safepoint     ] Application time: 1.0002574 seconds
[2024-05-14T11:51:34.243+0000][877.217s][info ][safepoint     ] Entering safepoint region: Cleanup
[2024-05-14T11:51:34.244+0000][877.218s][info ][safepoint     ] Leaving safepoint region
[2024-05-14T11:51:34.244+0000][877.218s][info ][safepoint     ] Total time for which application threads were stopped: 0.0010826 seconds, Stopping threads took: 0.0002571 seconds
[2024-05-14T11:51:35.244+0000][878.218s][debug][safepoint     ] Safepoint synchronization initiated. (365 threads)
[2024-05-14T11:51:35.244+0000][878.218s][info ][safepoint     ] Application time: 1.0002864 seconds
[2024-05-14T11:51:35.245+0000][878.218s][info ][safepoint     ] Entering safepoint region: Cleanup
[2024-05-14T11:51:35.246+0000][878.219s][info ][safepoint     ] Leaving safepoint region
[2024-05-14T11:51:35.246+0000][878.219s][info ][safepoint     ] Total time for which application threads were stopped: 0.0012350 seconds, Stopping threads took: 0.0003605 seconds
[2024-05-14T11:51:36.246+0000][879.220s][debug][safepoint     ] Safepoint synchronization initiated. (365 threads)
[2024-05-14T11:51:36.246+0000][879.220s][info ][safepoint     ] Application time: 1.0004120 seconds
[2024-05-14T11:51:36.246+0000][879.220s][info ][safepoint     ] Entering safepoint region: Cleanup
[2024-05-14T11:51:36.247+0000][879.221s][info ][safepoint     ] Leaving safepoint region
[2024-05-14T11:51:36.247+0000][879.221s][info ][safepoint     ] Total time for which application threads were stopped: 0.0012078 seconds, Stopping threads took: 0.0003806 seconds
[2024-05-14T11:51:36.632+0000][879.605s][debug][safepoint     ] Safepoint synchronization initiated. (365 threads)
[2024-05-14T11:51:36.632+0000][879.605s][info ][safepoint     ] Application time: 0.3843686 seconds
[2024-05-14T11:51:36.632+0000][879.606s][debug][safepoint     ] ... found polling page return exception at pc = 0x00007f320c5127f7, stub =0x00007f3204824b00
[2024-05-14T11:51:36.632+0000][879.606s][debug][safepoint     ] Waiting for 1 thread(s) to block
[2024-05-14T11:51:36.633+0000][879.606s][info ][safepoint     ] Entering safepoint region: G1CollectForAllocation
[2024-05-14T11:51:36.634+0000][879.607s][info ][gc,start      ] GC(108) Pause Young (Normal) (G1 Evacuation Pause)
[2024-05-14T11:51:36.634+0000][879.608s][info ][gc,task       ] GC(108) Using 4 workers of 4 for evacuation
[2024-05-14T11:51:36.661+0000][879.635s][info ][gc,phases     ] GC(108)   Pre Evacuate Collection Set: 0.3ms
[2024-05-14T11:51:36.661+0000][879.635s][info ][gc,phases     ] GC(108)   Evacuate Collection Set: 9.6ms
[2024-05-14T11:51:36.661+0000][879.635s][info ][gc,phases     ] GC(108)   Post Evacuate Collection Set: 16.6ms
[2024-05-14T11:51:36.662+0000][879.635s][info ][gc,phases     ] GC(108)   Other: 1.7ms
[2024-05-14T11:51:36.662+0000][879.635s][info ][gc,heap       ] GC(108) Eden regions: 174->0(174)
[2024-05-14T11:51:36.662+0000][879.635s][info ][gc,heap       ] GC(108) Survivor regions: 1->1(22)
[2024-05-14T11:51:36.662+0000][879.635s][info ][gc,heap       ] GC(108) Old regions: 179->179
[2024-05-14T11:51:36.662+0000][879.635s][info ][gc,heap       ] GC(108) Humongous regions: 0->0
[2024-05-14T11:51:36.662+0000][879.635s][info ][gc,metaspace  ] GC(108) Metaspace: 186383K(192496K)->186383K(192496K) NonClass: 165323K(168996K)->165323K(168996K) Class: 21059K(23500K)->21059K(23500K)
[2024-05-14T11:51:36.662+0000][879.635s][info ][gc            ] GC(108) Pause Young (Normal) (G1 Evacuation Pause) 352M->178M(398M) 27.923ms
[2024-05-14T11:51:36.662+0000][879.636s][info ][gc,cpu        ] GC(108) User=0.06s Sys=0.00s Real=0.03s
[2024-05-14T11:51:36.662+0000][879.636s][info ][safepoint     ] Leaving safepoint region
[2024-05-14T11:51:36.662+0000][879.636s][info ][safepoint     ] Total time for which application threads were stopped: 0.0301354 seconds, Stopping threads took: 0.0008589 seconds
[2024-05-14T11:51:36.662+0000][879.636s][info ][gc,stringdedup] Concurrent String Deduplication (879.636s)
[2024-05-14T11:51:36.662+0000][879.636s][info ][gc,stringdedup] Concurrent String Deduplication 32.0B->0.0B(32.0B) avg 54.8% (879.636s, 879.636s) 0.031ms
[2024-05-14T11:51:37.662+0000][880.636s][debug][safepoint     ] Safepoint synchronization initiated. (365 threads)
[2024-05-14T11:51:37.662+0000][880.636s][info ][safepoint     ] Application time: 1.0002513 seconds
[2024-05-14T11:51:37.663+0000][880.637s][info ][safepoint     ] Entering safepoint region: Cleanup
[2024-05-14T11:51:37.664+0000][880.638s][info ][safepoint     ] Leaving safepoint region
[2024-05-14T11:51:37.664+0000][880.638s][info ][safepoint     ] Total time for which application threads were stopped: 0.0022267 seconds, Stopping threads took: 0.0009479 seconds
[2024-05-14T11:51:38.665+0000][881.638s][debug][safepoint     ] Safepoint synchronization initiated. (365 threads)
[2024-05-14T11:51:38.665+0000][881.638s][info ][safepoint     ] Application time: 1.0002816 seconds
[2024-05-14T11:51:38.665+0000][881.639s][info ][safepoint     ] Entering safepoint region: Cleanup
[2024-05-14T11:51:38.666+0000][881.639s][info ][safepoint     ] Leaving safepoint region
[2024-05-14T11:51:38.666+0000][881.640s][info ][safepoint     ] Total time for which application threads were stopped: 0.0010218 seconds, Stopping threads took: 0.0002264 seconds
[2024-05-14T11:51:39.666+0000][882.640s][debug][safepoint     ] Safepoint synchronization initiated. (365 threads)
[2024-05-14T11:51:39.666+0000][882.640s][info ][safepoint     ] Application time: 1.0003050 seconds
[2024-05-14T11:51:39.667+0000][882.640s][info ][safepoint     ] Entering safepoint region: Cleanup
[2024-05-14T11:51:39.667+0000][882.641s][info ][safepoint     ] Leaving safepoint region
[2024-05-14T11:51:39.667+0000][882.641s][info ][safepoint     ] Total time for which application threads were stopped: 0.0012753 seconds, Stopping threads took: 0.0003657 seconds
[2024-05-14T11:51:40.668+0000][883.641s][debug][safepoint     ] Safepoint synchronization initiated. (365 threads)
[2024-05-14T11:51:40.668+0000][883.641s][info ][safepoint     ] Application time: 1.0002772 seconds
[2024-05-14T11:51:40.668+0000][883.642s][info ][safepoint     ] Entering safepoint region: Cleanup
[2024-05-14T11:51:40.669+0000][883.643s][info ][safepoint     ] Leaving safepoint region
[2024-05-14T11:51:40.669+0000][883.643s][info ][safepoint     ] Total time for which application threads were stopped: 0.0012385 seconds, Stopping threads took: 0.0004520 seconds
[2024-05-14T11:51:41.669+0000][884.643s][debug][safepoint     ] Safepoint synchronization initiated. (365 threads)
[2024-05-14T11:51:41.669+0000][884.643s][info ][safepoint     ] Application time: 1.0003883 seconds
[2024-05-14T11:51:41.670+0000][884.644s][info ][safepoint     ] Entering safepoint region: Cleanup
[2024-05-14T11:51:41.671+0000][884.645s][info ][safepoint     ] Leaving safepoint region
[2024-05-14T11:51:41.671+0000][884.645s][info ][safepoint     ] Total time for which application threads were stopped: 0.0013819 seconds, Stopping threads took: 0.0005614 seconds
[2024-05-14T11:51:42.671+0000][885.645s][debug][safepoint     ] Safepoint synchronization initiated. (365 threads)
[2024-05-14T11:51:42.671+0000][885.645s][info ][safepoint     ] Application time: 1.0002544 seconds
[2024-05-14T11:51:42.672+0000][885.645s][info ][safepoint     ] Entering safepoint region: Cleanup
[2024-05-14T11:51:42.672+0000][885.646s][info ][safepoint     ] Leaving safepoint region
[2024-05-14T11:51:42.672+0000][885.646s][info ][safepoint     ] Total time for which application threads were stopped: 0.0013171 seconds, Stopping threads took: 0.0004093 seconds
[2024-05-14T11:51:43.673+0000][886.646s][debug][safepoint     ] Safepoint synchronization initiated. (365 threads)
[2024-05-14T11:51:43.673+0000][886.646s][info ][safepoint     ] Application time: 1.0002690 seconds
[2024-05-14T11:51:43.673+0000][886.647s][info ][safepoint     ] Entering safepoint region: Cleanup
[2024-05-14T11:51:43.674+0000][886.648s][info ][safepoint     ] Leaving safepoint region
[2024-05-14T11:51:43.674+0000][886.648s][info ][safepoint     ] Total time for which application threads were stopped: 0.0012599 seconds, Stopping threads took: 0.0004246 seconds
[2024-05-14T11:51:44.674+0000][887.648s][debug][safepoint     ] Safepoint synchronization initiated. (365 threads)
[2024-05-14T11:51:44.674+0000][887.648s][info ][safepoint     ] Application time: 1.0002916 seconds
[2024-05-14T11:51:44.675+0000][887.648s][info ][safepoint     ] Entering safepoint region: Cleanup
[2024-05-14T11:51:44.675+0000][887.649s][info ][safepoint     ] Leaving safepoint region
[2024-05-14T11:51:44.675+0000][887.649s][info ][safepoint     ] Total time for which application threads were stopped: 0.0009426 seconds, Stopping threads took: 0.0003571 seconds
[2024-05-14T11:51:45.676+0000][888.649s][debug][safepoint     ] Safepoint synchronization initiated. (365 threads)
[2024-05-14T11:51:45.676+0000][888.650s][info ][safepoint     ] Application time: 1.0004171 seconds
[2024-05-14T11:51:45.676+0000][888.650s][info ][safepoint     ] Entering safepoint region: Cleanup
[2024-05-14T11:51:45.677+0000][888.650s][info ][safepoint     ] Leaving safepoint region
[2024-05-14T11:51:45.677+0000][888.650s][info ][safepoint     ] Total time for which application threads were stopped: 0.0008900 seconds, Stopping threads took: 0.0002991 seconds
[2024-05-14T11:51:46.677+0000][889.651s][debug][safepoint     ] Safepoint synchronization initiated. (365 threads)
[2024-05-14T11:51:46.677+0000][889.651s][info ][safepoint     ] Application time: 1.0002311 seconds
[2024-05-14T11:51:46.677+0000][889.651s][debug][safepoint     ] ... found polling page return exception at pc = 0x00007f320c79ef83, stub =0x00007f3204824b00
[2024-05-14T11:51:46.678+0000][889.652s][debug][safepoint     ] Waiting for 1 thread(s) to block
[2024-05-14T11:51:46.678+0000][889.652s][info ][safepoint     ] Entering safepoint region: Cleanup
[2024-05-14T11:51:46.679+0000][889.653s][info ][safepoint     ] Leaving safepoint region
[2024-05-14T11:51:46.679+0000][889.653s][info ][safepoint     ] Total time for which application threads were stopped: 0.0021698 seconds, Stopping threads took: 0.0013195 seconds
[2024-05-14T11:51:47.679+0000][890.653s][debug][safepoint     ] Safepoint synchronization initiated. (365 threads)
[2024-05-14T11:51:47.680+0000][890.653s][info ][safepoint     ] Application time: 1.0002952 seconds
[2024-05-14T11:51:47.680+0000][890.654s][debug][safepoint     ] ... found polling page return exception at pc = 0x00007f320d17f769, stub =0x00007f3204824b00
[2024-05-14T11:51:47.680+0000][890.654s][debug][safepoint     ] Waiting for 1 thread(s) to block
[2024-05-14T11:51:47.680+0000][890.654s][info ][safepoint     ] Entering safepoint region: Cleanup
[2024-05-14T11:51:47.681+0000][890.655s][info ][safepoint     ] Leaving safepoint region
[2024-05-14T11:51:47.681+0000][890.655s][info ][safepoint     ] Total time for which application threads were stopped: 0.0018014 seconds, Stopping threads took: 0.0008640 seconds
[2024-05-14T11:51:48.682+0000][891.655s][debug][safepoint     ] Safepoint synchronization initiated. (365 threads)
[2024-05-14T11:51:48.682+0000][891.655s][info ][safepoint     ] Application time: 1.0004131 seconds
[2024-05-14T11:51:48.682+0000][891.656s][info ][safepoint     ] Entering safepoint region: Cleanup
[2024-05-14T11:51:48.683+0000][891.656s][info ][safepoint     ] Leaving safepoint region
[2024-05-14T11:51:48.683+0000][891.657s][info ][safepoint     ] Total time for which application threads were stopped: 0.0009779 seconds, Stopping threads took: 0.0003536 seconds
[2024-05-14T11:51:49.683+0000][892.657s][debug][safepoint     ] Safepoint synchronization initiated. (365 threads)
[2024-05-14T11:51:49.683+0000][892.657s][info ][safepoint     ] Application time: 1.0001992 seconds
[2024-05-14T11:51:49.683+0000][892.657s][debug][safepoint     ] Waiting for 1 thread(s) to block
[2024-05-14T11:51:49.683+0000][892.657s][info ][safepoint     ] Entering safepoint region: Cleanup
[2024-05-14T11:51:49.684+0000][892.658s][debug][safepoint     ] ... found polling page return exception at pc = 0x00007f320ca20556, stub =0x00007f3204824b00
[2024-05-14T11:51:49.684+0000][892.658s][info ][safepoint     ] Leaving safepoint region
[2024-05-14T11:51:49.684+0000][892.658s][info ][safepoint     ] Total time for which application threads were stopped: 0.0010082 seconds, Stopping threads took: 0.0004521 seconds
[2024-05-14T11:51:50.684+0000][893.658s][debug][safepoint     ] Safepoint synchronization initiated. (365 threads)
[2024-05-14T11:51:50.684+0000][893.658s][info ][safepoint     ] Application time: 1.0002055 seconds
[2024-05-14T11:51:50.685+0000][893.658s][info ][safepoint     ] Entering safepoint region: Cleanup
[2024-05-14T11:51:50.685+0000][893.659s][info ][safepoint     ] Leaving safepoint region
[2024-05-14T11:51:50.685+0000][893.659s][debug][safepoint     ] ... found polling page return exception at pc = 0x00007f320ca20556, stub =0x00007f3204824b00
[2024-05-14T11:51:50.685+0000][893.659s][info ][safepoint     ] Total time for which application threads were stopped: 0.0010235 seconds, Stopping threads took: 0.0002629 seconds
[2024-05-14T11:51:51.686+0000][894.659s][debug][safepoint     ] Safepoint synchronization initiated. (365 threads)
[2024-05-14T11:51:51.686+0000][894.660s][info ][safepoint     ] Application time: 1.0003879 seconds
[2024-05-14T11:51:51.687+0000][894.660s][info ][safepoint     ] Entering safepoint region: Cleanup
[2024-05-14T11:51:51.688+0000][894.661s][info ][safepoint     ] Leaving safepoint region
[2024-05-14T11:51:51.688+0000][894.661s][info ][safepoint     ] Total time for which application threads were stopped: 0.0017833 seconds, Stopping threads took: 0.0008020 seconds
[2024-05-14T11:51:52.688+0000][895.662s][debug][safepoint     ] Safepoint synchronization initiated. (365 threads)
[2024-05-14T11:51:52.688+0000][895.662s][info ][safepoint     ] Application time: 1.0002669 seconds
[2024-05-14T11:51:52.688+0000][895.662s][debug][safepoint     ] ... found polling page return exception at pc = 0x00007f320c81b643, stub =0x00007f3204824b00
[2024-05-14T11:51:52.688+0000][895.662s][debug][safepoint     ] Waiting for 2 thread(s) to block
[2024-05-14T11:51:52.688+0000][895.662s][info ][safepoint     ] Entering safepoint region: Cleanup
[2024-05-14T11:51:52.689+0000][895.663s][debug][safepoint     ] ... found polling page return exception at pc = 0x00007f320ca20556, stub =0x00007f3204824b00
[2024-05-14T11:51:52.689+0000][895.663s][info ][safepoint     ] Leaving safepoint region
[2024-05-14T11:51:52.689+0000][895.663s][info ][safepoint     ] Total time for which application threads were stopped: 0.0011073 seconds, Stopping threads took: 0.0004638 seconds
[2024-05-14T11:51:52.689+0000][895.663s][debug][safepoint     ] ... found polling page return exception at pc = 0x00007f320ca20556, stub =0x00007f3204824b00
[2024-05-14T11:51:53.689+0000][896.663s][debug][safepoint     ] Safepoint synchronization initiated. (365 threads)
[2024-05-14T11:51:53.689+0000][896.663s][info ][safepoint     ] Application time: 1.0002582 seconds
[2024-05-14T11:51:53.690+0000][896.664s][info ][safepoint     ] Entering safepoint region: Cleanup
[2024-05-14T11:51:53.692+0000][896.665s][info ][safepoint     ] Leaving safepoint region
[2024-05-14T11:51:53.692+0000][896.665s][info ][safepoint     ] Total time for which application threads were stopped: 0.0023097 seconds, Stopping threads took: 0.0009140 seconds
[2024-05-14T11:51:54.692+0000][897.666s][debug][safepoint     ] Safepoint synchronization initiated. (365 threads)
[2024-05-14T11:51:54.692+0000][897.666s][info ][safepoint     ] Application time: 1.0002143 seconds
[2024-05-14T11:51:54.692+0000][897.666s][info ][safepoint     ] Entering safepoint region: Cleanup
[2024-05-14T11:51:54.693+0000][897.666s][info ][safepoint     ] Leaving safepoint region
[2024-05-14T11:51:54.693+0000][897.666s][info ][safepoint     ] Total time for which application threads were stopped: 0.0007629 seconds, Stopping threads took: 0.0002615 seconds
[2024-05-14T11:51:55.693+0000][898.667s][debug][safepoint     ] Safepoint synchronization initiated. (365 threads)
[2024-05-14T11:51:55.693+0000][898.667s][info ][safepoint     ] Application time: 1.0002358 seconds
[2024-05-14T11:51:55.693+0000][898.667s][debug][safepoint     ] ... found polling page return exception at pc = 0x00007f320ccb48f2, stub =0x00007f3204824b00
[2024-05-14T11:51:55.693+0000][898.667s][debug][safepoint     ] Waiting for 2 thread(s) to block
[2024-05-14T11:51:55.694+0000][898.667s][info ][safepoint     ] Entering safepoint region: Cleanup
[2024-05-14T11:51:55.694+0000][898.668s][info ][safepoint     ] Leaving safepoint region
[2024-05-14T11:51:55.694+0000][898.668s][info ][safepoint     ] Total time for which application threads were stopped: 0.0014407 seconds, Stopping threads took: 0.0007266 seconds
[2024-05-14T11:51:56.695+0000][899.668s][debug][safepoint     ] Safepoint synchronization initiated. (365 threads)
[2024-05-14T11:51:56.695+0000][899.668s][info ][safepoint     ] Application time: 1.0002580 seconds
[2024-05-14T11:51:56.695+0000][899.669s][info ][safepoint     ] Entering safepoint region: Cleanup
[2024-05-14T11:51:56.696+0000][899.670s][info ][safepoint     ] Leaving safepoint region
[2024-05-14T11:51:56.696+0000][899.670s][info ][safepoint     ] Total time for which application threads were stopped: 0.0011390 seconds, Stopping threads took: 0.0003295 seconds
[2024-05-14T11:51:57.696+0000][900.670s][debug][safepoint     ] Safepoint synchronization initiated. (365 threads)
[2024-05-14T11:51:57.696+0000][900.670s][info ][safepoint     ] Application time: 1.0002322 seconds
[2024-05-14T11:51:57.696+0000][900.670s][debug][safepoint     ] ... found polling page return exception at pc = 0x00007f320c3db29f, stub =0x00007f3204824b00
[2024-05-14T11:51:57.697+0000][900.671s][debug][safepoint     ] Waiting for 1 thread(s) to block
[2024-05-14T11:51:57.697+0000][900.671s][info ][safepoint     ] Entering safepoint region: Cleanup
[2024-05-14T11:51:57.698+0000][900.672s][info ][safepoint     ] Leaving safepoint region
[2024-05-14T11:51:57.698+0000][900.672s][info ][safepoint     ] Total time for which application threads were stopped: 0.0018574 seconds, Stopping threads took: 0.0009059 seconds
[2024-05-14T11:51:58.698+0000][901.672s][debug][safepoint     ] Safepoint synchronization initiated. (365 threads)
[2024-05-14T11:51:58.698+0000][901.672s][info ][safepoint     ] Application time: 1.0002082 seconds
[2024-05-14T11:51:58.699+0000][901.672s][info ][safepoint     ] Entering safepoint region: Cleanup
[2024-05-14T11:51:58.699+0000][901.673s][info ][safepoint     ] Leaving safepoint region
[2024-05-14T11:51:58.699+0000][901.673s][info ][safepoint     ] Total time for which application threads were stopped: 0.0007465 seconds, Stopping threads took: 0.0002066 seconds
[2024-05-14T11:51:59.699+0000][902.673s][debug][safepoint     ] Safepoint synchronization initiated. (365 threads)
[2024-05-14T11:51:59.699+0000][902.673s][info ][safepoint     ] Application time: 1.0003053 seconds
[2024-05-14T11:51:59.699+0000][902.673s][debug][safepoint     ] ... found polling page return exception at pc = 0x00007f320d1e2a0c, stub =0x00007f3204824b00
[2024-05-14T11:51:59.700+0000][902.673s][debug][safepoint     ] Waiting for 1 thread(s) to block
[2024-05-14T11:51:59.700+0000][902.674s][info ][safepoint     ] Entering safepoint region: Cleanup
[2024-05-14T11:51:59.701+0000][902.674s][info ][safepoint     ] Leaving safepoint region
[2024-05-14T11:51:59.701+0000][902.674s][info ][safepoint     ] Total time for which application threads were stopped: 0.0012048 seconds, Stopping threads took: 0.0004513 seconds
[2024-05-14T11:51:59.836+0000][902.809s][debug][safepoint     ] Safepoint synchronization initiated. (365 threads)
[2024-05-14T11:51:59.836+0000][902.809s][info ][safepoint     ] Application time: 0.1350891 seconds
[2024-05-14T11:51:59.836+0000][902.810s][info ][safepoint     ] Entering safepoint region: G1CollectForAllocation
[2024-05-14T11:51:59.838+0000][902.812s][info ][gc,start      ] GC(109) Pause Young (Normal) (G1 Evacuation Pause)
[2024-05-14T11:51:59.838+0000][902.812s][info ][gc,task       ] GC(109) Using 4 workers of 4 for evacuation
[2024-05-14T11:51:59.863+0000][902.837s][info ][gc,phases     ] GC(109)   Pre Evacuate Collection Set: 0.4ms
[2024-05-14T11:51:59.863+0000][902.837s][info ][gc,phases     ] GC(109)   Evacuate Collection Set: 10.7ms
[2024-05-14T11:51:59.863+0000][902.837s][info ][gc,phases     ] GC(109)   Post Evacuate Collection Set: 12.7ms
[2024-05-14T11:51:59.863+0000][902.837s][info ][gc,phases     ] GC(109)   Other: 2.9ms
[2024-05-14T11:51:59.863+0000][902.837s][info ][gc,heap       ] GC(109) Eden regions: 174->0(174)
[2024-05-14T11:51:59.863+0000][902.837s][info ][gc,heap       ] GC(109) Survivor regions: 1->1(22)
[2024-05-14T11:51:59.863+0000][902.837s][info ][gc,heap       ] GC(109) Old regions: 179->179
[2024-05-14T11:51:59.863+0000][902.837s][info ][gc,heap       ] GC(109) Humongous regions: 0->0
[2024-05-14T11:51:59.863+0000][902.837s][info ][gc,metaspace  ] GC(109) Metaspace: 186404K(192496K)->186404K(192496K) NonClass: 165344K(168996K)->165344K(168996K) Class: 21059K(23500K)->21059K(23500K)
[2024-05-14T11:51:59.863+0000][902.837s][info ][gc            ] GC(109) Pause Young (Normal) (G1 Evacuation Pause) 352M->178M(398M) 25.659ms
[2024-05-14T11:51:59.864+0000][902.837s][info ][gc,cpu        ] GC(109) User=0.09s Sys=0.00s Real=0.02s
[2024-05-14T11:51:59.864+0000][902.837s][info ][safepoint     ] Leaving safepoint region
[2024-05-14T11:51:59.864+0000][902.837s][info ][safepoint     ] Total time for which application threads were stopped: 0.0279233 seconds, Stopping threads took: 0.0001697 seconds
[2024-05-14T11:51:59.864+0000][902.838s][info ][gc,stringdedup] Concurrent String Deduplication (902.838s)
[2024-05-14T11:51:59.864+0000][902.838s][info ][gc,stringdedup] Concurrent String Deduplication 0.0B->0.0B(0.0B) avg 54.8% (902.838s, 902.838s) 0.078ms
[2024-05-14T11:52:00.864+0000][903.838s][debug][safepoint     ] Safepoint synchronization initiated. (365 threads)
[2024-05-14T11:52:00.864+0000][903.838s][info ][safepoint     ] Application time: 1.0002984 seconds
[2024-05-14T11:52:00.864+0000][903.838s][info ][safepoint     ] Entering safepoint region: Cleanup
[2024-05-14T11:52:00.865+0000][903.839s][info ][safepoint     ] Leaving safepoint region
[2024-05-14T11:52:00.865+0000][903.839s][info ][safepoint     ] Total time for which application threads were stopped: 0.0008307 seconds, Stopping threads took: 0.0002931 seconds
[2024-05-14T11:52:01.865+0000][904.839s][debug][safepoint     ] Safepoint synchronization initiated. (365 threads)
[2024-05-14T11:52:01.865+0000][904.839s][info ][safepoint     ] Application time: 1.0002659 seconds
[2024-05-14T11:52:01.866+0000][904.840s][info ][safepoint     ] Entering safepoint region: Cleanup
[2024-05-14T11:52:01.867+0000][904.840s][info ][safepoint     ] Leaving safepoint region
[2024-05-14T11:52:01.867+0000][904.840s][info ][safepoint     ] Total time for which application threads were stopped: 0.0013685 seconds, Stopping threads took: 0.0006721 seconds
[2024-05-14T11:52:02.867+0000][905.841s][debug][safepoint     ] Safepoint synchronization initiated. (365 threads)
[2024-05-14T11:52:02.867+0000][905.841s][info ][safepoint     ] Application time: 1.0002552 seconds
[2024-05-14T11:52:02.867+0000][905.841s][info ][safepoint     ] Entering safepoint region: Cleanup
[2024-05-14T11:52:02.868+0000][905.841s][info ][safepoint     ] Leaving safepoint region
[2024-05-14T11:52:02.868+0000][905.841s][info ][safepoint     ] Total time for which application threads were stopped: 0.0007530 seconds, Stopping threads took: 0.0002691 seconds
[2024-05-14T11:52:03.868+0000][906.842s][debug][safepoint     ] Safepoint synchronization initiated. (365 threads)
[2024-05-14T11:52:03.868+0000][906.842s][info ][safepoint     ] Application time: 1.0002050 seconds
[2024-05-14T11:52:03.868+0000][906.842s][info ][safepoint     ] Entering safepoint region: Cleanup
[2024-05-14T11:52:03.869+0000][906.842s][info ][safepoint     ] Leaving safepoint region
[2024-05-14T11:52:03.869+0000][906.842s][info ][safepoint     ] Total time for which application threads were stopped: 0.0007186 seconds, Stopping threads took: 0.0002149 seconds
[2024-05-14T11:52:04.869+0000][907.843s][debug][safepoint     ] Safepoint synchronization initiated. (365 threads)
[2024-05-14T11:52:04.869+0000][907.843s][info ][safepoint     ] Application time: 1.0002939 seconds
[2024-05-14T11:52:04.869+0000][907.843s][debug][safepoint     ] Waiting for 1 thread(s) to block
[2024-05-14T11:52:04.869+0000][907.843s][info ][safepoint     ] Entering safepoint region: Cleanup
[2024-05-14T11:52:04.870+0000][907.844s][info ][safepoint     ] Leaving safepoint region
[2024-05-14T11:52:04.870+0000][907.844s][info ][safepoint     ] Total time for which application threads were stopped: 0.0010735 seconds, Stopping threads took: 0.0003900 seconds
[2024-05-14T11:52:05.870+0000][908.844s][debug][safepoint     ] Safepoint synchronization initiated. (365 threads)
[2024-05-14T11:52:05.870+0000][908.844s][info ][safepoint     ] Application time: 1.0002815 seconds
[2024-05-14T11:52:05.871+0000][908.844s][info ][safepoint     ] Entering safepoint region: Cleanup
[2024-05-14T11:52:05.871+0000][908.845s][info ][safepoint     ] Leaving safepoint region
[2024-05-14T11:52:05.871+0000][908.845s][info ][safepoint     ] Total time for which application threads were stopped: 0.0007635 seconds, Stopping threads took: 0.0002755 seconds
[2024-05-14T11:52:06.871+0000][909.845s][debug][safepoint     ] Safepoint synchronization initiated. (365 threads)
[2024-05-14T11:52:06.871+0000][909.845s][info ][safepoint     ] Application time: 1.0003037 seconds
[2024-05-14T11:52:06.872+0000][909.846s][info ][safepoint     ] Entering safepoint region: Cleanup
[2024-05-14T11:52:06.873+0000][909.847s][info ][safepoint     ] Leaving safepoint region
[2024-05-14T11:52:06.873+0000][909.847s][info ][safepoint     ] Total time for which application threads were stopped: 0.0014904 seconds, Stopping threads took: 0.0006680 seconds
[2024-05-14T11:52:07.873+0000][910.847s][debug][safepoint     ] Safepoint synchronization initiated. (365 threads)
[2024-05-14T11:52:07.873+0000][910.847s][info ][safepoint     ] Application time: 1.0001605 seconds
[2024-05-14T11:52:07.874+0000][910.847s][debug][safepoint     ] Waiting for 1 thread(s) to block
[2024-05-14T11:52:07.874+0000][910.847s][info ][safepoint     ] Entering safepoint region: Cleanup
[2024-05-14T11:52:07.875+0000][910.849s][info ][safepoint     ] Leaving safepoint region
[2024-05-14T11:52:07.875+0000][910.849s][info ][safepoint     ] Total time for which application threads were stopped: 0.0016411 seconds, Stopping threads took: 0.0005911 seconds
[2024-05-14T11:52:08.875+0000][911.849s][debug][safepoint     ] Safepoint synchronization initiated. (365 threads)
[2024-05-14T11:52:08.875+0000][911.849s][info ][safepoint     ] Application time: 1.0002840 seconds
[2024-05-14T11:52:08.875+0000][911.849s][debug][safepoint     ] ... found polling page return exception at pc = 0x00007f320c8cad74, stub =0x00007f3204824b00
[2024-05-14T11:52:08.875+0000][911.849s][debug][safepoint     ] Waiting for 2 thread(s) to block
[2024-05-14T11:52:08.876+0000][911.849s][info ][safepoint     ] Entering safepoint region: Cleanup
[2024-05-14T11:52:08.876+0000][911.850s][info ][safepoint     ] Leaving safepoint region
[2024-05-14T11:52:08.876+0000][911.850s][info ][safepoint     ] Total time for which application threads were stopped: 0.0011168 seconds, Stopping threads took: 0.0004609 seconds
[2024-05-14T11:52:09.876+0000][912.850s][debug][safepoint     ] Safepoint synchronization initiated. (365 threads)
[2024-05-14T11:52:09.877+0000][912.850s][info ][safepoint     ] Application time: 1.0002533 seconds
[2024-05-14T11:52:09.877+0000][912.851s][info ][safepoint     ] Entering safepoint region: Cleanup
[2024-05-14T11:52:09.878+0000][912.852s][info ][safepoint     ] Leaving safepoint region
[2024-05-14T11:52:09.878+0000][912.852s][info ][safepoint     ] Total time for which application threads were stopped: 0.0013549 seconds, Stopping threads took: 0.0003381 seconds
[2024-05-14T11:52:10.878+0000][913.852s][debug][safepoint     ] Safepoint synchronization initiated. (365 threads)
[2024-05-14T11:52:10.878+0000][913.852s][info ][safepoint     ] Application time: 1.0002587 seconds
[2024-05-14T11:52:10.878+0000][913.852s][info ][safepoint     ] Entering safepoint region: Cleanup
[2024-05-14T11:52:10.879+0000][913.853s][info ][safepoint     ] Leaving safepoint region
[2024-05-14T11:52:10.879+0000][913.853s][info ][safepoint     ] Total time for which application threads were stopped: 0.0010249 seconds, Stopping threads took: 0.0002490 seconds
[2024-05-14T11:52:11.880+0000][914.853s][debug][safepoint     ] Safepoint synchronization initiated. (365 threads)
[2024-05-14T11:52:11.880+0000][914.853s][info ][safepoint     ] Application time: 1.0003300 seconds
[2024-05-14T11:52:11.880+0000][914.854s][info ][safepoint     ] Entering safepoint region: Cleanup
[2024-05-14T11:52:11.881+0000][914.855s][info ][safepoint     ] Leaving safepoint region
[2024-05-14T11:52:11.881+0000][914.855s][info ][safepoint     ] Total time for which application threads were stopped: 0.0016252 seconds, Stopping threads took: 0.0008339 seconds
[2024-05-14T11:52:11.881+0000][914.855s][debug][safepoint     ] ... found polling page return exception at pc = 0x00007f320ca20556, stub =0x00007f3204824b00
[2024-05-14T11:52:11.881+0000][914.855s][debug][safepoint     ] ... found polling page return exception at pc = 0x00007f320ca20556, stub =0x00007f3204824b00
[2024-05-14T11:52:11.881+0000][914.855s][debug][safepoint     ] ... found polling page return exception at pc = 0x00007f320ca20556, stub =0x00007f3204824b00
[2024-05-14T11:52:12.881+0000][915.855s][debug][safepoint     ] Safepoint synchronization initiated. (365 threads)
[2024-05-14T11:52:12.882+0000][915.855s][info ][safepoint     ] Application time: 1.0002115 seconds
[2024-05-14T11:52:12.882+0000][915.856s][info ][safepoint     ] Entering safepoint region: Cleanup
[2024-05-14T11:52:12.883+0000][915.856s][info ][safepoint     ] Leaving safepoint region
[2024-05-14T11:52:12.883+0000][915.856s][info ][safepoint     ] Total time for which application threads were stopped: 0.0010149 seconds, Stopping threads took: 0.0003915 seconds
[2024-05-14T11:52:13.883+0000][916.857s][debug][safepoint     ] Safepoint synchronization initiated. (365 threads)
[2024-05-14T11:52:13.883+0000][916.857s][info ][safepoint     ] Application time: 1.0002523 seconds
[2024-05-14T11:52:13.883+0000][916.857s][info ][safepoint     ] Entering safepoint region: Cleanup
[2024-05-14T11:52:13.884+0000][916.858s][info ][safepoint     ] Leaving safepoint region
[2024-05-14T11:52:13.884+0000][916.858s][debug][safepoint     ] ... found polling page return exception at pc = 0x00007f320ca20556, stub =0x00007f3204824b00
[2024-05-14T11:52:13.884+0000][916.858s][info ][safepoint     ] Total time for which application threads were stopped: 0.0009205 seconds, Stopping threads took: 0.0002798 seconds
[2024-05-14T11:52:14.884+0000][917.858s][debug][safepoint     ] Safepoint synchronization initiated. (365 threads)
[2024-05-14T11:52:14.884+0000][917.858s][info ][safepoint     ] Application time: 1.0003196 seconds
[2024-05-14T11:52:14.885+0000][917.858s][info ][safepoint     ] Entering safepoint region: Cleanup
[2024-05-14T11:52:14.885+0000][917.859s][info ][safepoint     ] Leaving safepoint region
[2024-05-14T11:52:14.885+0000][917.859s][info ][safepoint     ] Total time for which application threads were stopped: 0.0011749 seconds, Stopping threads took: 0.0003383 seconds
[2024-05-14T11:52:15.886+0000][918.859s][debug][safepoint     ] Safepoint synchronization initiated. (365 threads)
[2024-05-14T11:52:15.886+0000][918.860s][info ][safepoint     ] Application time: 1.0003063 seconds
[2024-05-14T11:52:15.886+0000][918.860s][info ][safepoint     ] Entering safepoint region: Cleanup
[2024-05-14T11:52:15.887+0000][918.860s][info ][safepoint     ] Leaving safepoint region
[2024-05-14T11:52:15.887+0000][918.860s][info ][safepoint     ] Total time for which application threads were stopped: 0.0008093 seconds, Stopping threads took: 0.0002768 seconds
[2024-05-14T11:52:16.887+0000][919.861s][debug][safepoint     ] Safepoint synchronization initiated. (365 threads)
[2024-05-14T11:52:16.887+0000][919.861s][info ][safepoint     ] Application time: 1.0002234 seconds
[2024-05-14T11:52:16.887+0000][919.861s][debug][safepoint     ] ... found polling page return exception at pc = 0x00007f320c6590c0, stub =0x00007f3204824b00
[2024-05-14T11:52:16.887+0000][919.861s][debug][safepoint     ] Waiting for 1 thread(s) to block
[2024-05-14T11:52:16.887+0000][919.861s][info ][safepoint     ] Entering safepoint region: Cleanup
[2024-05-14T11:52:16.888+0000][919.862s][debug][safepoint     ] ... found polling page return exception at pc = 0x00007f320ca20556, stub =0x00007f3204824b00
[2024-05-14T11:52:16.888+0000][919.862s][debug][safepoint     ] ... found polling page return exception at pc = 0x00007f320ca20556, stub =0x00007f3204824b00
[2024-05-14T11:52:16.888+0000][919.862s][info ][safepoint     ] Leaving safepoint region
[2024-05-14T11:52:16.888+0000][919.862s][info ][safepoint     ] Total time for which application threads were stopped: 0.0010605 seconds, Stopping threads took: 0.0004004 seconds
[2024-05-14T11:52:17.888+0000][920.862s][debug][safepoint     ] Safepoint synchronization initiated. (365 threads)
[2024-05-14T11:52:17.888+0000][920.862s][info ][safepoint     ] Application time: 1.0002845 seconds
[2024-05-14T11:52:17.889+0000][920.862s][info ][safepoint     ] Entering safepoint region: Cleanup
[2024-05-14T11:52:17.889+0000][920.863s][info ][safepoint     ] Leaving safepoint region
[2024-05-14T11:52:17.890+0000][920.863s][info ][safepoint     ] Total time for which application threads were stopped: 0.0012367 seconds, Stopping threads took: 0.0003245 seconds
[2024-05-14T11:52:18.890+0000][921.864s][debug][safepoint     ] Safepoint synchronization initiated. (365 threads)
[2024-05-14T11:52:18.890+0000][921.864s][info ][safepoint     ] Application time: 1.0002293 seconds
[2024-05-14T11:52:18.890+0000][921.864s][info ][safepoint     ] Entering safepoint region: Cleanup
[2024-05-14T11:52:18.891+0000][921.864s][info ][safepoint     ] Leaving safepoint region
[2024-05-14T11:52:18.891+0000][921.864s][info ][safepoint     ] Total time for which application threads were stopped: 0.0007243 seconds, Stopping threads took: 0.0001842 seconds
[2024-05-14T11:52:19.891+0000][922.865s][debug][safepoint     ] Safepoint synchronization initiated. (365 threads)
[2024-05-14T11:52:19.891+0000][922.865s][info ][safepoint     ] Application time: 1.0002599 seconds
[2024-05-14T11:52:19.891+0000][922.865s][info ][safepoint     ] Entering safepoint region: Cleanup
[2024-05-14T11:52:19.892+0000][922.865s][info ][safepoint     ] Leaving safepoint region
[2024-05-14T11:52:19.892+0000][922.865s][info ][safepoint     ] Total time for which application threads were stopped: 0.0008142 seconds, Stopping threads took: 0.0002761 seconds
[2024-05-14T11:52:19.892+0000][922.865s][debug][safepoint     ] ... found polling page return exception at pc = 0x00007f320ca20556, stub =0x00007f3204824b00
[2024-05-14T11:52:20.892+0000][923.866s][debug][safepoint     ] Safepoint synchronization initiated. (365 threads)
[2024-05-14T11:52:20.892+0000][923.866s][info ][safepoint     ] Application time: 1.0002058 seconds
[2024-05-14T11:52:20.893+0000][923.867s][debug][safepoint     ] ... found polling page return exception at pc = 0x00007f320d1197f6, stub =0x00007f3204824b00
[2024-05-14T11:52:20.893+0000][923.867s][debug][safepoint     ] Waiting for 1 thread(s) to block
[2024-05-14T11:52:20.893+0000][923.867s][info ][safepoint     ] Entering safepoint region: Cleanup
[2024-05-14T11:52:20.894+0000][923.867s][info ][safepoint     ] Leaving safepoint region
[2024-05-14T11:52:20.894+0000][923.868s][info ][safepoint     ] Total time for which application threads were stopped: 0.0017650 seconds, Stopping threads took: 0.0012070 seconds
[2024-05-14T11:52:21.894+0000][924.868s][debug][safepoint     ] Safepoint synchronization initiated. (365 threads)
[2024-05-14T11:52:21.894+0000][924.868s][info ][safepoint     ] Application time: 1.0001801 seconds
[2024-05-14T11:52:21.894+0000][924.868s][info ][safepoint     ] Entering safepoint region: Cleanup
[2024-05-14T11:52:21.895+0000][924.868s][info ][safepoint     ] Leaving safepoint region
[2024-05-14T11:52:21.895+0000][924.868s][info ][safepoint     ] Total time for which application threads were stopped: 0.0005878 seconds, Stopping threads took: 0.0001906 seconds
[2024-05-14T11:52:22.436+0000][925.410s][debug][safepoint     ] Safepoint synchronization initiated. (365 threads)
[2024-05-14T11:52:22.437+0000][925.410s][info ][safepoint     ] Application time: 0.5418957 seconds
[2024-05-14T11:52:22.437+0000][925.410s][info ][safepoint     ] Entering safepoint region: G1CollectForAllocation
[2024-05-14T11:52:22.438+0000][925.412s][info ][gc,start      ] GC(110) Pause Young (Normal) (G1 Evacuation Pause)
[2024-05-14T11:52:22.438+0000][925.412s][info ][gc,task       ] GC(110) Using 4 workers of 4 for evacuation
[2024-05-14T11:52:22.458+0000][925.431s][info ][gc,phases     ] GC(110)   Pre Evacuate Collection Set: 0.3ms
[2024-05-14T11:52:22.458+0000][925.431s][info ][gc,phases     ] GC(110)   Evacuate Collection Set: 9.1ms
[2024-05-14T11:52:22.458+0000][925.431s][info ][gc,phases     ] GC(110)   Post Evacuate Collection Set: 9.2ms
[2024-05-14T11:52:22.458+0000][925.431s][info ][gc,phases     ] GC(110)   Other: 1.6ms
[2024-05-14T11:52:22.458+0000][925.431s][info ][gc,heap       ] GC(110) Eden regions: 174->0(174)
[2024-05-14T11:52:22.458+0000][925.432s][info ][gc,heap       ] GC(110) Survivor regions: 1->1(22)
[2024-05-14T11:52:22.458+0000][925.432s][info ][gc,heap       ] GC(110) Old regions: 179->179
[2024-05-14T11:52:22.458+0000][925.432s][info ][gc,heap       ] GC(110) Humongous regions: 0->0
[2024-05-14T11:52:22.458+0000][925.432s][info ][gc,metaspace  ] GC(110) Metaspace: 186408K(192496K)->186408K(192496K) NonClass: 165348K(168996K)->165348K(168996K) Class: 21059K(23500K)->21059K(23500K)
[2024-05-14T11:52:22.458+0000][925.432s][info ][gc            ] GC(110) Pause Young (Normal) (G1 Evacuation Pause) 352M->178M(398M) 19.814ms
[2024-05-14T11:52:22.458+0000][925.432s][info ][gc,cpu        ] GC(110) User=0.06s Sys=0.01s Real=0.02s
[2024-05-14T11:52:22.458+0000][925.432s][info ][safepoint     ] Leaving safepoint region
[2024-05-14T11:52:22.458+0000][925.432s][info ][safepoint     ] Total time for which application threads were stopped: 0.0215375 seconds, Stopping threads took: 0.0002450 seconds
[2024-05-14T11:52:22.458+0000][925.432s][info ][gc,stringdedup] Concurrent String Deduplication (925.432s)
[2024-05-14T11:52:22.458+0000][925.432s][info ][gc,stringdedup] Concurrent String Deduplication 1528.0B->0.0B(1528.0B) avg 54.8% (925.432s, 925.432s) 0.055ms
[2024-05-14T11:52:23.458+0000][926.432s][debug][safepoint     ] Safepoint synchronization initiated. (365 threads)
[2024-05-14T11:52:23.458+0000][926.432s][info ][safepoint     ] Application time: 1.0002137 seconds
[2024-05-14T11:52:23.459+0000][926.432s][info ][safepoint     ] Entering safepoint region: Cleanup
[2024-05-14T11:52:23.459+0000][926.433s][info ][safepoint     ] Leaving safepoint region
[2024-05-14T11:52:23.459+0000][926.433s][info ][safepoint     ] Total time for which application threads were stopped: 0.0009776 seconds, Stopping threads took: 0.0002863 seconds
[2024-05-14T11:52:24.460+0000][927.433s][debug][safepoint     ] Safepoint synchronization initiated. (365 threads)
[2024-05-14T11:52:24.460+0000][927.433s][info ][safepoint     ] Application time: 1.0003142 seconds
[2024-05-14T11:52:24.460+0000][927.434s][info ][safepoint     ] Entering safepoint region: Cleanup
[2024-05-14T11:52:24.460+0000][927.434s][info ][safepoint     ] Leaving safepoint region
[2024-05-14T11:52:24.461+0000][927.434s][info ][safepoint     ] Total time for which application threads were stopped: 0.0008190 seconds, Stopping threads took: 0.0002386 seconds
[2024-05-14T11:52:25.461+0000][928.434s][debug][safepoint     ] Safepoint synchronization initiated. (365 threads)
[2024-05-14T11:52:25.461+0000][928.435s][info ][safepoint     ] Application time: 1.0002959 seconds
[2024-05-14T11:52:25.461+0000][928.435s][info ][safepoint     ] Entering safepoint region: Cleanup
[2024-05-14T11:52:25.462+0000][928.436s][info ][safepoint     ] Leaving safepoint region
[2024-05-14T11:52:25.462+0000][928.436s][info ][safepoint     ] Total time for which application threads were stopped: 0.0010850 seconds, Stopping threads took: 0.0002500 seconds
[2024-05-14T11:52:26.462+0000][929.436s][debug][safepoint     ] Safepoint synchronization initiated. (365 threads)
[2024-05-14T11:52:26.462+0000][929.436s][info ][safepoint     ] Application time: 1.0001972 seconds
[2024-05-14T11:52:26.462+0000][929.436s][info ][safepoint     ] Entering safepoint region: Cleanup
[2024-05-14T11:52:26.463+0000][929.437s][info ][safepoint     ] Leaving safepoint region
[2024-05-14T11:52:26.463+0000][929.437s][info ][safepoint     ] Total time for which application threads were stopped: 0.0008998 seconds, Stopping threads took: 0.0002295 seconds
[2024-05-14T11:52:27.463+0000][930.437s][debug][safepoint     ] Safepoint synchronization initiated. (365 threads)
[2024-05-14T11:52:27.464+0000][930.437s][info ][safepoint     ] Application time: 1.0002719 seconds
[2024-05-14T11:52:27.464+0000][930.437s][debug][safepoint     ] ... found polling page return exception at pc = 0x00007f320d0f820d, stub =0x00007f3204824b00
[2024-05-14T11:52:27.464+0000][930.437s][debug][safepoint     ] Waiting for 1 thread(s) to block
[2024-05-14T11:52:27.464+0000][930.438s][info ][safepoint     ] Entering safepoint region: Cleanup
[2024-05-14T11:52:27.465+0000][930.438s][info ][safepoint     ] Leaving safepoint region
[2024-05-14T11:52:27.465+0000][930.438s][info ][safepoint     ] Total time for which application threads were stopped: 0.0011909 seconds, Stopping threads took: 0.0004059 seconds
[2024-05-14T11:52:28.465+0000][931.439s][debug][safepoint     ] Safepoint synchronization initiated. (365 threads)
[2024-05-14T11:52:28.465+0000][931.439s][info ][safepoint     ] Application time: 1.0002589 seconds
[2024-05-14T11:52:28.465+0000][931.439s][info ][safepoint     ] Entering safepoint region: Cleanup
[2024-05-14T11:52:28.466+0000][931.440s][info ][safepoint     ] Leaving safepoint region
[2024-05-14T11:52:28.466+0000][931.440s][info ][safepoint     ] Total time for which application threads were stopped: 0.0008721 seconds, Stopping threads took: 0.0002432 seconds
[2024-05-14T11:52:29.466+0000][932.440s][debug][safepoint     ] Safepoint synchronization initiated. (365 threads)
[2024-05-14T11:52:29.466+0000][932.440s][info ][safepoint     ] Application time: 1.0002185 seconds
[2024-05-14T11:52:29.466+0000][932.440s][info ][safepoint     ] Entering safepoint region: Cleanup
[2024-05-14T11:52:29.467+0000][932.441s][info ][safepoint     ] Leaving safepoint region
[2024-05-14T11:52:29.467+0000][932.441s][info ][safepoint     ] Total time for which application threads were stopped: 0.0007703 seconds, Stopping threads took: 0.0002327 seconds
[2024-05-14T11:52:30.467+0000][933.441s][debug][safepoint     ] Safepoint synchronization initiated. (365 threads)
[2024-05-14T11:52:30.467+0000][933.441s][info ][safepoint     ] Application time: 1.0002855 seconds
[2024-05-14T11:52:30.468+0000][933.441s][info ][safepoint     ] Entering safepoint region: Cleanup
[2024-05-14T11:52:30.468+0000][933.442s][info ][safepoint     ] Leaving safepoint region
[2024-05-14T11:52:30.468+0000][933.442s][info ][safepoint     ] Total time for which application threads were stopped: 0.0009665 seconds, Stopping threads took: 0.0003063 seconds
[2024-05-14T11:52:31.468+0000][934.442s][debug][safepoint     ] Safepoint synchronization initiated. (365 threads)
[2024-05-14T11:52:31.469+0000][934.442s][info ][safepoint     ] Application time: 1.0003811 seconds
[2024-05-14T11:52:31.469+0000][934.443s][info ][safepoint     ] Entering safepoint region: Cleanup
[2024-05-14T11:52:31.470+0000][934.443s][info ][safepoint     ] Leaving safepoint region
[2024-05-14T11:52:31.470+0000][934.443s][info ][safepoint     ] Total time for which application threads were stopped: 0.0010289 seconds, Stopping threads took: 0.0002768 seconds
[2024-05-14T11:52:32.470+0000][935.444s][debug][safepoint     ] Safepoint synchronization initiated. (365 threads)
[2024-05-14T11:52:32.470+0000][935.444s][info ][safepoint     ] Application time: 1.0001848 seconds
[2024-05-14T11:52:32.470+0000][935.444s][info ][safepoint     ] Entering safepoint region: Cleanup
[2024-05-14T11:52:32.471+0000][935.445s][info ][safepoint     ] Leaving safepoint region
[2024-05-14T11:52:32.471+0000][935.445s][info ][safepoint     ] Total time for which application threads were stopped: 0.0008669 seconds, Stopping threads took: 0.0002159 seconds
[2024-05-14T11:52:33.471+0000][936.445s][debug][safepoint     ] Safepoint synchronization initiated. (365 threads)
[2024-05-14T11:52:33.471+0000][936.445s][info ][safepoint     ] Application time: 1.0003206 seconds
[2024-05-14T11:52:33.471+0000][936.445s][debug][safepoint     ] ... found polling page return exception at pc = 0x00007f320c62ed23, stub =0x00007f3204824b00
[2024-05-14T11:52:33.471+0000][936.445s][debug][safepoint     ] ... found polling page return exception at pc = 0x00007f320cbf20f6, stub =0x00007f3204824b00
[2024-05-14T11:52:33.471+0000][936.445s][debug][safepoint     ] Waiting for 2 thread(s) to block
[2024-05-14T11:52:33.472+0000][936.445s][info ][safepoint     ] Entering safepoint region: Cleanup
[2024-05-14T11:52:33.472+0000][936.446s][debug][safepoint     ] ... found polling page return exception at pc = 0x00007f320ca20556, stub =0x00007f3204824b00
[2024-05-14T11:52:33.472+0000][936.446s][info ][safepoint     ] Leaving safepoint region
[2024-05-14T11:52:33.472+0000][936.446s][info ][safepoint     ] Total time for which application threads were stopped: 0.0011110 seconds, Stopping threads took: 0.0004596 seconds
[2024-05-14T11:52:34.473+0000][937.446s][debug][safepoint     ] Safepoint synchronization initiated. (365 threads)
[2024-05-14T11:52:34.473+0000][937.446s][info ][safepoint     ] Application time: 1.0004094 seconds
[2024-05-14T11:52:34.473+0000][937.447s][info ][safepoint     ] Entering safepoint region: Cleanup
[2024-05-14T11:52:34.473+0000][937.447s][info ][safepoint     ] Leaving safepoint region
[2024-05-14T11:52:34.474+0000][937.447s][info ][safepoint     ] Total time for which application threads were stopped: 0.0008426 seconds, Stopping threads took: 0.0002253 seconds
[2024-05-14T11:52:35.474+0000][938.448s][debug][safepoint     ] Safepoint synchronization initiated. (365 threads)
[2024-05-14T11:52:35.474+0000][938.448s][info ][safepoint     ] Application time: 1.0002408 seconds
[2024-05-14T11:52:35.474+0000][938.448s][info ][safepoint     ] Entering safepoint region: Cleanup
[2024-05-14T11:52:35.475+0000][938.449s][info ][safepoint     ] Leaving safepoint region
[2024-05-14T11:52:35.475+0000][938.449s][info ][safepoint     ] Total time for which application threads were stopped: 0.0009531 seconds, Stopping threads took: 0.0002202 seconds
[2024-05-14T11:52:36.475+0000][939.449s][debug][safepoint     ] Safepoint synchronization initiated. (365 threads)
[2024-05-14T11:52:36.475+0000][939.449s][info ][safepoint     ] Application time: 1.0003447 seconds
[2024-05-14T11:52:36.475+0000][939.449s][debug][safepoint     ] ... found polling page return exception at pc = 0x00007f3205e821d5, stub =0x00007f3204824b00
[2024-05-14T11:52:36.476+0000][939.449s][debug][safepoint     ] Waiting for 2 thread(s) to block
[2024-05-14T11:52:36.476+0000][939.449s][info ][safepoint     ] Entering safepoint region: Cleanup
[2024-05-14T11:52:36.477+0000][939.450s][info ][safepoint     ] Leaving safepoint region
[2024-05-14T11:52:36.477+0000][939.450s][info ][safepoint     ] Total time for which application threads were stopped: 0.0013266 seconds, Stopping threads took: 0.0005612 seconds
[2024-05-14T11:52:37.477+0000][940.451s][debug][safepoint     ] Safepoint synchronization initiated. (365 threads)
[2024-05-14T11:52:37.477+0000][940.451s][info ][safepoint     ] Application time: 1.0003659 seconds
[2024-05-14T11:52:37.477+0000][940.451s][info ][safepoint     ] Entering safepoint region: Cleanup
[2024-05-14T11:52:37.478+0000][940.452s][info ][safepoint     ] Leaving safepoint region
[2024-05-14T11:52:37.478+0000][940.452s][info ][safepoint     ] Total time for which application threads were stopped: 0.0010152 seconds, Stopping threads took: 0.0003614 seconds
[2024-05-14T11:52:38.478+0000][941.452s][debug][safepoint     ] Safepoint synchronization initiated. (365 threads)
[2024-05-14T11:52:38.478+0000][941.452s][info ][safepoint     ] Application time: 1.0001762 seconds
[2024-05-14T11:52:38.478+0000][941.452s][info ][safepoint     ] Entering safepoint region: Cleanup
[2024-05-14T11:52:38.479+0000][941.453s][info ][safepoint     ] Leaving safepoint region
[2024-05-14T11:52:38.479+0000][941.453s][info ][safepoint     ] Total time for which application threads were stopped: 0.0006046 seconds, Stopping threads took: 0.0001852 seconds
[2024-05-14T11:52:39.479+0000][942.453s][debug][safepoint     ] Safepoint synchronization initiated. (365 threads)
[2024-05-14T11:52:39.479+0000][942.453s][info ][safepoint     ] Application time: 1.0003241 seconds
[2024-05-14T11:52:39.479+0000][942.453s][debug][safepoint     ] ... found polling page return exception at pc = 0x00007f320c3b4df8, stub =0x00007f3204824b00
[2024-05-14T11:52:39.479+0000][942.453s][debug][safepoint     ] Waiting for 1 thread(s) to block
[2024-05-14T11:52:39.480+0000][942.453s][info ][safepoint     ] Entering safepoint region: Cleanup
[2024-05-14T11:52:39.480+0000][942.454s][debug][safepoint     ] ... found polling page return exception at pc = 0x00007f320ca20556, stub =0x00007f3204824b00
[2024-05-14T11:52:39.480+0000][942.454s][info ][safepoint     ] Leaving safepoint region
[2024-05-14T11:52:39.480+0000][942.454s][info ][safepoint     ] Total time for which application threads were stopped: 0.0009822 seconds, Stopping threads took: 0.0004570 seconds
[2024-05-14T11:52:40.480+0000][943.454s][debug][safepoint     ] Safepoint synchronization initiated. (365 threads)
[2024-05-14T11:52:40.480+0000][943.454s][info ][safepoint     ] Application time: 1.0002860 seconds
[2024-05-14T11:52:40.481+0000][943.455s][info ][safepoint     ] Entering safepoint region: Cleanup
[2024-05-14T11:52:40.482+0000][943.455s][info ][safepoint     ] Leaving safepoint region
[2024-05-14T11:52:40.482+0000][943.455s][info ][safepoint     ] Total time for which application threads were stopped: 0.0010607 seconds, Stopping threads took: 0.0003187 seconds
[2024-05-14T11:52:41.482+0000][944.455s][debug][safepoint     ] Safepoint synchronization initiated. (365 threads)
[2024-05-14T11:52:41.482+0000][944.456s][info ][safepoint     ] Application time: 1.0002001 seconds
[2024-05-14T11:52:41.482+0000][944.456s][debug][safepoint     ] ... found polling page return exception at pc = 0x00007f320c8c9588, stub =0x00007f3204824b00
[2024-05-14T11:52:41.482+0000][944.456s][debug][safepoint     ] Waiting for 1 thread(s) to block
[2024-05-14T11:52:41.482+0000][944.456s][info ][safepoint     ] Entering safepoint region: Cleanup
[2024-05-14T11:52:41.483+0000][944.456s][info ][safepoint     ] Leaving safepoint region
[2024-05-14T11:52:41.483+0000][944.456s][info ][safepoint     ] Total time for which application threads were stopped: 0.0007239 seconds, Stopping threads took: 0.0003130 seconds
[2024-05-14T11:52:42.483+0000][945.457s][debug][safepoint     ] Safepoint synchronization initiated. (365 threads)
[2024-05-14T11:52:42.483+0000][945.457s][info ][safepoint     ] Application time: 1.0002966 seconds
[2024-05-14T11:52:42.483+0000][945.457s][info ][safepoint     ] Entering safepoint region: Cleanup
[2024-05-14T11:52:42.484+0000][945.457s][info ][safepoint     ] Leaving safepoint region
[2024-05-14T11:52:42.484+0000][945.457s][info ][safepoint     ] Total time for which application threads were stopped: 0.0008549 seconds, Stopping threads took: 0.0002370 seconds
[2024-05-14T11:52:43.484+0000][946.458s][debug][safepoint     ] Safepoint synchronization initiated. (365 threads)
[2024-05-14T11:52:43.484+0000][946.458s][info ][safepoint     ] Application time: 1.0002819 seconds
[2024-05-14T11:52:43.484+0000][946.458s][info ][safepoint     ] Entering safepoint region: Cleanup
[2024-05-14T11:52:43.485+0000][946.459s][info ][safepoint     ] Leaving safepoint region
[2024-05-14T11:52:43.485+0000][946.459s][info ][safepoint     ] Total time for which application threads were stopped: 0.0007763 seconds, Stopping threads took: 0.0002425 seconds
[2024-05-14T11:52:44.213+0000][947.187s][debug][safepoint     ] Safepoint synchronization initiated. (365 threads)
[2024-05-14T11:52:44.213+0000][947.187s][info ][safepoint     ] Application time: 0.7280870 seconds
[2024-05-14T11:52:44.213+0000][947.187s][debug][safepoint     ] ... found polling page return exception at pc = 0x00007f320c3b6fe4, stub =0x00007f3204824b00
[2024-05-14T11:52:44.213+0000][947.187s][debug][safepoint     ] Waiting for 1 thread(s) to block
[2024-05-14T11:52:44.213+0000][947.187s][info ][safepoint     ] Entering safepoint region: G1CollectForAllocation
[2024-05-14T11:52:44.215+0000][947.189s][info ][gc,start      ] GC(111) Pause Young (Normal) (G1 Evacuation Pause)
[2024-05-14T11:52:44.215+0000][947.189s][info ][gc,task       ] GC(111) Using 4 workers of 4 for evacuation
[2024-05-14T11:52:44.230+0000][947.204s][info ][gc,phases     ] GC(111)   Pre Evacuate Collection Set: 0.3ms
[2024-05-14T11:52:44.231+0000][947.204s][info ][gc,phases     ] GC(111)   Evacuate Collection Set: 6.2ms
[2024-05-14T11:52:44.231+0000][947.204s][info ][gc,phases     ] GC(111)   Post Evacuate Collection Set: 8.0ms
[2024-05-14T11:52:44.231+0000][947.204s][info ][gc,phases     ] GC(111)   Other: 1.4ms
[2024-05-14T11:52:44.231+0000][947.204s][info ][gc,heap       ] GC(111) Eden regions: 174->0(174)
[2024-05-14T11:52:44.231+0000][947.204s][info ][gc,heap       ] GC(111) Survivor regions: 1->2(22)
[2024-05-14T11:52:44.231+0000][947.204s][info ][gc,heap       ] GC(111) Old regions: 179->179
[2024-05-14T11:52:44.231+0000][947.204s][info ][gc,heap       ] GC(111) Humongous regions: 0->0
[2024-05-14T11:52:44.231+0000][947.205s][info ][gc,metaspace  ] GC(111) Metaspace: 186457K(192752K)->186457K(192752K) NonClass: 165397K(169252K)->165397K(169252K) Class: 21059K(23500K)->21059K(23500K)
[2024-05-14T11:52:44.231+0000][947.205s][info ][gc            ] GC(111) Pause Young (Normal) (G1 Evacuation Pause) 352M->178M(398M) 16.126ms
[2024-05-14T11:52:44.231+0000][947.205s][info ][gc,cpu        ] GC(111) User=0.03s Sys=0.00s Real=0.02s
[2024-05-14T11:52:44.231+0000][947.205s][info ][safepoint     ] Leaving safepoint region
[2024-05-14T11:52:44.231+0000][947.205s][info ][safepoint     ] Total time for which application threads were stopped: 0.0183519 seconds, Stopping threads took: 0.0004176 seconds
[2024-05-14T11:52:44.231+0000][947.205s][info ][gc,stringdedup] Concurrent String Deduplication (947.205s)
[2024-05-14T11:52:44.231+0000][947.205s][debug][safepoint     ] ... found polling page loop exception at pc = 0x00007f320805cdfe, stub =0x00007f3204826680
[2024-05-14T11:52:44.232+0000][947.206s][info ][gc,stringdedup] Concurrent String Deduplication 7240.0B->0.0B(7240.0B) avg 54.8% (947.205s, 947.206s) 0.550ms
[2024-05-14T11:52:45.232+0000][948.206s][debug][safepoint     ] Safepoint synchronization initiated. (365 threads)
[2024-05-14T11:52:45.232+0000][948.206s][info ][safepoint     ] Application time: 1.0008858 seconds
[2024-05-14T11:52:45.233+0000][948.206s][info ][safepoint     ] Entering safepoint region: Cleanup
[2024-05-14T11:52:45.233+0000][948.207s][info ][safepoint     ] Leaving safepoint region
[2024-05-14T11:52:45.233+0000][948.207s][info ][safepoint     ] Total time for which application threads were stopped: 0.0010168 seconds, Stopping threads took: 0.0002990 seconds
[2024-05-14T11:52:46.234+0000][949.207s][debug][safepoint     ] Safepoint synchronization initiated. (365 threads)
[2024-05-14T11:52:46.234+0000][949.207s][info ][safepoint     ] Application time: 1.0003129 seconds
[2024-05-14T11:52:46.234+0000][949.208s][info ][safepoint     ] Entering safepoint region: Cleanup
[2024-05-14T11:52:46.234+0000][949.208s][debug][safepoint     ] ... found polling page loop exception at pc = 0x00007f320805cdfe, stub =0x00007f3204826680
[2024-05-14T11:52:46.234+0000][949.208s][info ][safepoint     ] Leaving safepoint region
[2024-05-14T11:52:46.234+0000][949.208s][info ][safepoint     ] Total time for which application threads were stopped: 0.0007789 seconds, Stopping threads took: 0.0002463 seconds
[2024-05-14T11:52:47.235+0000][950.208s][debug][safepoint     ] Safepoint synchronization initiated. (365 threads)
[2024-05-14T11:52:47.235+0000][950.208s][info ][safepoint     ] Application time: 1.0002775 seconds
[2024-05-14T11:52:47.235+0000][950.209s][debug][safepoint     ] ... found polling page return exception at pc = 0x00007f320c8b8f86, stub =0x00007f3204824b00
[2024-05-14T11:52:47.235+0000][950.209s][debug][safepoint     ] Waiting for 1 thread(s) to block
[2024-05-14T11:52:47.235+0000][950.209s][info ][safepoint     ] Entering safepoint region: Cleanup
[2024-05-14T11:52:47.236+0000][950.209s][info ][safepoint     ] Leaving safepoint region
[2024-05-14T11:52:47.236+0000][950.210s][info ][safepoint     ] Total time for which application threads were stopped: 0.0010372 seconds, Stopping threads took: 0.0003665 seconds
[2024-05-14T11:52:48.236+0000][951.210s][debug][safepoint     ] Safepoint synchronization initiated. (365 threads)
[2024-05-14T11:52:48.236+0000][951.210s][info ][safepoint     ] Application time: 1.0003058 seconds
[2024-05-14T11:52:48.236+0000][951.210s][info ][safepoint     ] Entering safepoint region: Cleanup
[2024-05-14T11:52:48.237+0000][951.211s][info ][safepoint     ] Leaving safepoint region
[2024-05-14T11:52:48.237+0000][951.211s][info ][safepoint     ] Total time for which application threads were stopped: 0.0008575 seconds, Stopping threads took: 0.0002249 seconds
[2024-05-14T11:52:49.237+0000][952.211s][debug][safepoint     ] Safepoint synchronization initiated. (365 threads)
[2024-05-14T11:52:49.237+0000][952.211s][info ][safepoint     ] Application time: 1.0003222 seconds
[2024-05-14T11:52:49.238+0000][952.211s][info ][safepoint     ] Entering safepoint region: Cleanup
[2024-05-14T11:52:49.238+0000][952.212s][info ][safepoint     ] Leaving safepoint region
[2024-05-14T11:52:49.238+0000][952.212s][info ][safepoint     ] Total time for which application threads were stopped: 0.0008292 seconds, Stopping threads took: 0.0002184 seconds
[2024-05-14T11:52:50.238+0000][953.212s][debug][safepoint     ] Safepoint synchronization initiated. (365 threads)
[2024-05-14T11:52:50.239+0000][953.212s][info ][safepoint     ] Application time: 1.0003545 seconds
[2024-05-14T11:52:50.239+0000][953.213s][info ][safepoint     ] Entering safepoint region: Cleanup
[2024-05-14T11:52:50.239+0000][953.213s][info ][safepoint     ] Leaving safepoint region
[2024-05-14T11:52:50.240+0000][953.213s][info ][safepoint     ] Total time for which application threads were stopped: 0.0008966 seconds, Stopping threads took: 0.0002381 seconds
[2024-05-14T11:52:51.240+0000][954.213s][debug][safepoint     ] Safepoint synchronization initiated. (365 threads)
[2024-05-14T11:52:51.240+0000][954.214s][info ][safepoint     ] Application time: 1.0003212 seconds
[2024-05-14T11:52:51.240+0000][954.214s][info ][safepoint     ] Entering safepoint region: Cleanup
[2024-05-14T11:52:51.241+0000][954.214s][info ][safepoint     ] Leaving safepoint region
[2024-05-14T11:52:51.241+0000][954.214s][info ][safepoint     ] Total time for which application threads were stopped: 0.0008178 seconds, Stopping threads took: 0.0002985 seconds
[2024-05-14T11:52:52.241+0000][955.215s][debug][safepoint     ] Safepoint synchronization initiated. (365 threads)
[2024-05-14T11:52:52.241+0000][955.215s][info ][safepoint     ] Application time: 1.0002849 seconds
[2024-05-14T11:52:52.241+0000][955.215s][info ][safepoint     ] Entering safepoint region: Cleanup
[2024-05-14T11:52:52.242+0000][955.216s][info ][safepoint     ] Leaving safepoint region
[2024-05-14T11:52:52.242+0000][955.216s][info ][safepoint     ] Total time for which application threads were stopped: 0.0009558 seconds, Stopping threads took: 0.0002732 seconds
[2024-05-14T11:52:53.242+0000][956.216s][debug][safepoint     ] Safepoint synchronization initiated. (365 threads)
[2024-05-14T11:52:53.242+0000][956.216s][info ][safepoint     ] Application time: 1.0003204 seconds
[2024-05-14T11:52:53.243+0000][956.216s][info ][safepoint     ] Entering safepoint region: Cleanup
[2024-05-14T11:52:53.243+0000][956.217s][info ][safepoint     ] Leaving safepoint region
[2024-05-14T11:52:53.243+0000][956.217s][info ][safepoint     ] Total time for which application threads were stopped: 0.0010679 seconds, Stopping threads took: 0.0002518 seconds
[2024-05-14T11:52:54.244+0000][957.217s][debug][safepoint     ] Safepoint synchronization initiated. (365 threads)
[2024-05-14T11:52:54.244+0000][957.217s][info ][safepoint     ] Application time: 1.0002573 seconds
[2024-05-14T11:52:54.244+0000][957.218s][info ][safepoint     ] Entering safepoint region: Cleanup
[2024-05-14T11:52:54.244+0000][957.218s][info ][safepoint     ] Leaving safepoint region
[2024-05-14T11:52:54.245+0000][957.218s][info ][safepoint     ] Total time for which application threads were stopped: 0.0007766 seconds, Stopping threads took: 0.0002230 seconds
[2024-05-14T11:52:55.245+0000][958.218s][debug][safepoint     ] Safepoint synchronization initiated. (365 threads)
[2024-05-14T11:52:55.245+0000][958.219s][info ][safepoint     ] Application time: 1.0002623 seconds
[2024-05-14T11:52:55.245+0000][958.219s][debug][safepoint     ] ... found polling page return exception at pc = 0x00007f320ccb48f2, stub =0x00007f3204824b00
[2024-05-14T11:52:55.245+0000][958.219s][debug][safepoint     ] Waiting for 1 thread(s) to block
[2024-05-14T11:52:55.245+0000][958.219s][info ][safepoint     ] Entering safepoint region: Cleanup
[2024-05-14T11:52:55.246+0000][958.219s][info ][safepoint     ] Leaving safepoint region
[2024-05-14T11:52:55.246+0000][958.219s][info ][safepoint     ] Total time for which application threads were stopped: 0.0007827 seconds, Stopping threads took: 0.0003327 seconds
[2024-05-14T11:52:56.246+0000][959.220s][debug][safepoint     ] Safepoint synchronization initiated. (365 threads)
[2024-05-14T11:52:56.246+0000][959.220s][info ][safepoint     ] Application time: 1.0002723 seconds
[2024-05-14T11:52:56.246+0000][959.220s][info ][safepoint     ] Entering safepoint region: Cleanup
[2024-05-14T11:52:56.247+0000][959.220s][info ][safepoint     ] Leaving safepoint region
[2024-05-14T11:52:56.247+0000][959.220s][info ][safepoint     ] Total time for which application threads were stopped: 0.0008022 seconds, Stopping threads took: 0.0002677 seconds
[2024-05-14T11:52:57.247+0000][960.221s][debug][safepoint     ] Safepoint synchronization initiated. (365 threads)
[2024-05-14T11:52:57.247+0000][960.221s][info ][safepoint     ] Application time: 1.0002047 seconds
[2024-05-14T11:52:57.247+0000][960.221s][info ][safepoint     ] Entering safepoint region: Cleanup
[2024-05-14T11:52:57.248+0000][960.221s][info ][safepoint     ] Leaving safepoint region
[2024-05-14T11:52:57.248+0000][960.222s][info ][safepoint     ] Total time for which application threads were stopped: 0.0008216 seconds, Stopping threads took: 0.0002248 seconds
[2024-05-14T11:52:58.248+0000][961.222s][debug][safepoint     ] Safepoint synchronization initiated. (365 threads)
[2024-05-14T11:52:58.248+0000][961.222s][info ][safepoint     ] Application time: 1.0002492 seconds
[2024-05-14T11:52:58.248+0000][961.222s][debug][safepoint     ] ... found polling page return exception at pc = 0x00007f320ccb48f2, stub =0x00007f3204824b00
[2024-05-14T11:52:58.248+0000][961.222s][debug][safepoint     ] Waiting for 1 thread(s) to block
[2024-05-14T11:52:58.249+0000][961.222s][info ][safepoint     ] Entering safepoint region: Cleanup
[2024-05-14T11:52:58.249+0000][961.223s][info ][safepoint     ] Leaving safepoint region
[2024-05-14T11:52:58.249+0000][961.223s][info ][safepoint     ] Total time for which application threads were stopped: 0.0010014 seconds, Stopping threads took: 0.0004706 seconds
[2024-05-14T11:52:59.249+0000][962.223s][debug][safepoint     ] Safepoint synchronization initiated. (365 threads)
[2024-05-14T11:52:59.249+0000][962.223s][info ][safepoint     ] Application time: 1.0002965 seconds
[2024-05-14T11:52:59.250+0000][962.224s][info ][safepoint     ] Entering safepoint region: Cleanup
[2024-05-14T11:52:59.251+0000][962.224s][info ][safepoint     ] Leaving safepoint region
[2024-05-14T11:52:59.251+0000][962.224s][info ][safepoint     ] Total time for which application threads were stopped: 0.0012011 seconds, Stopping threads took: 0.0004216 seconds
[2024-05-14T11:53:00.251+0000][963.225s][debug][safepoint     ] Safepoint synchronization initiated. (365 threads)
[2024-05-14T11:53:00.251+0000][963.225s][info ][safepoint     ] Application time: 1.0001849 seconds
[2024-05-14T11:53:00.251+0000][963.225s][info ][safepoint     ] Entering safepoint region: Cleanup
[2024-05-14T11:53:00.252+0000][963.225s][info ][safepoint     ] Leaving safepoint region
[2024-05-14T11:53:00.252+0000][963.226s][info ][safepoint     ] Total time for which application threads were stopped: 0.0008490 seconds, Stopping threads took: 0.0002379 seconds
[2024-05-14T11:53:01.252+0000][964.226s][debug][safepoint     ] Safepoint synchronization initiated. (365 threads)
[2024-05-14T11:53:01.252+0000][964.226s][info ][safepoint     ] Application time: 1.0002150 seconds
[2024-05-14T11:53:01.252+0000][964.226s][debug][safepoint     ] ... found polling page return exception at pc = 0x00007f320c8c9588, stub =0x00007f3204824b00
[2024-05-14T11:53:01.252+0000][964.226s][debug][safepoint     ] Waiting for 1 thread(s) to block
[2024-05-14T11:53:01.252+0000][964.226s][info ][safepoint     ] Entering safepoint region: Cleanup
[2024-05-14T11:53:01.253+0000][964.227s][info ][safepoint     ] Leaving safepoint region
[2024-05-14T11:53:01.253+0000][964.227s][info ][safepoint     ] Total time for which application threads were stopped: 0.0010435 seconds, Stopping threads took: 0.0004469 seconds
[2024-05-14T11:53:02.253+0000][965.227s][debug][safepoint     ] Safepoint synchronization initiated. (365 threads)
[2024-05-14T11:53:02.253+0000][965.227s][info ][safepoint     ] Application time: 1.0003220 seconds
[2024-05-14T11:53:02.254+0000][965.228s][info ][safepoint     ] Entering safepoint region: Cleanup
[2024-05-14T11:53:02.254+0000][965.228s][info ][safepoint     ] Leaving safepoint region
[2024-05-14T11:53:02.255+0000][965.228s][info ][safepoint     ] Total time for which application threads were stopped: 0.0010540 seconds, Stopping threads took: 0.0003901 seconds
[2024-05-14T11:53:03.255+0000][966.228s][debug][safepoint     ] Safepoint synchronization initiated. (365 threads)
[2024-05-14T11:53:03.255+0000][966.229s][info ][safepoint     ] Application time: 1.0003235 seconds
[2024-05-14T11:53:03.255+0000][966.229s][info ][safepoint     ] Entering safepoint region: Cleanup
[2024-05-14T11:53:03.256+0000][966.230s][info ][safepoint     ] Leaving safepoint region
[2024-05-14T11:53:03.256+0000][966.230s][info ][safepoint     ] Total time for which application threads were stopped: 0.0009485 seconds, Stopping threads took: 0.0002262 seconds
[2024-05-14T11:53:04.256+0000][967.230s][debug][safepoint     ] Safepoint synchronization initiated. (365 threads)
[2024-05-14T11:53:04.256+0000][967.230s][info ][safepoint     ] Application time: 1.0003941 seconds
[2024-05-14T11:53:04.256+0000][967.230s][debug][safepoint     ] ... found polling page loop exception at pc = 0x00007f320c75a07a, stub =0x00007f3204826680
[2024-05-14T11:53:04.257+0000][967.230s][debug][safepoint     ] Waiting for 1 thread(s) to block
[2024-05-14T11:53:04.257+0000][967.230s][info ][safepoint     ] Entering safepoint region: Cleanup
[2024-05-14T11:53:04.257+0000][967.231s][info ][safepoint     ] Leaving safepoint region
[2024-05-14T11:53:04.258+0000][967.231s][info ][safepoint     ] Total time for which application threads were stopped: 0.0012025 seconds, Stopping threads took: 0.0004539 seconds
[2024-05-14T11:53:05.258+0000][968.231s][debug][safepoint     ] Safepoint synchronization initiated. (365 threads)
[2024-05-14T11:53:05.258+0000][968.232s][info ][safepoint     ] Application time: 1.0002964 seconds
[2024-05-14T11:53:05.258+0000][968.232s][info ][safepoint     ] Entering safepoint region: Cleanup
[2024-05-14T11:53:05.259+0000][968.233s][info ][safepoint     ] Leaving safepoint region
[2024-05-14T11:53:05.259+0000][968.233s][info ][safepoint     ] Total time for which application threads were stopped: 0.0010365 seconds, Stopping threads took: 0.0004486 seconds
[2024-05-14T11:53:06.203+0000][969.177s][debug][safepoint     ] Safepoint synchronization initiated. (365 threads)
[2024-05-14T11:53:06.203+0000][969.177s][info ][safepoint     ] Application time: 0.9440496 seconds
[2024-05-14T11:53:06.203+0000][969.177s][info ][safepoint     ] Entering safepoint region: G1CollectForAllocation
[2024-05-14T11:53:06.204+0000][969.178s][info ][gc,start      ] GC(112) Pause Young (Normal) (G1 Evacuation Pause)
[2024-05-14T11:53:06.204+0000][969.178s][info ][gc,task       ] GC(112) Using 4 workers of 4 for evacuation
[2024-05-14T11:53:06.216+0000][969.189s][info ][gc,phases     ] GC(112)   Pre Evacuate Collection Set: 0.5ms
[2024-05-14T11:53:06.216+0000][969.189s][info ][gc,phases     ] GC(112)   Evacuate Collection Set: 5.4ms
[2024-05-14T11:53:06.216+0000][969.189s][info ][gc,phases     ] GC(112)   Post Evacuate Collection Set: 4.8ms
[2024-05-14T11:53:06.216+0000][969.189s][info ][gc,phases     ] GC(112)   Other: 1.0ms
[2024-05-14T11:53:06.216+0000][969.189s][info ][gc,heap       ] GC(112) Eden regions: 174->0(174)
[2024-05-14T11:53:06.216+0000][969.189s][info ][gc,heap       ] GC(112) Survivor regions: 2->2(22)
[2024-05-14T11:53:06.216+0000][969.189s][info ][gc,heap       ] GC(112) Old regions: 179->179
[2024-05-14T11:53:06.216+0000][969.189s][info ][gc,heap       ] GC(112) Humongous regions: 0->0
[2024-05-14T11:53:06.216+0000][969.190s][info ][gc,metaspace  ] GC(112) Metaspace: 186470K(192752K)->186470K(192752K) NonClass: 165408K(169252K)->165408K(169252K) Class: 21061K(23500K)->21061K(23500K)
[2024-05-14T11:53:06.216+0000][969.190s][info ][gc            ] GC(112) Pause Young (Normal) (G1 Evacuation Pause) 352M->178M(398M) 11.688ms
[2024-05-14T11:53:06.216+0000][969.190s][info ][gc,cpu        ] GC(112) User=0.04s Sys=0.00s Real=0.01s
[2024-05-14T11:53:06.216+0000][969.190s][info ][safepoint     ] Leaving safepoint region
[2024-05-14T11:53:06.216+0000][969.190s][info ][safepoint     ] Total time for which application threads were stopped: 0.0131232 seconds, Stopping threads took: 0.0003416 seconds
[2024-05-14T11:53:06.216+0000][969.190s][info ][gc,stringdedup] Concurrent String Deduplication (969.190s)
[2024-05-14T11:53:06.216+0000][969.190s][info ][gc,stringdedup] Concurrent String Deduplication 0.0B->0.0B(0.0B) avg 54.8% (969.190s, 969.190s) 0.085ms
[2024-05-14T11:53:07.216+0000][970.190s][debug][safepoint     ] Safepoint synchronization initiated. (365 threads)
[2024-05-14T11:53:07.216+0000][970.190s][info ][safepoint     ] Application time: 1.0002921 seconds
[2024-05-14T11:53:07.217+0000][970.190s][info ][safepoint     ] Entering safepoint region: Cleanup
[2024-05-14T11:53:07.217+0000][970.191s][info ][safepoint     ] Leaving safepoint region
[2024-05-14T11:53:07.217+0000][970.191s][info ][safepoint     ] Total time for which application threads were stopped: 0.0009134 seconds, Stopping threads took: 0.0002618 seconds
[2024-05-14T11:53:08.217+0000][971.191s][debug][safepoint     ] Safepoint synchronization initiated. (365 threads)
[2024-05-14T11:53:08.218+0000][971.191s][info ][safepoint     ] Application time: 1.0003741 seconds
[2024-05-14T11:53:08.218+0000][971.192s][info ][safepoint     ] Entering safepoint region: Cleanup
[2024-05-14T11:53:08.218+0000][971.192s][info ][safepoint     ] Leaving safepoint region
[2024-05-14T11:53:08.218+0000][971.192s][info ][safepoint     ] Total time for which application threads were stopped: 0.0005537 seconds, Stopping threads took: 0.0001655 seconds
[2024-05-14T11:53:09.218+0000][972.192s][debug][safepoint     ] Safepoint synchronization initiated. (365 threads)
[2024-05-14T11:53:09.219+0000][972.192s][info ][safepoint     ] Application time: 1.0002343 seconds
[2024-05-14T11:53:09.219+0000][972.193s][info ][safepoint     ] Entering safepoint region: Cleanup
[2024-05-14T11:53:09.220+0000][972.193s][info ][safepoint     ] Leaving safepoint region
[2024-05-14T11:53:09.220+0000][972.193s][info ][safepoint     ] Total time for which application threads were stopped: 0.0011369 seconds, Stopping threads took: 0.0004657 seconds
[2024-05-14T11:53:10.220+0000][973.194s][debug][safepoint     ] Safepoint synchronization initiated. (365 threads)
[2024-05-14T11:53:10.220+0000][973.194s][info ][safepoint     ] Application time: 1.0003452 seconds
[2024-05-14T11:53:10.220+0000][973.194s][info ][safepoint     ] Entering safepoint region: Cleanup
[2024-05-14T11:53:10.221+0000][973.195s][info ][safepoint     ] Leaving safepoint region
[2024-05-14T11:53:10.221+0000][973.195s][info ][safepoint     ] Total time for which application threads were stopped: 0.0007090 seconds, Stopping threads took: 0.0002456 seconds
[2024-05-14T11:53:11.221+0000][974.195s][debug][safepoint     ] Safepoint synchronization initiated. (365 threads)
[2024-05-14T11:53:11.221+0000][974.195s][info ][safepoint     ] Application time: 1.0002774 seconds
[2024-05-14T11:53:11.221+0000][974.195s][info ][safepoint     ] Entering safepoint region: Cleanup
[2024-05-14T11:53:11.222+0000][974.196s][info ][safepoint     ] Leaving safepoint region
[2024-05-14T11:53:11.222+0000][974.196s][info ][safepoint     ] Total time for which application threads were stopped: 0.0008537 seconds, Stopping threads took: 0.0002750 seconds
[2024-05-14T11:53:12.222+0000][975.196s][debug][safepoint     ] Safepoint synchronization initiated. (365 threads)
[2024-05-14T11:53:12.222+0000][975.196s][info ][safepoint     ] Application time: 1.0003310 seconds
[2024-05-14T11:53:12.223+0000][975.196s][info ][safepoint     ] Entering safepoint region: Cleanup
[2024-05-14T11:53:12.223+0000][975.197s][info ][safepoint     ] Leaving safepoint region
[2024-05-14T11:53:12.223+0000][975.197s][info ][safepoint     ] Total time for which application threads were stopped: 0.0010427 seconds, Stopping threads took: 0.0002577 seconds
[2024-05-14T11:53:13.224+0000][976.197s][debug][safepoint     ] Safepoint synchronization initiated. (365 threads)
[2024-05-14T11:53:13.224+0000][976.197s][info ][safepoint     ] Application time: 1.0002644 seconds
[2024-05-14T11:53:13.224+0000][976.198s][info ][safepoint     ] Entering safepoint region: Cleanup
[2024-05-14T11:53:13.225+0000][976.198s][info ][safepoint     ] Leaving safepoint region
[2024-05-14T11:53:13.225+0000][976.199s][info ][safepoint     ] Total time for which application threads were stopped: 0.0010231 seconds, Stopping threads took: 0.0002680 seconds
[2024-05-14T11:53:14.225+0000][977.199s][debug][safepoint     ] Safepoint synchronization initiated. (365 threads)
[2024-05-14T11:53:14.225+0000][977.199s][info ][safepoint     ] Application time: 1.0002238 seconds
[2024-05-14T11:53:14.225+0000][977.199s][info ][safepoint     ] Entering safepoint region: Cleanup
[2024-05-14T11:53:14.226+0000][977.200s][info ][safepoint     ] Leaving safepoint region
[2024-05-14T11:53:14.226+0000][977.200s][info ][safepoint     ] Total time for which application threads were stopped: 0.0013471 seconds, Stopping threads took: 0.0003904 seconds
[2024-05-14T11:53:15.227+0000][978.200s][debug][safepoint     ] Safepoint synchronization initiated. (365 threads)
[2024-05-14T11:53:15.227+0000][978.200s][info ][safepoint     ] Application time: 1.0001747 seconds
[2024-05-14T11:53:15.227+0000][978.201s][info ][safepoint     ] Entering safepoint region: Cleanup
[2024-05-14T11:53:15.227+0000][978.201s][info ][safepoint     ] Leaving safepoint region
[2024-05-14T11:53:15.227+0000][978.201s][info ][safepoint     ] Total time for which application threads were stopped: 0.0008437 seconds, Stopping threads took: 0.0002677 seconds
[2024-05-14T11:53:16.228+0000][979.201s][debug][safepoint     ] Safepoint synchronization initiated. (365 threads)
[2024-05-14T11:53:16.228+0000][979.202s][info ][safepoint     ] Application time: 1.0002968 seconds
[2024-05-14T11:53:16.228+0000][979.202s][info ][safepoint     ] Entering safepoint region: Cleanup
[2024-05-14T11:53:16.229+0000][979.202s][info ][safepoint     ] Leaving safepoint region
[2024-05-14T11:53:16.229+0000][979.202s][info ][safepoint     ] Total time for which application threads were stopped: 0.0009159 seconds, Stopping threads took: 0.0002546 seconds
[2024-05-14T11:53:17.229+0000][980.203s][debug][safepoint     ] Safepoint synchronization initiated. (365 threads)
[2024-05-14T11:53:17.229+0000][980.203s][info ][safepoint     ] Application time: 1.0002367 seconds
[2024-05-14T11:53:17.229+0000][980.203s][info ][safepoint     ] Entering safepoint region: Cleanup
[2024-05-14T11:53:17.230+0000][980.204s][info ][safepoint     ] Leaving safepoint region
[2024-05-14T11:53:17.230+0000][980.204s][debug][safepoint     ] ... found polling page return exception at pc = 0x00007f320ca20556, stub =0x00007f3204824b00
[2024-05-14T11:53:17.230+0000][980.204s][info ][safepoint     ] Total time for which application threads were stopped: 0.0010145 seconds, Stopping threads took: 0.0002727 seconds
[2024-05-14T11:53:18.230+0000][981.204s][debug][safepoint     ] Safepoint synchronization initiated. (365 threads)
[2024-05-14T11:53:18.230+0000][981.204s][info ][safepoint     ] Application time: 1.0002438 seconds
[2024-05-14T11:53:18.231+0000][981.204s][info ][safepoint     ] Entering safepoint region: Cleanup
[2024-05-14T11:53:18.231+0000][981.205s][info ][safepoint     ] Leaving safepoint region
[2024-05-14T11:53:18.231+0000][981.205s][info ][safepoint     ] Total time for which application threads were stopped: 0.0008637 seconds, Stopping threads took: 0.0002814 seconds
[2024-05-14T11:53:19.232+0000][982.205s][debug][safepoint     ] Safepoint synchronization initiated. (365 threads)
[2024-05-14T11:53:19.232+0000][982.205s][info ][safepoint     ] Application time: 1.0002540 seconds
[2024-05-14T11:53:19.232+0000][982.205s][info ][safepoint     ] Entering safepoint region: Cleanup
[2024-05-14T11:53:19.232+0000][982.206s][info ][safepoint     ] Leaving safepoint region
[2024-05-14T11:53:19.232+0000][982.206s][info ][safepoint     ] Total time for which application threads were stopped: 0.0008548 seconds, Stopping threads took: 0.0002141 seconds
[2024-05-14T11:53:20.233+0000][983.206s][debug][safepoint     ] Safepoint synchronization initiated. (365 threads)
[2024-05-14T11:53:20.233+0000][983.207s][info ][safepoint     ] Application time: 1.0003099 seconds
[2024-05-14T11:53:20.233+0000][983.207s][info ][safepoint     ] Entering safepoint region: Cleanup
[2024-05-14T11:53:20.234+0000][983.207s][info ][safepoint     ] Leaving safepoint region
[2024-05-14T11:53:20.234+0000][983.207s][info ][safepoint     ] Total time for which application threads were stopped: 0.0008499 seconds, Stopping threads took: 0.0002340 seconds
[2024-05-14T11:53:21.234+0000][984.208s][debug][safepoint     ] Safepoint synchronization initiated. (365 threads)
[2024-05-14T11:53:21.234+0000][984.208s][info ][safepoint     ] Application time: 1.0002156 seconds
[2024-05-14T11:53:21.234+0000][984.208s][info ][safepoint     ] Entering safepoint region: Cleanup
[2024-05-14T11:53:21.235+0000][984.208s][debug][safepoint     ] ... found polling page return exception at pc = 0x00007f320ca20556, stub =0x00007f3204824b00
[2024-05-14T11:53:21.235+0000][984.208s][info ][safepoint     ] Leaving safepoint region
[2024-05-14T11:53:21.235+0000][984.208s][info ][safepoint     ] Total time for which application threads were stopped: 0.0007932 seconds, Stopping threads took: 0.0002295 seconds
[2024-05-14T11:53:22.235+0000][985.209s][debug][safepoint     ] Safepoint synchronization initiated. (365 threads)
[2024-05-14T11:53:22.235+0000][985.209s][info ][safepoint     ] Application time: 1.0002473 seconds
[2024-05-14T11:53:22.235+0000][985.209s][debug][safepoint     ] ... found polling page loop exception at pc = 0x00007f320d11d4d7, stub =0x00007f3204826680
[2024-05-14T11:53:22.235+0000][985.209s][debug][safepoint     ] Waiting for 1 thread(s) to block
[2024-05-14T11:53:22.236+0000][985.209s][info ][safepoint     ] Entering safepoint region: Cleanup
[2024-05-14T11:53:22.236+0000][985.210s][info ][safepoint     ] Leaving safepoint region
[2024-05-14T11:53:22.236+0000][985.210s][info ][safepoint     ] Total time for which application threads were stopped: 0.0010503 seconds, Stopping threads took: 0.0003914 seconds
[2024-05-14T11:53:23.237+0000][986.210s][debug][safepoint     ] Safepoint synchronization initiated. (365 threads)
[2024-05-14T11:53:23.237+0000][986.210s][info ][safepoint     ] Application time: 1.0002790 seconds
[2024-05-14T11:53:23.237+0000][986.210s][debug][safepoint     ] ... found polling page return exception at pc = 0x00007f320d368938, stub =0x00007f3204824b00
[2024-05-14T11:53:23.237+0000][986.211s][debug][safepoint     ] Waiting for 1 thread(s) to block
[2024-05-14T11:53:23.237+0000][986.211s][info ][safepoint     ] Entering safepoint region: Cleanup
[2024-05-14T11:53:23.237+0000][986.211s][info ][safepoint     ] Leaving safepoint region
[2024-05-14T11:53:23.238+0000][986.211s][info ][safepoint     ] Total time for which application threads were stopped: 0.0008849 seconds, Stopping threads took: 0.0004050 seconds
[2024-05-14T11:53:24.238+0000][987.212s][debug][safepoint     ] Safepoint synchronization initiated. (365 threads)
[2024-05-14T11:53:24.238+0000][987.212s][info ][safepoint     ] Application time: 1.0002946 seconds
[2024-05-14T11:53:24.238+0000][987.212s][info ][safepoint     ] Entering safepoint region: Cleanup
[2024-05-14T11:53:24.239+0000][987.212s][info ][safepoint     ] Leaving safepoint region
[2024-05-14T11:53:24.239+0000][987.212s][info ][safepoint     ] Total time for which application threads were stopped: 0.0007594 seconds, Stopping threads took: 0.0002483 seconds
[2024-05-14T11:53:25.239+0000][988.213s][debug][safepoint     ] Safepoint synchronization initiated. (365 threads)
[2024-05-14T11:53:25.239+0000][988.213s][info ][safepoint     ] Application time: 1.0002820 seconds
[2024-05-14T11:53:25.239+0000][988.213s][info ][safepoint     ] Entering safepoint region: Cleanup
[2024-05-14T11:53:25.240+0000][988.213s][info ][safepoint     ] Leaving safepoint region
[2024-05-14T11:53:25.240+0000][988.213s][info ][safepoint     ] Total time for which application threads were stopped: 0.0007564 seconds, Stopping threads took: 0.0002210 seconds
[2024-05-14T11:53:26.240+0000][989.214s][debug][safepoint     ] Safepoint synchronization initiated. (365 threads)
[2024-05-14T11:53:26.240+0000][989.214s][info ][safepoint     ] Application time: 1.0001397 seconds
[2024-05-14T11:53:26.240+0000][989.214s][debug][safepoint     ] ... found polling page return exception at pc = 0x00007f320d12a5ff, stub =0x00007f3204824b00
[2024-05-14T11:53:26.240+0000][989.214s][debug][safepoint     ] Waiting for 1 thread(s) to block
[2024-05-14T11:53:26.240+0000][989.214s][info ][safepoint     ] Entering safepoint region: Cleanup
[2024-05-14T11:53:26.241+0000][989.214s][debug][safepoint     ] ... found polling page return exception at pc = 0x00007f320ca20556, stub =0x00007f3204824b00
[2024-05-14T11:53:26.241+0000][989.214s][info ][safepoint     ] Leaving safepoint region
[2024-05-14T11:53:26.241+0000][989.214s][info ][safepoint     ] Total time for which application threads were stopped: 0.0007733 seconds, Stopping threads took: 0.0003081 seconds
[2024-05-14T11:53:27.241+0000][990.215s][debug][safepoint     ] Safepoint synchronization initiated. (365 threads)
[2024-05-14T11:53:27.241+0000][990.215s][info ][safepoint     ] Application time: 1.0002191 seconds
[2024-05-14T11:53:27.241+0000][990.215s][info ][safepoint     ] Entering safepoint region: Cleanup
[2024-05-14T11:53:27.242+0000][990.215s][info ][safepoint     ] Leaving safepoint region
[2024-05-14T11:53:27.242+0000][990.215s][info ][safepoint     ] Total time for which application threads were stopped: 0.0007837 seconds, Stopping threads took: 0.0002194 seconds
[2024-05-14T11:53:28.242+0000][991.216s][debug][safepoint     ] Safepoint synchronization initiated. (365 threads)
[2024-05-14T11:53:28.242+0000][991.216s][info ][safepoint     ] Application time: 1.0002028 seconds
[2024-05-14T11:53:28.242+0000][991.216s][info ][safepoint     ] Entering safepoint region: Cleanup
[2024-05-14T11:53:28.243+0000][991.216s][info ][safepoint     ] Leaving safepoint region
[2024-05-14T11:53:28.243+0000][991.216s][info ][safepoint     ] Total time for which application threads were stopped: 0.0006606 seconds, Stopping threads took: 0.0002290 seconds
[2024-05-14T11:53:29.065+0000][992.038s][debug][safepoint     ] Safepoint synchronization initiated. (365 threads)
[2024-05-14T11:53:29.065+0000][992.038s][info ][safepoint     ] Application time: 0.8219280 seconds
[2024-05-14T11:53:29.065+0000][992.038s][debug][safepoint     ] ... found polling page loop exception at pc = 0x00007f320ce722a7, stub =0x00007f3204826680
[2024-05-14T11:53:29.065+0000][992.039s][debug][safepoint     ] Waiting for 1 thread(s) to block
[2024-05-14T11:53:29.065+0000][992.039s][info ][safepoint     ] Entering safepoint region: G1CollectForAllocation
[2024-05-14T11:53:29.066+0000][992.040s][info ][gc,start      ] GC(113) Pause Young (Normal) (G1 Evacuation Pause)
[2024-05-14T11:53:29.066+0000][992.040s][info ][gc,task       ] GC(113) Using 4 workers of 4 for evacuation
[2024-05-14T11:53:29.077+0000][992.050s][info ][gc,phases     ] GC(113)   Pre Evacuate Collection Set: 0.0ms
[2024-05-14T11:53:29.077+0000][992.050s][info ][gc,phases     ] GC(113)   Evacuate Collection Set: 5.0ms
[2024-05-14T11:53:29.077+0000][992.051s][info ][gc,phases     ] GC(113)   Post Evacuate Collection Set: 5.2ms
[2024-05-14T11:53:29.077+0000][992.051s][info ][gc,phases     ] GC(113)   Other: 1.0ms
[2024-05-14T11:53:29.077+0000][992.051s][info ][gc,heap       ] GC(113) Eden regions: 174->0(174)
[2024-05-14T11:53:29.077+0000][992.051s][info ][gc,heap       ] GC(113) Survivor regions: 2->2(22)
[2024-05-14T11:53:29.077+0000][992.051s][info ][gc,heap       ] GC(113) Old regions: 179->179
[2024-05-14T11:53:29.077+0000][992.051s][info ][gc,heap       ] GC(113) Humongous regions: 0->0
[2024-05-14T11:53:29.077+0000][992.051s][info ][gc,metaspace  ] GC(113) Metaspace: 186490K(192752K)->186490K(192752K) NonClass: 165428K(169252K)->165428K(169252K) Class: 21061K(23500K)->21061K(23500K)
[2024-05-14T11:53:29.077+0000][992.051s][info ][gc            ] GC(113) Pause Young (Normal) (G1 Evacuation Pause) 352M->178M(398M) 11.009ms
[2024-05-14T11:53:29.077+0000][992.051s][info ][gc,cpu        ] GC(113) User=0.03s Sys=0.00s Real=0.01s
[2024-05-14T11:53:29.077+0000][992.051s][info ][safepoint     ] Leaving safepoint region
[2024-05-14T11:53:29.077+0000][992.051s][info ][safepoint     ] Total time for which application threads were stopped: 0.0124902 seconds, Stopping threads took: 0.0003813 seconds
[2024-05-14T11:53:29.077+0000][992.051s][info ][gc,stringdedup] Concurrent String Deduplication (992.051s)
[2024-05-14T11:53:29.078+0000][992.052s][info ][gc,stringdedup] Concurrent String Deduplication 90504.0B->0.0B(90504.0B) avg 55.0% (992.051s, 992.052s) 0.648ms
[2024-05-14T11:53:30.077+0000][993.051s][debug][safepoint     ] Safepoint synchronization initiated. (365 threads)
[2024-05-14T11:53:30.077+0000][993.051s][info ][safepoint     ] Application time: 1.0002823 seconds
[2024-05-14T11:53:30.078+0000][993.051s][info ][safepoint     ] Entering safepoint region: Cleanup
[2024-05-14T11:53:30.078+0000][993.052s][info ][safepoint     ] Leaving safepoint region
[2024-05-14T11:53:30.078+0000][993.052s][info ][safepoint     ] Total time for which application threads were stopped: 0.0009526 seconds, Stopping threads took: 0.0003418 seconds
[2024-05-14T11:53:31.079+0000][994.052s][debug][safepoint     ] Safepoint synchronization initiated. (365 threads)
[2024-05-14T11:53:31.079+0000][994.053s][info ][safepoint     ] Application time: 1.0006532 seconds
[2024-05-14T11:53:31.081+0000][994.054s][debug][safepoint     ] ... found polling page loop exception at pc = 0x00007f320ced7146, stub =0x00007f3204826680
[2024-05-14T11:53:31.081+0000][994.055s][debug][safepoint     ] ... found polling page return exception at pc = 0x00007f320c389240, stub =0x00007f3204824b00
[2024-05-14T11:53:31.082+0000][994.055s][debug][safepoint     ] Waiting for 2 thread(s) to block
[2024-05-14T11:53:31.082+0000][994.055s][info ][safepoint     ] Entering safepoint region: Cleanup
[2024-05-14T11:53:31.082+0000][994.056s][info ][safepoint     ] Leaving safepoint region
[2024-05-14T11:53:31.082+0000][994.056s][info ][safepoint     ] Total time for which application threads were stopped: 0.0031737 seconds, Stopping threads took: 0.0025315 seconds
[2024-05-14T11:53:32.082+0000][995.056s][debug][safepoint     ] Safepoint synchronization initiated. (365 threads)
[2024-05-14T11:53:32.083+0000][995.056s][info ][safepoint     ] Application time: 1.0002464 seconds
[2024-05-14T11:53:32.083+0000][995.056s][info ][safepoint     ] Entering safepoint region: Cleanup
[2024-05-14T11:53:32.083+0000][995.057s][info ][safepoint     ] Leaving safepoint region
[2024-05-14T11:53:32.083+0000][995.057s][info ][safepoint     ] Total time for which application threads were stopped: 0.0008894 seconds, Stopping threads took: 0.0002207 seconds
[2024-05-14T11:53:33.084+0000][996.057s][debug][safepoint     ] Safepoint synchronization initiated. (365 threads)
[2024-05-14T11:53:33.084+0000][996.057s][info ][safepoint     ] Application time: 1.0002686 seconds
[2024-05-14T11:53:33.084+0000][996.058s][info ][safepoint     ] Entering safepoint region: Cleanup
[2024-05-14T11:53:33.085+0000][996.058s][info ][safepoint     ] Leaving safepoint region
[2024-05-14T11:53:33.085+0000][996.058s][info ][safepoint     ] Total time for which application threads were stopped: 0.0009014 seconds, Stopping threads took: 0.0002304 seconds
[2024-05-14T11:53:34.085+0000][997.059s][debug][safepoint     ] Safepoint synchronization initiated. (365 threads)
[2024-05-14T11:53:34.086+0000][997.060s][info ][safepoint     ] Application time: 1.0016116 seconds
[2024-05-14T11:53:34.087+0000][997.061s][info ][safepoint     ] Entering safepoint region: Cleanup
[2024-05-14T11:53:34.088+0000][997.062s][info ][safepoint     ] Leaving safepoint region
[2024-05-14T11:53:34.088+0000][997.062s][info ][safepoint     ] Total time for which application threads were stopped: 0.0020102 seconds, Stopping threads took: 0.0008881 seconds
[2024-05-14T11:53:35.089+0000][998.062s][debug][safepoint     ] Safepoint synchronization initiated. (365 threads)
[2024-05-14T11:53:35.089+0000][998.062s][info ][safepoint     ] Application time: 1.0002536 seconds
[2024-05-14T11:53:35.089+0000][998.062s][debug][safepoint     ] ... found polling page return exception at pc = 0x00007f320cbe669f, stub =0x00007f3204824b00
[2024-05-14T11:53:35.089+0000][998.063s][debug][safepoint     ] Waiting for 1 thread(s) to block
[2024-05-14T11:53:35.089+0000][998.063s][info ][safepoint     ] Entering safepoint region: Cleanup
[2024-05-14T11:53:35.090+0000][998.063s][info ][safepoint     ] Leaving safepoint region
[2024-05-14T11:53:35.090+0000][998.063s][info ][safepoint     ] Total time for which application threads were stopped: 0.0010126 seconds, Stopping threads took: 0.0004147 seconds
[2024-05-14T11:53:36.090+0000][999.064s][debug][safepoint     ] Safepoint synchronization initiated. (365 threads)
[2024-05-14T11:53:36.090+0000][999.064s][info ][safepoint     ] Application time: 1.0002678 seconds
[2024-05-14T11:53:36.090+0000][999.064s][info ][safepoint     ] Entering safepoint region: Cleanup
[2024-05-14T11:53:36.091+0000][999.065s][info ][safepoint     ] Leaving safepoint region
[2024-05-14T11:53:36.091+0000][999.065s][info ][safepoint     ] Total time for which application threads were stopped: 0.0011350 seconds, Stopping threads took: 0.0002354 seconds
[2024-05-14T11:53:37.091+0000][1000.065s][debug][safepoint     ] Safepoint synchronization initiated. (365 threads)
[2024-05-14T11:53:37.091+0000][1000.065s][info ][safepoint     ] Application time: 1.0003015 seconds
[2024-05-14T11:53:37.092+0000][1000.066s][info ][safepoint     ] Entering safepoint region: Cleanup
[2024-05-14T11:53:37.092+0000][1000.066s][info ][safepoint     ] Leaving safepoint region
[2024-05-14T11:53:37.092+0000][1000.066s][info ][safepoint     ] Total time for which application threads were stopped: 0.0009029 seconds, Stopping threads took: 0.0003058 seconds
[2024-05-14T11:53:38.093+0000][1001.066s][debug][safepoint     ] Safepoint synchronization initiated. (365 threads)
[2024-05-14T11:53:38.093+0000][1001.066s][info ][safepoint     ] Application time: 1.0002072 seconds
[2024-05-14T11:53:38.093+0000][1001.067s][info ][safepoint     ] Entering safepoint region: Cleanup
[2024-05-14T11:53:38.094+0000][1001.067s][info ][safepoint     ] Leaving safepoint region
[2024-05-14T11:53:38.094+0000][1001.068s][info ][safepoint     ] Total time for which application threads were stopped: 0.0011019 seconds, Stopping threads took: 0.0003187 seconds
[2024-05-14T11:53:39.094+0000][1002.068s][debug][safepoint     ] Safepoint synchronization initiated. (365 threads)
[2024-05-14T11:53:39.094+0000][1002.068s][info ][safepoint     ] Application time: 1.0002258 seconds
[2024-05-14T11:53:39.095+0000][1002.068s][info ][safepoint     ] Entering safepoint region: Cleanup
[2024-05-14T11:53:39.095+0000][1002.069s][info ][safepoint     ] Leaving safepoint region
[2024-05-14T11:53:39.095+0000][1002.069s][info ][safepoint     ] Total time for which application threads were stopped: 0.0013599 seconds, Stopping threads took: 0.0005799 seconds
[2024-05-14T11:53:40.096+0000][1003.069s][debug][safepoint     ] Safepoint synchronization initiated. (365 threads)
[2024-05-14T11:53:40.096+0000][1003.069s][info ][safepoint     ] Application time: 1.0002689 seconds
[2024-05-14T11:53:40.096+0000][1003.070s][info ][safepoint     ] Entering safepoint region: Cleanup
[2024-05-14T11:53:40.097+0000][1003.070s][info ][safepoint     ] Leaving safepoint region
[2024-05-14T11:53:40.097+0000][1003.070s][info ][safepoint     ] Total time for which application threads were stopped: 0.0008750 seconds, Stopping threads took: 0.0002395 seconds
[2024-05-14T11:53:41.097+0000][1004.071s][debug][safepoint     ] Safepoint synchronization initiated. (365 threads)
[2024-05-14T11:53:41.097+0000][1004.071s][info ][safepoint     ] Application time: 1.0002198 seconds
[2024-05-14T11:53:41.097+0000][1004.071s][info ][safepoint     ] Entering safepoint region: Cleanup
[2024-05-14T11:53:41.098+0000][1004.072s][info ][safepoint     ] Leaving safepoint region
[2024-05-14T11:53:41.098+0000][1004.072s][info ][safepoint     ] Total time for which application threads were stopped: 0.0010136 seconds, Stopping threads took: 0.0002370 seconds
[2024-05-14T11:53:42.098+0000][1005.072s][debug][safepoint     ] Safepoint synchronization initiated. (365 threads)
[2024-05-14T11:53:42.098+0000][1005.072s][info ][safepoint     ] Application time: 1.0002152 seconds
[2024-05-14T11:53:42.098+0000][1005.072s][info ][safepoint     ] Entering safepoint region: Cleanup
[2024-05-14T11:53:42.099+0000][1005.073s][debug][safepoint     ] ... found polling page return exception at pc = 0x00007f320ca20556, stub =0x00007f3204824b00
[2024-05-14T11:53:42.099+0000][1005.073s][info ][safepoint     ] Leaving safepoint region
[2024-05-14T11:53:42.099+0000][1005.073s][info ][safepoint     ] Total time for which application threads were stopped: 0.0008345 seconds, Stopping threads took: 0.0002354 seconds
[2024-05-14T11:53:43.099+0000][1006.073s][debug][safepoint     ] Safepoint synchronization initiated. (365 threads)
[2024-05-14T11:53:43.099+0000][1006.073s][info ][safepoint     ] Application time: 1.0002532 seconds
[2024-05-14T11:53:43.099+0000][1006.073s][debug][safepoint     ] ... found polling page return exception at pc = 0x00007f320ccb48f2, stub =0x00007f3204824b00
[2024-05-14T11:53:43.100+0000][1006.073s][debug][safepoint     ] Waiting for 1 thread(s) to block
[2024-05-14T11:53:43.100+0000][1006.074s][info ][safepoint     ] Entering safepoint region: Cleanup
[2024-05-14T11:53:43.100+0000][1006.074s][info ][safepoint     ] Leaving safepoint region
[2024-05-14T11:53:43.100+0000][1006.074s][info ][safepoint     ] Total time for which application threads were stopped: 0.0011060 seconds, Stopping threads took: 0.0005117 seconds
[2024-05-14T11:53:44.101+0000][1007.074s][debug][safepoint     ] Safepoint synchronization initiated. (365 threads)
[2024-05-14T11:53:44.101+0000][1007.074s][info ][safepoint     ] Application time: 1.0001438 seconds
[2024-05-14T11:53:44.101+0000][1007.075s][info ][safepoint     ] Entering safepoint region: Cleanup
[2024-05-14T11:53:44.102+0000][1007.076s][info ][safepoint     ] Leaving safepoint region
[2024-05-14T11:53:44.102+0000][1007.076s][info ][safepoint     ] Total time for which application threads were stopped: 0.0011699 seconds, Stopping threads took: 0.0005011 seconds
[2024-05-14T11:53:45.102+0000][1008.076s][debug][safepoint     ] Safepoint synchronization initiated. (365 threads)
[2024-05-14T11:53:45.102+0000][1008.076s][info ][safepoint     ] Application time: 1.0002127 seconds
[2024-05-14T11:53:45.102+0000][1008.076s][info ][safepoint     ] Entering safepoint region: Cleanup
[2024-05-14T11:53:45.103+0000][1008.077s][info ][safepoint     ] Leaving safepoint region
[2024-05-14T11:53:45.103+0000][1008.077s][info ][safepoint     ] Total time for which application threads were stopped: 0.0009241 seconds, Stopping threads took: 0.0002514 seconds
[2024-05-14T11:53:46.103+0000][1009.077s][debug][safepoint     ] Safepoint synchronization initiated. (365 threads)
[2024-05-14T11:53:46.103+0000][1009.077s][info ][safepoint     ] Application time: 1.0002122 seconds
[2024-05-14T11:53:46.103+0000][1009.077s][info ][safepoint     ] Entering safepoint region: Cleanup
[2024-05-14T11:53:46.104+0000][1009.078s][info ][safepoint     ] Leaving safepoint region
[2024-05-14T11:53:46.104+0000][1009.078s][info ][safepoint     ] Total time for which application threads were stopped: 0.0007105 seconds, Stopping threads took: 0.0002520 seconds
[2024-05-14T11:53:47.104+0000][1010.078s][debug][safepoint     ] Safepoint synchronization initiated. (365 threads)
[2024-05-14T11:53:47.104+0000][1010.078s][info ][safepoint     ] Application time: 1.0002786 seconds
[2024-05-14T11:53:47.104+0000][1010.078s][info ][safepoint     ] Entering safepoint region: Cleanup
[2024-05-14T11:53:47.105+0000][1010.079s][debug][safepoint     ] ... found polling page return exception at pc = 0x00007f320ca20556, stub =0x00007f3204824b00
[2024-05-14T11:53:47.105+0000][1010.079s][info ][safepoint     ] Leaving safepoint region
[2024-05-14T11:53:47.105+0000][1010.079s][info ][safepoint     ] Total time for which application threads were stopped: 0.0008650 seconds, Stopping threads took: 0.0002146 seconds
[2024-05-14T11:53:48.105+0000][1011.079s][debug][safepoint     ] Safepoint synchronization initiated. (365 threads)
[2024-05-14T11:53:48.105+0000][1011.079s][info ][safepoint     ] Application time: 1.0002644 seconds
[2024-05-14T11:53:48.106+0000][1011.079s][info ][safepoint     ] Entering safepoint region: Cleanup
[2024-05-14T11:53:48.106+0000][1011.080s][info ][safepoint     ] Leaving safepoint region
[2024-05-14T11:53:48.106+0000][1011.080s][info ][safepoint     ] Total time for which application threads were stopped: 0.0009208 seconds, Stopping threads took: 0.0003106 seconds
[2024-05-14T11:53:49.107+0000][1012.080s][debug][safepoint     ] Safepoint synchronization initiated. (365 threads)
[2024-05-14T11:53:49.107+0000][1012.080s][info ][safepoint     ] Application time: 1.0002962 seconds
[2024-05-14T11:53:49.107+0000][1012.081s][info ][safepoint     ] Entering safepoint region: Cleanup
[2024-05-14T11:53:49.107+0000][1012.081s][info ][safepoint     ] Leaving safepoint region
[2024-05-14T11:53:49.107+0000][1012.081s][info ][safepoint     ] Total time for which application threads were stopped: 0.0007196 seconds, Stopping threads took: 0.0002630 seconds
[2024-05-14T11:53:50.108+0000][1013.081s][debug][safepoint     ] Safepoint synchronization initiated. (365 threads)
[2024-05-14T11:53:50.108+0000][1013.081s][info ][safepoint     ] Application time: 1.0001598 seconds
[2024-05-14T11:53:50.108+0000][1013.082s][info ][safepoint     ] Entering safepoint region: Cleanup
[2024-05-14T11:53:50.108+0000][1013.082s][info ][safepoint     ] Leaving safepoint region
[2024-05-14T11:53:50.109+0000][1013.082s][info ][safepoint     ] Total time for which application threads were stopped: 0.0008589 seconds, Stopping threads took: 0.0002125 seconds
[2024-05-14T11:53:51.109+0000][1014.082s][debug][safepoint     ] Safepoint synchronization initiated. (365 threads)
[2024-05-14T11:53:51.109+0000][1014.082s][info ][safepoint     ] Application time: 1.0001920 seconds
[2024-05-14T11:53:51.109+0000][1014.083s][debug][safepoint     ] ... found polling page return exception at pc = 0x00007f320ccb48f2, stub =0x00007f3204824b00
[2024-05-14T11:53:51.109+0000][1014.083s][debug][safepoint     ] Waiting for 1 thread(s) to block
[2024-05-14T11:53:51.109+0000][1014.083s][info ][safepoint     ] Entering safepoint region: Cleanup
[2024-05-14T11:53:51.109+0000][1014.083s][info ][safepoint     ] Leaving safepoint region
[2024-05-14T11:53:51.110+0000][1014.083s][info ][safepoint     ] Total time for which application threads were stopped: 0.0007845 seconds, Stopping threads took: 0.0002702 seconds
[2024-05-14T11:53:51.457+0000][1014.431s][debug][safepoint     ] Safepoint synchronization initiated. (365 threads)
[2024-05-14T11:53:51.457+0000][1014.431s][info ][safepoint     ] Application time: 0.3476560 seconds
[2024-05-14T11:53:51.458+0000][1014.431s][debug][safepoint     ] ... found polling page return exception at pc = 0x00007f320c3b4df8, stub =0x00007f3204824b00
[2024-05-14T11:53:51.458+0000][1014.432s][debug][safepoint     ] Waiting for 2 thread(s) to block
[2024-05-14T11:53:51.458+0000][1014.432s][info ][safepoint     ] Entering safepoint region: G1CollectForAllocation
[2024-05-14T11:53:51.459+0000][1014.433s][info ][gc,start      ] GC(114) Pause Young (Normal) (G1 Evacuation Pause)
[2024-05-14T11:53:51.459+0000][1014.433s][info ][gc,task       ] GC(114) Using 4 workers of 4 for evacuation
[2024-05-14T11:53:51.499+0000][1014.473s][info ][gc,phases     ] GC(114)   Pre Evacuate Collection Set: 0.0ms
[2024-05-14T11:53:51.500+0000][1014.473s][info ][gc,phases     ] GC(114)   Evacuate Collection Set: 19.6ms
[2024-05-14T11:53:51.500+0000][1014.473s][info ][gc,phases     ] GC(114)   Post Evacuate Collection Set: 17.7ms
[2024-05-14T11:53:51.500+0000][1014.474s][info ][gc,phases     ] GC(114)   Other: 3.4ms
[2024-05-14T11:53:51.500+0000][1014.474s][info ][gc,heap       ] GC(114) Eden regions: 174->0(175)
[2024-05-14T11:53:51.501+0000][1014.474s][info ][gc,heap       ] GC(114) Survivor regions: 2->1(22)
[2024-05-14T11:53:51.501+0000][1014.475s][info ][gc,heap       ] GC(114) Old regions: 179->179
[2024-05-14T11:53:51.501+0000][1014.475s][info ][gc,heap       ] GC(114) Humongous regions: 0->0
[2024-05-14T11:53:51.501+0000][1014.475s][info ][gc,metaspace  ] GC(114) Metaspace: 186509K(192752K)->186509K(192752K) NonClass: 165447K(169252K)->165447K(169252K) Class: 21061K(23500K)->21061K(23500K)
[2024-05-14T11:53:51.501+0000][1014.475s][info ][gc            ] GC(114) Pause Young (Normal) (G1 Evacuation Pause) 352M->178M(398M) 42.046ms
[2024-05-14T11:53:51.502+0000][1014.475s][info ][gc,cpu        ] GC(114) User=0.08s Sys=0.02s Real=0.04s
[2024-05-14T11:53:51.502+0000][1014.476s][info ][safepoint     ] Leaving safepoint region
[2024-05-14T11:53:51.502+0000][1014.476s][info ][safepoint     ] Total time for which application threads were stopped: 0.0448228 seconds, Stopping threads took: 0.0009382 seconds
[2024-05-14T11:53:51.502+0000][1014.476s][info ][gc,stringdedup] Concurrent String Deduplication (1014.476s)
[2024-05-14T11:53:51.502+0000][1014.476s][info ][gc,stringdedup] Concurrent String Deduplication 216.0B->216.0B(0.0B) avg 55.0% (1014.476s, 1014.476s) 0.058ms
[2024-05-14T11:53:52.502+0000][1015.476s][debug][safepoint     ] Safepoint synchronization initiated. (365 threads)
[2024-05-14T11:53:52.502+0000][1015.476s][info ][safepoint     ] Application time: 1.0002847 seconds
[2024-05-14T11:53:52.503+0000][1015.476s][info ][safepoint     ] Entering safepoint region: Cleanup
[2024-05-14T11:53:52.503+0000][1015.477s][info ][safepoint     ] Leaving safepoint region
[2024-05-14T11:53:52.503+0000][1015.477s][info ][safepoint     ] Total time for which application threads were stopped: 0.0010062 seconds, Stopping threads took: 0.0002389 seconds
[2024-05-14T11:53:53.504+0000][1016.477s][debug][safepoint     ] Safepoint synchronization initiated. (365 threads)
[2024-05-14T11:53:53.504+0000][1016.478s][info ][safepoint     ] Application time: 1.0004604 seconds
[2024-05-14T11:53:53.504+0000][1016.478s][debug][safepoint     ] ... found polling page return exception at pc = 0x00007f320d0fd349, stub =0x00007f3204824b00
[2024-05-14T11:53:53.504+0000][1016.478s][debug][safepoint     ] Waiting for 1 thread(s) to block
[2024-05-14T11:53:53.504+0000][1016.478s][info ][safepoint     ] Entering safepoint region: Cleanup
[2024-05-14T11:53:53.505+0000][1016.479s][info ][safepoint     ] Leaving safepoint region
[2024-05-14T11:53:53.505+0000][1016.479s][info ][safepoint     ] Total time for which application threads were stopped: 0.0011906 seconds, Stopping threads took: 0.0003978 seconds
[2024-05-14T11:53:54.505+0000][1017.479s][debug][safepoint     ] Safepoint synchronization initiated. (365 threads)
[2024-05-14T11:53:54.506+0000][1017.479s][info ][safepoint     ] Application time: 1.0004165 seconds
[2024-05-14T11:53:54.506+0000][1017.480s][info ][safepoint     ] Entering safepoint region: Cleanup
[2024-05-14T11:53:54.507+0000][1017.480s][info ][safepoint     ] Leaving safepoint region
[2024-05-14T11:53:54.507+0000][1017.480s][info ][safepoint     ] Total time for which application threads were stopped: 0.0011330 seconds, Stopping threads took: 0.0004383 seconds
[2024-05-14T11:53:55.507+0000][1018.481s][debug][safepoint     ] Safepoint synchronization initiated. (365 threads)
[2024-05-14T11:53:55.507+0000][1018.481s][info ][safepoint     ] Application time: 1.0001404 seconds
[2024-05-14T11:53:55.507+0000][1018.481s][info ][safepoint     ] Entering safepoint region: Cleanup
[2024-05-14T11:53:55.508+0000][1018.481s][info ][safepoint     ] Leaving safepoint region
[2024-05-14T11:53:55.508+0000][1018.481s][info ][safepoint     ] Total time for which application threads were stopped: 0.0005997 seconds, Stopping threads took: 0.0001699 seconds
[2024-05-14T11:53:56.508+0000][1019.481s][debug][safepoint     ] Safepoint synchronization initiated. (365 threads)
[2024-05-14T11:53:56.508+0000][1019.481s][info ][safepoint     ] Application time: 1.0001413 seconds
[2024-05-14T11:53:56.508+0000][1019.482s][info ][safepoint     ] Entering safepoint region: Cleanup
[2024-05-14T11:53:56.508+0000][1019.482s][info ][safepoint     ] Leaving safepoint region
[2024-05-14T11:53:56.508+0000][1019.482s][info ][safepoint     ] Total time for which application threads were stopped: 0.0007412 seconds, Stopping threads took: 0.0002326 seconds
[2024-05-14T11:53:57.509+0000][1020.482s][debug][safepoint     ] Safepoint synchronization initiated. (365 threads)
[2024-05-14T11:53:57.509+0000][1020.482s][info ][safepoint     ] Application time: 1.0002545 seconds
[2024-05-14T11:53:57.509+0000][1020.483s][info ][safepoint     ] Entering safepoint region: Cleanup
[2024-05-14T11:53:57.510+0000][1020.484s][info ][safepoint     ] Leaving safepoint region
[2024-05-14T11:53:57.510+0000][1020.484s][info ][safepoint     ] Total time for which application threads were stopped: 0.0013554 seconds, Stopping threads took: 0.0004062 seconds
[2024-05-14T11:53:58.510+0000][1021.484s][debug][safepoint     ] Safepoint synchronization initiated. (365 threads)
[2024-05-14T11:53:58.510+0000][1021.484s][info ][safepoint     ] Application time: 1.0002455 seconds
[2024-05-14T11:53:58.511+0000][1021.484s][info ][safepoint     ] Entering safepoint region: Cleanup
[2024-05-14T11:53:58.511+0000][1021.485s][info ][safepoint     ] Leaving safepoint region
[2024-05-14T11:53:58.511+0000][1021.485s][info ][safepoint     ] Total time for which application threads were stopped: 0.0006849 seconds, Stopping threads took: 0.0002051 seconds
[2024-05-14T11:53:59.511+0000][1022.485s][debug][safepoint     ] Safepoint synchronization initiated. (365 threads)
[2024-05-14T11:53:59.512+0000][1022.485s][info ][safepoint     ] Application time: 1.0006290 seconds
[2024-05-14T11:53:59.512+0000][1022.486s][debug][safepoint     ] ... found polling page return exception at pc = 0x00007f320ca20556, stub =0x00007f3204824b00
[2024-05-14T11:53:59.512+0000][1022.486s][debug][safepoint     ] Waiting for 1 thread(s) to block
[2024-05-14T11:53:59.512+0000][1022.486s][info ][safepoint     ] Entering safepoint region: Cleanup
[2024-05-14T11:53:59.513+0000][1022.486s][info ][safepoint     ] Leaving safepoint region
[2024-05-14T11:53:59.513+0000][1022.486s][info ][safepoint     ] Total time for which application threads were stopped: 0.0008668 seconds, Stopping threads took: 0.0003031 seconds
[2024-05-14T11:54:00.513+0000][1023.487s][debug][safepoint     ] Safepoint synchronization initiated. (365 threads)
[2024-05-14T11:54:00.513+0000][1023.487s][info ][safepoint     ] Application time: 1.0004388 seconds
[2024-05-14T11:54:00.513+0000][1023.487s][info ][safepoint     ] Entering safepoint region: Cleanup
[2024-05-14T11:54:00.514+0000][1023.488s][info ][safepoint     ] Leaving safepoint region
[2024-05-14T11:54:00.514+0000][1023.488s][info ][safepoint     ] Total time for which application threads were stopped: 0.0009622 seconds, Stopping threads took: 0.0002594 seconds
[2024-05-14T11:54:01.514+0000][1024.488s][debug][safepoint     ] Safepoint synchronization initiated. (365 threads)
[2024-05-14T11:54:01.514+0000][1024.488s][info ][safepoint     ] Application time: 1.0002554 seconds
[2024-05-14T11:54:01.515+0000][1024.488s][info ][safepoint     ] Entering safepoint region: Cleanup
[2024-05-14T11:54:01.515+0000][1024.489s][info ][safepoint     ] Leaving safepoint region
[2024-05-14T11:54:01.515+0000][1024.489s][info ][safepoint     ] Total time for which application threads were stopped: 0.0006877 seconds, Stopping threads took: 0.0002013 seconds
[2024-05-14T11:54:02.515+0000][1025.489s][debug][safepoint     ] Safepoint synchronization initiated. (365 threads)
[2024-05-14T11:54:02.515+0000][1025.489s][info ][safepoint     ] Application time: 1.0002452 seconds
[2024-05-14T11:54:02.516+0000][1025.489s][info ][safepoint     ] Entering safepoint region: Cleanup
[2024-05-14T11:54:02.516+0000][1025.490s][info ][safepoint     ] Leaving safepoint region
[2024-05-14T11:54:02.516+0000][1025.490s][info ][safepoint     ] Total time for which application threads were stopped: 0.0008475 seconds, Stopping threads took: 0.0002681 seconds
[2024-05-14T11:54:03.516+0000][1026.490s][debug][safepoint     ] Safepoint synchronization initiated. (365 threads)
[2024-05-14T11:54:03.517+0000][1026.490s][info ][safepoint     ] Application time: 1.0002798 seconds
[2024-05-14T11:54:03.517+0000][1026.490s][info ][safepoint     ] Entering safepoint region: Cleanup
[2024-05-14T11:54:03.517+0000][1026.491s][info ][safepoint     ] Leaving safepoint region
[2024-05-14T11:54:03.517+0000][1026.491s][info ][safepoint     ] Total time for which application threads were stopped: 0.0009012 seconds, Stopping threads took: 0.0002792 seconds
[2024-05-14T11:54:04.518+0000][1027.491s][debug][safepoint     ] Safepoint synchronization initiated. (365 threads)
[2024-05-14T11:54:04.518+0000][1027.491s][info ][safepoint     ] Application time: 1.0002571 seconds
[2024-05-14T11:54:04.518+0000][1027.492s][info ][safepoint     ] Entering safepoint region: Cleanup
[2024-05-14T11:54:04.518+0000][1027.492s][info ][safepoint     ] Leaving safepoint region
[2024-05-14T11:54:04.518+0000][1027.492s][info ][safepoint     ] Total time for which application threads were stopped: 0.0007132 seconds, Stopping threads took: 0.0002025 seconds
[2024-05-14T11:54:05.519+0000][1028.492s][debug][safepoint     ] Safepoint synchronization initiated. (365 threads)
[2024-05-14T11:54:05.519+0000][1028.492s][info ][safepoint     ] Application time: 1.0002284 seconds
[2024-05-14T11:54:05.519+0000][1028.493s][info ][safepoint     ] Entering safepoint region: Cleanup
[2024-05-14T11:54:05.519+0000][1028.493s][info ][safepoint     ] Leaving safepoint region
[2024-05-14T11:54:05.519+0000][1028.493s][info ][safepoint     ] Total time for which application threads were stopped: 0.0007376 seconds, Stopping threads took: 0.0002151 seconds
[2024-05-14T11:54:06.520+0000][1029.493s][debug][safepoint     ] Safepoint synchronization initiated. (365 threads)
[2024-05-14T11:54:06.520+0000][1029.494s][info ][safepoint     ] Application time: 1.0003265 seconds
[2024-05-14T11:54:06.520+0000][1029.494s][debug][safepoint     ] ... found polling page return exception at pc = 0x00007f320cbf70ad, stub =0x00007f3204824b00
[2024-05-14T11:54:06.520+0000][1029.494s][debug][safepoint     ] Waiting for 1 thread(s) to block
[2024-05-14T11:54:06.520+0000][1029.494s][info ][safepoint     ] Entering safepoint region: Cleanup
[2024-05-14T11:54:06.521+0000][1029.494s][info ][safepoint     ] Leaving safepoint region
[2024-05-14T11:54:06.521+0000][1029.495s][info ][safepoint     ] Total time for which application threads were stopped: 0.0009695 seconds, Stopping threads took: 0.0003694 seconds
[2024-05-14T11:54:07.521+0000][1030.495s][debug][safepoint     ] Safepoint synchronization initiated. (365 threads)
[2024-05-14T11:54:07.521+0000][1030.495s][info ][safepoint     ] Application time: 1.0003366 seconds
[2024-05-14T11:54:07.522+0000][1030.495s][info ][safepoint     ] Entering safepoint region: Cleanup
[2024-05-14T11:54:07.522+0000][1030.496s][info ][safepoint     ] Leaving safepoint region
[2024-05-14T11:54:07.522+0000][1030.496s][info ][safepoint     ] Total time for which application threads were stopped: 0.0012737 seconds, Stopping threads took: 0.0004511 seconds
[2024-05-14T11:54:08.523+0000][1031.496s][debug][safepoint     ] Safepoint synchronization initiated. (365 threads)
[2024-05-14T11:54:08.523+0000][1031.496s][info ][safepoint     ] Application time: 1.0002040 seconds
[2024-05-14T11:54:08.523+0000][1031.497s][info ][safepoint     ] Entering safepoint region: Cleanup
[2024-05-14T11:54:08.523+0000][1031.497s][debug][safepoint     ] ... found polling page return exception at pc = 0x00007f320ca20556, stub =0x00007f3204824b00
[2024-05-14T11:54:08.523+0000][1031.497s][info ][safepoint     ] Leaving safepoint region
[2024-05-14T11:54:08.524+0000][1031.497s][info ][safepoint     ] Total time for which application threads were stopped: 0.0008611 seconds, Stopping threads took: 0.0002413 seconds
[2024-05-14T11:54:09.524+0000][1032.498s][debug][safepoint     ] Safepoint synchronization initiated. (365 threads)
[2024-05-14T11:54:09.524+0000][1032.498s][info ][safepoint     ] Application time: 1.0002786 seconds
[2024-05-14T11:54:09.524+0000][1032.498s][info ][safepoint     ] Entering safepoint region: Cleanup
[2024-05-14T11:54:09.525+0000][1032.499s][info ][safepoint     ] Leaving safepoint region
[2024-05-14T11:54:09.525+0000][1032.499s][info ][safepoint     ] Total time for which application threads were stopped: 0.0010541 seconds, Stopping threads took: 0.0002886 seconds
[2024-05-14T11:54:10.525+0000][1033.499s][debug][safepoint     ] Safepoint synchronization initiated. (365 threads)
[2024-05-14T11:54:10.525+0000][1033.499s][info ][safepoint     ] Application time: 1.0002790 seconds
[2024-05-14T11:54:10.525+0000][1033.499s][info ][safepoint     ] Entering safepoint region: Cleanup
[2024-05-14T11:54:10.526+0000][1033.500s][info ][safepoint     ] Leaving safepoint region
[2024-05-14T11:54:10.526+0000][1033.500s][info ][safepoint     ] Total time for which application threads were stopped: 0.0008203 seconds, Stopping threads took: 0.0002241 seconds
[2024-05-14T11:54:11.526+0000][1034.500s][debug][safepoint     ] Safepoint synchronization initiated. (365 threads)
[2024-05-14T11:54:11.526+0000][1034.500s][info ][safepoint     ] Application time: 1.0001993 seconds
[2024-05-14T11:54:11.527+0000][1034.500s][info ][safepoint     ] Entering safepoint region: Cleanup
[2024-05-14T11:54:11.527+0000][1034.501s][info ][safepoint     ] Leaving safepoint region
[2024-05-14T11:54:11.527+0000][1034.501s][info ][safepoint     ] Total time for which application threads were stopped: 0.0007119 seconds, Stopping threads took: 0.0002559 seconds
[2024-05-14T11:54:12.527+0000][1035.501s][debug][safepoint     ] Safepoint synchronization initiated. (365 threads)
[2024-05-14T11:54:12.527+0000][1035.501s][info ][safepoint     ] Application time: 1.0002583 seconds
[2024-05-14T11:54:12.528+0000][1035.501s][info ][safepoint     ] Entering safepoint region: Cleanup
[2024-05-14T11:54:12.528+0000][1035.502s][info ][safepoint     ] Leaving safepoint region
[2024-05-14T11:54:12.528+0000][1035.502s][info ][safepoint     ] Total time for which application threads were stopped: 0.0008335 seconds, Stopping threads took: 0.0002578 seconds
[2024-05-14T11:54:13.528+0000][1036.502s][debug][safepoint     ] Safepoint synchronization initiated. (365 threads)
[2024-05-14T11:54:13.528+0000][1036.502s][info ][safepoint     ] Application time: 1.0002260 seconds
[2024-05-14T11:54:13.529+0000][1036.502s][info ][safepoint     ] Entering safepoint region: Cleanup
[2024-05-14T11:54:13.529+0000][1036.503s][info ][safepoint     ] Leaving safepoint region
[2024-05-14T11:54:13.529+0000][1036.503s][info ][safepoint     ] Total time for which application threads were stopped: 0.0007552 seconds, Stopping threads took: 0.0002231 seconds
[2024-05-14T11:54:13.529+0000][1036.503s][debug][safepoint     ] ... found polling page loop exception at pc = 0x00007f320cc711d0, stub =0x00007f3204826680
[2024-05-14T11:54:14.274+0000][1037.248s][debug][safepoint     ] Safepoint synchronization initiated. (365 threads)
[2024-05-14T11:54:14.275+0000][1037.248s][info ][safepoint     ] Application time: 0.7452874 seconds
[2024-05-14T11:54:14.275+0000][1037.248s][debug][safepoint     ] ... found polling page return exception at pc = 0x00007f320c8cad74, stub =0x00007f3204824b00
[2024-05-14T11:54:14.275+0000][1037.249s][debug][safepoint     ] Waiting for 1 thread(s) to block
[2024-05-14T11:54:14.275+0000][1037.249s][info ][safepoint     ] Entering safepoint region: G1CollectForAllocation
[2024-05-14T11:54:14.276+0000][1037.249s][info ][gc,start      ] GC(115) Pause Young (Normal) (G1 Evacuation Pause)
[2024-05-14T11:54:14.276+0000][1037.249s][info ][gc,task       ] GC(115) Using 4 workers of 4 for evacuation
[2024-05-14T11:54:14.287+0000][1037.261s][info ][gc,phases     ] GC(115)   Pre Evacuate Collection Set: 0.0ms
[2024-05-14T11:54:14.288+0000][1037.261s][info ][gc,phases     ] GC(115)   Evacuate Collection Set: 5.2ms
[2024-05-14T11:54:14.288+0000][1037.261s][info ][gc,phases     ] GC(115)   Post Evacuate Collection Set: 5.9ms
[2024-05-14T11:54:14.288+0000][1037.261s][info ][gc,phases     ] GC(115)   Other: 0.9ms
[2024-05-14T11:54:14.288+0000][1037.261s][info ][gc,heap       ] GC(115) Eden regions: 175->0(175)
[2024-05-14T11:54:14.288+0000][1037.261s][info ][gc,heap       ] GC(115) Survivor regions: 1->1(22)
[2024-05-14T11:54:14.288+0000][1037.261s][info ][gc,heap       ] GC(115) Old regions: 179->179
[2024-05-14T11:54:14.288+0000][1037.261s][info ][gc,heap       ] GC(115) Humongous regions: 0->0
[2024-05-14T11:54:14.288+0000][1037.261s][info ][gc,metaspace  ] GC(115) Metaspace: 186514K(192752K)->186514K(192752K) NonClass: 165452K(169252K)->165452K(169252K) Class: 21061K(23500K)->21061K(23500K)
[2024-05-14T11:54:14.288+0000][1037.261s][info ][gc            ] GC(115) Pause Young (Normal) (G1 Evacuation Pause) 353M->178M(398M) 12.004ms
[2024-05-14T11:54:14.288+0000][1037.262s][info ][gc,cpu        ] GC(115) User=0.04s Sys=0.00s Real=0.01s
[2024-05-14T11:54:14.288+0000][1037.262s][info ][safepoint     ] Leaving safepoint region
[2024-05-14T11:54:14.288+0000][1037.262s][info ][safepoint     ] Total time for which application threads were stopped: 0.0133972 seconds, Stopping threads took: 0.0004573 seconds
[2024-05-14T11:54:14.288+0000][1037.262s][info ][gc,stringdedup] Concurrent String Deduplication (1037.262s)
[2024-05-14T11:54:14.288+0000][1037.262s][info ][gc,stringdedup] Concurrent String Deduplication 152.0B->0.0B(152.0B) avg 55.0% (1037.262s, 1037.262s) 0.040ms
[2024-05-14T11:54:15.288+0000][1038.262s][debug][safepoint     ] Safepoint synchronization initiated. (365 threads)
[2024-05-14T11:54:15.288+0000][1038.262s][info ][safepoint     ] Application time: 1.0001555 seconds
[2024-05-14T11:54:15.289+0000][1038.262s][info ][safepoint     ] Entering safepoint region: Cleanup
[2024-05-14T11:54:15.289+0000][1038.263s][info ][safepoint     ] Leaving safepoint region
[2024-05-14T11:54:15.290+0000][1038.263s][info ][safepoint     ] Total time for which application threads were stopped: 0.0014367 seconds, Stopping threads took: 0.0004770 seconds
[2024-05-14T11:54:16.290+0000][1039.263s][debug][safepoint     ] Safepoint synchronization initiated. (365 threads)
[2024-05-14T11:54:16.290+0000][1039.264s][info ][safepoint     ] Application time: 1.0002291 seconds
[2024-05-14T11:54:16.290+0000][1039.264s][info ][safepoint     ] Entering safepoint region: Cleanup
[2024-05-14T11:54:16.291+0000][1039.265s][info ][safepoint     ] Leaving safepoint region
[2024-05-14T11:54:16.291+0000][1039.265s][info ][safepoint     ] Total time for which application threads were stopped: 0.0010073 seconds, Stopping threads took: 0.0002802 seconds
[2024-05-14T11:54:16.291+0000][1039.265s][debug][safepoint     ] ... found polling page return exception at pc = 0x00007f320ca20556, stub =0x00007f3204824b00
[2024-05-14T11:54:17.291+0000][1040.265s][debug][safepoint     ] Safepoint synchronization initiated. (365 threads)
[2024-05-14T11:54:17.291+0000][1040.265s][info ][safepoint     ] Application time: 1.0002810 seconds
[2024-05-14T11:54:17.292+0000][1040.266s][info ][safepoint     ] Entering safepoint region: Cleanup
[2024-05-14T11:54:17.294+0000][1040.268s][info ][safepoint     ] Leaving safepoint region
[2024-05-14T11:54:17.294+0000][1040.268s][info ][safepoint     ] Total time for which application threads were stopped: 0.0029804 seconds, Stopping threads took: 0.0008429 seconds
[2024-05-14T11:54:18.295+0000][1041.268s][debug][safepoint     ] Safepoint synchronization initiated. (365 threads)
[2024-05-14T11:54:18.295+0000][1041.268s][info ][safepoint     ] Application time: 1.0002725 seconds
[2024-05-14T11:54:18.295+0000][1041.269s][info ][safepoint     ] Entering safepoint region: Cleanup
[2024-05-14T11:54:18.296+0000][1041.269s][info ][safepoint     ] Leaving safepoint region
[2024-05-14T11:54:18.296+0000][1041.269s][info ][safepoint     ] Total time for which application threads were stopped: 0.0009487 seconds, Stopping threads took: 0.0002508 seconds
[2024-05-14T11:54:19.296+0000][1042.270s][debug][safepoint     ] Safepoint synchronization initiated. (365 threads)
[2024-05-14T11:54:19.296+0000][1042.270s][info ][safepoint     ] Application time: 1.0002513 seconds
[2024-05-14T11:54:19.296+0000][1042.270s][info ][safepoint     ] Entering safepoint region: Cleanup
[2024-05-14T11:54:19.297+0000][1042.270s][info ][safepoint     ] Leaving safepoint region
[2024-05-14T11:54:19.297+0000][1042.271s][info ][safepoint     ] Total time for which application threads were stopped: 0.0008769 seconds, Stopping threads took: 0.0002234 seconds
[2024-05-14T11:54:20.297+0000][1043.271s][debug][safepoint     ] Safepoint synchronization initiated. (365 threads)
[2024-05-14T11:54:20.297+0000][1043.271s][info ][safepoint     ] Application time: 1.0001670 seconds
[2024-05-14T11:54:20.297+0000][1043.271s][info ][safepoint     ] Entering safepoint region: Cleanup
[2024-05-14T11:54:20.298+0000][1043.271s][info ][safepoint     ] Leaving safepoint region
[2024-05-14T11:54:20.298+0000][1043.272s][info ][safepoint     ] Total time for which application threads were stopped: 0.0007782 seconds, Stopping threads took: 0.0002153 seconds
[2024-05-14T11:54:21.298+0000][1044.272s][debug][safepoint     ] Safepoint synchronization initiated. (365 threads)
[2024-05-14T11:54:21.298+0000][1044.272s][info ][safepoint     ] Application time: 1.0002732 seconds
[2024-05-14T11:54:21.298+0000][1044.272s][info ][safepoint     ] Entering safepoint region: Cleanup
[2024-05-14T11:54:21.299+0000][1044.273s][info ][safepoint     ] Leaving safepoint region
[2024-05-14T11:54:21.299+0000][1044.273s][info ][safepoint     ] Total time for which application threads were stopped: 0.0009497 seconds, Stopping threads took: 0.0002395 seconds
[2024-05-14T11:54:22.299+0000][1045.273s][debug][safepoint     ] Safepoint synchronization initiated. (365 threads)
[2024-05-14T11:54:22.299+0000][1045.273s][info ][safepoint     ] Application time: 1.0002951 seconds
[2024-05-14T11:54:22.300+0000][1045.273s][info ][safepoint     ] Entering safepoint region: Cleanup
[2024-05-14T11:54:22.300+0000][1045.274s][info ][safepoint     ] Leaving safepoint region
[2024-05-14T11:54:22.300+0000][1045.274s][info ][safepoint     ] Total time for which application threads were stopped: 0.0008393 seconds, Stopping threads took: 0.0002552 seconds
[2024-05-14T11:54:23.300+0000][1046.274s][debug][safepoint     ] Safepoint synchronization initiated. (365 threads)
[2024-05-14T11:54:23.301+0000][1046.274s][info ][safepoint     ] Application time: 1.0002573 seconds
[2024-05-14T11:54:23.301+0000][1046.274s][info ][safepoint     ] Entering safepoint region: Cleanup
[2024-05-14T11:54:23.301+0000][1046.275s][info ][safepoint     ] Leaving safepoint region
[2024-05-14T11:54:23.301+0000][1046.275s][debug][safepoint     ] ... found polling page return exception at pc = 0x00007f320ca20556, stub =0x00007f3204824b00
[2024-05-14T11:54:23.301+0000][1046.275s][debug][safepoint     ] ... found polling page return exception at pc = 0x00007f320ca20556, stub =0x00007f3204824b00
[2024-05-14T11:54:23.301+0000][1046.275s][debug][safepoint     ] ... found polling page return exception at pc = 0x00007f320ca20556, stub =0x00007f3204824b00
[2024-05-14T11:54:23.301+0000][1046.275s][info ][safepoint     ] Total time for which application threads were stopped: 0.0008169 seconds, Stopping threads took: 0.0002198 seconds
[2024-05-14T11:54:24.302+0000][1047.276s][debug][safepoint     ] Safepoint synchronization initiated. (365 threads)
[2024-05-14T11:54:24.302+0000][1047.276s][info ][safepoint     ] Application time: 1.0002063 seconds
[2024-05-14T11:54:24.302+0000][1047.276s][info ][safepoint     ] Entering safepoint region: Cleanup
[2024-05-14T11:54:24.303+0000][1047.276s][info ][safepoint     ] Leaving safepoint region
[2024-05-14T11:54:24.303+0000][1047.276s][info ][safepoint     ] Total time for which application threads were stopped: 0.0008038 seconds, Stopping threads took: 0.0002155 seconds
[2024-05-14T11:54:25.303+0000][1048.277s][debug][safepoint     ] Safepoint synchronization initiated. (365 threads)
[2024-05-14T11:54:25.303+0000][1048.277s][info ][safepoint     ] Application time: 1.0002310 seconds
[2024-05-14T11:54:25.303+0000][1048.277s][info ][safepoint     ] Entering safepoint region: Cleanup
[2024-05-14T11:54:25.304+0000][1048.277s][info ][safepoint     ] Leaving safepoint region
[2024-05-14T11:54:25.304+0000][1048.277s][info ][safepoint     ] Total time for which application threads were stopped: 0.0006652 seconds, Stopping threads took: 0.0002183 seconds
[2024-05-14T11:54:26.304+0000][1049.278s][debug][safepoint     ] Safepoint synchronization initiated. (365 threads)
[2024-05-14T11:54:26.304+0000][1049.278s][info ][safepoint     ] Application time: 1.0002233 seconds
[2024-05-14T11:54:26.304+0000][1049.278s][info ][safepoint     ] Entering safepoint region: Cleanup
[2024-05-14T11:54:26.305+0000][1049.278s][info ][safepoint     ] Leaving safepoint region
[2024-05-14T11:54:26.305+0000][1049.278s][info ][safepoint     ] Total time for which application threads were stopped: 0.0006908 seconds, Stopping threads took: 0.0002317 seconds
[2024-05-14T11:54:27.305+0000][1050.279s][debug][safepoint     ] Safepoint synchronization initiated. (365 threads)
[2024-05-14T11:54:27.305+0000][1050.279s][info ][safepoint     ] Application time: 1.0002202 seconds
[2024-05-14T11:54:27.305+0000][1050.279s][info ][safepoint     ] Entering safepoint region: Cleanup
[2024-05-14T11:54:27.306+0000][1050.279s][info ][safepoint     ] Leaving safepoint region
[2024-05-14T11:54:27.306+0000][1050.279s][info ][safepoint     ] Total time for which application threads were stopped: 0.0008533 seconds, Stopping threads took: 0.0002476 seconds
[2024-05-14T11:54:28.306+0000][1051.280s][debug][safepoint     ] Safepoint synchronization initiated. (365 threads)
[2024-05-14T11:54:28.306+0000][1051.280s][info ][safepoint     ] Application time: 1.0001989 seconds
[2024-05-14T11:54:28.306+0000][1051.280s][info ][safepoint     ] Entering safepoint region: Cleanup
[2024-05-14T11:54:28.307+0000][1051.280s][info ][safepoint     ] Leaving safepoint region
[2024-05-14T11:54:28.307+0000][1051.281s][info ][safepoint     ] Total time for which application threads were stopped: 0.0008328 seconds, Stopping threads took: 0.0002047 seconds
[2024-05-14T11:54:29.307+0000][1052.281s][debug][safepoint     ] Safepoint synchronization initiated. (365 threads)
[2024-05-14T11:54:29.307+0000][1052.281s][info ][safepoint     ] Application time: 1.0002084 seconds
[2024-05-14T11:54:29.307+0000][1052.281s][info ][safepoint     ] Entering safepoint region: Cleanup
[2024-05-14T11:54:29.308+0000][1052.281s][debug][safepoint     ] ... found polling page return exception at pc = 0x00007f320ca20556, stub =0x00007f3204824b00
[2024-05-14T11:54:29.308+0000][1052.281s][info ][safepoint     ] Leaving safepoint region
[2024-05-14T11:54:29.308+0000][1052.282s][info ][safepoint     ] Total time for which application threads were stopped: 0.0007855 seconds, Stopping threads took: 0.0002094 seconds
[2024-05-14T11:54:30.308+0000][1053.282s][debug][safepoint     ] Safepoint synchronization initiated. (365 threads)
[2024-05-14T11:54:30.308+0000][1053.282s][info ][safepoint     ] Application time: 1.0002353 seconds
[2024-05-14T11:54:30.308+0000][1053.282s][info ][safepoint     ] Entering safepoint region: Cleanup
[2024-05-14T11:54:30.309+0000][1053.283s][info ][safepoint     ] Leaving safepoint region
[2024-05-14T11:54:30.309+0000][1053.283s][info ][safepoint     ] Total time for which application threads were stopped: 0.0011175 seconds, Stopping threads took: 0.0003699 seconds
[2024-05-14T11:54:30.808+0000][1053.782s][debug][safepoint     ] Safepoint synchronization initiated. (365 threads)
[2024-05-14T11:54:30.808+0000][1053.782s][info ][safepoint     ] Application time: 0.4987499 seconds
[2024-05-14T11:54:30.808+0000][1053.782s][info ][safepoint     ] Entering safepoint region: ICBufferFull
[2024-05-14T11:54:30.809+0000][1053.782s][info ][safepoint     ] Leaving safepoint region
[2024-05-14T11:54:30.809+0000][1053.782s][info ][safepoint     ] Total time for which application threads were stopped: 0.0006087 seconds, Stopping threads took: 0.0001385 seconds
[2024-05-14T11:54:31.044+0000][1054.018s][debug][safepoint     ] Safepoint synchronization initiated. (365 threads)
[2024-05-14T11:54:31.044+0000][1054.018s][info ][safepoint     ] Application time: 0.2354764 seconds
[2024-05-14T11:54:31.044+0000][1054.018s][debug][safepoint     ] Waiting for 1 thread(s) to block
[2024-05-14T11:54:31.044+0000][1054.018s][info ][safepoint     ] Entering safepoint region: ICBufferFull
[2024-05-14T11:54:31.045+0000][1054.019s][info ][safepoint     ] Leaving safepoint region
[2024-05-14T11:54:31.045+0000][1054.019s][info ][safepoint     ] Total time for which application threads were stopped: 0.0007117 seconds, Stopping threads took: 0.0001994 seconds
[2024-05-14T11:54:31.199+0000][1054.172s][debug][safepoint     ] Safepoint synchronization initiated. (372 threads)
[2024-05-14T11:54:31.199+0000][1054.173s][info ][safepoint     ] Application time: 0.1538995 seconds
[2024-05-14T11:54:31.199+0000][1054.173s][debug][safepoint     ] Waiting for 1 thread(s) to block
[2024-05-14T11:54:31.199+0000][1054.173s][info ][safepoint     ] Entering safepoint region: G1CollectForAllocation
[2024-05-14T11:54:31.200+0000][1054.173s][info ][gc,start      ] GC(116) Pause Young (Normal) (G1 Evacuation Pause)
[2024-05-14T11:54:31.200+0000][1054.174s][info ][gc,task       ] GC(116) Using 4 workers of 4 for evacuation
[2024-05-14T11:54:31.216+0000][1054.189s][info ][gc,phases     ] GC(116)   Pre Evacuate Collection Set: 0.0ms
[2024-05-14T11:54:31.216+0000][1054.189s][info ][gc,phases     ] GC(116)   Evacuate Collection Set: 8.8ms
[2024-05-14T11:54:31.216+0000][1054.189s][info ][gc,phases     ] GC(116)   Post Evacuate Collection Set: 6.4ms
[2024-05-14T11:54:31.216+0000][1054.189s][info ][gc,phases     ] GC(116)   Other: 0.7ms
[2024-05-14T11:54:31.216+0000][1054.189s][info ][gc,heap       ] GC(116) Eden regions: 175->0(173)
[2024-05-14T11:54:31.216+0000][1054.189s][info ][gc,heap       ] GC(116) Survivor regions: 1->3(22)
[2024-05-14T11:54:31.216+0000][1054.189s][info ][gc,heap       ] GC(116) Old regions: 179->179
[2024-05-14T11:54:31.216+0000][1054.189s][info ][gc,heap       ] GC(116) Humongous regions: 0->0
[2024-05-14T11:54:31.216+0000][1054.189s][info ][gc,metaspace  ] GC(116) Metaspace: 187216K(193264K)->187216K(193264K) NonClass: 166100K(169764K)->166100K(169764K) Class: 21115K(23500K)->21115K(23500K)
[2024-05-14T11:54:31.216+0000][1054.190s][info ][gc            ] GC(116) Pause Young (Normal) (G1 Evacuation Pause) 353M->179M(398M) 16.021ms
[2024-05-14T11:54:31.216+0000][1054.190s][info ][gc,cpu        ] GC(116) User=0.06s Sys=0.00s Real=0.01s
[2024-05-14T11:54:31.216+0000][1054.190s][info ][safepoint     ] Leaving safepoint region
[2024-05-14T11:54:31.216+0000][1054.190s][info ][safepoint     ] Total time for which application threads were stopped: 0.0171949 seconds, Stopping threads took: 0.0002433 seconds
[2024-05-14T11:54:31.216+0000][1054.190s][info ][gc,stringdedup] Concurrent String Deduplication (1054.190s)
[2024-05-14T11:54:31.216+0000][1054.190s][info ][gc,stringdedup] Concurrent String Deduplication 0.0B->0.0B(0.0B) avg 55.0% (1054.190s, 1054.190s) 0.037ms
[2024-05-14T11:54:32.216+0000][1055.190s][debug][safepoint     ] Safepoint synchronization initiated. (372 threads)
[2024-05-14T11:54:32.216+0000][1055.190s][info ][safepoint     ] Application time: 1.0003061 seconds
[2024-05-14T11:54:32.217+0000][1055.190s][info ][safepoint     ] Entering safepoint region: Cleanup
[2024-05-14T11:54:32.217+0000][1055.191s][info ][safepoint     ] Leaving safepoint region
[2024-05-14T11:54:32.217+0000][1055.191s][info ][safepoint     ] Total time for which application threads were stopped: 0.0010881 seconds, Stopping threads took: 0.0002193 seconds
[2024-05-14T11:54:33.218+0000][1056.191s][debug][safepoint     ] Safepoint synchronization initiated. (372 threads)
[2024-05-14T11:54:33.218+0000][1056.191s][info ][safepoint     ] Application time: 1.0002258 seconds
[2024-05-14T11:54:33.218+0000][1056.191s][debug][safepoint     ] ... found polling page return exception at pc = 0x00007f320d220227, stub =0x00007f3204824b00
[2024-05-14T11:54:33.218+0000][1056.192s][debug][safepoint     ] Waiting for 1 thread(s) to block
[2024-05-14T11:54:33.218+0000][1056.192s][info ][safepoint     ] Entering safepoint region: Cleanup
[2024-05-14T11:54:33.218+0000][1056.192s][debug][safepoint     ] ... found polling page return exception at pc = 0x00007f320ca20556, stub =0x00007f3204824b00
[2024-05-14T11:54:33.219+0000][1056.192s][info ][safepoint     ] Leaving safepoint region
[2024-05-14T11:54:33.219+0000][1056.192s][info ][safepoint     ] Total time for which application threads were stopped: 0.0008563 seconds, Stopping threads took: 0.0003062 seconds
[2024-05-14T11:54:34.219+0000][1057.192s][debug][safepoint     ] Safepoint synchronization initiated. (372 threads)
[2024-05-14T11:54:34.219+0000][1057.193s][info ][safepoint     ] Application time: 1.0002180 seconds
[2024-05-14T11:54:34.219+0000][1057.193s][info ][safepoint     ] Entering safepoint region: Cleanup
[2024-05-14T11:54:34.220+0000][1057.193s][info ][safepoint     ] Leaving safepoint region
[2024-05-14T11:54:34.220+0000][1057.193s][info ][safepoint     ] Total time for which application threads were stopped: 0.0007671 seconds, Stopping threads took: 0.0002226 seconds
[2024-05-14T11:54:35.220+0000][1058.194s][debug][safepoint     ] Safepoint synchronization initiated. (372 threads)
[2024-05-14T11:54:35.220+0000][1058.194s][info ][safepoint     ] Application time: 1.0002364 seconds
[2024-05-14T11:54:35.220+0000][1058.194s][info ][safepoint     ] Entering safepoint region: Cleanup
[2024-05-14T11:54:35.221+0000][1058.194s][info ][safepoint     ] Leaving safepoint region
[2024-05-14T11:54:35.221+0000][1058.194s][info ][safepoint     ] Total time for which application threads were stopped: 0.0008153 seconds, Stopping threads took: 0.0002609 seconds
[2024-05-14T11:54:36.221+0000][1059.195s][debug][safepoint     ] Safepoint synchronization initiated. (372 threads)
[2024-05-14T11:54:36.221+0000][1059.195s][info ][safepoint     ] Application time: 1.0002987 seconds
[2024-05-14T11:54:36.221+0000][1059.195s][info ][safepoint     ] Entering safepoint region: Cleanup
[2024-05-14T11:54:36.222+0000][1059.196s][info ][safepoint     ] Leaving safepoint region
[2024-05-14T11:54:36.222+0000][1059.196s][info ][safepoint     ] Total time for which application threads were stopped: 0.0009379 seconds, Stopping threads took: 0.0002636 seconds
[2024-05-14T11:54:37.222+0000][1060.196s][debug][safepoint     ] Safepoint synchronization initiated. (372 threads)
[2024-05-14T11:54:37.222+0000][1060.196s][info ][safepoint     ] Application time: 1.0002468 seconds
[2024-05-14T11:54:37.223+0000][1060.196s][info ][safepoint     ] Entering safepoint region: Cleanup
[2024-05-14T11:54:37.223+0000][1060.197s][info ][safepoint     ] Leaving safepoint region
[2024-05-14T11:54:37.223+0000][1060.197s][info ][safepoint     ] Total time for which application threads were stopped: 0.0009817 seconds, Stopping threads took: 0.0002944 seconds
[2024-05-14T11:54:38.224+0000][1061.197s][debug][safepoint     ] Safepoint synchronization initiated. (372 threads)
[2024-05-14T11:54:38.224+0000][1061.197s][info ][safepoint     ] Application time: 1.0004216 seconds
[2024-05-14T11:54:38.224+0000][1061.198s][info ][safepoint     ] Entering safepoint region: Cleanup
[2024-05-14T11:54:38.225+0000][1061.198s][info ][safepoint     ] Leaving safepoint region
[2024-05-14T11:54:38.225+0000][1061.198s][info ][safepoint     ] Total time for which application threads were stopped: 0.0008304 seconds, Stopping threads took: 0.0002505 seconds
[2024-05-14T11:54:39.225+0000][1062.199s][debug][safepoint     ] Safepoint synchronization initiated. (372 threads)
[2024-05-14T11:54:39.225+0000][1062.199s][info ][safepoint     ] Application time: 1.0002379 seconds
[2024-05-14T11:54:39.227+0000][1062.201s][debug][safepoint     ] ... found polling page return exception at pc = 0x00007f320c512fee, stub =0x00007f3204824b00
[2024-05-14T11:54:39.227+0000][1062.201s][debug][safepoint     ] Waiting for 1 thread(s) to block
[2024-05-14T11:54:39.227+0000][1062.201s][info ][safepoint     ] Entering safepoint region: Cleanup
[2024-05-14T11:54:39.228+0000][1062.201s][info ][safepoint     ] Leaving safepoint region
[2024-05-14T11:54:39.228+0000][1062.201s][info ][safepoint     ] Total time for which application threads were stopped: 0.0028050 seconds, Stopping threads took: 0.0022329 seconds
[2024-05-14T11:54:40.228+0000][1063.202s][debug][safepoint     ] Safepoint synchronization initiated. (372 threads)
[2024-05-14T11:54:40.228+0000][1063.202s][info ][safepoint     ] Application time: 1.0001766 seconds
[2024-05-14T11:54:40.228+0000][1063.202s][info ][safepoint     ] Entering safepoint region: Cleanup
[2024-05-14T11:54:40.229+0000][1063.202s][debug][safepoint     ] ... found polling page return exception at pc = 0x00007f320ca20556, stub =0x00007f3204824b00
[2024-05-14T11:54:40.229+0000][1063.203s][info ][safepoint     ] Leaving safepoint region
[2024-05-14T11:54:40.229+0000][1063.203s][info ][safepoint     ] Total time for which application threads were stopped: 0.0009672 seconds, Stopping threads took: 0.0003077 seconds
[2024-05-14T11:54:41.229+0000][1064.203s][debug][safepoint     ] Safepoint synchronization initiated. (372 threads)
[2024-05-14T11:54:41.229+0000][1064.203s][info ][safepoint     ] Application time: 1.0003485 seconds
[2024-05-14T11:54:41.230+0000][1064.203s][info ][safepoint     ] Entering safepoint region: Cleanup
[2024-05-14T11:54:41.230+0000][1064.204s][info ][safepoint     ] Leaving safepoint region
[2024-05-14T11:54:41.230+0000][1064.204s][info ][safepoint     ] Total time for which application threads were stopped: 0.0008920 seconds, Stopping threads took: 0.0003022 seconds
[2024-05-14T11:54:42.230+0000][1065.204s][debug][safepoint     ] Safepoint synchronization initiated. (372 threads)
[2024-05-14T11:54:42.230+0000][1065.204s][info ][safepoint     ] Application time: 1.0002534 seconds
[2024-05-14T11:54:42.231+0000][1065.205s][info ][safepoint     ] Entering safepoint region: Cleanup
[2024-05-14T11:54:42.232+0000][1065.205s][info ][safepoint     ] Leaving safepoint region
[2024-05-14T11:54:42.232+0000][1065.205s][info ][safepoint     ] Total time for which application threads were stopped: 0.0012628 seconds, Stopping threads took: 0.0006036 seconds
[2024-05-14T11:54:43.232+0000][1066.206s][debug][safepoint     ] Safepoint synchronization initiated. (372 threads)
[2024-05-14T11:54:43.232+0000][1066.206s][info ][safepoint     ] Application time: 1.0003186 seconds
[2024-05-14T11:54:43.232+0000][1066.206s][info ][safepoint     ] Entering safepoint region: Cleanup
[2024-05-14T11:54:43.233+0000][1066.207s][info ][safepoint     ] Leaving safepoint region
[2024-05-14T11:54:43.233+0000][1066.207s][info ][safepoint     ] Total time for which application threads were stopped: 0.0009602 seconds, Stopping threads took: 0.0002979 seconds
[2024-05-14T11:54:44.233+0000][1067.207s][debug][safepoint     ] Safepoint synchronization initiated. (372 threads)
[2024-05-14T11:54:44.233+0000][1067.207s][info ][safepoint     ] Application time: 1.0002843 seconds
[2024-05-14T11:54:44.234+0000][1067.208s][info ][safepoint     ] Entering safepoint region: Cleanup
[2024-05-14T11:54:44.234+0000][1067.208s][info ][safepoint     ] Leaving safepoint region
[2024-05-14T11:54:44.234+0000][1067.208s][info ][safepoint     ] Total time for which application threads were stopped: 0.0009192 seconds, Stopping threads took: 0.0003831 seconds
[2024-05-14T11:54:45.235+0000][1068.208s][debug][safepoint     ] Safepoint synchronization initiated. (372 threads)
[2024-05-14T11:54:45.235+0000][1068.208s][info ][safepoint     ] Application time: 1.0001922 seconds
[2024-05-14T11:54:45.235+0000][1068.209s][info ][safepoint     ] Entering safepoint region: Cleanup
[2024-05-14T11:54:45.235+0000][1068.209s][info ][safepoint     ] Leaving safepoint region
[2024-05-14T11:54:45.236+0000][1068.209s][info ][safepoint     ] Total time for which application threads were stopped: 0.0008886 seconds, Stopping threads took: 0.0002352 seconds
[2024-05-14T11:54:46.236+0000][1069.209s][debug][safepoint     ] Safepoint synchronization initiated. (372 threads)
[2024-05-14T11:54:46.236+0000][1069.210s][info ][safepoint     ] Application time: 1.0002994 seconds
[2024-05-14T11:54:46.236+0000][1069.210s][info ][safepoint     ] Entering safepoint region: Cleanup
[2024-05-14T11:54:46.237+0000][1069.210s][info ][safepoint     ] Leaving safepoint region
[2024-05-14T11:54:46.237+0000][1069.210s][info ][safepoint     ] Total time for which application threads were stopped: 0.0008856 seconds, Stopping threads took: 0.0003092 seconds
[2024-05-14T11:54:47.237+0000][1070.211s][debug][safepoint     ] Safepoint synchronization initiated. (372 threads)
[2024-05-14T11:54:47.237+0000][1070.211s][info ][safepoint     ] Application time: 1.0002655 seconds
[2024-05-14T11:54:47.237+0000][1070.211s][info ][safepoint     ] Entering safepoint region: Cleanup
[2024-05-14T11:54:47.238+0000][1070.212s][info ][safepoint     ] Leaving safepoint region
[2024-05-14T11:54:47.238+0000][1070.212s][info ][safepoint     ] Total time for which application threads were stopped: 0.0008691 seconds, Stopping threads took: 0.0002228 seconds
[2024-05-14T11:54:48.238+0000][1071.212s][debug][safepoint     ] Safepoint synchronization initiated. (372 threads)
[2024-05-14T11:54:48.238+0000][1071.212s][info ][safepoint     ] Application time: 1.0001624 seconds
[2024-05-14T11:54:48.238+0000][1071.212s][info ][safepoint     ] Entering safepoint region: Cleanup
[2024-05-14T11:54:48.239+0000][1071.212s][info ][safepoint     ] Leaving safepoint region
[2024-05-14T11:54:48.239+0000][1071.212s][info ][safepoint     ] Total time for which application threads were stopped: 0.0006085 seconds, Stopping threads took: 0.0002001 seconds
[2024-05-14T11:54:49.239+0000][1072.213s][debug][safepoint     ] Safepoint synchronization initiated. (372 threads)
[2024-05-14T11:54:49.239+0000][1072.213s][info ][safepoint     ] Application time: 1.0002063 seconds
[2024-05-14T11:54:49.239+0000][1072.213s][info ][safepoint     ] Entering safepoint region: Cleanup
[2024-05-14T11:54:49.240+0000][1072.214s][info ][safepoint     ] Leaving safepoint region
[2024-05-14T11:54:49.240+0000][1072.214s][info ][safepoint     ] Total time for which application threads were stopped: 0.0011139 seconds, Stopping threads took: 0.0002906 seconds
[2024-05-14T11:54:50.240+0000][1073.214s][debug][safepoint     ] Safepoint synchronization initiated. (372 threads)
[2024-05-14T11:54:50.240+0000][1073.214s][info ][safepoint     ] Application time: 1.0003009 seconds
[2024-05-14T11:54:50.241+0000][1073.214s][info ][safepoint     ] Entering safepoint region: Cleanup
[2024-05-14T11:54:50.241+0000][1073.215s][info ][safepoint     ] Leaving safepoint region
[2024-05-14T11:54:50.241+0000][1073.215s][info ][safepoint     ] Total time for which application threads were stopped: 0.0009014 seconds, Stopping threads took: 0.0002368 seconds
[2024-05-14T11:54:51.242+0000][1074.215s][debug][safepoint     ] Safepoint synchronization initiated. (372 threads)
[2024-05-14T11:54:51.242+0000][1074.215s][info ][safepoint     ] Application time: 1.0003072 seconds
[2024-05-14T11:54:51.242+0000][1074.216s][info ][safepoint     ] Entering safepoint region: Cleanup
[2024-05-14T11:54:51.243+0000][1074.216s][info ][safepoint     ] Leaving safepoint region
[2024-05-14T11:54:51.243+0000][1074.216s][info ][safepoint     ] Total time for which application threads were stopped: 0.0009837 seconds, Stopping threads took: 0.0002347 seconds
[2024-05-14T11:54:52.243+0000][1075.217s][debug][safepoint     ] Safepoint synchronization initiated. (372 threads)
[2024-05-14T11:54:52.243+0000][1075.217s][info ][safepoint     ] Application time: 1.0002767 seconds
[2024-05-14T11:54:52.243+0000][1075.217s][info ][safepoint     ] Entering safepoint region: Cleanup
[2024-05-14T11:54:52.244+0000][1075.218s][info ][safepoint     ] Leaving safepoint region
[2024-05-14T11:54:52.244+0000][1075.218s][info ][safepoint     ] Total time for which application threads were stopped: 0.0013174 seconds, Stopping threads took: 0.0003444 seconds
[2024-05-14T11:54:53.245+0000][1076.218s][debug][safepoint     ] Safepoint synchronization initiated. (372 threads)
[2024-05-14T11:54:53.245+0000][1076.218s][info ][safepoint     ] Application time: 1.0001893 seconds
[2024-05-14T11:54:53.245+0000][1076.218s][info ][safepoint     ] Entering safepoint region: Cleanup
[2024-05-14T11:54:53.245+0000][1076.219s][info ][safepoint     ] Leaving safepoint region
[2024-05-14T11:54:53.245+0000][1076.219s][info ][safepoint     ] Total time for which application threads were stopped: 0.0005597 seconds, Stopping threads took: 0.0001674 seconds
[2024-05-14T11:54:53.492+0000][1076.466s][debug][safepoint     ] Safepoint synchronization initiated. (372 threads)
[2024-05-14T11:54:53.492+0000][1076.466s][info ][safepoint     ] Application time: 0.2466951 seconds
[2024-05-14T11:54:53.492+0000][1076.466s][info ][safepoint     ] Entering safepoint region: G1CollectForAllocation
[2024-05-14T11:54:53.492+0000][1076.466s][info ][gc,start      ] GC(117) Pause Young (Normal) (G1 Evacuation Pause)
[2024-05-14T11:54:53.493+0000][1076.466s][info ][gc,task       ] GC(117) Using 4 workers of 4 for evacuation
[2024-05-14T11:54:53.511+0000][1076.485s][info ][gc,phases     ] GC(117)   Pre Evacuate Collection Set: 0.0ms
[2024-05-14T11:54:53.511+0000][1076.485s][info ][gc,phases     ] GC(117)   Evacuate Collection Set: 9.4ms
[2024-05-14T11:54:53.511+0000][1076.485s][info ][gc,phases     ] GC(117)   Post Evacuate Collection Set: 8.6ms
[2024-05-14T11:54:53.511+0000][1076.485s][info ][gc,phases     ] GC(117)   Other: 0.8ms
[2024-05-14T11:54:53.511+0000][1076.485s][info ][gc,heap       ] GC(117) Eden regions: 173->0(173)
[2024-05-14T11:54:53.511+0000][1076.485s][info ][gc,heap       ] GC(117) Survivor regions: 3->3(22)
[2024-05-14T11:54:53.511+0000][1076.485s][info ][gc,heap       ] GC(117) Old regions: 179->179
[2024-05-14T11:54:53.511+0000][1076.485s][info ][gc,heap       ] GC(117) Humongous regions: 0->0
[2024-05-14T11:54:53.511+0000][1076.485s][info ][gc,metaspace  ] GC(117) Metaspace: 187307K(193520K)->187307K(193520K) NonClass: 166178K(170020K)->166178K(170020K) Class: 21129K(23500K)->21129K(23500K)
[2024-05-14T11:54:53.511+0000][1076.485s][info ][gc            ] GC(117) Pause Young (Normal) (G1 Evacuation Pause) 352M->180M(398M) 18.936ms
[2024-05-14T11:54:53.512+0000][1076.485s][info ][gc,cpu        ] GC(117) User=0.06s Sys=0.00s Real=0.02s
[2024-05-14T11:54:53.512+0000][1076.485s][debug][safepoint     ] ... found polling page return exception at pc = 0x00007f320ca20556, stub =0x00007f3204824b00
[2024-05-14T11:54:53.512+0000][1076.485s][info ][safepoint     ] Leaving safepoint region
[2024-05-14T11:54:53.512+0000][1076.485s][info ][safepoint     ] Total time for which application threads were stopped: 0.0197868 seconds, Stopping threads took: 0.0001744 seconds
[2024-05-14T11:54:53.512+0000][1076.485s][info ][gc,stringdedup] Concurrent String Deduplication (1076.485s)
[2024-05-14T11:54:53.512+0000][1076.486s][info ][gc,stringdedup] Concurrent String Deduplication 72.0B->72.0B(0.0B) avg 55.0% (1076.485s, 1076.486s) 0.037ms
[2024-05-14T11:54:54.512+0000][1077.486s][debug][safepoint     ] Safepoint synchronization initiated. (372 threads)
[2024-05-14T11:54:54.512+0000][1077.486s][info ][safepoint     ] Application time: 1.0002291 seconds
[2024-05-14T11:54:54.512+0000][1077.486s][info ][safepoint     ] Entering safepoint region: Cleanup
[2024-05-14T11:54:54.513+0000][1077.487s][info ][safepoint     ] Leaving safepoint region
[2024-05-14T11:54:54.513+0000][1077.487s][info ][safepoint     ] Total time for which application threads were stopped: 0.0010150 seconds, Stopping threads took: 0.0002443 seconds
[2024-05-14T11:54:55.513+0000][1078.487s][debug][safepoint     ] Safepoint synchronization initiated. (372 threads)
[2024-05-14T11:54:55.513+0000][1078.487s][info ][safepoint     ] Application time: 1.0002551 seconds
[2024-05-14T11:54:55.514+0000][1078.487s][info ][safepoint     ] Entering safepoint region: Cleanup
[2024-05-14T11:54:55.514+0000][1078.488s][info ][safepoint     ] Leaving safepoint region
[2024-05-14T11:54:55.514+0000][1078.488s][info ][safepoint     ] Total time for which application threads were stopped: 0.0011268 seconds, Stopping threads took: 0.0004537 seconds
[2024-05-14T11:54:56.514+0000][1079.488s][debug][safepoint     ] Safepoint synchronization initiated. (372 threads)
[2024-05-14T11:54:56.515+0000][1079.488s][info ][safepoint     ] Application time: 1.0001228 seconds
[2024-05-14T11:54:56.515+0000][1079.489s][info ][safepoint     ] Entering safepoint region: Cleanup
[2024-05-14T11:54:56.516+0000][1079.490s][info ][safepoint     ] Leaving safepoint region
[2024-05-14T11:54:56.516+0000][1079.490s][info ][safepoint     ] Total time for which application threads were stopped: 0.0013611 seconds, Stopping threads took: 0.0006711 seconds
[2024-05-14T11:54:57.516+0000][1080.490s][debug][safepoint     ] Safepoint synchronization initiated. (372 threads)
[2024-05-14T11:54:57.516+0000][1080.490s][info ][safepoint     ] Application time: 1.0001456 seconds
[2024-05-14T11:54:57.516+0000][1080.490s][info ][safepoint     ] Entering safepoint region: Cleanup
[2024-05-14T11:54:57.517+0000][1080.490s][info ][safepoint     ] Leaving safepoint region
[2024-05-14T11:54:57.517+0000][1080.490s][info ][safepoint     ] Total time for which application threads were stopped: 0.0005339 seconds, Stopping threads took: 0.0001618 seconds
[2024-05-14T11:54:58.517+0000][1081.491s][debug][safepoint     ] Safepoint synchronization initiated. (372 threads)
[2024-05-14T11:54:58.517+0000][1081.491s][info ][safepoint     ] Application time: 1.0002147 seconds
[2024-05-14T11:54:58.517+0000][1081.491s][info ][safepoint     ] Entering safepoint region: Cleanup
[2024-05-14T11:54:58.518+0000][1081.491s][info ][safepoint     ] Leaving safepoint region
[2024-05-14T11:54:58.518+0000][1081.491s][info ][safepoint     ] Total time for which application threads were stopped: 0.0007520 seconds, Stopping threads took: 0.0002289 seconds
[2024-05-14T11:54:58.524+0000][1081.498s][debug][safepoint     ] ... found polling page return exception at pc = 0x00007f320ca20556, stub =0x00007f3204824b00
[2024-05-14T11:54:59.518+0000][1082.492s][debug][safepoint     ] Safepoint synchronization initiated. (372 threads)
[2024-05-14T11:54:59.518+0000][1082.492s][info ][safepoint     ] Application time: 1.0002865 seconds
[2024-05-14T11:54:59.519+0000][1082.492s][info ][safepoint     ] Entering safepoint region: Cleanup
[2024-05-14T11:54:59.519+0000][1082.493s][debug][safepoint     ] ... found polling page return exception at pc = 0x00007f320ca20556, stub =0x00007f3204824b00
[2024-05-14T11:54:59.519+0000][1082.493s][info ][safepoint     ] Leaving safepoint region
[2024-05-14T11:54:59.519+0000][1082.493s][info ][safepoint     ] Total time for which application threads were stopped: 0.0014080 seconds, Stopping threads took: 0.0006920 seconds
[2024-05-14T11:55:00.520+0000][1083.493s][debug][safepoint     ] Safepoint synchronization initiated. (372 threads)
[2024-05-14T11:55:00.520+0000][1083.493s][info ][safepoint     ] Application time: 1.0002757 seconds
[2024-05-14T11:55:00.520+0000][1083.494s][info ][safepoint     ] Entering safepoint region: Cleanup
[2024-05-14T11:55:00.521+0000][1083.494s][info ][safepoint     ] Leaving safepoint region
[2024-05-14T11:55:00.521+0000][1083.494s][info ][safepoint     ] Total time for which application threads were stopped: 0.0008479 seconds, Stopping threads took: 0.0002326 seconds
[2024-05-14T11:55:01.521+0000][1084.495s][debug][safepoint     ] Safepoint synchronization initiated. (372 threads)
[2024-05-14T11:55:01.521+0000][1084.495s][info ][safepoint     ] Application time: 1.0002743 seconds
[2024-05-14T11:55:01.521+0000][1084.495s][info ][safepoint     ] Entering safepoint region: Cleanup
[2024-05-14T11:55:01.522+0000][1084.496s][info ][safepoint     ] Leaving safepoint region
[2024-05-14T11:55:01.522+0000][1084.496s][info ][safepoint     ] Total time for which application threads were stopped: 0.0016105 seconds, Stopping threads took: 0.0004377 seconds
[2024-05-14T11:55:02.523+0000][1085.496s][debug][safepoint     ] Safepoint synchronization initiated. (372 threads)
[2024-05-14T11:55:02.523+0000][1085.496s][info ][safepoint     ] Application time: 1.0001523 seconds
[2024-05-14T11:55:02.523+0000][1085.497s][info ][safepoint     ] Entering safepoint region: Cleanup
[2024-05-14T11:55:02.523+0000][1085.497s][info ][safepoint     ] Leaving safepoint region
[2024-05-14T11:55:02.524+0000][1085.497s][info ][safepoint     ] Total time for which application threads were stopped: 0.0008380 seconds, Stopping threads took: 0.0003753 seconds
[2024-05-14T11:55:03.524+0000][1086.497s][debug][safepoint     ] Safepoint synchronization initiated. (372 threads)
[2024-05-14T11:55:03.524+0000][1086.498s][info ][safepoint     ] Application time: 1.0002717 seconds
[2024-05-14T11:55:03.524+0000][1086.498s][info ][safepoint     ] Entering safepoint region: Cleanup
[2024-05-14T11:55:03.525+0000][1086.498s][debug][safepoint     ] ... found polling page return exception at pc = 0x00007f320ca20556, stub =0x00007f3204824b00
[2024-05-14T11:55:03.525+0000][1086.498s][info ][safepoint     ] Leaving safepoint region
[2024-05-14T11:55:03.525+0000][1086.498s][info ][safepoint     ] Total time for which application threads were stopped: 0.0008472 seconds, Stopping threads took: 0.0002515 seconds
[2024-05-14T11:55:04.525+0000][1087.499s][debug][safepoint     ] Safepoint synchronization initiated. (372 threads)
[2024-05-14T11:55:04.525+0000][1087.499s][info ][safepoint     ] Application time: 1.0001991 seconds
[2024-05-14T11:55:04.525+0000][1087.499s][info ][safepoint     ] Entering safepoint region: Cleanup
[2024-05-14T11:55:04.526+0000][1087.500s][debug][safepoint     ] ... found polling page loop exception at pc = 0x00007f320d344f0a, stub =0x00007f3204826680
[2024-05-14T11:55:04.526+0000][1087.500s][info ][safepoint     ] Leaving safepoint region
[2024-05-14T11:55:04.526+0000][1087.500s][info ][safepoint     ] Total time for which application threads were stopped: 0.0010509 seconds, Stopping threads took: 0.0003751 seconds
[2024-05-14T11:55:05.526+0000][1088.500s][debug][safepoint     ] Safepoint synchronization initiated. (372 threads)
[2024-05-14T11:55:05.526+0000][1088.500s][info ][safepoint     ] Application time: 1.0002245 seconds
[2024-05-14T11:55:05.526+0000][1088.500s][info ][safepoint     ] Entering safepoint region: Cleanup
[2024-05-14T11:55:05.527+0000][1088.501s][debug][safepoint     ] ... found polling page return exception at pc = 0x00007f320ca20556, stub =0x00007f3204824b00
[2024-05-14T11:55:05.527+0000][1088.501s][info ][safepoint     ] Leaving safepoint region
[2024-05-14T11:55:05.527+0000][1088.501s][info ][safepoint     ] Total time for which application threads were stopped: 0.0007929 seconds, Stopping threads took: 0.0002356 seconds
[2024-05-14T11:55:06.527+0000][1089.501s][debug][safepoint     ] Safepoint synchronization initiated. (372 threads)
[2024-05-14T11:55:06.527+0000][1089.501s][info ][safepoint     ] Application time: 1.0002267 seconds
[2024-05-14T11:55:06.527+0000][1089.501s][debug][safepoint     ] ... found polling page return exception at pc = 0x00007f320c5d8448, stub =0x00007f3204824b00
[2024-05-14T11:55:06.528+0000][1089.502s][debug][safepoint     ] Waiting for 1 thread(s) to block
[2024-05-14T11:55:06.528+0000][1089.502s][info ][safepoint     ] Entering safepoint region: Cleanup
[2024-05-14T11:55:06.529+0000][1089.502s][info ][safepoint     ] Leaving safepoint region
[2024-05-14T11:55:06.529+0000][1089.502s][info ][safepoint     ] Total time for which application threads were stopped: 0.0012343 seconds, Stopping threads took: 0.0007346 seconds
[2024-05-14T11:55:07.529+0000][1090.502s][debug][safepoint     ] Safepoint synchronization initiated. (372 threads)
[2024-05-14T11:55:07.529+0000][1090.503s][info ][safepoint     ] Application time: 1.0002391 seconds
[2024-05-14T11:55:07.529+0000][1090.503s][debug][safepoint     ] ... found polling page return exception at pc = 0x00007f320cbe669f, stub =0x00007f3204824b00
[2024-05-14T11:55:07.529+0000][1090.503s][debug][safepoint     ] Waiting for 1 thread(s) to block
[2024-05-14T11:55:07.529+0000][1090.503s][info ][safepoint     ] Entering safepoint region: Cleanup
[2024-05-14T11:55:07.530+0000][1090.504s][debug][safepoint     ] ... found polling page loop exception at pc = 0x00007f320cc711d0, stub =0x00007f3204826680
[2024-05-14T11:55:07.530+0000][1090.504s][info ][safepoint     ] Leaving safepoint region
[2024-05-14T11:55:07.530+0000][1090.504s][info ][safepoint     ] Total time for which application threads were stopped: 0.0011952 seconds, Stopping threads took: 0.0005758 seconds
[2024-05-14T11:55:08.530+0000][1091.504s][debug][safepoint     ] Safepoint synchronization initiated. (372 threads)
[2024-05-14T11:55:08.530+0000][1091.504s][info ][safepoint     ] Application time: 1.0002655 seconds
[2024-05-14T11:55:08.530+0000][1091.504s][debug][safepoint     ] ... found polling page return exception at pc = 0x00007f320cc1daaf, stub =0x00007f3204824b00
[2024-05-14T11:55:08.531+0000][1091.504s][debug][safepoint     ] Waiting for 1 thread(s) to block
[2024-05-14T11:55:08.531+0000][1091.505s][info ][safepoint     ] Entering safepoint region: Cleanup
[2024-05-14T11:55:08.532+0000][1091.505s][info ][safepoint     ] Leaving safepoint region
[2024-05-14T11:55:08.532+0000][1091.505s][info ][safepoint     ] Total time for which application threads were stopped: 0.0013635 seconds, Stopping threads took: 0.0005712 seconds
[2024-05-14T11:55:09.532+0000][1092.506s][debug][safepoint     ] Safepoint synchronization initiated. (372 threads)
[2024-05-14T11:55:09.532+0000][1092.506s][info ][safepoint     ] Application time: 1.0003237 seconds
[2024-05-14T11:55:09.533+0000][1092.506s][info ][safepoint     ] Entering safepoint region: Cleanup
[2024-05-14T11:55:09.534+0000][1092.508s][info ][safepoint     ] Leaving safepoint region
[2024-05-14T11:55:09.534+0000][1092.508s][info ][safepoint     ] Total time for which application threads were stopped: 0.0020784 seconds, Stopping threads took: 0.0006104 seconds
[2024-05-14T11:55:10.534+0000][1093.508s][debug][safepoint     ] Safepoint synchronization initiated. (372 threads)
[2024-05-14T11:55:10.534+0000][1093.508s][info ][safepoint     ] Application time: 1.0002568 seconds
[2024-05-14T11:55:10.535+0000][1093.508s][info ][safepoint     ] Entering safepoint region: Cleanup
[2024-05-14T11:55:10.535+0000][1093.509s][info ][safepoint     ] Leaving safepoint region
[2024-05-14T11:55:10.535+0000][1093.509s][info ][safepoint     ] Total time for which application threads were stopped: 0.0009993 seconds, Stopping threads took: 0.0002269 seconds
[2024-05-14T11:55:11.536+0000][1094.509s][debug][safepoint     ] Safepoint synchronization initiated. (372 threads)
[2024-05-14T11:55:11.536+0000][1094.509s][info ][safepoint     ] Application time: 1.0002276 seconds
[2024-05-14T11:55:11.536+0000][1094.510s][info ][safepoint     ] Entering safepoint region: Cleanup
[2024-05-14T11:55:11.537+0000][1094.510s][info ][safepoint     ] Leaving safepoint region
[2024-05-14T11:55:11.537+0000][1094.510s][info ][safepoint     ] Total time for which application threads were stopped: 0.0009658 seconds, Stopping threads took: 0.0004219 seconds
[2024-05-14T11:55:12.537+0000][1095.511s][debug][safepoint     ] Safepoint synchronization initiated. (372 threads)
[2024-05-14T11:55:12.537+0000][1095.511s][info ][safepoint     ] Application time: 1.0002321 seconds
[2024-05-14T11:55:12.537+0000][1095.511s][info ][safepoint     ] Entering safepoint region: Cleanup
[2024-05-14T11:55:12.538+0000][1095.512s][info ][safepoint     ] Leaving safepoint region
[2024-05-14T11:55:12.538+0000][1095.512s][info ][safepoint     ] Total time for which application threads were stopped: 0.0010210 seconds, Stopping threads took: 0.0002631 seconds
[2024-05-14T11:55:13.538+0000][1096.512s][debug][safepoint     ] Safepoint synchronization initiated. (372 threads)
[2024-05-14T11:55:13.538+0000][1096.512s][info ][safepoint     ] Application time: 1.0002753 seconds
[2024-05-14T11:55:13.539+0000][1096.512s][info ][safepoint     ] Entering safepoint region: Cleanup
[2024-05-14T11:55:13.539+0000][1096.513s][info ][safepoint     ] Leaving safepoint region
[2024-05-14T11:55:13.539+0000][1096.513s][info ][safepoint     ] Total time for which application threads were stopped: 0.0007352 seconds, Stopping threads took: 0.0002463 seconds
[2024-05-14T11:55:14.539+0000][1097.513s][debug][safepoint     ] Safepoint synchronization initiated. (372 threads)
[2024-05-14T11:55:14.539+0000][1097.513s][info ][safepoint     ] Application time: 1.0003503 seconds
[2024-05-14T11:55:14.540+0000][1097.513s][debug][safepoint     ] ... found polling page return exception at pc = 0x00007f320d39eb01, stub =0x00007f3204824b00
[2024-05-14T11:55:14.540+0000][1097.514s][debug][safepoint     ] Waiting for 2 thread(s) to block
[2024-05-14T11:55:14.540+0000][1097.514s][info ][safepoint     ] Entering safepoint region: Cleanup
[2024-05-14T11:55:14.541+0000][1097.514s][info ][safepoint     ] Leaving safepoint region
[2024-05-14T11:55:14.541+0000][1097.514s][info ][safepoint     ] Total time for which application threads were stopped: 0.0010898 seconds, Stopping threads took: 0.0005366 seconds
[2024-05-14T11:55:15.541+0000][1098.515s][debug][safepoint     ] Safepoint synchronization initiated. (372 threads)
[2024-05-14T11:55:15.541+0000][1098.515s][info ][safepoint     ] Application time: 1.0002969 seconds
[2024-05-14T11:55:15.541+0000][1098.515s][info ][safepoint     ] Entering safepoint region: Cleanup
[2024-05-14T11:55:15.542+0000][1098.515s][info ][safepoint     ] Leaving safepoint region
[2024-05-14T11:55:15.542+0000][1098.515s][info ][safepoint     ] Total time for which application threads were stopped: 0.0007941 seconds, Stopping threads took: 0.0002401 seconds
[2024-05-14T11:55:15.765+0000][1098.739s][debug][safepoint     ] Safepoint synchronization initiated. (372 threads)
[2024-05-14T11:55:15.766+0000][1098.739s][info ][safepoint     ] Application time: 0.2238441 seconds
[2024-05-14T11:55:15.766+0000][1098.740s][info ][safepoint     ] Entering safepoint region: G1CollectForAllocation
[2024-05-14T11:55:15.767+0000][1098.741s][info ][gc,start      ] GC(118) Pause Young (Normal) (G1 Evacuation Pause)
[2024-05-14T11:55:15.767+0000][1098.741s][info ][gc,task       ] GC(118) Using 4 workers of 4 for evacuation
[2024-05-14T11:55:15.793+0000][1098.767s][info ][gc,phases     ] GC(118)   Pre Evacuate Collection Set: 0.2ms
[2024-05-14T11:55:15.793+0000][1098.767s][info ][gc,phases     ] GC(118)   Evacuate Collection Set: 14.5ms
[2024-05-14T11:55:15.793+0000][1098.767s][info ][gc,phases     ] GC(118)   Post Evacuate Collection Set: 9.6ms
[2024-05-14T11:55:15.793+0000][1098.767s][info ][gc,phases     ] GC(118)   Other: 1.9ms
[2024-05-14T11:55:15.793+0000][1098.767s][info ][gc,heap       ] GC(118) Eden regions: 173->0(173)
[2024-05-14T11:55:15.793+0000][1098.767s][info ][gc,heap       ] GC(118) Survivor regions: 3->3(22)
[2024-05-14T11:55:15.793+0000][1098.767s][info ][gc,heap       ] GC(118) Old regions: 179->179
[2024-05-14T11:55:15.793+0000][1098.767s][info ][gc,heap       ] GC(118) Humongous regions: 0->0
[2024-05-14T11:55:15.793+0000][1098.767s][info ][gc,metaspace  ] GC(118) Metaspace: 187315K(193520K)->187315K(193520K) NonClass: 166186K(170020K)->166186K(170020K) Class: 21129K(23500K)->21129K(23500K)
[2024-05-14T11:55:15.793+0000][1098.767s][info ][gc            ] GC(118) Pause Young (Normal) (G1 Evacuation Pause) 353M->179M(398M) 25.963ms
[2024-05-14T11:55:15.793+0000][1098.767s][info ][gc,cpu        ] GC(118) User=0.09s Sys=0.00s Real=0.03s
[2024-05-14T11:55:15.793+0000][1098.767s][info ][safepoint     ] Leaving safepoint region
[2024-05-14T11:55:15.793+0000][1098.767s][info ][safepoint     ] Total time for which application threads were stopped: 0.0276501 seconds, Stopping threads took: 0.0003121 seconds
[2024-05-14T11:55:15.793+0000][1098.767s][info ][gc,stringdedup] Concurrent String Deduplication (1098.767s)
[2024-05-14T11:55:15.794+0000][1098.768s][info ][gc,stringdedup] Concurrent String Deduplication 41784.0B->18512.0B(23272.0B) avg 55.0% (1098.767s, 1098.768s) 0.883ms
[2024-05-14T11:55:16.794+0000][1099.767s][debug][safepoint     ] Safepoint synchronization initiated. (372 threads)
[2024-05-14T11:55:16.794+0000][1099.767s][info ][safepoint     ] Application time: 1.0004360 seconds
[2024-05-14T11:55:16.794+0000][1099.768s][info ][safepoint     ] Entering safepoint region: Cleanup
[2024-05-14T11:55:16.795+0000][1099.768s][info ][safepoint     ] Leaving safepoint region
[2024-05-14T11:55:16.795+0000][1099.769s][info ][safepoint     ] Total time for which application threads were stopped: 0.0010536 seconds, Stopping threads took: 0.0002967 seconds
[2024-05-14T11:55:17.795+0000][1100.769s][debug][safepoint     ] Safepoint synchronization initiated. (372 threads)
[2024-05-14T11:55:17.795+0000][1100.769s][info ][safepoint     ] Application time: 1.0003421 seconds
[2024-05-14T11:55:17.795+0000][1100.769s][info ][safepoint     ] Entering safepoint region: Cleanup
[2024-05-14T11:55:17.796+0000][1100.770s][info ][safepoint     ] Leaving safepoint region
[2024-05-14T11:55:17.796+0000][1100.770s][info ][safepoint     ] Total time for which application threads were stopped: 0.0007863 seconds, Stopping threads took: 0.0002622 seconds
[2024-05-14T11:55:18.796+0000][1101.770s][debug][safepoint     ] Safepoint synchronization initiated. (372 threads)
[2024-05-14T11:55:18.796+0000][1101.770s][info ][safepoint     ] Application time: 1.0003151 seconds
[2024-05-14T11:55:18.797+0000][1101.770s][info ][safepoint     ] Entering safepoint region: Cleanup
[2024-05-14T11:55:18.797+0000][1101.771s][info ][safepoint     ] Leaving safepoint region
[2024-05-14T11:55:18.797+0000][1101.771s][info ][safepoint     ] Total time for which application threads were stopped: 0.0008345 seconds, Stopping threads took: 0.0002363 seconds
[2024-05-14T11:55:19.797+0000][1102.771s][debug][safepoint     ] Safepoint synchronization initiated. (372 threads)
[2024-05-14T11:55:19.797+0000][1102.771s][info ][safepoint     ] Application time: 1.0002784 seconds
[2024-05-14T11:55:19.798+0000][1102.771s][info ][safepoint     ] Entering safepoint region: Cleanup
[2024-05-14T11:55:19.798+0000][1102.772s][info ][safepoint     ] Leaving safepoint region
[2024-05-14T11:55:19.798+0000][1102.772s][info ][safepoint     ] Total time for which application threads were stopped: 0.0010007 seconds, Stopping threads took: 0.0003297 seconds
[2024-05-14T11:55:20.799+0000][1103.772s][debug][safepoint     ] Safepoint synchronization initiated. (372 threads)
[2024-05-14T11:55:20.799+0000][1103.772s][info ][safepoint     ] Application time: 1.0001537 seconds
[2024-05-14T11:55:20.799+0000][1103.773s][info ][safepoint     ] Entering safepoint region: Cleanup
[2024-05-14T11:55:20.799+0000][1103.773s][info ][safepoint     ] Leaving safepoint region
[2024-05-14T11:55:20.799+0000][1103.773s][info ][safepoint     ] Total time for which application threads were stopped: 0.0005562 seconds, Stopping threads took: 0.0001713 seconds
[2024-05-14T11:55:21.799+0000][1104.773s][debug][safepoint     ] Safepoint synchronization initiated. (372 threads)
[2024-05-14T11:55:21.799+0000][1104.773s][info ][safepoint     ] Application time: 1.0002339 seconds
[2024-05-14T11:55:21.800+0000][1104.773s][info ][safepoint     ] Entering safepoint region: Cleanup
[2024-05-14T11:55:21.800+0000][1104.774s][info ][safepoint     ] Leaving safepoint region
[2024-05-14T11:55:21.800+0000][1104.774s][debug][safepoint     ] ... found polling page return exception at pc = 0x00007f320ca20556, stub =0x00007f3204824b00
[2024-05-14T11:55:21.800+0000][1104.774s][debug][safepoint     ] ... found polling page return exception at pc = 0x00007f320ca20556, stub =0x00007f3204824b00
[2024-05-14T11:55:21.800+0000][1104.774s][info ][safepoint     ] Total time for which application threads were stopped: 0.0008741 seconds, Stopping threads took: 0.0002631 seconds
[2024-05-14T11:55:22.801+0000][1105.774s][debug][safepoint     ] Safepoint synchronization initiated. (372 threads)
[2024-05-14T11:55:22.801+0000][1105.775s][info ][safepoint     ] Application time: 1.0003160 seconds
[2024-05-14T11:55:22.801+0000][1105.775s][info ][safepoint     ] Entering safepoint region: Cleanup
[2024-05-14T11:55:22.802+0000][1105.776s][info ][safepoint     ] Leaving safepoint region
[2024-05-14T11:55:22.802+0000][1105.776s][info ][safepoint     ] Total time for which application threads were stopped: 0.0011216 seconds, Stopping threads took: 0.0002676 seconds
[2024-05-14T11:55:23.802+0000][1106.776s][debug][safepoint     ] Safepoint synchronization initiated. (372 threads)
[2024-05-14T11:55:23.802+0000][1106.776s][info ][safepoint     ] Application time: 1.0002126 seconds
[2024-05-14T11:55:23.802+0000][1106.776s][info ][safepoint     ] Entering safepoint region: Cleanup
[2024-05-14T11:55:23.803+0000][1106.777s][info ][safepoint     ] Leaving safepoint region
[2024-05-14T11:55:23.803+0000][1106.777s][info ][safepoint     ] Total time for which application threads were stopped: 0.0007318 seconds, Stopping threads took: 0.0002273 seconds
[2024-05-14T11:55:24.803+0000][1107.777s][debug][safepoint     ] Safepoint synchronization initiated. (372 threads)
[2024-05-14T11:55:24.803+0000][1107.777s][info ][safepoint     ] Application time: 1.0001722 seconds
[2024-05-14T11:55:24.803+0000][1107.777s][info ][safepoint     ] Entering safepoint region: Cleanup
[2024-05-14T11:55:24.804+0000][1107.778s][info ][safepoint     ] Leaving safepoint region
[2024-05-14T11:55:24.804+0000][1107.778s][debug][safepoint     ] ... found polling page return exception at pc = 0x00007f320ca20556, stub =0x00007f3204824b00
[2024-05-14T11:55:24.804+0000][1107.778s][info ][safepoint     ] Total time for which application threads were stopped: 0.0006783 seconds, Stopping threads took: 0.0002065 seconds
[2024-05-14T11:55:25.804+0000][1108.778s][debug][safepoint     ] Safepoint synchronization initiated. (372 threads)
[2024-05-14T11:55:25.804+0000][1108.778s][info ][safepoint     ] Application time: 1.0002153 seconds
[2024-05-14T11:55:25.804+0000][1108.778s][info ][safepoint     ] Entering safepoint region: Cleanup
[2024-05-14T11:55:25.805+0000][1108.779s][debug][safepoint     ] ... found polling page return exception at pc = 0x00007f320ca20556, stub =0x00007f3204824b00
[2024-05-14T11:55:25.805+0000][1108.779s][info ][safepoint     ] Leaving safepoint region
[2024-05-14T11:55:25.805+0000][1108.779s][info ][safepoint     ] Total time for which application threads were stopped: 0.0009664 seconds, Stopping threads took: 0.0002458 seconds
[2024-05-14T11:55:25.805+0000][1108.779s][debug][safepoint     ] ... found polling page return exception at pc = 0x00007f320ca20556, stub =0x00007f3204824b00
[2024-05-14T11:55:26.805+0000][1109.779s][debug][safepoint     ] Safepoint synchronization initiated. (372 threads)
[2024-05-14T11:55:26.805+0000][1109.779s][info ][safepoint     ] Application time: 1.0002639 seconds
[2024-05-14T11:55:26.806+0000][1109.779s][info ][safepoint     ] Entering safepoint region: Cleanup
[2024-05-14T11:55:26.806+0000][1109.780s][info ][safepoint     ] Leaving safepoint region
[2024-05-14T11:55:26.806+0000][1109.780s][info ][safepoint     ] Total time for which application threads were stopped: 0.0007679 seconds, Stopping threads took: 0.0003030 seconds
[2024-05-14T11:55:27.806+0000][1110.780s][debug][safepoint     ] Safepoint synchronization initiated. (372 threads)
[2024-05-14T11:55:27.807+0000][1110.780s][info ][safepoint     ] Application time: 1.0003121 seconds
[2024-05-14T11:55:27.807+0000][1110.781s][info ][safepoint     ] Entering safepoint region: Cleanup
[2024-05-14T11:55:27.807+0000][1110.781s][info ][safepoint     ] Leaving safepoint region
[2024-05-14T11:55:27.807+0000][1110.781s][info ][safepoint     ] Total time for which application threads were stopped: 0.0007727 seconds, Stopping threads took: 0.0002615 seconds
[2024-05-14T11:55:28.808+0000][1111.781s][debug][safepoint     ] Safepoint synchronization initiated. (372 threads)
[2024-05-14T11:55:28.808+0000][1111.781s][info ][safepoint     ] Application time: 1.0002791 seconds
[2024-05-14T11:55:28.808+0000][1111.782s][info ][safepoint     ] Entering safepoint region: Cleanup
[2024-05-14T11:55:28.808+0000][1111.782s][info ][safepoint     ] Leaving safepoint region
[2024-05-14T11:55:28.808+0000][1111.782s][info ][safepoint     ] Total time for which application threads were stopped: 0.0007800 seconds, Stopping threads took: 0.0002413 seconds
[2024-05-14T11:55:29.809+0000][1112.782s][debug][safepoint     ] Safepoint synchronization initiated. (372 threads)
[2024-05-14T11:55:29.809+0000][1112.782s][info ][safepoint     ] Application time: 1.0001820 seconds
[2024-05-14T11:55:29.809+0000][1112.783s][info ][safepoint     ] Entering safepoint region: Cleanup
[2024-05-14T11:55:29.809+0000][1112.783s][info ][safepoint     ] Leaving safepoint region
[2024-05-14T11:55:29.809+0000][1112.783s][info ][safepoint     ] Total time for which application threads were stopped: 0.0007660 seconds, Stopping threads took: 0.0001740 seconds
[2024-05-14T11:55:30.810+0000][1113.783s][debug][safepoint     ] Safepoint synchronization initiated. (372 threads)
[2024-05-14T11:55:30.810+0000][1113.783s][info ][safepoint     ] Application time: 1.0002434 seconds
[2024-05-14T11:55:30.810+0000][1113.784s][info ][safepoint     ] Entering safepoint region: Cleanup
[2024-05-14T11:55:30.810+0000][1113.784s][info ][safepoint     ] Leaving safepoint region
[2024-05-14T11:55:30.810+0000][1113.784s][info ][safepoint     ] Total time for which application threads were stopped: 0.0006780 seconds, Stopping threads took: 0.0002531 seconds
[2024-05-14T11:55:31.811+0000][1114.784s][debug][safepoint     ] Safepoint synchronization initiated. (371 threads)
[2024-05-14T11:55:31.811+0000][1114.785s][info ][safepoint     ] Application time: 1.0003223 seconds
[2024-05-14T11:55:31.811+0000][1114.785s][info ][safepoint     ] Entering safepoint region: Cleanup
[2024-05-14T11:55:31.812+0000][1114.785s][info ][safepoint     ] Leaving safepoint region
[2024-05-14T11:55:31.812+0000][1114.785s][info ][safepoint     ] Total time for which application threads were stopped: 0.0008149 seconds, Stopping threads took: 0.0002934 seconds
[2024-05-14T11:55:32.812+0000][1115.786s][debug][safepoint     ] Safepoint synchronization initiated. (371 threads)
[2024-05-14T11:55:32.812+0000][1115.786s][info ][safepoint     ] Application time: 1.0002841 seconds
[2024-05-14T11:55:32.812+0000][1115.786s][info ][safepoint     ] Entering safepoint region: Cleanup
[2024-05-14T11:55:32.813+0000][1115.787s][info ][safepoint     ] Leaving safepoint region
[2024-05-14T11:55:32.813+0000][1115.787s][info ][safepoint     ] Total time for which application threads were stopped: 0.0008614 seconds, Stopping threads took: 0.0002446 seconds
[2024-05-14T11:55:33.813+0000][1116.787s][debug][safepoint     ] Safepoint synchronization initiated. (371 threads)
[2024-05-14T11:55:33.813+0000][1116.787s][info ][safepoint     ] Application time: 1.0002615 seconds
[2024-05-14T11:55:33.814+0000][1116.788s][info ][safepoint     ] Entering safepoint region: Cleanup
[2024-05-14T11:55:33.815+0000][1116.789s][info ][safepoint     ] Leaving safepoint region
[2024-05-14T11:55:33.815+0000][1116.789s][info ][safepoint     ] Total time for which application threads were stopped: 0.0022333 seconds, Stopping threads took: 0.0009066 seconds
[2024-05-14T11:55:34.816+0000][1117.789s][debug][safepoint     ] Safepoint synchronization initiated. (371 threads)
[2024-05-14T11:55:34.816+0000][1117.789s][info ][safepoint     ] Application time: 1.0002489 seconds
[2024-05-14T11:55:34.816+0000][1117.790s][info ][safepoint     ] Entering safepoint region: Cleanup
[2024-05-14T11:55:34.817+0000][1117.790s][info ][safepoint     ] Leaving safepoint region
[2024-05-14T11:55:34.817+0000][1117.790s][info ][safepoint     ] Total time for which application threads were stopped: 0.0009462 seconds, Stopping threads took: 0.0002423 seconds
[2024-05-14T11:55:35.817+0000][1118.791s][debug][safepoint     ] Safepoint synchronization initiated. (371 threads)
[2024-05-14T11:55:35.817+0000][1118.791s][info ][safepoint     ] Application time: 1.0002346 seconds
[2024-05-14T11:55:35.818+0000][1118.791s][info ][safepoint     ] Entering safepoint region: Cleanup
[2024-05-14T11:55:35.819+0000][1118.792s][info ][safepoint     ] Leaving safepoint region
[2024-05-14T11:55:35.819+0000][1118.792s][info ][safepoint     ] Total time for which application threads were stopped: 0.0016365 seconds, Stopping threads took: 0.0007061 seconds
[2024-05-14T11:55:36.819+0000][1119.792s][debug][safepoint     ] Safepoint synchronization initiated. (371 threads)
[2024-05-14T11:55:36.819+0000][1119.793s][info ][safepoint     ] Application time: 1.0002330 seconds
[2024-05-14T11:55:36.819+0000][1119.793s][info ][safepoint     ] Entering safepoint region: Cleanup
[2024-05-14T11:55:36.820+0000][1119.793s][debug][safepoint     ] ... found polling page return exception at pc = 0x00007f320ca20556, stub =0x00007f3204824b00
[2024-05-14T11:55:36.820+0000][1119.793s][info ][safepoint     ] Leaving safepoint region
[2024-05-14T11:55:36.820+0000][1119.793s][info ][safepoint     ] Total time for which application threads were stopped: 0.0008281 seconds, Stopping threads took: 0.0002252 seconds
[2024-05-14T11:55:37.820+0000][1120.794s][debug][safepoint     ] Safepoint synchronization initiated. (371 threads)
[2024-05-14T11:55:37.820+0000][1120.794s][info ][safepoint     ] Application time: 1.0002511 seconds
[2024-05-14T11:55:37.820+0000][1120.794s][info ][safepoint     ] Entering safepoint region: Cleanup
[2024-05-14T11:55:37.821+0000][1120.794s][info ][safepoint     ] Leaving safepoint region
[2024-05-14T11:55:37.821+0000][1120.794s][info ][safepoint     ] Total time for which application threads were stopped: 0.0007566 seconds, Stopping threads took: 0.0002407 seconds
[2024-05-14T11:55:38.821+0000][1121.795s][debug][safepoint     ] Safepoint synchronization initiated. (371 threads)
[2024-05-14T11:55:38.821+0000][1121.795s][info ][safepoint     ] Application time: 1.0002584 seconds
[2024-05-14T11:55:38.821+0000][1121.795s][info ][safepoint     ] Entering safepoint region: Cleanup
[2024-05-14T11:55:38.822+0000][1121.796s][info ][safepoint     ] Leaving safepoint region
[2024-05-14T11:55:38.822+0000][1121.796s][info ][safepoint     ] Total time for which application threads were stopped: 0.0008061 seconds, Stopping threads took: 0.0002505 seconds
[2024-05-14T11:55:38.891+0000][1121.864s][debug][safepoint     ] Safepoint synchronization initiated. (371 threads)
[2024-05-14T11:55:38.891+0000][1121.865s][info ][safepoint     ] Application time: 0.0689009 seconds
[2024-05-14T11:55:38.891+0000][1121.865s][info ][safepoint     ] Entering safepoint region: G1CollectForAllocation
[2024-05-14T11:55:38.892+0000][1121.866s][info ][gc,start      ] GC(119) Pause Young (Normal) (G1 Evacuation Pause)
[2024-05-14T11:55:38.892+0000][1121.866s][info ][gc,task       ] GC(119) Using 4 workers of 4 for evacuation
[2024-05-14T11:55:38.921+0000][1121.895s][info ][gc,phases     ] GC(119)   Pre Evacuate Collection Set: 0.0ms
[2024-05-14T11:55:38.921+0000][1121.895s][info ][gc,phases     ] GC(119)   Evacuate Collection Set: 17.1ms
[2024-05-14T11:55:38.921+0000][1121.895s][info ][gc,phases     ] GC(119)   Post Evacuate Collection Set: 11.4ms
[2024-05-14T11:55:38.921+0000][1121.895s][info ][gc,phases     ] GC(119)   Other: 1.3ms
[2024-05-14T11:55:38.921+0000][1121.895s][info ][gc,heap       ] GC(119) Eden regions: 173->0(172)
[2024-05-14T11:55:38.921+0000][1121.895s][info ][gc,heap       ] GC(119) Survivor regions: 3->3(22)
[2024-05-14T11:55:38.922+0000][1121.895s][info ][gc,heap       ] GC(119) Old regions: 179->180
[2024-05-14T11:55:38.922+0000][1121.895s][info ][gc,heap       ] GC(119) Humongous regions: 0->0
[2024-05-14T11:55:38.922+0000][1121.895s][info ][gc,metaspace  ] GC(119) Metaspace: 187331K(193520K)->187331K(193520K) NonClass: 166201K(170020K)->166201K(170020K) Class: 21129K(23500K)->21129K(23500K)
[2024-05-14T11:55:38.922+0000][1121.895s][info ][gc            ] GC(119) Pause Young (Normal) (G1 Evacuation Pause) 352M->179M(398M) 29.721ms
[2024-05-14T11:55:38.922+0000][1121.895s][info ][gc,cpu        ] GC(119) User=0.08s Sys=0.00s Real=0.03s
[2024-05-14T11:55:38.922+0000][1121.896s][info ][safepoint     ] Leaving safepoint region
[2024-05-14T11:55:38.922+0000][1121.896s][info ][safepoint     ] Total time for which application threads were stopped: 0.0308490 seconds, Stopping threads took: 0.0001009 seconds
[2024-05-14T11:55:38.922+0000][1121.896s][info ][gc,stringdedup] Concurrent String Deduplication (1121.896s)
[2024-05-14T11:55:38.922+0000][1121.896s][info ][gc,stringdedup] Concurrent String Deduplication 11752.0B->7632.0B(4120.0B) avg 55.0% (1121.896s, 1121.896s) 0.119ms
[2024-05-14T11:55:39.922+0000][1122.896s][debug][safepoint     ] Safepoint synchronization initiated. (371 threads)
[2024-05-14T11:55:39.922+0000][1122.896s][info ][safepoint     ] Application time: 1.0002905 seconds
[2024-05-14T11:55:39.922+0000][1122.896s][info ][safepoint     ] Entering safepoint region: Cleanup
[2024-05-14T11:55:39.923+0000][1122.897s][info ][safepoint     ] Leaving safepoint region
[2024-05-14T11:55:39.923+0000][1122.897s][info ][safepoint     ] Total time for which application threads were stopped: 0.0007557 seconds, Stopping threads took: 0.0002048 seconds
[2024-05-14T11:55:40.923+0000][1123.897s][debug][safepoint     ] Safepoint synchronization initiated. (371 threads)
[2024-05-14T11:55:40.923+0000][1123.897s][info ][safepoint     ] Application time: 1.0001777 seconds
[2024-05-14T11:55:40.923+0000][1123.897s][info ][safepoint     ] Entering safepoint region: Cleanup
[2024-05-14T11:55:40.924+0000][1123.898s][info ][safepoint     ] Leaving safepoint region
[2024-05-14T11:55:40.924+0000][1123.898s][info ][safepoint     ] Total time for which application threads were stopped: 0.0008158 seconds, Stopping threads took: 0.0002223 seconds
[2024-05-14T11:55:41.924+0000][1124.898s][debug][safepoint     ] Safepoint synchronization initiated. (371 threads)
[2024-05-14T11:55:41.924+0000][1124.898s][info ][safepoint     ] Application time: 1.0002380 seconds
[2024-05-14T11:55:41.925+0000][1124.898s][info ][safepoint     ] Entering safepoint region: Cleanup
[2024-05-14T11:55:41.925+0000][1124.899s][info ][safepoint     ] Leaving safepoint region
[2024-05-14T11:55:41.925+0000][1124.899s][info ][safepoint     ] Total time for which application threads were stopped: 0.0008556 seconds, Stopping threads took: 0.0002544 seconds
[2024-05-14T11:55:41.925+0000][1124.899s][debug][safepoint     ] ... found polling page loop exception at pc = 0x00007f320805cdfe, stub =0x00007f3204826680
[2024-05-14T11:55:42.926+0000][1125.899s][debug][safepoint     ] Safepoint synchronization initiated. (371 threads)
[2024-05-14T11:55:42.926+0000][1125.899s][info ][safepoint     ] Application time: 1.0002679 seconds
[2024-05-14T11:55:42.926+0000][1125.900s][debug][safepoint     ] ... found polling page return exception at pc = 0x00007f320cd3f813, stub =0x00007f3204824b00
[2024-05-14T11:55:42.926+0000][1125.900s][debug][safepoint     ] ... found polling page return exception at pc = 0x00007f320c81bf56, stub =0x00007f3204824b00
[2024-05-14T11:55:42.926+0000][1125.900s][debug][safepoint     ] Waiting for 2 thread(s) to block
[2024-05-14T11:55:42.926+0000][1125.900s][info ][safepoint     ] Entering safepoint region: Cleanup
[2024-05-14T11:55:42.927+0000][1125.901s][info ][safepoint     ] Leaving safepoint region
[2024-05-14T11:55:42.927+0000][1125.901s][info ][safepoint     ] Total time for which application threads were stopped: 0.0013714 seconds, Stopping threads took: 0.0007614 seconds
[2024-05-14T11:55:43.927+0000][1126.901s][debug][safepoint     ] Safepoint synchronization initiated. (371 threads)
[2024-05-14T11:55:43.927+0000][1126.901s][info ][safepoint     ] Application time: 1.0001996 seconds
[2024-05-14T11:55:43.927+0000][1126.901s][debug][safepoint     ] ... found polling page return exception at pc = 0x00007f320c4f07e8, stub =0x00007f3204824b00
[2024-05-14T11:55:43.927+0000][1126.901s][debug][safepoint     ] ... found polling page return exception at pc = 0x00007f320cbf20f6, stub =0x00007f3204824b00
[2024-05-14T11:55:43.928+0000][1126.901s][debug][safepoint     ] Waiting for 2 thread(s) to block
[2024-05-14T11:55:43.928+0000][1126.901s][info ][safepoint     ] Entering safepoint region: Cleanup
[2024-05-14T11:55:43.928+0000][1126.902s][debug][safepoint     ] ... found polling page return exception at pc = 0x00007f320ca20556, stub =0x00007f3204824b00
[2024-05-14T11:55:43.928+0000][1126.902s][info ][safepoint     ] Leaving safepoint region
[2024-05-14T11:55:43.928+0000][1126.902s][info ][safepoint     ] Total time for which application threads were stopped: 0.0010460 seconds, Stopping threads took: 0.0005425 seconds
[2024-05-14T11:55:44.928+0000][1127.902s][debug][safepoint     ] Safepoint synchronization initiated. (371 threads)
[2024-05-14T11:55:44.929+0000][1127.902s][info ][safepoint     ] Application time: 1.0002702 seconds
[2024-05-14T11:55:44.929+0000][1127.902s][debug][safepoint     ] ... found polling page return exception at pc = 0x00007f320cd41b72, stub =0x00007f3204824b00
[2024-05-14T11:55:44.929+0000][1127.903s][debug][safepoint     ] Waiting for 1 thread(s) to block
[2024-05-14T11:55:44.929+0000][1127.903s][info ][safepoint     ] Entering safepoint region: Cleanup
[2024-05-14T11:55:44.930+0000][1127.904s][info ][safepoint     ] Leaving safepoint region
[2024-05-14T11:55:44.930+0000][1127.904s][info ][safepoint     ] Total time for which application threads were stopped: 0.0014300 seconds, Stopping threads took: 0.0005661 seconds
[2024-05-14T11:55:45.930+0000][1128.904s][debug][safepoint     ] Safepoint synchronization initiated. (371 threads)
[2024-05-14T11:55:45.930+0000][1128.904s][info ][safepoint     ] Application time: 1.0002241 seconds
[2024-05-14T11:55:45.930+0000][1128.904s][info ][safepoint     ] Entering safepoint region: Cleanup
[2024-05-14T11:55:45.931+0000][1128.905s][info ][safepoint     ] Leaving safepoint region
[2024-05-14T11:55:45.931+0000][1128.905s][info ][safepoint     ] Total time for which application threads were stopped: 0.0006383 seconds, Stopping threads took: 0.0002147 seconds
[2024-05-14T11:55:46.931+0000][1129.905s][debug][safepoint     ] Safepoint synchronization initiated. (371 threads)
[2024-05-14T11:55:46.931+0000][1129.905s][info ][safepoint     ] Application time: 1.0001919 seconds
[2024-05-14T11:55:46.931+0000][1129.905s][info ][safepoint     ] Entering safepoint region: Cleanup
[2024-05-14T11:55:46.932+0000][1129.906s][info ][safepoint     ] Leaving safepoint region
[2024-05-14T11:55:46.932+0000][1129.906s][info ][safepoint     ] Total time for which application threads were stopped: 0.0006792 seconds, Stopping threads took: 0.0003109 seconds
[2024-05-14T11:55:47.932+0000][1130.906s][debug][safepoint     ] Safepoint synchronization initiated. (371 threads)
[2024-05-14T11:55:47.932+0000][1130.906s][info ][safepoint     ] Application time: 1.0003017 seconds
[2024-05-14T11:55:47.932+0000][1130.906s][info ][safepoint     ] Entering safepoint region: Cleanup
[2024-05-14T11:55:47.933+0000][1130.907s][info ][safepoint     ] Leaving safepoint region
[2024-05-14T11:55:47.933+0000][1130.907s][info ][safepoint     ] Total time for which application threads were stopped: 0.0009077 seconds, Stopping threads took: 0.0002362 seconds
[2024-05-14T11:55:48.933+0000][1131.907s][debug][safepoint     ] Safepoint synchronization initiated. (371 threads)
[2024-05-14T11:55:48.933+0000][1131.907s][info ][safepoint     ] Application time: 1.0002303 seconds
[2024-05-14T11:55:48.934+0000][1131.907s][debug][safepoint     ] Waiting for 1 thread(s) to block
[2024-05-14T11:55:48.934+0000][1131.907s][info ][safepoint     ] Entering safepoint region: Cleanup
[2024-05-14T11:55:48.934+0000][1131.908s][info ][safepoint     ] Leaving safepoint region
[2024-05-14T11:55:48.934+0000][1131.908s][info ][safepoint     ] Total time for which application threads were stopped: 0.0008460 seconds, Stopping threads took: 0.0003656 seconds
[2024-05-14T11:55:49.934+0000][1132.908s][debug][safepoint     ] Safepoint synchronization initiated. (371 threads)
[2024-05-14T11:55:49.935+0000][1132.908s][info ][safepoint     ] Application time: 1.0003078 seconds
[2024-05-14T11:55:49.935+0000][1132.908s][info ][safepoint     ] Entering safepoint region: Cleanup
[2024-05-14T11:55:49.935+0000][1132.909s][debug][safepoint     ] ... found polling page loop exception at pc = 0x00007f320805cdfe, stub =0x00007f3204826680
[2024-05-14T11:55:49.935+0000][1132.909s][info ][safepoint     ] Leaving safepoint region
[2024-05-14T11:55:49.935+0000][1132.909s][info ][safepoint     ] Total time for which application threads were stopped: 0.0007360 seconds, Stopping threads took: 0.0002101 seconds
[2024-05-14T11:55:50.935+0000][1133.909s][debug][safepoint     ] Safepoint synchronization initiated. (371 threads)
[2024-05-14T11:55:50.936+0000][1133.909s][info ][safepoint     ] Application time: 1.0002796 seconds
[2024-05-14T11:55:50.936+0000][1133.910s][info ][safepoint     ] Entering safepoint region: Cleanup
[2024-05-14T11:55:50.937+0000][1133.910s][info ][safepoint     ] Leaving safepoint region
[2024-05-14T11:55:50.937+0000][1133.910s][info ][safepoint     ] Total time for which application threads were stopped: 0.0010320 seconds, Stopping threads took: 0.0002656 seconds
[2024-05-14T11:55:51.937+0000][1134.911s][debug][safepoint     ] Safepoint synchronization initiated. (371 threads)
[2024-05-14T11:55:51.937+0000][1134.911s][info ][safepoint     ] Application time: 1.0001909 seconds
[2024-05-14T11:55:51.937+0000][1134.911s][info ][safepoint     ] Entering safepoint region: Cleanup
[2024-05-14T11:55:51.938+0000][1134.911s][info ][safepoint     ] Leaving safepoint region
[2024-05-14T11:55:51.938+0000][1134.911s][info ][safepoint     ] Total time for which application threads were stopped: 0.0008520 seconds, Stopping threads took: 0.0001967 seconds
[2024-05-14T11:55:52.938+0000][1135.912s][debug][safepoint     ] Safepoint synchronization initiated. (371 threads)
[2024-05-14T11:55:52.938+0000][1135.912s][info ][safepoint     ] Application time: 1.0002059 seconds
[2024-05-14T11:55:52.938+0000][1135.912s][info ][safepoint     ] Entering safepoint region: Cleanup
[2024-05-14T11:55:52.939+0000][1135.913s][debug][safepoint     ] ... found polling page return exception at pc = 0x00007f320ca20556, stub =0x00007f3204824b00
[2024-05-14T11:55:52.939+0000][1135.913s][info ][safepoint     ] Leaving safepoint region
[2024-05-14T11:55:52.939+0000][1135.913s][info ][safepoint     ] Total time for which application threads were stopped: 0.0010317 seconds, Stopping threads took: 0.0002360 seconds
[2024-05-14T11:55:53.939+0000][1136.913s][debug][safepoint     ] Safepoint synchronization initiated. (371 threads)
[2024-05-14T11:55:53.939+0000][1136.913s][info ][safepoint     ] Application time: 1.0002947 seconds
[2024-05-14T11:55:53.940+0000][1136.913s][info ][safepoint     ] Entering safepoint region: Cleanup
[2024-05-14T11:55:53.940+0000][1136.914s][info ][safepoint     ] Leaving safepoint region
[2024-05-14T11:55:53.940+0000][1136.914s][info ][safepoint     ] Total time for which application threads were stopped: 0.0010165 seconds, Stopping threads took: 0.0002834 seconds
[2024-05-14T11:55:54.941+0000][1137.914s][debug][safepoint     ] Safepoint synchronization initiated. (371 threads)
[2024-05-14T11:55:54.941+0000][1137.914s][info ][safepoint     ] Application time: 1.0001796 seconds
[2024-05-14T11:55:54.941+0000][1137.915s][info ][safepoint     ] Entering safepoint region: Cleanup
[2024-05-14T11:55:54.942+0000][1137.915s][info ][safepoint     ] Leaving safepoint region
[2024-05-14T11:55:54.942+0000][1137.915s][info ][safepoint     ] Total time for which application threads were stopped: 0.0009963 seconds, Stopping threads took: 0.0005718 seconds
[2024-05-14T11:55:55.942+0000][1138.915s][debug][safepoint     ] Safepoint synchronization initiated. (371 threads)
[2024-05-14T11:55:55.942+0000][1138.916s][info ][safepoint     ] Application time: 1.0001711 seconds
[2024-05-14T11:55:55.942+0000][1138.916s][info ][safepoint     ] Entering safepoint region: Cleanup
[2024-05-14T11:55:55.943+0000][1138.916s][info ][safepoint     ] Leaving safepoint region
[2024-05-14T11:55:55.943+0000][1138.916s][info ][safepoint     ] Total time for which application threads were stopped: 0.0007442 seconds, Stopping threads took: 0.0002494 seconds
[2024-05-14T11:55:56.943+0000][1139.916s][debug][safepoint     ] Safepoint synchronization initiated. (371 threads)
[2024-05-14T11:55:56.943+0000][1139.917s][info ][safepoint     ] Application time: 1.0002361 seconds
[2024-05-14T11:55:56.943+0000][1139.917s][info ][safepoint     ] Entering safepoint region: Cleanup
[2024-05-14T11:55:56.944+0000][1139.917s][info ][safepoint     ] Leaving safepoint region
[2024-05-14T11:55:56.944+0000][1139.917s][info ][safepoint     ] Total time for which application threads were stopped: 0.0007824 seconds, Stopping threads took: 0.0002320 seconds
[2024-05-14T11:55:57.944+0000][1140.918s][debug][safepoint     ] Safepoint synchronization initiated. (371 threads)
[2024-05-14T11:55:57.944+0000][1140.918s][info ][safepoint     ] Application time: 1.0001952 seconds
[2024-05-14T11:55:57.944+0000][1140.918s][info ][safepoint     ] Entering safepoint region: Cleanup
[2024-05-14T11:55:57.945+0000][1140.918s][debug][safepoint     ] ... found polling page return exception at pc = 0x00007f320ca20556, stub =0x00007f3204824b00
[2024-05-14T11:55:57.945+0000][1140.918s][info ][safepoint     ] Leaving safepoint region
[2024-05-14T11:55:57.945+0000][1140.919s][info ][safepoint     ] Total time for which application threads were stopped: 0.0009057 seconds, Stopping threads took: 0.0002964 seconds
[2024-05-14T11:55:58.945+0000][1141.919s][debug][safepoint     ] Safepoint synchronization initiated. (371 threads)
[2024-05-14T11:55:58.945+0000][1141.919s][info ][safepoint     ] Application time: 1.0001324 seconds
[2024-05-14T11:55:58.945+0000][1141.919s][info ][safepoint     ] Entering safepoint region: Cleanup
[2024-05-14T11:55:58.945+0000][1141.919s][info ][safepoint     ] Leaving safepoint region
[2024-05-14T11:55:58.945+0000][1141.919s][info ][safepoint     ] Total time for which application threads were stopped: 0.0005511 seconds, Stopping threads took: 0.0001720 seconds
[2024-05-14T11:55:59.946+0000][1142.919s][debug][safepoint     ] Safepoint synchronization initiated. (371 threads)
[2024-05-14T11:55:59.946+0000][1142.920s][info ][safepoint     ] Application time: 1.0002960 seconds
[2024-05-14T11:55:59.946+0000][1142.920s][info ][safepoint     ] Entering safepoint region: Cleanup
[2024-05-14T11:55:59.947+0000][1142.920s][info ][safepoint     ] Leaving safepoint region
[2024-05-14T11:55:59.947+0000][1142.920s][info ][safepoint     ] Total time for which application threads were stopped: 0.0008139 seconds, Stopping threads took: 0.0003019 seconds
[2024-05-14T11:56:00.947+0000][1143.921s][debug][safepoint     ] Safepoint synchronization initiated. (371 threads)
[2024-05-14T11:56:00.947+0000][1143.921s][info ][safepoint     ] Application time: 1.0002239 seconds
[2024-05-14T11:56:00.947+0000][1143.921s][info ][safepoint     ] Entering safepoint region: Cleanup
[2024-05-14T11:56:00.948+0000][1143.921s][info ][safepoint     ] Leaving safepoint region
[2024-05-14T11:56:00.948+0000][1143.921s][info ][safepoint     ] Total time for which application threads were stopped: 0.0008483 seconds, Stopping threads took: 0.0002231 seconds
[2024-05-14T11:56:00.948+0000][1143.921s][debug][safepoint     ] ... found polling page return exception at pc = 0x00007f320ca20556, stub =0x00007f3204824b00
[2024-05-14T11:56:01.154+0000][1144.128s][debug][safepoint     ] Safepoint synchronization initiated. (371 threads)
[2024-05-14T11:56:01.154+0000][1144.128s][info ][safepoint     ] Application time: 0.2063646 seconds
[2024-05-14T11:56:01.154+0000][1144.128s][debug][safepoint     ] ... found polling page return exception at pc = 0x00007f320c3347cb, stub =0x00007f3204824b00
[2024-05-14T11:56:01.154+0000][1144.128s][debug][safepoint     ] Waiting for 1 thread(s) to block
[2024-05-14T11:56:01.154+0000][1144.128s][info ][safepoint     ] Entering safepoint region: G1CollectForAllocation
[2024-05-14T11:56:01.155+0000][1144.129s][info ][gc,start      ] GC(120) Pause Young (Concurrent Start) (G1 Evacuation Pause)
[2024-05-14T11:56:01.155+0000][1144.129s][info ][gc,task       ] GC(120) Using 4 workers of 4 for evacuation
[2024-05-14T11:56:01.175+0000][1144.149s][info ][gc,phases     ] GC(120)   Pre Evacuate Collection Set: 2.3ms
[2024-05-14T11:56:01.175+0000][1144.149s][info ][gc,phases     ] GC(120)   Evacuate Collection Set: 8.8ms
[2024-05-14T11:56:01.175+0000][1144.149s][info ][gc,phases     ] GC(120)   Post Evacuate Collection Set: 7.8ms
[2024-05-14T11:56:01.175+0000][1144.149s][info ][gc,phases     ] GC(120)   Other: 1.2ms
[2024-05-14T11:56:01.175+0000][1144.149s][info ][gc,heap       ] GC(120) Eden regions: 172->0(172)
[2024-05-14T11:56:01.175+0000][1144.149s][info ][gc,heap       ] GC(120) Survivor regions: 3->3(22)
[2024-05-14T11:56:01.175+0000][1144.149s][info ][gc,heap       ] GC(120) Old regions: 180->180
[2024-05-14T11:56:01.175+0000][1144.149s][info ][gc,heap       ] GC(120) Humongous regions: 0->0
[2024-05-14T11:56:01.175+0000][1144.149s][info ][gc,metaspace  ] GC(120) Metaspace: 187331K(193520K)->187331K(193520K) NonClass: 166202K(170020K)->166202K(170020K) Class: 21129K(23500K)->21129K(23500K)
[2024-05-14T11:56:01.175+0000][1144.149s][info ][gc            ] GC(120) Pause Young (Concurrent Start) (G1 Evacuation Pause) 351M->180M(398M) 20.301ms
[2024-05-14T11:56:01.175+0000][1144.149s][info ][gc,cpu        ] GC(120) User=0.05s Sys=0.00s Real=0.02s
[2024-05-14T11:56:01.175+0000][1144.149s][info ][gc            ] GC(121) Concurrent Cycle
[2024-05-14T11:56:01.175+0000][1144.149s][debug][safepoint     ] ... found polling page return exception at pc = 0x00007f320ca20556, stub =0x00007f3204824b00
[2024-05-14T11:56:01.175+0000][1144.149s][info ][gc,marking    ] GC(121) Concurrent Clear Claimed Marks
[2024-05-14T11:56:01.175+0000][1144.149s][info ][safepoint     ] Leaving safepoint region
[2024-05-14T11:56:01.175+0000][1144.149s][info ][safepoint     ] Total time for which application threads were stopped: 0.0212396 seconds, Stopping threads took: 0.0002357 seconds
[2024-05-14T11:56:01.176+0000][1144.149s][info ][gc,stringdedup] Concurrent String Deduplication (1144.149s)
[2024-05-14T11:56:01.176+0000][1144.149s][info ][gc,stringdedup] Concurrent String Deduplication 32.0B->0.0B(32.0B) avg 55.0% (1144.149s, 1144.149s) 0.044ms
[2024-05-14T11:56:01.176+0000][1144.150s][info ][gc,marking    ] GC(121) Concurrent Clear Claimed Marks 0.483ms
[2024-05-14T11:56:01.176+0000][1144.150s][info ][gc,marking    ] GC(121) Concurrent Scan Root Regions
[2024-05-14T11:56:01.194+0000][1144.168s][info ][gc,marking    ] GC(121) Concurrent Scan Root Regions 18.027ms
[2024-05-14T11:56:01.194+0000][1144.168s][info ][gc,marking    ] GC(121) Concurrent Mark (1144.168s)
[2024-05-14T11:56:01.194+0000][1144.168s][info ][gc,marking    ] GC(121) Concurrent Mark From Roots
[2024-05-14T11:56:01.194+0000][1144.168s][info ][gc,task       ] GC(121) Using 1 workers of 1 for marking
[2024-05-14T11:56:01.706+0000][1144.680s][info ][gc,marking    ] GC(121) Concurrent Mark From Roots 512.049ms
[2024-05-14T11:56:01.706+0000][1144.680s][info ][gc,marking    ] GC(121) Concurrent Preclean
[2024-05-14T11:56:01.707+0000][1144.680s][info ][gc,marking    ] GC(121) Concurrent Preclean 0.480ms
[2024-05-14T11:56:01.707+0000][1144.680s][info ][gc,marking    ] GC(121) Concurrent Mark (1144.168s, 1144.680s) 512.627ms
[2024-05-14T11:56:01.707+0000][1144.680s][debug][safepoint     ] Safepoint synchronization initiated. (371 threads)
[2024-05-14T11:56:01.707+0000][1144.680s][info ][safepoint     ] Application time: 0.5312236 seconds
[2024-05-14T11:56:01.707+0000][1144.681s][info ][safepoint     ] Entering safepoint region: CGC_Operation
[2024-05-14T11:56:01.708+0000][1144.682s][info ][gc,start      ] GC(121) Pause Remark
[2024-05-14T11:56:01.760+0000][1144.734s][info ][gc,stringtable] GC(121) Cleaned string and symbol table, strings: 92590 processed, 0 removed, symbols: 442380 processed, 1 removed
[2024-05-14T11:56:01.760+0000][1144.734s][info ][gc            ] GC(121) Pause Remark 186M->186M(398M) 52.482ms
[2024-05-14T11:56:01.760+0000][1144.734s][info ][gc,cpu        ] GC(121) User=0.19s Sys=0.00s Real=0.06s
[2024-05-14T11:56:01.761+0000][1144.734s][info ][safepoint     ] Leaving safepoint region
[2024-05-14T11:56:01.761+0000][1144.734s][info ][safepoint     ] Total time for which application threads were stopped: 0.0538811 seconds, Stopping threads took: 0.0006483 seconds
[2024-05-14T11:56:01.761+0000][1144.734s][info ][gc,marking    ] GC(121) Concurrent Rebuild Remembered Sets
[2024-05-14T11:56:02.028+0000][1145.002s][info ][gc,marking    ] GC(121) Concurrent Rebuild Remembered Sets 267.421ms
[2024-05-14T11:56:02.028+0000][1145.002s][debug][safepoint     ] Safepoint synchronization initiated. (371 threads)
[2024-05-14T11:56:02.028+0000][1145.002s][info ][safepoint     ] Application time: 0.2677965 seconds
[2024-05-14T11:56:02.029+0000][1145.002s][info ][safepoint     ] Entering safepoint region: CGC_Operation
[2024-05-14T11:56:02.029+0000][1145.003s][info ][gc,start      ] GC(121) Pause Cleanup
[2024-05-14T11:56:02.030+0000][1145.004s][info ][gc            ] GC(121) Pause Cleanup 186M->186M(398M) 0.685ms
[2024-05-14T11:56:02.030+0000][1145.004s][info ][gc,cpu        ] GC(121) User=0.00s Sys=0.00s Real=0.01s
[2024-05-14T11:56:02.030+0000][1145.004s][info ][safepoint     ] Leaving safepoint region
[2024-05-14T11:56:02.030+0000][1145.004s][info ][safepoint     ] Total time for which application threads were stopped: 0.0015586 seconds, Stopping threads took: 0.0002491 seconds
[2024-05-14T11:56:02.030+0000][1145.004s][info ][gc,marking    ] GC(121) Concurrent Cleanup for Next Mark
[2024-05-14T11:56:02.044+0000][1145.018s][info ][gc,marking    ] GC(121) Concurrent Cleanup for Next Mark 14.064ms
[2024-05-14T11:56:02.044+0000][1145.018s][info ][gc            ] GC(121) Concurrent Cycle 868.817ms
[2024-05-14T11:56:03.030+0000][1146.004s][debug][safepoint     ] Safepoint synchronization initiated. (371 threads)
[2024-05-14T11:56:03.030+0000][1146.004s][info ][safepoint     ] Application time: 1.0002050 seconds
[2024-05-14T11:56:03.030+0000][1146.004s][info ][safepoint     ] Entering safepoint region: Cleanup
[2024-05-14T11:56:03.031+0000][1146.005s][info ][safepoint     ] Leaving safepoint region
[2024-05-14T11:56:03.031+0000][1146.005s][info ][safepoint     ] Total time for which application threads were stopped: 0.0005993 seconds, Stopping threads took: 0.0002083 seconds
[2024-05-14T11:56:04.031+0000][1147.005s][debug][safepoint     ] Safepoint synchronization initiated. (371 threads)
[2024-05-14T11:56:04.031+0000][1147.005s][info ][safepoint     ] Application time: 1.0002587 seconds
[2024-05-14T11:56:04.031+0000][1147.005s][debug][safepoint     ] ... found polling page return exception at pc = 0x00007f320c7afdc6, stub =0x00007f3204824b00
[2024-05-14T11:56:04.032+0000][1147.005s][debug][safepoint     ] Waiting for 1 thread(s) to block
[2024-05-14T11:56:04.032+0000][1147.005s][info ][safepoint     ] Entering safepoint region: Cleanup
[2024-05-14T11:56:04.032+0000][1147.006s][info ][safepoint     ] Leaving safepoint region
[2024-05-14T11:56:04.032+0000][1147.006s][info ][safepoint     ] Total time for which application threads were stopped: 0.0013543 seconds, Stopping threads took: 0.0005801 seconds
[2024-05-14T11:56:05.033+0000][1148.006s][debug][safepoint     ] Safepoint synchronization initiated. (371 threads)
[2024-05-14T11:56:05.033+0000][1148.006s][info ][safepoint     ] Application time: 1.0002582 seconds
[2024-05-14T11:56:05.033+0000][1148.007s][info ][safepoint     ] Entering safepoint region: Cleanup
[2024-05-14T11:56:05.034+0000][1148.007s][info ][safepoint     ] Leaving safepoint region
[2024-05-14T11:56:05.034+0000][1148.007s][info ][safepoint     ] Total time for which application threads were stopped: 0.0009242 seconds, Stopping threads took: 0.0002108 seconds
[2024-05-14T11:56:06.034+0000][1149.008s][debug][safepoint     ] Safepoint synchronization initiated. (371 threads)
[2024-05-14T11:56:06.034+0000][1149.008s][info ][safepoint     ] Application time: 1.0002807 seconds
[2024-05-14T11:56:06.034+0000][1149.008s][info ][safepoint     ] Entering safepoint region: Cleanup
[2024-05-14T11:56:06.035+0000][1149.008s][info ][safepoint     ] Leaving safepoint region
[2024-05-14T11:56:06.035+0000][1149.008s][info ][safepoint     ] Total time for which application threads were stopped: 0.0007031 seconds, Stopping threads took: 0.0002585 seconds
[2024-05-14T11:56:07.035+0000][1150.009s][debug][safepoint     ] Safepoint synchronization initiated. (371 threads)
[2024-05-14T11:56:07.035+0000][1150.009s][info ][safepoint     ] Application time: 1.0001586 seconds
[2024-05-14T11:56:07.035+0000][1150.009s][info ][safepoint     ] Entering safepoint region: Cleanup
[2024-05-14T11:56:07.036+0000][1150.010s][info ][safepoint     ] Leaving safepoint region
[2024-05-14T11:56:07.036+0000][1150.010s][info ][safepoint     ] Total time for which application threads were stopped: 0.0009255 seconds, Stopping threads took: 0.0003892 seconds
[2024-05-14T11:56:08.036+0000][1151.010s][debug][safepoint     ] Safepoint synchronization initiated. (371 threads)
[2024-05-14T11:56:08.036+0000][1151.010s][info ][safepoint     ] Application time: 1.0003284 seconds
[2024-05-14T11:56:08.036+0000][1151.010s][debug][safepoint     ] ... found polling page return exception at pc = 0x00007f320c439189, stub =0x00007f3204824b00
[2024-05-14T11:56:08.036+0000][1151.010s][debug][safepoint     ] Waiting for 1 thread(s) to block
[2024-05-14T11:56:08.037+0000][1151.010s][info ][safepoint     ] Entering safepoint region: Cleanup
[2024-05-14T11:56:08.038+0000][1151.012s][info ][safepoint     ] Leaving safepoint region
[2024-05-14T11:56:08.038+0000][1151.012s][info ][safepoint     ] Total time for which application threads were stopped: 0.0020955 seconds, Stopping threads took: 0.0003247 seconds
[2024-05-14T11:56:09.039+0000][1152.013s][debug][safepoint     ] Safepoint synchronization initiated. (371 threads)
[2024-05-14T11:56:09.039+0000][1152.013s][info ][safepoint     ] Application time: 1.0011177 seconds
[2024-05-14T11:56:09.040+0000][1152.013s][info ][safepoint     ] Entering safepoint region: Cleanup
[2024-05-14T11:56:09.041+0000][1152.014s][debug][safepoint     ] ... found polling page return exception at pc = 0x00007f320ca20556, stub =0x00007f3204824b00
[2024-05-14T11:56:09.041+0000][1152.014s][info ][safepoint     ] Leaving safepoint region
[2024-05-14T11:56:09.041+0000][1152.014s][info ][safepoint     ] Total time for which application threads were stopped: 0.0012869 seconds, Stopping threads took: 0.0003024 seconds
[2024-05-14T11:56:09.041+0000][1152.014s][debug][safepoint     ] ... found polling page return exception at pc = 0x00007f320ca20556, stub =0x00007f3204824b00
[2024-05-14T11:56:10.041+0000][1153.015s][debug][safepoint     ] Safepoint synchronization initiated. (371 threads)
[2024-05-14T11:56:10.041+0000][1153.015s][info ][safepoint     ] Application time: 1.0002497 seconds
[2024-05-14T11:56:10.041+0000][1153.015s][info ][safepoint     ] Entering safepoint region: Cleanup
[2024-05-14T11:56:10.042+0000][1153.016s][info ][safepoint     ] Leaving safepoint region
[2024-05-14T11:56:10.042+0000][1153.016s][info ][safepoint     ] Total time for which application threads were stopped: 0.0008731 seconds, Stopping threads took: 0.0002312 seconds
[2024-05-14T11:56:11.042+0000][1154.016s][debug][safepoint     ] Safepoint synchronization initiated. (371 threads)
[2024-05-14T11:56:11.042+0000][1154.016s][info ][safepoint     ] Application time: 1.0002524 seconds
[2024-05-14T11:56:11.043+0000][1154.016s][info ][safepoint     ] Entering safepoint region: Cleanup
[2024-05-14T11:56:11.043+0000][1154.017s][info ][safepoint     ] Leaving safepoint region
[2024-05-14T11:56:11.043+0000][1154.017s][info ][safepoint     ] Total time for which application threads were stopped: 0.0007607 seconds, Stopping threads took: 0.0002289 seconds
[2024-05-14T11:56:12.043+0000][1155.017s][debug][safepoint     ] Safepoint synchronization initiated. (371 threads)
[2024-05-14T11:56:12.043+0000][1155.017s][info ][safepoint     ] Application time: 1.0002424 seconds
[2024-05-14T11:56:12.044+0000][1155.017s][debug][safepoint     ] Waiting for 2 thread(s) to block
[2024-05-14T11:56:12.044+0000][1155.018s][info ][safepoint     ] Entering safepoint region: Cleanup
[2024-05-14T11:56:12.044+0000][1155.018s][info ][safepoint     ] Leaving safepoint region
[2024-05-14T11:56:12.045+0000][1155.018s][info ][safepoint     ] Total time for which application threads were stopped: 0.0011562 seconds, Stopping threads took: 0.0005143 seconds
[2024-05-14T11:56:13.045+0000][1156.018s][debug][safepoint     ] Safepoint synchronization initiated. (371 threads)
[2024-05-14T11:56:13.045+0000][1156.019s][info ][safepoint     ] Application time: 1.0002751 seconds
[2024-05-14T11:56:13.045+0000][1156.019s][info ][safepoint     ] Entering safepoint region: Cleanup
[2024-05-14T11:56:13.046+0000][1156.020s][info ][safepoint     ] Leaving safepoint region
[2024-05-14T11:56:13.046+0000][1156.020s][info ][safepoint     ] Total time for which application threads were stopped: 0.0011983 seconds, Stopping threads took: 0.0003012 seconds
[2024-05-14T11:56:14.046+0000][1157.020s][debug][safepoint     ] Safepoint synchronization initiated. (371 threads)
[2024-05-14T11:56:14.046+0000][1157.020s][info ][safepoint     ] Application time: 1.0002814 seconds
[2024-05-14T11:56:14.047+0000][1157.020s][info ][safepoint     ] Entering safepoint region: Cleanup
[2024-05-14T11:56:14.047+0000][1157.021s][info ][safepoint     ] Leaving safepoint region
[2024-05-14T11:56:14.047+0000][1157.021s][info ][safepoint     ] Total time for which application threads were stopped: 0.0009382 seconds, Stopping threads took: 0.0002472 seconds
[2024-05-14T11:56:15.048+0000][1158.021s][debug][safepoint     ] Safepoint synchronization initiated. (371 threads)
[2024-05-14T11:56:15.048+0000][1158.021s][info ][safepoint     ] Application time: 1.0002542 seconds
[2024-05-14T11:56:15.048+0000][1158.022s][info ][safepoint     ] Entering safepoint region: Cleanup
[2024-05-14T11:56:15.049+0000][1158.022s][info ][safepoint     ] Leaving safepoint region
[2024-05-14T11:56:15.049+0000][1158.022s][info ][safepoint     ] Total time for which application threads were stopped: 0.0011481 seconds, Stopping threads took: 0.0002982 seconds
[2024-05-14T11:56:15.049+0000][1158.022s][debug][safepoint     ] ... found polling page return exception at pc = 0x00007f320ca20556, stub =0x00007f3204824b00
[2024-05-14T11:56:16.049+0000][1159.023s][debug][safepoint     ] Safepoint synchronization initiated. (371 threads)
[2024-05-14T11:56:16.049+0000][1159.023s][info ][safepoint     ] Application time: 1.0003065 seconds
[2024-05-14T11:56:16.050+0000][1159.023s][info ][safepoint     ] Entering safepoint region: Cleanup
[2024-05-14T11:56:16.050+0000][1159.024s][debug][safepoint     ] ... found polling page return exception at pc = 0x00007f320ca20556, stub =0x00007f3204824b00
[2024-05-14T11:56:16.050+0000][1159.024s][info ][safepoint     ] Leaving safepoint region
[2024-05-14T11:56:16.050+0000][1159.024s][info ][safepoint     ] Total time for which application threads were stopped: 0.0012222 seconds, Stopping threads took: 0.0004430 seconds
[2024-05-14T11:56:17.051+0000][1160.024s][debug][safepoint     ] Safepoint synchronization initiated. (371 threads)
[2024-05-14T11:56:17.051+0000][1160.024s][info ][safepoint     ] Application time: 1.0003290 seconds
[2024-05-14T11:56:17.051+0000][1160.025s][debug][safepoint     ] Waiting for 1 thread(s) to block
[2024-05-14T11:56:17.051+0000][1160.025s][info ][safepoint     ] Entering safepoint region: Cleanup
[2024-05-14T11:56:17.052+0000][1160.026s][info ][safepoint     ] Leaving safepoint region
[2024-05-14T11:56:17.052+0000][1160.026s][info ][safepoint     ] Total time for which application threads were stopped: 0.0011650 seconds, Stopping threads took: 0.0004227 seconds
[2024-05-14T11:56:18.052+0000][1161.026s][debug][safepoint     ] Safepoint synchronization initiated. (371 threads)
[2024-05-14T11:56:18.052+0000][1161.026s][info ][safepoint     ] Application time: 1.0002679 seconds
[2024-05-14T11:56:18.052+0000][1161.026s][info ][safepoint     ] Entering safepoint region: Cleanup
[2024-05-14T11:56:18.053+0000][1161.027s][debug][safepoint     ] ... found polling page return exception at pc = 0x00007f320ca20556, stub =0x00007f3204824b00
[2024-05-14T11:56:18.053+0000][1161.027s][info ][safepoint     ] Leaving safepoint region
[2024-05-14T11:56:18.053+0000][1161.027s][debug][safepoint     ] ... found polling page loop exception at pc = 0x00007f320cc711d0, stub =0x00007f3204826680
[2024-05-14T11:56:18.053+0000][1161.027s][info ][safepoint     ] Total time for which application threads were stopped: 0.0010839 seconds, Stopping threads took: 0.0002866 seconds
[2024-05-14T11:56:18.053+0000][1161.027s][debug][safepoint     ] ... found polling page return exception at pc = 0x00007f320ca20556, stub =0x00007f3204824b00
[2024-05-14T11:56:19.054+0000][1162.027s][debug][safepoint     ] Safepoint synchronization initiated. (371 threads)
[2024-05-14T11:56:19.054+0000][1162.027s][info ][safepoint     ] Application time: 1.0002509 seconds
[2024-05-14T11:56:19.054+0000][1162.028s][info ][safepoint     ] Entering safepoint region: Cleanup
[2024-05-14T11:56:19.055+0000][1162.028s][info ][safepoint     ] Leaving safepoint region
[2024-05-14T11:56:19.055+0000][1162.028s][info ][safepoint     ] Total time for which application threads were stopped: 0.0009754 seconds, Stopping threads took: 0.0003164 seconds
[2024-05-14T11:56:19.055+0000][1162.028s][debug][safepoint     ] ... found polling page loop exception at pc = 0x00007f320cc711d0, stub =0x00007f3204826680
[2024-05-14T11:56:20.055+0000][1163.029s][debug][safepoint     ] Safepoint synchronization initiated. (371 threads)
[2024-05-14T11:56:20.055+0000][1163.029s][info ][safepoint     ] Application time: 1.0003387 seconds
[2024-05-14T11:56:20.055+0000][1163.029s][info ][safepoint     ] Entering safepoint region: Cleanup
[2024-05-14T11:56:20.056+0000][1163.030s][info ][safepoint     ] Leaving safepoint region
[2024-05-14T11:56:20.056+0000][1163.030s][info ][safepoint     ] Total time for which application threads were stopped: 0.0010914 seconds, Stopping threads took: 0.0003542 seconds
[2024-05-14T11:56:21.056+0000][1164.030s][debug][safepoint     ] Safepoint synchronization initiated. (371 threads)
[2024-05-14T11:56:21.056+0000][1164.030s][info ][safepoint     ] Application time: 1.0002718 seconds
[2024-05-14T11:56:21.057+0000][1164.030s][info ][safepoint     ] Entering safepoint region: Cleanup
[2024-05-14T11:56:21.057+0000][1164.031s][info ][safepoint     ] Leaving safepoint region
[2024-05-14T11:56:21.057+0000][1164.031s][info ][safepoint     ] Total time for which application threads were stopped: 0.0010499 seconds, Stopping threads took: 0.0002357 seconds
[2024-05-14T11:56:22.058+0000][1165.031s][debug][safepoint     ] Safepoint synchronization initiated. (371 threads)
[2024-05-14T11:56:22.058+0000][1165.032s][info ][safepoint     ] Application time: 1.0003231 seconds
[2024-05-14T11:56:22.058+0000][1165.032s][debug][safepoint     ] ... found polling page return exception at pc = 0x00007f320c8c9588, stub =0x00007f3204824b00
[2024-05-14T11:56:22.058+0000][1165.032s][debug][safepoint     ] Waiting for 1 thread(s) to block
[2024-05-14T11:56:22.058+0000][1165.032s][info ][safepoint     ] Entering safepoint region: Cleanup
[2024-05-14T11:56:22.059+0000][1165.033s][info ][safepoint     ] Leaving safepoint region
[2024-05-14T11:56:22.059+0000][1165.033s][info ][safepoint     ] Total time for which application threads were stopped: 0.0012423 seconds, Stopping threads took: 0.0004749 seconds
[2024-05-14T11:56:23.059+0000][1166.033s][debug][safepoint     ] Safepoint synchronization initiated. (371 threads)
[2024-05-14T11:56:23.060+0000][1166.033s][info ][safepoint     ] Application time: 1.0003686 seconds
[2024-05-14T11:56:23.060+0000][1166.034s][info ][safepoint     ] Entering safepoint region: Cleanup
[2024-05-14T11:56:23.061+0000][1166.034s][info ][safepoint     ] Leaving safepoint region
[2024-05-14T11:56:23.061+0000][1166.034s][info ][safepoint     ] Total time for which application threads were stopped: 0.0011681 seconds, Stopping threads took: 0.0004131 seconds
[2024-05-14T11:56:24.059+0000][1167.033s][debug][safepoint     ] Safepoint synchronization initiated. (371 threads)
[2024-05-14T11:56:24.059+0000][1167.033s][info ][safepoint     ] Application time: 0.9985889 seconds
[2024-05-14T11:56:24.060+0000][1167.033s][info ][safepoint     ] Entering safepoint region: G1CollectForAllocation
[2024-05-14T11:56:24.060+0000][1167.034s][info ][gc,start      ] GC(122) Pause Young (Prepare Mixed) (G1 Evacuation Pause)
[2024-05-14T11:56:24.060+0000][1167.034s][info ][gc,task       ] GC(122) Using 4 workers of 4 for evacuation
[2024-05-14T11:56:24.080+0000][1167.054s][info ][gc,phases     ] GC(122)   Pre Evacuate Collection Set: 0.0ms
[2024-05-14T11:56:24.080+0000][1167.054s][info ][gc,phases     ] GC(122)   Evacuate Collection Set: 10.8ms
[2024-05-14T11:56:24.080+0000][1167.054s][info ][gc,phases     ] GC(122)   Post Evacuate Collection Set: 8.1ms
[2024-05-14T11:56:24.080+0000][1167.054s][info ][gc,phases     ] GC(122)   Other: 1.2ms
[2024-05-14T11:56:24.080+0000][1167.054s][info ][gc,heap       ] GC(122) Eden regions: 172->0(17)
[2024-05-14T11:56:24.080+0000][1167.054s][info ][gc,heap       ] GC(122) Survivor regions: 3->2(22)
[2024-05-14T11:56:24.080+0000][1167.054s][info ][gc,heap       ] GC(122) Old regions: 180->180
[2024-05-14T11:56:24.080+0000][1167.054s][info ][gc,heap       ] GC(122) Humongous regions: 0->0
[2024-05-14T11:56:24.080+0000][1167.054s][info ][gc,metaspace  ] GC(122) Metaspace: 187331K(193520K)->187331K(193520K) NonClass: 166202K(170020K)->166202K(170020K) Class: 21129K(23500K)->21129K(23500K)
[2024-05-14T11:56:24.080+0000][1167.054s][info ][gc            ] GC(122) Pause Young (Prepare Mixed) (G1 Evacuation Pause) 352M->180M(398M) 20.037ms
[2024-05-14T11:56:24.081+0000][1167.054s][info ][gc,cpu        ] GC(122) User=0.06s Sys=0.00s Real=0.02s
[2024-05-14T11:56:24.081+0000][1167.054s][info ][safepoint     ] Leaving safepoint region
[2024-05-14T11:56:24.081+0000][1167.054s][info ][safepoint     ] Total time for which application threads were stopped: 0.0213089 seconds, Stopping threads took: 0.0002526 seconds
[2024-05-14T11:56:24.081+0000][1167.054s][info ][gc,stringdedup] Concurrent String Deduplication (1167.054s)
[2024-05-14T11:56:24.081+0000][1167.055s][info ][gc,stringdedup] Concurrent String Deduplication 2096.0B->0.0B(2096.0B) avg 55.0% (1167.054s, 1167.055s) 0.081ms
[2024-05-14T11:56:25.081+0000][1168.055s][debug][safepoint     ] Safepoint synchronization initiated. (371 threads)
[2024-05-14T11:56:25.081+0000][1168.055s][info ][safepoint     ] Application time: 1.0002818 seconds
[2024-05-14T11:56:25.081+0000][1168.055s][info ][safepoint     ] Entering safepoint region: Cleanup
[2024-05-14T11:56:25.082+0000][1168.056s][info ][safepoint     ] Leaving safepoint region
[2024-05-14T11:56:25.082+0000][1168.056s][info ][safepoint     ] Total time for which application threads were stopped: 0.0009886 seconds, Stopping threads took: 0.0002818 seconds
[2024-05-14T11:56:25.905+0000][1168.878s][debug][safepoint     ] Safepoint synchronization initiated. (371 threads)
[2024-05-14T11:56:25.905+0000][1168.879s][info ][safepoint     ] Application time: 0.8228672 seconds
[2024-05-14T11:56:25.905+0000][1168.879s][debug][safepoint     ] ... found polling page return exception at pc = 0x00007f320c8b8f86, stub =0x00007f3204824b00
[2024-05-14T11:56:25.905+0000][1168.879s][debug][safepoint     ] Waiting for 1 thread(s) to block
[2024-05-14T11:56:25.905+0000][1168.879s][info ][safepoint     ] Entering safepoint region: G1CollectForAllocation
[2024-05-14T11:56:25.906+0000][1168.880s][info ][gc,start      ] GC(123) Pause Young (Mixed) (G1 Evacuation Pause)
[2024-05-14T11:56:25.906+0000][1168.880s][info ][gc,task       ] GC(123) Using 4 workers of 4 for evacuation
[2024-05-14T11:56:25.921+0000][1168.895s][info ][gc,phases     ] GC(123)   Pre Evacuate Collection Set: 0.1ms
[2024-05-14T11:56:25.921+0000][1168.895s][info ][gc,phases     ] GC(123)   Evacuate Collection Set: 8.6ms
[2024-05-14T11:56:25.921+0000][1168.895s][info ][gc,phases     ] GC(123)   Post Evacuate Collection Set: 5.6ms
[2024-05-14T11:56:25.921+0000][1168.895s][info ][gc,phases     ] GC(123)   Other: 0.9ms
[2024-05-14T11:56:25.921+0000][1168.895s][info ][gc,heap       ] GC(123) Eden regions: 17->0(174)
[2024-05-14T11:56:25.921+0000][1168.895s][info ][gc,heap       ] GC(123) Survivor regions: 2->1(3)
[2024-05-14T11:56:25.921+0000][1168.895s][info ][gc,heap       ] GC(123) Old regions: 180->180
[2024-05-14T11:56:25.921+0000][1168.895s][info ][gc,heap       ] GC(123) Humongous regions: 0->0
[2024-05-14T11:56:25.921+0000][1168.895s][info ][gc,metaspace  ] GC(123) Metaspace: 187334K(193520K)->187334K(193520K) NonClass: 166204K(170020K)->166204K(170020K) Class: 21130K(23500K)->21130K(23500K)
[2024-05-14T11:56:25.922+0000][1168.895s][info ][gc            ] GC(123) Pause Young (Mixed) (G1 Evacuation Pause) 197M->179M(398M) 15.312ms
[2024-05-14T11:56:25.922+0000][1168.895s][info ][gc,cpu        ] GC(123) User=0.05s Sys=0.00s Real=0.02s
[2024-05-14T11:56:25.922+0000][1168.896s][info ][safepoint     ] Leaving safepoint region
[2024-05-14T11:56:25.922+0000][1168.896s][info ][safepoint     ] Total time for which application threads were stopped: 0.0169408 seconds, Stopping threads took: 0.0006264 seconds
[2024-05-14T11:56:25.922+0000][1168.896s][info ][gc,stringdedup] Concurrent String Deduplication (1168.896s)
[2024-05-14T11:56:25.922+0000][1168.896s][info ][gc,stringdedup] Concurrent String Deduplication 48.0B->0.0B(48.0B) avg 55.0% (1168.896s, 1168.896s) 0.047ms
[2024-05-14T11:56:26.922+0000][1169.896s][debug][safepoint     ] Safepoint synchronization initiated. (371 threads)
[2024-05-14T11:56:26.922+0000][1169.896s][info ][safepoint     ] Application time: 1.0002815 seconds
[2024-05-14T11:56:26.922+0000][1169.896s][info ][safepoint     ] Entering safepoint region: Cleanup
[2024-05-14T11:56:26.923+0000][1169.897s][info ][safepoint     ] Leaving safepoint region
[2024-05-14T11:56:26.923+0000][1169.897s][info ][safepoint     ] Total time for which application threads were stopped: 0.0010688 seconds, Stopping threads took: 0.0002474 seconds
[2024-05-14T11:56:27.925+0000][1170.899s][debug][safepoint     ] Safepoint synchronization initiated. (371 threads)
[2024-05-14T11:56:27.925+0000][1170.899s][info ][safepoint     ] Application time: 1.0019512 seconds
[2024-05-14T11:56:27.926+0000][1170.899s][debug][safepoint     ] ... found polling page return exception at pc = 0x00007f320c8b8f86, stub =0x00007f3204824b00
[2024-05-14T11:56:27.929+0000][1170.902s][debug][safepoint     ] Waiting for 1 thread(s) to block
[2024-05-14T11:56:27.929+0000][1170.903s][info ][safepoint     ] Entering safepoint region: Cleanup
[2024-05-14T11:56:27.929+0000][1170.903s][debug][safepoint     ] ... found polling page return exception at pc = 0x00007f320ca20556, stub =0x00007f3204824b00
[2024-05-14T11:56:27.929+0000][1170.903s][debug][safepoint     ] ... found polling page return exception at pc = 0x00007f320c64e531, stub =0x00007f3204824b00
[2024-05-14T11:56:27.930+0000][1170.903s][info ][safepoint     ] Leaving safepoint region
[2024-05-14T11:56:27.930+0000][1170.903s][info ][safepoint     ] Total time for which application threads were stopped: 0.0043770 seconds, Stopping threads took: 0.0036228 seconds
[2024-05-14T11:56:28.930+0000][1171.903s][debug][safepoint     ] Safepoint synchronization initiated. (371 threads)
[2024-05-14T11:56:28.930+0000][1171.904s][info ][safepoint     ] Application time: 1.0002522 seconds
[2024-05-14T11:56:28.930+0000][1171.904s][info ][safepoint     ] Entering safepoint region: Cleanup
[2024-05-14T11:56:28.931+0000][1171.904s][info ][safepoint     ] Leaving safepoint region
[2024-05-14T11:56:28.931+0000][1171.904s][info ][safepoint     ] Total time for which application threads were stopped: 0.0008429 seconds, Stopping threads took: 0.0002501 seconds
[2024-05-14T11:56:29.931+0000][1172.905s][debug][safepoint     ] Safepoint synchronization initiated. (371 threads)
[2024-05-14T11:56:29.931+0000][1172.905s][info ][safepoint     ] Application time: 1.0003327 seconds
[2024-05-14T11:56:29.931+0000][1172.905s][info ][safepoint     ] Entering safepoint region: Cleanup
[2024-05-14T11:56:29.932+0000][1172.906s][info ][safepoint     ] Leaving safepoint region
[2024-05-14T11:56:29.932+0000][1172.906s][info ][safepoint     ] Total time for which application threads were stopped: 0.0010755 seconds, Stopping threads took: 0.0002571 seconds
[2024-05-14T11:56:30.932+0000][1173.906s][debug][safepoint     ] Safepoint synchronization initiated. (371 threads)
[2024-05-14T11:56:30.933+0000][1173.906s][info ][safepoint     ] Application time: 1.0004633 seconds
[2024-05-14T11:56:30.933+0000][1173.907s][info ][safepoint     ] Entering safepoint region: Cleanup
[2024-05-14T11:56:30.934+0000][1173.907s][info ][safepoint     ] Leaving safepoint region
[2024-05-14T11:56:30.934+0000][1173.907s][info ][safepoint     ] Total time for which application threads were stopped: 0.0009084 seconds, Stopping threads took: 0.0003013 seconds
[2024-05-14T11:56:31.934+0000][1174.908s][debug][safepoint     ] Safepoint synchronization initiated. (370 threads)
[2024-05-14T11:56:31.934+0000][1174.908s][info ][safepoint     ] Application time: 1.0002226 seconds
[2024-05-14T11:56:31.934+0000][1174.908s][debug][safepoint     ] ... found polling page loop exception at pc = 0x00007f320d251a7a, stub =0x00007f3204826680
[2024-05-14T11:56:31.934+0000][1174.908s][debug][safepoint     ] ... found polling page return exception at pc = 0x00007f320d0f7abc, stub =0x00007f3204824b00
[2024-05-14T11:56:31.935+0000][1174.908s][debug][safepoint     ] Waiting for 2 thread(s) to block
[2024-05-14T11:56:31.935+0000][1174.909s][info ][safepoint     ] Entering safepoint region: Cleanup
[2024-05-14T11:56:31.936+0000][1174.910s][info ][safepoint     ] Leaving safepoint region
[2024-05-14T11:56:31.936+0000][1174.910s][info ][safepoint     ] Total time for which application threads were stopped: 0.0019002 seconds, Stopping threads took: 0.0012959 seconds
[2024-05-14T11:56:32.936+0000][1175.910s][debug][safepoint     ] Safepoint synchronization initiated. (370 threads)
[2024-05-14T11:56:32.936+0000][1175.910s][info ][safepoint     ] Application time: 1.0002370 seconds
[2024-05-14T11:56:32.936+0000][1175.910s][info ][safepoint     ] Entering safepoint region: Cleanup
[2024-05-14T11:56:32.937+0000][1175.911s][info ][safepoint     ] Leaving safepoint region
[2024-05-14T11:56:32.937+0000][1175.911s][info ][safepoint     ] Total time for which application threads were stopped: 0.0007260 seconds, Stopping threads took: 0.0002028 seconds
[2024-05-14T11:56:33.937+0000][1176.911s][debug][safepoint     ] Safepoint synchronization initiated. (370 threads)
[2024-05-14T11:56:33.937+0000][1176.911s][info ][safepoint     ] Application time: 1.0004824 seconds
[2024-05-14T11:56:33.938+0000][1176.911s][info ][safepoint     ] Entering safepoint region: Cleanup
[2024-05-14T11:56:33.938+0000][1176.912s][info ][safepoint     ] Leaving safepoint region
[2024-05-14T11:56:33.938+0000][1176.912s][info ][safepoint     ] Total time for which application threads were stopped: 0.0007081 seconds, Stopping threads took: 0.0002225 seconds
[2024-05-14T11:56:34.938+0000][1177.912s][debug][safepoint     ] Safepoint synchronization initiated. (370 threads)
[2024-05-14T11:56:34.938+0000][1177.912s][info ][safepoint     ] Application time: 1.0002811 seconds
[2024-05-14T11:56:34.939+0000][1177.912s][info ][safepoint     ] Entering safepoint region: Cleanup
[2024-05-14T11:56:34.940+0000][1177.913s][info ][safepoint     ] Leaving safepoint region
[2024-05-14T11:56:34.940+0000][1177.913s][info ][safepoint     ] Total time for which application threads were stopped: 0.0010846 seconds, Stopping threads took: 0.0002937 seconds
[2024-05-14T11:56:35.940+0000][1178.913s][debug][safepoint     ] Safepoint synchronization initiated. (370 threads)
[2024-05-14T11:56:35.940+0000][1178.914s][info ][safepoint     ] Application time: 1.0002833 seconds
[2024-05-14T11:56:35.940+0000][1178.914s][info ][safepoint     ] Entering safepoint region: Cleanup
[2024-05-14T11:56:35.941+0000][1178.915s][info ][safepoint     ] Leaving safepoint region
[2024-05-14T11:56:35.941+0000][1178.915s][info ][safepoint     ] Total time for which application threads were stopped: 0.0012459 seconds, Stopping threads took: 0.0002683 seconds
[2024-05-14T11:56:36.942+0000][1179.916s][debug][safepoint     ] Safepoint synchronization initiated. (370 threads)
[2024-05-14T11:56:36.942+0000][1179.916s][info ][safepoint     ] Application time: 1.0007611 seconds
[2024-05-14T11:56:36.942+0000][1179.916s][debug][safepoint     ] ... found polling page return exception at pc = 0x00007f3206fe3c05, stub =0x00007f3204824b00
[2024-05-14T11:56:36.942+0000][1179.916s][debug][safepoint     ] Waiting for 1 thread(s) to block
[2024-05-14T11:56:36.943+0000][1179.916s][info ][safepoint     ] Entering safepoint region: Cleanup
[2024-05-14T11:56:36.944+0000][1179.917s][info ][safepoint     ] Leaving safepoint region
[2024-05-14T11:56:36.944+0000][1179.917s][info ][safepoint     ] Total time for which application threads were stopped: 0.0016877 seconds, Stopping threads took: 0.0008716 seconds
